2024-05-31 23:28:32,931 Best: 0.728194 using {'batch_size': 32, 'lr': 0.02, 'max_epochs': 32, 'module__n_features': 13, 'module__n_neurons': 32, 'module__nonlin': Tanh()}
2024-05-31 23:28:32,931 Best estimator configuration: 
 <class 'skorch.classifier.NeuralNetClassifier'>[initialized](
  module_=Module2Layers(
    (dense0): Linear(in_features=13, out_features=32, bias=True)
    (act): Tanh()
    (dense1): Linear(in_features=32, out_features=32, bias=True)
    (output): Linear(in_features=32, out_features=1, bias=True)
    (sigmoid): Sigmoid()
  ),
)
2024-05-31 23:28:32,931 0.712236 (0.012692) with: {'batch_size': 16, 'lr': 0.001, 'max_epochs': 16, 'module__n_features': 13, 'module__n_neurons': 16, 'module__nonlin': Tanh()}
2024-05-31 23:28:32,931 0.693179 (0.017282) with: {'batch_size': 16, 'lr': 0.001, 'max_epochs': 16, 'module__n_features': 13, 'module__n_neurons': 16, 'module__nonlin': ReLU()}
2024-05-31 23:28:32,931 0.721679 (0.006770) with: {'batch_size': 16, 'lr': 0.001, 'max_epochs': 16, 'module__n_features': 13, 'module__n_neurons': 32, 'module__nonlin': Tanh()}
2024-05-31 23:28:32,931 0.712445 (0.008092) with: {'batch_size': 16, 'lr': 0.001, 'max_epochs': 16, 'module__n_features': 13, 'module__n_neurons': 32, 'module__nonlin': ReLU()}
2024-05-31 23:28:32,931 0.723533 (0.005815) with: {'batch_size': 16, 'lr': 0.001, 'max_epochs': 16, 'module__n_features': 13, 'module__n_neurons': 64, 'module__nonlin': Tanh()}
2024-05-31 23:28:32,931 0.719967 (0.006421) with: {'batch_size': 16, 'lr': 0.001, 'max_epochs': 16, 'module__n_features': 13, 'module__n_neurons': 64, 'module__nonlin': ReLU()}
2024-05-31 23:28:32,931 0.723278 (0.005476) with: {'batch_size': 16, 'lr': 0.001, 'max_epochs': 16, 'module__n_features': 13, 'module__n_neurons': 128, 'module__nonlin': Tanh()}
2024-05-31 23:28:32,931 0.721710 (0.007503) with: {'batch_size': 16, 'lr': 0.001, 'max_epochs': 16, 'module__n_features': 13, 'module__n_neurons': 128, 'module__nonlin': ReLU()}
2024-05-31 23:28:32,932 0.722662 (0.005889) with: {'batch_size': 16, 'lr': 0.001, 'max_epochs': 16, 'module__n_features': 13, 'module__n_neurons': 256, 'module__nonlin': Tanh()}
2024-05-31 23:28:32,932 0.722283 (0.009216) with: {'batch_size': 16, 'lr': 0.001, 'max_epochs': 16, 'module__n_features': 13, 'module__n_neurons': 256, 'module__nonlin': ReLU()}
2024-05-31 23:28:32,932 0.723108 (0.006198) with: {'batch_size': 16, 'lr': 0.001, 'max_epochs': 32, 'module__n_features': 13, 'module__n_neurons': 16, 'module__nonlin': Tanh()}
2024-05-31 23:28:32,932 0.717573 (0.008647) with: {'batch_size': 16, 'lr': 0.001, 'max_epochs': 32, 'module__n_features': 13, 'module__n_neurons': 16, 'module__nonlin': ReLU()}
2024-05-31 23:28:32,932 0.724419 (0.005813) with: {'batch_size': 16, 'lr': 0.001, 'max_epochs': 32, 'module__n_features': 13, 'module__n_neurons': 32, 'module__nonlin': Tanh()}
2024-05-31 23:28:32,932 0.722827 (0.007291) with: {'batch_size': 16, 'lr': 0.001, 'max_epochs': 32, 'module__n_features': 13, 'module__n_neurons': 32, 'module__nonlin': ReLU()}
2024-05-31 23:28:32,932 0.724635 (0.006266) with: {'batch_size': 16, 'lr': 0.001, 'max_epochs': 32, 'module__n_features': 13, 'module__n_neurons': 64, 'module__nonlin': Tanh()}
2024-05-31 23:28:32,932 0.722935 (0.007466) with: {'batch_size': 16, 'lr': 0.001, 'max_epochs': 32, 'module__n_features': 13, 'module__n_neurons': 64, 'module__nonlin': ReLU()}
2024-05-31 23:28:32,932 0.724077 (0.005241) with: {'batch_size': 16, 'lr': 0.001, 'max_epochs': 32, 'module__n_features': 13, 'module__n_neurons': 128, 'module__nonlin': Tanh()}
2024-05-31 23:28:32,932 0.723261 (0.009365) with: {'batch_size': 16, 'lr': 0.001, 'max_epochs': 32, 'module__n_features': 13, 'module__n_neurons': 128, 'module__nonlin': ReLU()}
2024-05-31 23:28:32,932 0.723316 (0.005174) with: {'batch_size': 16, 'lr': 0.001, 'max_epochs': 32, 'module__n_features': 13, 'module__n_neurons': 256, 'module__nonlin': Tanh()}
2024-05-31 23:28:32,936 0.722910 (0.010482) with: {'batch_size': 16, 'lr': 0.001, 'max_epochs': 32, 'module__n_features': 13, 'module__n_neurons': 256, 'module__nonlin': ReLU()}
2024-05-31 23:28:32,936 0.724735 (0.005936) with: {'batch_size': 16, 'lr': 0.001, 'max_epochs': 64, 'module__n_features': 13, 'module__n_neurons': 16, 'module__nonlin': Tanh()}
2024-05-31 23:28:32,936 0.724269 (0.006737) with: {'batch_size': 16, 'lr': 0.001, 'max_epochs': 64, 'module__n_features': 13, 'module__n_neurons': 16, 'module__nonlin': ReLU()}
2024-05-31 23:28:32,936 0.724920 (0.005435) with: {'batch_size': 16, 'lr': 0.001, 'max_epochs': 64, 'module__n_features': 13, 'module__n_neurons': 32, 'module__nonlin': Tanh()}
2024-05-31 23:28:32,936 0.724202 (0.007397) with: {'batch_size': 16, 'lr': 0.001, 'max_epochs': 64, 'module__n_features': 13, 'module__n_neurons': 32, 'module__nonlin': ReLU()}
2024-05-31 23:28:32,936 0.724989 (0.004994) with: {'batch_size': 16, 'lr': 0.001, 'max_epochs': 64, 'module__n_features': 13, 'module__n_neurons': 64, 'module__nonlin': Tanh()}
2024-05-31 23:28:32,936 0.724429 (0.008595) with: {'batch_size': 16, 'lr': 0.001, 'max_epochs': 64, 'module__n_features': 13, 'module__n_neurons': 64, 'module__nonlin': ReLU()}
2024-05-31 23:28:32,936 0.723683 (0.004976) with: {'batch_size': 16, 'lr': 0.001, 'max_epochs': 64, 'module__n_features': 13, 'module__n_neurons': 128, 'module__nonlin': Tanh()}
2024-05-31 23:28:32,936 0.722728 (0.010399) with: {'batch_size': 16, 'lr': 0.001, 'max_epochs': 64, 'module__n_features': 13, 'module__n_neurons': 128, 'module__nonlin': ReLU()}
2024-05-31 23:28:32,936 0.725950 (0.006811) with: {'batch_size': 16, 'lr': 0.001, 'max_epochs': 64, 'module__n_features': 13, 'module__n_neurons': 256, 'module__nonlin': Tanh()}
2024-05-31 23:28:32,936 0.722037 (0.011407) with: {'batch_size': 16, 'lr': 0.001, 'max_epochs': 64, 'module__n_features': 13, 'module__n_neurons': 256, 'module__nonlin': ReLU()}
2024-05-31 23:28:32,936 0.725336 (0.005989) with: {'batch_size': 16, 'lr': 0.001, 'max_epochs': 128, 'module__n_features': 13, 'module__n_neurons': 16, 'module__nonlin': Tanh()}
2024-05-31 23:28:32,936 0.725055 (0.007830) with: {'batch_size': 16, 'lr': 0.001, 'max_epochs': 128, 'module__n_features': 13, 'module__n_neurons': 16, 'module__nonlin': ReLU()}
2024-05-31 23:28:32,936 0.724937 (0.005350) with: {'batch_size': 16, 'lr': 0.001, 'max_epochs': 128, 'module__n_features': 13, 'module__n_neurons': 32, 'module__nonlin': Tanh()}
2024-05-31 23:28:32,936 0.724371 (0.009693) with: {'batch_size': 16, 'lr': 0.001, 'max_epochs': 128, 'module__n_features': 13, 'module__n_neurons': 32, 'module__nonlin': ReLU()}
2024-05-31 23:28:32,936 0.726602 (0.006180) with: {'batch_size': 16, 'lr': 0.001, 'max_epochs': 128, 'module__n_features': 13, 'module__n_neurons': 64, 'module__nonlin': Tanh()}
2024-05-31 23:28:32,936 0.723740 (0.010428) with: {'batch_size': 16, 'lr': 0.001, 'max_epochs': 128, 'module__n_features': 13, 'module__n_neurons': 64, 'module__nonlin': ReLU()}
2024-05-31 23:28:32,936 0.727941 (0.007626) with: {'batch_size': 16, 'lr': 0.001, 'max_epochs': 128, 'module__n_features': 13, 'module__n_neurons': 128, 'module__nonlin': Tanh()}
2024-05-31 23:28:32,936 0.721961 (0.012267) with: {'batch_size': 16, 'lr': 0.001, 'max_epochs': 128, 'module__n_features': 13, 'module__n_neurons': 128, 'module__nonlin': ReLU()}
2024-05-31 23:28:32,936 0.725526 (0.010010) with: {'batch_size': 16, 'lr': 0.001, 'max_epochs': 128, 'module__n_features': 13, 'module__n_neurons': 256, 'module__nonlin': Tanh()}
2024-05-31 23:28:32,936 0.718185 (0.012302) with: {'batch_size': 16, 'lr': 0.001, 'max_epochs': 128, 'module__n_features': 13, 'module__n_neurons': 256, 'module__nonlin': ReLU()}
2024-05-31 23:28:32,936 0.725526 (0.006423) with: {'batch_size': 16, 'lr': 0.01, 'max_epochs': 16, 'module__n_features': 13, 'module__n_neurons': 16, 'module__nonlin': Tanh()}
2024-05-31 23:28:32,936 0.724143 (0.007943) with: {'batch_size': 16, 'lr': 0.01, 'max_epochs': 16, 'module__n_features': 13, 'module__n_neurons': 16, 'module__nonlin': ReLU()}
2024-05-31 23:28:32,936 0.726143 (0.006033) with: {'batch_size': 16, 'lr': 0.01, 'max_epochs': 16, 'module__n_features': 13, 'module__n_neurons': 32, 'module__nonlin': Tanh()}
2024-05-31 23:28:32,936 0.724540 (0.008849) with: {'batch_size': 16, 'lr': 0.01, 'max_epochs': 16, 'module__n_features': 13, 'module__n_neurons': 32, 'module__nonlin': ReLU()}
2024-05-31 23:28:32,936 0.723711 (0.007679) with: {'batch_size': 16, 'lr': 0.01, 'max_epochs': 16, 'module__n_features': 13, 'module__n_neurons': 64, 'module__nonlin': Tanh()}
2024-05-31 23:28:32,936 0.724042 (0.009917) with: {'batch_size': 16, 'lr': 0.01, 'max_epochs': 16, 'module__n_features': 13, 'module__n_neurons': 64, 'module__nonlin': ReLU()}
2024-05-31 23:28:32,936 0.723977 (0.007686) with: {'batch_size': 16, 'lr': 0.01, 'max_epochs': 16, 'module__n_features': 13, 'module__n_neurons': 128, 'module__nonlin': Tanh()}
2024-05-31 23:28:32,936 0.724446 (0.009864) with: {'batch_size': 16, 'lr': 0.01, 'max_epochs': 16, 'module__n_features': 13, 'module__n_neurons': 128, 'module__nonlin': ReLU()}
2024-05-31 23:28:32,936 0.717684 (0.008309) with: {'batch_size': 16, 'lr': 0.01, 'max_epochs': 16, 'module__n_features': 13, 'module__n_neurons': 256, 'module__nonlin': Tanh()}
2024-05-31 23:28:32,936 0.722366 (0.010151) with: {'batch_size': 16, 'lr': 0.01, 'max_epochs': 16, 'module__n_features': 13, 'module__n_neurons': 256, 'module__nonlin': ReLU()}
2024-05-31 23:28:32,936 0.728022 (0.008002) with: {'batch_size': 16, 'lr': 0.01, 'max_epochs': 32, 'module__n_features': 13, 'module__n_neurons': 16, 'module__nonlin': Tanh()}
2024-05-31 23:28:32,936 0.726036 (0.010302) with: {'batch_size': 16, 'lr': 0.01, 'max_epochs': 32, 'module__n_features': 13, 'module__n_neurons': 16, 'module__nonlin': ReLU()}
2024-05-31 23:28:32,936 0.727376 (0.006517) with: {'batch_size': 16, 'lr': 0.01, 'max_epochs': 32, 'module__n_features': 13, 'module__n_neurons': 32, 'module__nonlin': Tanh()}
2024-05-31 23:28:32,936 0.725904 (0.009505) with: {'batch_size': 16, 'lr': 0.01, 'max_epochs': 32, 'module__n_features': 13, 'module__n_neurons': 32, 'module__nonlin': ReLU()}
2024-05-31 23:28:32,936 0.724528 (0.008093) with: {'batch_size': 16, 'lr': 0.01, 'max_epochs': 32, 'module__n_features': 13, 'module__n_neurons': 64, 'module__nonlin': Tanh()}
2024-05-31 23:28:32,936 0.722574 (0.011759) with: {'batch_size': 16, 'lr': 0.01, 'max_epochs': 32, 'module__n_features': 13, 'module__n_neurons': 64, 'module__nonlin': ReLU()}
2024-05-31 23:28:32,936 0.718858 (0.007262) with: {'batch_size': 16, 'lr': 0.01, 'max_epochs': 32, 'module__n_features': 13, 'module__n_neurons': 128, 'module__nonlin': Tanh()}
2024-05-31 23:28:32,936 0.720636 (0.010262) with: {'batch_size': 16, 'lr': 0.01, 'max_epochs': 32, 'module__n_features': 13, 'module__n_neurons': 128, 'module__nonlin': ReLU()}
2024-05-31 23:28:32,936 0.716053 (0.010667) with: {'batch_size': 16, 'lr': 0.01, 'max_epochs': 32, 'module__n_features': 13, 'module__n_neurons': 256, 'module__nonlin': Tanh()}
2024-05-31 23:28:32,936 0.717303 (0.012880) with: {'batch_size': 16, 'lr': 0.01, 'max_epochs': 32, 'module__n_features': 13, 'module__n_neurons': 256, 'module__nonlin': ReLU()}
2024-05-31 23:28:32,936 0.725129 (0.008920) with: {'batch_size': 16, 'lr': 0.01, 'max_epochs': 64, 'module__n_features': 13, 'module__n_neurons': 16, 'module__nonlin': Tanh()}
2024-05-31 23:28:32,936 0.724756 (0.011083) with: {'batch_size': 16, 'lr': 0.01, 'max_epochs': 64, 'module__n_features': 13, 'module__n_neurons': 16, 'module__nonlin': ReLU()}
2024-05-31 23:28:32,937 0.724279 (0.009589) with: {'batch_size': 16, 'lr': 0.01, 'max_epochs': 64, 'module__n_features': 13, 'module__n_neurons': 32, 'module__nonlin': Tanh()}
2024-05-31 23:28:32,937 0.721420 (0.010733) with: {'batch_size': 16, 'lr': 0.01, 'max_epochs': 64, 'module__n_features': 13, 'module__n_neurons': 32, 'module__nonlin': ReLU()}
2024-05-31 23:28:32,937 0.721980 (0.009081) with: {'batch_size': 16, 'lr': 0.01, 'max_epochs': 64, 'module__n_features': 13, 'module__n_neurons': 64, 'module__nonlin': Tanh()}
2024-05-31 23:28:32,937 0.715617 (0.014329) with: {'batch_size': 16, 'lr': 0.01, 'max_epochs': 64, 'module__n_features': 13, 'module__n_neurons': 64, 'module__nonlin': ReLU()}
2024-05-31 23:28:32,937 0.714598 (0.011577) with: {'batch_size': 16, 'lr': 0.01, 'max_epochs': 64, 'module__n_features': 13, 'module__n_neurons': 128, 'module__nonlin': Tanh()}
2024-05-31 23:28:32,937 0.711907 (0.012810) with: {'batch_size': 16, 'lr': 0.01, 'max_epochs': 64, 'module__n_features': 13, 'module__n_neurons': 128, 'module__nonlin': ReLU()}
2024-05-31 23:28:32,937 0.711307 (0.016252) with: {'batch_size': 16, 'lr': 0.01, 'max_epochs': 64, 'module__n_features': 13, 'module__n_neurons': 256, 'module__nonlin': Tanh()}
2024-05-31 23:28:32,937 0.705267 (0.014553) with: {'batch_size': 16, 'lr': 0.01, 'max_epochs': 64, 'module__n_features': 13, 'module__n_neurons': 256, 'module__nonlin': ReLU()}
2024-05-31 23:28:32,937 0.721763 (0.012925) with: {'batch_size': 16, 'lr': 0.01, 'max_epochs': 128, 'module__n_features': 13, 'module__n_neurons': 16, 'module__nonlin': Tanh()}
2024-05-31 23:28:32,937 0.721547 (0.012114) with: {'batch_size': 16, 'lr': 0.01, 'max_epochs': 128, 'module__n_features': 13, 'module__n_neurons': 16, 'module__nonlin': ReLU()}
2024-05-31 23:28:32,937 0.715889 (0.012234) with: {'batch_size': 16, 'lr': 0.01, 'max_epochs': 128, 'module__n_features': 13, 'module__n_neurons': 32, 'module__nonlin': Tanh()}
2024-05-31 23:28:32,937 0.713012 (0.013673) with: {'batch_size': 16, 'lr': 0.01, 'max_epochs': 128, 'module__n_features': 13, 'module__n_neurons': 32, 'module__nonlin': ReLU()}
2024-05-31 23:28:32,937 0.710214 (0.015201) with: {'batch_size': 16, 'lr': 0.01, 'max_epochs': 128, 'module__n_features': 13, 'module__n_neurons': 64, 'module__nonlin': Tanh()}
2024-05-31 23:28:32,937 0.700473 (0.014785) with: {'batch_size': 16, 'lr': 0.01, 'max_epochs': 128, 'module__n_features': 13, 'module__n_neurons': 64, 'module__nonlin': ReLU()}
2024-05-31 23:28:32,937 0.702978 (0.012306) with: {'batch_size': 16, 'lr': 0.01, 'max_epochs': 128, 'module__n_features': 13, 'module__n_neurons': 128, 'module__nonlin': Tanh()}
2024-05-31 23:28:32,937 0.697815 (0.014555) with: {'batch_size': 16, 'lr': 0.01, 'max_epochs': 128, 'module__n_features': 13, 'module__n_neurons': 128, 'module__nonlin': ReLU()}
2024-05-31 23:28:32,937 0.677763 (0.021613) with: {'batch_size': 16, 'lr': 0.01, 'max_epochs': 128, 'module__n_features': 13, 'module__n_neurons': 256, 'module__nonlin': Tanh()}
2024-05-31 23:28:32,937 0.693501 (0.018319) with: {'batch_size': 16, 'lr': 0.01, 'max_epochs': 128, 'module__n_features': 13, 'module__n_neurons': 256, 'module__nonlin': ReLU()}
2024-05-31 23:28:32,937 0.724902 (0.006612) with: {'batch_size': 16, 'lr': 0.02, 'max_epochs': 16, 'module__n_features': 13, 'module__n_neurons': 16, 'module__nonlin': Tanh()}
2024-05-31 23:28:32,937 0.726453 (0.009201) with: {'batch_size': 16, 'lr': 0.02, 'max_epochs': 16, 'module__n_features': 13, 'module__n_neurons': 16, 'module__nonlin': ReLU()}
2024-05-31 23:28:32,937 0.724376 (0.008482) with: {'batch_size': 16, 'lr': 0.02, 'max_epochs': 16, 'module__n_features': 13, 'module__n_neurons': 32, 'module__nonlin': Tanh()}
2024-05-31 23:28:32,937 0.725815 (0.009526) with: {'batch_size': 16, 'lr': 0.02, 'max_epochs': 16, 'module__n_features': 13, 'module__n_neurons': 32, 'module__nonlin': ReLU()}
2024-05-31 23:28:32,937 0.723683 (0.006926) with: {'batch_size': 16, 'lr': 0.02, 'max_epochs': 16, 'module__n_features': 13, 'module__n_neurons': 64, 'module__nonlin': Tanh()}
2024-05-31 23:28:32,937 0.723695 (0.010297) with: {'batch_size': 16, 'lr': 0.02, 'max_epochs': 16, 'module__n_features': 13, 'module__n_neurons': 64, 'module__nonlin': ReLU()}
2024-05-31 23:28:32,937 0.716242 (0.012694) with: {'batch_size': 16, 'lr': 0.02, 'max_epochs': 16, 'module__n_features': 13, 'module__n_neurons': 128, 'module__nonlin': Tanh()}
2024-05-31 23:28:32,937 0.722332 (0.009950) with: {'batch_size': 16, 'lr': 0.02, 'max_epochs': 16, 'module__n_features': 13, 'module__n_neurons': 128, 'module__nonlin': ReLU()}
2024-05-31 23:28:32,937 0.714751 (0.013210) with: {'batch_size': 16, 'lr': 0.02, 'max_epochs': 16, 'module__n_features': 13, 'module__n_neurons': 256, 'module__nonlin': Tanh()}
2024-05-31 23:28:32,937 0.720918 (0.008776) with: {'batch_size': 16, 'lr': 0.02, 'max_epochs': 16, 'module__n_features': 13, 'module__n_neurons': 256, 'module__nonlin': ReLU()}
2024-05-31 23:28:32,937 0.727366 (0.007069) with: {'batch_size': 16, 'lr': 0.02, 'max_epochs': 32, 'module__n_features': 13, 'module__n_neurons': 16, 'module__nonlin': Tanh()}
2024-05-31 23:28:32,937 0.723285 (0.012157) with: {'batch_size': 16, 'lr': 0.02, 'max_epochs': 32, 'module__n_features': 13, 'module__n_neurons': 16, 'module__nonlin': ReLU()}
2024-05-31 23:28:32,937 0.722328 (0.009540) with: {'batch_size': 16, 'lr': 0.02, 'max_epochs': 32, 'module__n_features': 13, 'module__n_neurons': 32, 'module__nonlin': Tanh()}
2024-05-31 23:28:32,937 0.724322 (0.009804) with: {'batch_size': 16, 'lr': 0.02, 'max_epochs': 32, 'module__n_features': 13, 'module__n_neurons': 32, 'module__nonlin': ReLU()}
2024-05-31 23:28:32,937 0.721856 (0.010894) with: {'batch_size': 16, 'lr': 0.02, 'max_epochs': 32, 'module__n_features': 13, 'module__n_neurons': 64, 'module__nonlin': Tanh()}
2024-05-31 23:28:32,937 0.723088 (0.012216) with: {'batch_size': 16, 'lr': 0.02, 'max_epochs': 32, 'module__n_features': 13, 'module__n_neurons': 64, 'module__nonlin': ReLU()}
2024-05-31 23:28:32,937 0.714922 (0.013794) with: {'batch_size': 16, 'lr': 0.02, 'max_epochs': 32, 'module__n_features': 13, 'module__n_neurons': 128, 'module__nonlin': Tanh()}
2024-05-31 23:28:32,937 0.718898 (0.011920) with: {'batch_size': 16, 'lr': 0.02, 'max_epochs': 32, 'module__n_features': 13, 'module__n_neurons': 128, 'module__nonlin': ReLU()}
2024-05-31 23:28:32,937 0.709207 (0.022644) with: {'batch_size': 16, 'lr': 0.02, 'max_epochs': 32, 'module__n_features': 13, 'module__n_neurons': 256, 'module__nonlin': Tanh()}
2024-05-31 23:28:32,937 0.718471 (0.011159) with: {'batch_size': 16, 'lr': 0.02, 'max_epochs': 32, 'module__n_features': 13, 'module__n_neurons': 256, 'module__nonlin': ReLU()}
2024-05-31 23:28:32,937 0.722447 (0.011875) with: {'batch_size': 16, 'lr': 0.02, 'max_epochs': 64, 'module__n_features': 13, 'module__n_neurons': 16, 'module__nonlin': Tanh()}
2024-05-31 23:28:32,937 0.725743 (0.010913) with: {'batch_size': 16, 'lr': 0.02, 'max_epochs': 64, 'module__n_features': 13, 'module__n_neurons': 16, 'module__nonlin': ReLU()}
2024-05-31 23:28:32,937 0.718560 (0.010987) with: {'batch_size': 16, 'lr': 0.02, 'max_epochs': 64, 'module__n_features': 13, 'module__n_neurons': 32, 'module__nonlin': Tanh()}
2024-05-31 23:28:32,937 0.721344 (0.013567) with: {'batch_size': 16, 'lr': 0.02, 'max_epochs': 64, 'module__n_features': 13, 'module__n_neurons': 32, 'module__nonlin': ReLU()}
2024-05-31 23:28:32,937 0.711556 (0.016356) with: {'batch_size': 16, 'lr': 0.02, 'max_epochs': 64, 'module__n_features': 13, 'module__n_neurons': 64, 'module__nonlin': Tanh()}
2024-05-31 23:28:32,937 0.711135 (0.016122) with: {'batch_size': 16, 'lr': 0.02, 'max_epochs': 64, 'module__n_features': 13, 'module__n_neurons': 64, 'module__nonlin': ReLU()}
2024-05-31 23:28:32,937 0.702964 (0.022873) with: {'batch_size': 16, 'lr': 0.02, 'max_epochs': 64, 'module__n_features': 13, 'module__n_neurons': 128, 'module__nonlin': Tanh()}
2024-05-31 23:28:32,937 0.708346 (0.010074) with: {'batch_size': 16, 'lr': 0.02, 'max_epochs': 64, 'module__n_features': 13, 'module__n_neurons': 128, 'module__nonlin': ReLU()}
2024-05-31 23:28:32,937 0.683413 (0.032790) with: {'batch_size': 16, 'lr': 0.02, 'max_epochs': 64, 'module__n_features': 13, 'module__n_neurons': 256, 'module__nonlin': Tanh()}
2024-05-31 23:28:32,937 0.708524 (0.014167) with: {'batch_size': 16, 'lr': 0.02, 'max_epochs': 64, 'module__n_features': 13, 'module__n_neurons': 256, 'module__nonlin': ReLU()}
2024-05-31 23:28:32,937 0.710841 (0.015707) with: {'batch_size': 16, 'lr': 0.02, 'max_epochs': 128, 'module__n_features': 13, 'module__n_neurons': 16, 'module__nonlin': Tanh()}
2024-05-31 23:28:32,938 0.714070 (0.014959) with: {'batch_size': 16, 'lr': 0.02, 'max_epochs': 128, 'module__n_features': 13, 'module__n_neurons': 16, 'module__nonlin': ReLU()}
2024-05-31 23:28:32,938 0.704680 (0.015000) with: {'batch_size': 16, 'lr': 0.02, 'max_epochs': 128, 'module__n_features': 13, 'module__n_neurons': 32, 'module__nonlin': Tanh()}
2024-05-31 23:28:32,938 0.705661 (0.010425) with: {'batch_size': 16, 'lr': 0.02, 'max_epochs': 128, 'module__n_features': 13, 'module__n_neurons': 32, 'module__nonlin': ReLU()}
2024-05-31 23:28:32,938 0.698076 (0.016811) with: {'batch_size': 16, 'lr': 0.02, 'max_epochs': 128, 'module__n_features': 13, 'module__n_neurons': 64, 'module__nonlin': Tanh()}
2024-05-31 23:28:32,938 0.700059 (0.012608) with: {'batch_size': 16, 'lr': 0.02, 'max_epochs': 128, 'module__n_features': 13, 'module__n_neurons': 64, 'module__nonlin': ReLU()}
2024-05-31 23:28:32,938 0.692332 (0.019018) with: {'batch_size': 16, 'lr': 0.02, 'max_epochs': 128, 'module__n_features': 13, 'module__n_neurons': 128, 'module__nonlin': Tanh()}
2024-05-31 23:28:32,938 0.696454 (0.016946) with: {'batch_size': 16, 'lr': 0.02, 'max_epochs': 128, 'module__n_features': 13, 'module__n_neurons': 128, 'module__nonlin': ReLU()}
2024-05-31 23:28:32,938 0.682734 (0.018869) with: {'batch_size': 16, 'lr': 0.02, 'max_epochs': 128, 'module__n_features': 13, 'module__n_neurons': 256, 'module__nonlin': Tanh()}
2024-05-31 23:28:32,938 0.687842 (0.014905) with: {'batch_size': 16, 'lr': 0.02, 'max_epochs': 128, 'module__n_features': 13, 'module__n_neurons': 256, 'module__nonlin': ReLU()}
2024-05-31 23:28:32,938 0.698073 (0.019534) with: {'batch_size': 32, 'lr': 0.001, 'max_epochs': 16, 'module__n_features': 13, 'module__n_neurons': 16, 'module__nonlin': Tanh()}
2024-05-31 23:28:32,938 0.679049 (0.019691) with: {'batch_size': 32, 'lr': 0.001, 'max_epochs': 16, 'module__n_features': 13, 'module__n_neurons': 16, 'module__nonlin': ReLU()}
2024-05-31 23:28:32,938 0.713044 (0.013050) with: {'batch_size': 32, 'lr': 0.001, 'max_epochs': 16, 'module__n_features': 13, 'module__n_neurons': 32, 'module__nonlin': Tanh()}
2024-05-31 23:28:32,938 0.695514 (0.013654) with: {'batch_size': 32, 'lr': 0.001, 'max_epochs': 16, 'module__n_features': 13, 'module__n_neurons': 32, 'module__nonlin': ReLU()}
2024-05-31 23:28:32,938 0.721362 (0.007260) with: {'batch_size': 32, 'lr': 0.001, 'max_epochs': 16, 'module__n_features': 13, 'module__n_neurons': 64, 'module__nonlin': Tanh()}
2024-05-31 23:28:32,938 0.713088 (0.010456) with: {'batch_size': 32, 'lr': 0.001, 'max_epochs': 16, 'module__n_features': 13, 'module__n_neurons': 64, 'module__nonlin': ReLU()}
2024-05-31 23:28:32,938 0.724114 (0.005574) with: {'batch_size': 32, 'lr': 0.001, 'max_epochs': 16, 'module__n_features': 13, 'module__n_neurons': 128, 'module__nonlin': Tanh()}
2024-05-31 23:28:32,938 0.720150 (0.008019) with: {'batch_size': 32, 'lr': 0.001, 'max_epochs': 16, 'module__n_features': 13, 'module__n_neurons': 128, 'module__nonlin': ReLU()}
2024-05-31 23:28:32,938 0.722904 (0.005240) with: {'batch_size': 32, 'lr': 0.001, 'max_epochs': 16, 'module__n_features': 13, 'module__n_neurons': 256, 'module__nonlin': Tanh()}
2024-05-31 23:28:32,938 0.721170 (0.007271) with: {'batch_size': 32, 'lr': 0.001, 'max_epochs': 16, 'module__n_features': 13, 'module__n_neurons': 256, 'module__nonlin': ReLU()}
2024-05-31 23:28:32,938 0.719018 (0.010017) with: {'batch_size': 32, 'lr': 0.001, 'max_epochs': 32, 'module__n_features': 13, 'module__n_neurons': 16, 'module__nonlin': Tanh()}
2024-05-31 23:28:32,938 0.708530 (0.012212) with: {'batch_size': 32, 'lr': 0.001, 'max_epochs': 32, 'module__n_features': 13, 'module__n_neurons': 16, 'module__nonlin': ReLU()}
2024-05-31 23:28:32,938 0.723721 (0.005771) with: {'batch_size': 32, 'lr': 0.001, 'max_epochs': 32, 'module__n_features': 13, 'module__n_neurons': 32, 'module__nonlin': Tanh()}
2024-05-31 23:28:32,938 0.717521 (0.008683) with: {'batch_size': 32, 'lr': 0.001, 'max_epochs': 32, 'module__n_features': 13, 'module__n_neurons': 32, 'module__nonlin': ReLU()}
2024-05-31 23:28:32,938 0.724659 (0.005987) with: {'batch_size': 32, 'lr': 0.001, 'max_epochs': 32, 'module__n_features': 13, 'module__n_neurons': 64, 'module__nonlin': Tanh()}
2024-05-31 23:28:32,938 0.720313 (0.007118) with: {'batch_size': 32, 'lr': 0.001, 'max_epochs': 32, 'module__n_features': 13, 'module__n_neurons': 64, 'module__nonlin': ReLU()}
2024-05-31 23:28:32,938 0.724542 (0.005445) with: {'batch_size': 32, 'lr': 0.001, 'max_epochs': 32, 'module__n_features': 13, 'module__n_neurons': 128, 'module__nonlin': Tanh()}
2024-05-31 23:28:32,938 0.721969 (0.007175) with: {'batch_size': 32, 'lr': 0.001, 'max_epochs': 32, 'module__n_features': 13, 'module__n_neurons': 128, 'module__nonlin': ReLU()}
2024-05-31 23:28:32,938 0.724152 (0.005380) with: {'batch_size': 32, 'lr': 0.001, 'max_epochs': 32, 'module__n_features': 13, 'module__n_neurons': 256, 'module__nonlin': Tanh()}
2024-05-31 23:28:32,938 0.722232 (0.010396) with: {'batch_size': 32, 'lr': 0.001, 'max_epochs': 32, 'module__n_features': 13, 'module__n_neurons': 256, 'module__nonlin': ReLU()}
2024-05-31 23:28:32,938 0.724297 (0.005870) with: {'batch_size': 32, 'lr': 0.001, 'max_epochs': 64, 'module__n_features': 13, 'module__n_neurons': 16, 'module__nonlin': Tanh()}
2024-05-31 23:28:32,938 0.722863 (0.005687) with: {'batch_size': 32, 'lr': 0.001, 'max_epochs': 64, 'module__n_features': 13, 'module__n_neurons': 16, 'module__nonlin': ReLU()}
2024-05-31 23:28:32,938 0.725147 (0.005640) with: {'batch_size': 32, 'lr': 0.001, 'max_epochs': 64, 'module__n_features': 13, 'module__n_neurons': 32, 'module__nonlin': Tanh()}
2024-05-31 23:28:32,938 0.724623 (0.006987) with: {'batch_size': 32, 'lr': 0.001, 'max_epochs': 64, 'module__n_features': 13, 'module__n_neurons': 32, 'module__nonlin': ReLU()}
2024-05-31 23:28:32,938 0.724676 (0.005315) with: {'batch_size': 32, 'lr': 0.001, 'max_epochs': 64, 'module__n_features': 13, 'module__n_neurons': 64, 'module__nonlin': Tanh()}
2024-05-31 23:28:32,938 0.723780 (0.008864) with: {'batch_size': 32, 'lr': 0.001, 'max_epochs': 64, 'module__n_features': 13, 'module__n_neurons': 64, 'module__nonlin': ReLU()}
2024-05-31 23:28:32,938 0.724301 (0.005895) with: {'batch_size': 32, 'lr': 0.001, 'max_epochs': 64, 'module__n_features': 13, 'module__n_neurons': 128, 'module__nonlin': Tanh()}
2024-05-31 23:28:32,938 0.722320 (0.010380) with: {'batch_size': 32, 'lr': 0.001, 'max_epochs': 64, 'module__n_features': 13, 'module__n_neurons': 128, 'module__nonlin': ReLU()}
2024-05-31 23:28:32,938 0.724676 (0.005592) with: {'batch_size': 32, 'lr': 0.001, 'max_epochs': 64, 'module__n_features': 13, 'module__n_neurons': 256, 'module__nonlin': Tanh()}
2024-05-31 23:28:32,938 0.721977 (0.011642) with: {'batch_size': 32, 'lr': 0.001, 'max_epochs': 64, 'module__n_features': 13, 'module__n_neurons': 256, 'module__nonlin': ReLU()}
2024-05-31 23:28:32,938 0.725607 (0.006049) with: {'batch_size': 32, 'lr': 0.001, 'max_epochs': 128, 'module__n_features': 13, 'module__n_neurons': 16, 'module__nonlin': Tanh()}
2024-05-31 23:28:32,938 0.726380 (0.006261) with: {'batch_size': 32, 'lr': 0.001, 'max_epochs': 128, 'module__n_features': 13, 'module__n_neurons': 16, 'module__nonlin': ReLU()}
2024-05-31 23:28:32,938 0.725280 (0.005689) with: {'batch_size': 32, 'lr': 0.001, 'max_epochs': 128, 'module__n_features': 13, 'module__n_neurons': 32, 'module__nonlin': Tanh()}
2024-05-31 23:28:32,938 0.723593 (0.009218) with: {'batch_size': 32, 'lr': 0.001, 'max_epochs': 128, 'module__n_features': 13, 'module__n_neurons': 32, 'module__nonlin': ReLU()}
2024-05-31 23:28:32,938 0.725426 (0.005664) with: {'batch_size': 32, 'lr': 0.001, 'max_epochs': 128, 'module__n_features': 13, 'module__n_neurons': 64, 'module__nonlin': Tanh()}
2024-05-31 23:28:32,938 0.723004 (0.009590) with: {'batch_size': 32, 'lr': 0.001, 'max_epochs': 128, 'module__n_features': 13, 'module__n_neurons': 64, 'module__nonlin': ReLU()}
2024-05-31 23:28:32,938 0.727008 (0.006671) with: {'batch_size': 32, 'lr': 0.001, 'max_epochs': 128, 'module__n_features': 13, 'module__n_neurons': 128, 'module__nonlin': Tanh()}
2024-05-31 23:28:32,938 0.722484 (0.011417) with: {'batch_size': 32, 'lr': 0.001, 'max_epochs': 128, 'module__n_features': 13, 'module__n_neurons': 128, 'module__nonlin': ReLU()}
2024-05-31 23:28:32,938 0.726740 (0.009183) with: {'batch_size': 32, 'lr': 0.001, 'max_epochs': 128, 'module__n_features': 13, 'module__n_neurons': 256, 'module__nonlin': Tanh()}
2024-05-31 23:28:32,938 0.719453 (0.013002) with: {'batch_size': 32, 'lr': 0.001, 'max_epochs': 128, 'module__n_features': 13, 'module__n_neurons': 256, 'module__nonlin': ReLU()}
2024-05-31 23:28:32,939 0.725357 (0.005710) with: {'batch_size': 32, 'lr': 0.01, 'max_epochs': 16, 'module__n_features': 13, 'module__n_neurons': 16, 'module__nonlin': Tanh()}
2024-05-31 23:28:32,939 0.723913 (0.006663) with: {'batch_size': 32, 'lr': 0.01, 'max_epochs': 16, 'module__n_features': 13, 'module__n_neurons': 16, 'module__nonlin': ReLU()}
2024-05-31 23:28:32,939 0.725633 (0.005147) with: {'batch_size': 32, 'lr': 0.01, 'max_epochs': 16, 'module__n_features': 13, 'module__n_neurons': 32, 'module__nonlin': Tanh()}
2024-05-31 23:28:32,939 0.725908 (0.008271) with: {'batch_size': 32, 'lr': 0.01, 'max_epochs': 16, 'module__n_features': 13, 'module__n_neurons': 32, 'module__nonlin': ReLU()}
2024-05-31 23:28:32,939 0.724917 (0.006413) with: {'batch_size': 32, 'lr': 0.01, 'max_epochs': 16, 'module__n_features': 13, 'module__n_neurons': 64, 'module__nonlin': Tanh()}
2024-05-31 23:28:32,939 0.723842 (0.009281) with: {'batch_size': 32, 'lr': 0.01, 'max_epochs': 16, 'module__n_features': 13, 'module__n_neurons': 64, 'module__nonlin': ReLU()}
2024-05-31 23:28:32,939 0.724427 (0.007258) with: {'batch_size': 32, 'lr': 0.01, 'max_epochs': 16, 'module__n_features': 13, 'module__n_neurons': 128, 'module__nonlin': Tanh()}
2024-05-31 23:28:32,939 0.722843 (0.010520) with: {'batch_size': 32, 'lr': 0.01, 'max_epochs': 16, 'module__n_features': 13, 'module__n_neurons': 128, 'module__nonlin': ReLU()}
2024-05-31 23:28:32,939 0.717901 (0.003800) with: {'batch_size': 32, 'lr': 0.01, 'max_epochs': 16, 'module__n_features': 13, 'module__n_neurons': 256, 'module__nonlin': Tanh()}
2024-05-31 23:28:32,939 0.722420 (0.010636) with: {'batch_size': 32, 'lr': 0.01, 'max_epochs': 16, 'module__n_features': 13, 'module__n_neurons': 256, 'module__nonlin': ReLU()}
2024-05-31 23:28:32,939 0.726790 (0.006453) with: {'batch_size': 32, 'lr': 0.01, 'max_epochs': 32, 'module__n_features': 13, 'module__n_neurons': 16, 'module__nonlin': Tanh()}
2024-05-31 23:28:32,939 0.726382 (0.006148) with: {'batch_size': 32, 'lr': 0.01, 'max_epochs': 32, 'module__n_features': 13, 'module__n_neurons': 16, 'module__nonlin': ReLU()}
2024-05-31 23:28:32,939 0.727431 (0.005900) with: {'batch_size': 32, 'lr': 0.01, 'max_epochs': 32, 'module__n_features': 13, 'module__n_neurons': 32, 'module__nonlin': Tanh()}
2024-05-31 23:28:32,939 0.725232 (0.010324) with: {'batch_size': 32, 'lr': 0.01, 'max_epochs': 32, 'module__n_features': 13, 'module__n_neurons': 32, 'module__nonlin': ReLU()}
2024-05-31 23:28:32,939 0.726861 (0.006815) with: {'batch_size': 32, 'lr': 0.01, 'max_epochs': 32, 'module__n_features': 13, 'module__n_neurons': 64, 'module__nonlin': Tanh()}
2024-05-31 23:28:32,939 0.723713 (0.011965) with: {'batch_size': 32, 'lr': 0.01, 'max_epochs': 32, 'module__n_features': 13, 'module__n_neurons': 64, 'module__nonlin': ReLU()}
2024-05-31 23:28:32,939 0.723043 (0.008470) with: {'batch_size': 32, 'lr': 0.01, 'max_epochs': 32, 'module__n_features': 13, 'module__n_neurons': 128, 'module__nonlin': Tanh()}
2024-05-31 23:28:32,939 0.720654 (0.012421) with: {'batch_size': 32, 'lr': 0.01, 'max_epochs': 32, 'module__n_features': 13, 'module__n_neurons': 128, 'module__nonlin': ReLU()}
2024-05-31 23:28:32,939 0.718638 (0.009573) with: {'batch_size': 32, 'lr': 0.01, 'max_epochs': 32, 'module__n_features': 13, 'module__n_neurons': 256, 'module__nonlin': Tanh()}
2024-05-31 23:28:32,939 0.718278 (0.012836) with: {'batch_size': 32, 'lr': 0.01, 'max_epochs': 32, 'module__n_features': 13, 'module__n_neurons': 256, 'module__nonlin': ReLU()}
2024-05-31 23:28:32,939 0.726573 (0.007032) with: {'batch_size': 32, 'lr': 0.01, 'max_epochs': 64, 'module__n_features': 13, 'module__n_neurons': 16, 'module__nonlin': Tanh()}
2024-05-31 23:28:32,939 0.724473 (0.009972) with: {'batch_size': 32, 'lr': 0.01, 'max_epochs': 64, 'module__n_features': 13, 'module__n_neurons': 16, 'module__nonlin': ReLU()}
2024-05-31 23:28:32,939 0.725487 (0.007957) with: {'batch_size': 32, 'lr': 0.01, 'max_epochs': 64, 'module__n_features': 13, 'module__n_neurons': 32, 'module__nonlin': Tanh()}
2024-05-31 23:28:32,939 0.723169 (0.012861) with: {'batch_size': 32, 'lr': 0.01, 'max_epochs': 64, 'module__n_features': 13, 'module__n_neurons': 32, 'module__nonlin': ReLU()}
2024-05-31 23:28:32,939 0.723983 (0.008883) with: {'batch_size': 32, 'lr': 0.01, 'max_epochs': 64, 'module__n_features': 13, 'module__n_neurons': 64, 'module__nonlin': Tanh()}
2024-05-31 23:28:32,939 0.717375 (0.012775) with: {'batch_size': 32, 'lr': 0.01, 'max_epochs': 64, 'module__n_features': 13, 'module__n_neurons': 64, 'module__nonlin': ReLU()}
2024-05-31 23:28:32,939 0.717309 (0.010380) with: {'batch_size': 32, 'lr': 0.01, 'max_epochs': 64, 'module__n_features': 13, 'module__n_neurons': 128, 'module__nonlin': Tanh()}
2024-05-31 23:28:32,939 0.709185 (0.013323) with: {'batch_size': 32, 'lr': 0.01, 'max_epochs': 64, 'module__n_features': 13, 'module__n_neurons': 128, 'module__nonlin': ReLU()}
2024-05-31 23:28:32,939 0.714349 (0.010952) with: {'batch_size': 32, 'lr': 0.01, 'max_epochs': 64, 'module__n_features': 13, 'module__n_neurons': 256, 'module__nonlin': Tanh()}
2024-05-31 23:28:32,939 0.708298 (0.012551) with: {'batch_size': 32, 'lr': 0.01, 'max_epochs': 64, 'module__n_features': 13, 'module__n_neurons': 256, 'module__nonlin': ReLU()}
2024-05-31 23:28:32,939 0.722080 (0.010000) with: {'batch_size': 32, 'lr': 0.01, 'max_epochs': 128, 'module__n_features': 13, 'module__n_neurons': 16, 'module__nonlin': Tanh()}
2024-05-31 23:28:32,939 0.724486 (0.011835) with: {'batch_size': 32, 'lr': 0.01, 'max_epochs': 128, 'module__n_features': 13, 'module__n_neurons': 16, 'module__nonlin': ReLU()}
2024-05-31 23:28:32,939 0.714764 (0.012867) with: {'batch_size': 32, 'lr': 0.01, 'max_epochs': 128, 'module__n_features': 13, 'module__n_neurons': 32, 'module__nonlin': Tanh()}
2024-05-31 23:28:32,939 0.712010 (0.014877) with: {'batch_size': 32, 'lr': 0.01, 'max_epochs': 128, 'module__n_features': 13, 'module__n_neurons': 32, 'module__nonlin': ReLU()}
2024-05-31 23:28:32,939 0.711684 (0.011434) with: {'batch_size': 32, 'lr': 0.01, 'max_epochs': 128, 'module__n_features': 13, 'module__n_neurons': 64, 'module__nonlin': Tanh()}
2024-05-31 23:28:32,939 0.703376 (0.013451) with: {'batch_size': 32, 'lr': 0.01, 'max_epochs': 128, 'module__n_features': 13, 'module__n_neurons': 64, 'module__nonlin': ReLU()}
2024-05-31 23:28:32,939 0.705905 (0.012953) with: {'batch_size': 32, 'lr': 0.01, 'max_epochs': 128, 'module__n_features': 13, 'module__n_neurons': 128, 'module__nonlin': Tanh()}
2024-05-31 23:28:32,939 0.691821 (0.014386) with: {'batch_size': 32, 'lr': 0.01, 'max_epochs': 128, 'module__n_features': 13, 'module__n_neurons': 128, 'module__nonlin': ReLU()}
2024-05-31 23:28:32,939 0.699802 (0.017311) with: {'batch_size': 32, 'lr': 0.01, 'max_epochs': 128, 'module__n_features': 13, 'module__n_neurons': 256, 'module__nonlin': Tanh()}
2024-05-31 23:28:32,939 0.686009 (0.017874) with: {'batch_size': 32, 'lr': 0.01, 'max_epochs': 128, 'module__n_features': 13, 'module__n_neurons': 256, 'module__nonlin': ReLU()}
2024-05-31 23:28:32,939 0.725843 (0.006066) with: {'batch_size': 32, 'lr': 0.02, 'max_epochs': 16, 'module__n_features': 13, 'module__n_neurons': 16, 'module__nonlin': Tanh()}
2024-05-31 23:28:32,939 0.724738 (0.009950) with: {'batch_size': 32, 'lr': 0.02, 'max_epochs': 16, 'module__n_features': 13, 'module__n_neurons': 16, 'module__nonlin': ReLU()}
2024-05-31 23:28:32,939 0.726183 (0.006208) with: {'batch_size': 32, 'lr': 0.02, 'max_epochs': 16, 'module__n_features': 13, 'module__n_neurons': 32, 'module__nonlin': Tanh()}
2024-05-31 23:28:32,939 0.725088 (0.009152) with: {'batch_size': 32, 'lr': 0.02, 'max_epochs': 16, 'module__n_features': 13, 'module__n_neurons': 32, 'module__nonlin': ReLU()}
2024-05-31 23:28:32,939 0.725503 (0.007197) with: {'batch_size': 32, 'lr': 0.02, 'max_epochs': 16, 'module__n_features': 13, 'module__n_neurons': 64, 'module__nonlin': Tanh()}
2024-05-31 23:28:32,939 0.722058 (0.011939) with: {'batch_size': 32, 'lr': 0.02, 'max_epochs': 16, 'module__n_features': 13, 'module__n_neurons': 64, 'module__nonlin': ReLU()}
2024-05-31 23:28:32,939 0.716874 (0.006948) with: {'batch_size': 32, 'lr': 0.02, 'max_epochs': 16, 'module__n_features': 13, 'module__n_neurons': 128, 'module__nonlin': Tanh()}
2024-05-31 23:28:32,939 0.722006 (0.011088) with: {'batch_size': 32, 'lr': 0.02, 'max_epochs': 16, 'module__n_features': 13, 'module__n_neurons': 128, 'module__nonlin': ReLU()}
2024-05-31 23:28:32,940 0.707563 (0.004923) with: {'batch_size': 32, 'lr': 0.02, 'max_epochs': 16, 'module__n_features': 13, 'module__n_neurons': 256, 'module__nonlin': Tanh()}
2024-05-31 23:28:32,940 0.721128 (0.011907) with: {'batch_size': 32, 'lr': 0.02, 'max_epochs': 16, 'module__n_features': 13, 'module__n_neurons': 256, 'module__nonlin': ReLU()}
2024-05-31 23:28:32,940 0.726179 (0.008458) with: {'batch_size': 32, 'lr': 0.02, 'max_epochs': 32, 'module__n_features': 13, 'module__n_neurons': 16, 'module__nonlin': Tanh()}
2024-05-31 23:28:32,940 0.727106 (0.010123) with: {'batch_size': 32, 'lr': 0.02, 'max_epochs': 32, 'module__n_features': 13, 'module__n_neurons': 16, 'module__nonlin': ReLU()}
2024-05-31 23:28:32,940 0.728194 (0.005719) with: {'batch_size': 32, 'lr': 0.02, 'max_epochs': 32, 'module__n_features': 13, 'module__n_neurons': 32, 'module__nonlin': Tanh()}
2024-05-31 23:28:32,940 0.724636 (0.009732) with: {'batch_size': 32, 'lr': 0.02, 'max_epochs': 32, 'module__n_features': 13, 'module__n_neurons': 32, 'module__nonlin': ReLU()}
2024-05-31 23:28:32,940 0.720228 (0.008915) with: {'batch_size': 32, 'lr': 0.02, 'max_epochs': 32, 'module__n_features': 13, 'module__n_neurons': 64, 'module__nonlin': Tanh()}
2024-05-31 23:28:32,940 0.721845 (0.012032) with: {'batch_size': 32, 'lr': 0.02, 'max_epochs': 32, 'module__n_features': 13, 'module__n_neurons': 64, 'module__nonlin': ReLU()}
2024-05-31 23:28:32,940 0.715146 (0.012430) with: {'batch_size': 32, 'lr': 0.02, 'max_epochs': 32, 'module__n_features': 13, 'module__n_neurons': 128, 'module__nonlin': Tanh()}
2024-05-31 23:28:32,940 0.719046 (0.013193) with: {'batch_size': 32, 'lr': 0.02, 'max_epochs': 32, 'module__n_features': 13, 'module__n_neurons': 128, 'module__nonlin': ReLU()}
2024-05-31 23:28:32,940 0.702370 (0.006721) with: {'batch_size': 32, 'lr': 0.02, 'max_epochs': 32, 'module__n_features': 13, 'module__n_neurons': 256, 'module__nonlin': Tanh()}
2024-05-31 23:28:32,940 0.716352 (0.012832) with: {'batch_size': 32, 'lr': 0.02, 'max_epochs': 32, 'module__n_features': 13, 'module__n_neurons': 256, 'module__nonlin': ReLU()}
2024-05-31 23:28:32,940 0.724585 (0.008940) with: {'batch_size': 32, 'lr': 0.02, 'max_epochs': 64, 'module__n_features': 13, 'module__n_neurons': 16, 'module__nonlin': Tanh()}
2024-05-31 23:28:32,940 0.727106 (0.010806) with: {'batch_size': 32, 'lr': 0.02, 'max_epochs': 64, 'module__n_features': 13, 'module__n_neurons': 16, 'module__nonlin': ReLU()}
2024-05-31 23:28:32,940 0.720453 (0.007958) with: {'batch_size': 32, 'lr': 0.02, 'max_epochs': 64, 'module__n_features': 13, 'module__n_neurons': 32, 'module__nonlin': Tanh()}
2024-05-31 23:28:32,940 0.721825 (0.013645) with: {'batch_size': 32, 'lr': 0.02, 'max_epochs': 64, 'module__n_features': 13, 'module__n_neurons': 32, 'module__nonlin': ReLU()}
2024-05-31 23:28:32,940 0.717427 (0.010537) with: {'batch_size': 32, 'lr': 0.02, 'max_epochs': 64, 'module__n_features': 13, 'module__n_neurons': 64, 'module__nonlin': Tanh()}
2024-05-31 23:28:32,940 0.713075 (0.015677) with: {'batch_size': 32, 'lr': 0.02, 'max_epochs': 64, 'module__n_features': 13, 'module__n_neurons': 64, 'module__nonlin': ReLU()}
2024-05-31 23:28:32,940 0.710333 (0.005842) with: {'batch_size': 32, 'lr': 0.02, 'max_epochs': 64, 'module__n_features': 13, 'module__n_neurons': 128, 'module__nonlin': Tanh()}
2024-05-31 23:28:32,940 0.710238 (0.011343) with: {'batch_size': 32, 'lr': 0.02, 'max_epochs': 64, 'module__n_features': 13, 'module__n_neurons': 128, 'module__nonlin': ReLU()}
2024-05-31 23:28:32,940 0.697095 (0.014391) with: {'batch_size': 32, 'lr': 0.02, 'max_epochs': 64, 'module__n_features': 13, 'module__n_neurons': 256, 'module__nonlin': Tanh()}
2024-05-31 23:28:32,940 0.705376 (0.015496) with: {'batch_size': 32, 'lr': 0.02, 'max_epochs': 64, 'module__n_features': 13, 'module__n_neurons': 256, 'module__nonlin': ReLU()}
2024-05-31 23:28:32,940 0.715397 (0.011063) with: {'batch_size': 32, 'lr': 0.02, 'max_epochs': 128, 'module__n_features': 13, 'module__n_neurons': 16, 'module__nonlin': Tanh()}
2024-05-31 23:28:32,940 0.712499 (0.014499) with: {'batch_size': 32, 'lr': 0.02, 'max_epochs': 128, 'module__n_features': 13, 'module__n_neurons': 16, 'module__nonlin': ReLU()}
2024-05-31 23:28:32,940 0.714402 (0.015593) with: {'batch_size': 32, 'lr': 0.02, 'max_epochs': 128, 'module__n_features': 13, 'module__n_neurons': 32, 'module__nonlin': Tanh()}
2024-05-31 23:28:32,940 0.709310 (0.011711) with: {'batch_size': 32, 'lr': 0.02, 'max_epochs': 128, 'module__n_features': 13, 'module__n_neurons': 32, 'module__nonlin': ReLU()}
2024-05-31 23:28:32,940 0.715035 (0.010748) with: {'batch_size': 32, 'lr': 0.02, 'max_epochs': 128, 'module__n_features': 13, 'module__n_neurons': 64, 'module__nonlin': Tanh()}
2024-05-31 23:28:32,940 0.699720 (0.011361) with: {'batch_size': 32, 'lr': 0.02, 'max_epochs': 128, 'module__n_features': 13, 'module__n_neurons': 64, 'module__nonlin': ReLU()}
2024-05-31 23:28:32,940 0.704477 (0.014042) with: {'batch_size': 32, 'lr': 0.02, 'max_epochs': 128, 'module__n_features': 13, 'module__n_neurons': 128, 'module__nonlin': Tanh()}
2024-05-31 23:28:32,940 0.684751 (0.013907) with: {'batch_size': 32, 'lr': 0.02, 'max_epochs': 128, 'module__n_features': 13, 'module__n_neurons': 128, 'module__nonlin': ReLU()}
2024-05-31 23:28:32,940 0.691831 (0.019074) with: {'batch_size': 32, 'lr': 0.02, 'max_epochs': 128, 'module__n_features': 13, 'module__n_neurons': 256, 'module__nonlin': Tanh()}
2024-05-31 23:28:32,940 0.687984 (0.014089) with: {'batch_size': 32, 'lr': 0.02, 'max_epochs': 128, 'module__n_features': 13, 'module__n_neurons': 256, 'module__nonlin': ReLU()}
2024-05-31 23:28:32,940 0.683661 (0.026576) with: {'batch_size': 64, 'lr': 0.001, 'max_epochs': 16, 'module__n_features': 13, 'module__n_neurons': 16, 'module__nonlin': Tanh()}
2024-05-31 23:28:32,940 0.667221 (0.014998) with: {'batch_size': 64, 'lr': 0.001, 'max_epochs': 16, 'module__n_features': 13, 'module__n_neurons': 16, 'module__nonlin': ReLU()}
2024-05-31 23:28:32,940 0.703113 (0.015329) with: {'batch_size': 64, 'lr': 0.001, 'max_epochs': 16, 'module__n_features': 13, 'module__n_neurons': 32, 'module__nonlin': Tanh()}
2024-05-31 23:28:32,940 0.691314 (0.016686) with: {'batch_size': 64, 'lr': 0.001, 'max_epochs': 16, 'module__n_features': 13, 'module__n_neurons': 32, 'module__nonlin': ReLU()}
2024-05-31 23:28:32,940 0.720738 (0.007590) with: {'batch_size': 64, 'lr': 0.001, 'max_epochs': 16, 'module__n_features': 13, 'module__n_neurons': 64, 'module__nonlin': Tanh()}
2024-05-31 23:28:32,940 0.710228 (0.009077) with: {'batch_size': 64, 'lr': 0.001, 'max_epochs': 16, 'module__n_features': 13, 'module__n_neurons': 64, 'module__nonlin': ReLU()}
2024-05-31 23:28:32,940 0.723283 (0.005835) with: {'batch_size': 64, 'lr': 0.001, 'max_epochs': 16, 'module__n_features': 13, 'module__n_neurons': 128, 'module__nonlin': Tanh()}
2024-05-31 23:28:32,940 0.717654 (0.007539) with: {'batch_size': 64, 'lr': 0.001, 'max_epochs': 16, 'module__n_features': 13, 'module__n_neurons': 128, 'module__nonlin': ReLU()}
2024-05-31 23:28:32,940 0.724033 (0.005842) with: {'batch_size': 64, 'lr': 0.001, 'max_epochs': 16, 'module__n_features': 13, 'module__n_neurons': 256, 'module__nonlin': Tanh()}
2024-05-31 23:28:32,940 0.720209 (0.007495) with: {'batch_size': 64, 'lr': 0.001, 'max_epochs': 16, 'module__n_features': 13, 'module__n_neurons': 256, 'module__nonlin': ReLU()}
2024-05-31 23:28:32,941 0.717330 (0.010602) with: {'batch_size': 64, 'lr': 0.001, 'max_epochs': 32, 'module__n_features': 13, 'module__n_neurons': 16, 'module__nonlin': Tanh()}
2024-05-31 23:28:32,941 0.705762 (0.015222) with: {'batch_size': 64, 'lr': 0.001, 'max_epochs': 32, 'module__n_features': 13, 'module__n_neurons': 16, 'module__nonlin': ReLU()}
2024-05-31 23:28:32,941 0.722282 (0.007406) with: {'batch_size': 64, 'lr': 0.001, 'max_epochs': 32, 'module__n_features': 13, 'module__n_neurons': 32, 'module__nonlin': Tanh()}
2024-05-31 23:28:32,941 0.715431 (0.007679) with: {'batch_size': 64, 'lr': 0.001, 'max_epochs': 32, 'module__n_features': 13, 'module__n_neurons': 32, 'module__nonlin': ReLU()}
2024-05-31 23:28:32,941 0.723720 (0.006669) with: {'batch_size': 64, 'lr': 0.001, 'max_epochs': 32, 'module__n_features': 13, 'module__n_neurons': 64, 'module__nonlin': Tanh()}
2024-05-31 23:28:32,941 0.721313 (0.007005) with: {'batch_size': 64, 'lr': 0.001, 'max_epochs': 32, 'module__n_features': 13, 'module__n_neurons': 64, 'module__nonlin': ReLU()}
2024-05-31 23:28:32,941 0.724789 (0.005694) with: {'batch_size': 64, 'lr': 0.001, 'max_epochs': 32, 'module__n_features': 13, 'module__n_neurons': 128, 'module__nonlin': Tanh()}
2024-05-31 23:28:32,941 0.721249 (0.007791) with: {'batch_size': 64, 'lr': 0.001, 'max_epochs': 32, 'module__n_features': 13, 'module__n_neurons': 128, 'module__nonlin': ReLU()}
2024-05-31 23:28:32,941 0.723764 (0.005561) with: {'batch_size': 64, 'lr': 0.001, 'max_epochs': 32, 'module__n_features': 13, 'module__n_neurons': 256, 'module__nonlin': Tanh()}
2024-05-31 23:28:32,941 0.721658 (0.009012) with: {'batch_size': 64, 'lr': 0.001, 'max_epochs': 32, 'module__n_features': 13, 'module__n_neurons': 256, 'module__nonlin': ReLU()}
2024-05-31 23:28:32,941 0.723223 (0.006598) with: {'batch_size': 64, 'lr': 0.001, 'max_epochs': 64, 'module__n_features': 13, 'module__n_neurons': 16, 'module__nonlin': Tanh()}
2024-05-31 23:28:32,941 0.721666 (0.004437) with: {'batch_size': 64, 'lr': 0.001, 'max_epochs': 64, 'module__n_features': 13, 'module__n_neurons': 16, 'module__nonlin': ReLU()}
2024-05-31 23:28:32,941 0.724670 (0.006399) with: {'batch_size': 64, 'lr': 0.001, 'max_epochs': 64, 'module__n_features': 13, 'module__n_neurons': 32, 'module__nonlin': Tanh()}
2024-05-31 23:28:32,941 0.723540 (0.006902) with: {'batch_size': 64, 'lr': 0.001, 'max_epochs': 64, 'module__n_features': 13, 'module__n_neurons': 32, 'module__nonlin': ReLU()}
2024-05-31 23:28:32,941 0.725153 (0.005689) with: {'batch_size': 64, 'lr': 0.001, 'max_epochs': 64, 'module__n_features': 13, 'module__n_neurons': 64, 'module__nonlin': Tanh()}
2024-05-31 23:28:32,941 0.723150 (0.008418) with: {'batch_size': 64, 'lr': 0.001, 'max_epochs': 64, 'module__n_features': 13, 'module__n_neurons': 64, 'module__nonlin': ReLU()}
2024-05-31 23:28:32,941 0.724926 (0.005534) with: {'batch_size': 64, 'lr': 0.001, 'max_epochs': 64, 'module__n_features': 13, 'module__n_neurons': 128, 'module__nonlin': Tanh()}
2024-05-31 23:28:32,941 0.722047 (0.009069) with: {'batch_size': 64, 'lr': 0.001, 'max_epochs': 64, 'module__n_features': 13, 'module__n_neurons': 128, 'module__nonlin': ReLU()}
2024-05-31 23:28:32,941 0.723944 (0.005128) with: {'batch_size': 64, 'lr': 0.001, 'max_epochs': 64, 'module__n_features': 13, 'module__n_neurons': 256, 'module__nonlin': Tanh()}
2024-05-31 23:28:32,941 0.721874 (0.010347) with: {'batch_size': 64, 'lr': 0.001, 'max_epochs': 64, 'module__n_features': 13, 'module__n_neurons': 256, 'module__nonlin': ReLU()}
2024-05-31 23:28:32,941 0.725021 (0.005673) with: {'batch_size': 64, 'lr': 0.001, 'max_epochs': 128, 'module__n_features': 13, 'module__n_neurons': 16, 'module__nonlin': Tanh()}
2024-05-31 23:28:32,941 0.725317 (0.006337) with: {'batch_size': 64, 'lr': 0.001, 'max_epochs': 128, 'module__n_features': 13, 'module__n_neurons': 16, 'module__nonlin': ReLU()}
2024-05-31 23:28:32,941 0.724529 (0.006120) with: {'batch_size': 64, 'lr': 0.001, 'max_epochs': 128, 'module__n_features': 13, 'module__n_neurons': 32, 'module__nonlin': Tanh()}
2024-05-31 23:28:32,941 0.724409 (0.008792) with: {'batch_size': 64, 'lr': 0.001, 'max_epochs': 128, 'module__n_features': 13, 'module__n_neurons': 32, 'module__nonlin': ReLU()}
2024-05-31 23:28:32,941 0.724978 (0.005701) with: {'batch_size': 64, 'lr': 0.001, 'max_epochs': 128, 'module__n_features': 13, 'module__n_neurons': 64, 'module__nonlin': Tanh()}
2024-05-31 23:28:32,941 0.723592 (0.009352) with: {'batch_size': 64, 'lr': 0.001, 'max_epochs': 128, 'module__n_features': 13, 'module__n_neurons': 64, 'module__nonlin': ReLU()}
2024-05-31 23:28:32,941 0.724698 (0.006258) with: {'batch_size': 64, 'lr': 0.001, 'max_epochs': 128, 'module__n_features': 13, 'module__n_neurons': 128, 'module__nonlin': Tanh()}
2024-05-31 23:28:32,941 0.721154 (0.010955) with: {'batch_size': 64, 'lr': 0.001, 'max_epochs': 128, 'module__n_features': 13, 'module__n_neurons': 128, 'module__nonlin': ReLU()}
2024-05-31 23:28:32,941 0.726762 (0.007760) with: {'batch_size': 64, 'lr': 0.001, 'max_epochs': 128, 'module__n_features': 13, 'module__n_neurons': 256, 'module__nonlin': Tanh()}
2024-05-31 23:28:32,941 0.720030 (0.011711) with: {'batch_size': 64, 'lr': 0.001, 'max_epochs': 128, 'module__n_features': 13, 'module__n_neurons': 256, 'module__nonlin': ReLU()}
2024-05-31 23:28:32,941 0.724337 (0.006469) with: {'batch_size': 64, 'lr': 0.01, 'max_epochs': 16, 'module__n_features': 13, 'module__n_neurons': 16, 'module__nonlin': Tanh()}
2024-05-31 23:28:32,941 0.724055 (0.005770) with: {'batch_size': 64, 'lr': 0.01, 'max_epochs': 16, 'module__n_features': 13, 'module__n_neurons': 16, 'module__nonlin': ReLU()}
2024-05-31 23:28:32,941 0.724709 (0.006248) with: {'batch_size': 64, 'lr': 0.01, 'max_epochs': 16, 'module__n_features': 13, 'module__n_neurons': 32, 'module__nonlin': Tanh()}
2024-05-31 23:28:32,941 0.723304 (0.007480) with: {'batch_size': 64, 'lr': 0.01, 'max_epochs': 16, 'module__n_features': 13, 'module__n_neurons': 32, 'module__nonlin': ReLU()}
2024-05-31 23:28:32,941 0.724497 (0.005743) with: {'batch_size': 64, 'lr': 0.01, 'max_epochs': 16, 'module__n_features': 13, 'module__n_neurons': 64, 'module__nonlin': Tanh()}
2024-05-31 23:28:32,941 0.724076 (0.009174) with: {'batch_size': 64, 'lr': 0.01, 'max_epochs': 16, 'module__n_features': 13, 'module__n_neurons': 64, 'module__nonlin': ReLU()}
2024-05-31 23:28:32,941 0.724052 (0.005374) with: {'batch_size': 64, 'lr': 0.01, 'max_epochs': 16, 'module__n_features': 13, 'module__n_neurons': 128, 'module__nonlin': Tanh()}
2024-05-31 23:28:32,941 0.721839 (0.009555) with: {'batch_size': 64, 'lr': 0.01, 'max_epochs': 16, 'module__n_features': 13, 'module__n_neurons': 128, 'module__nonlin': ReLU()}
2024-05-31 23:28:32,941 0.723110 (0.007366) with: {'batch_size': 64, 'lr': 0.01, 'max_epochs': 16, 'module__n_features': 13, 'module__n_neurons': 256, 'module__nonlin': Tanh()}
2024-05-31 23:28:32,941 0.720619 (0.008965) with: {'batch_size': 64, 'lr': 0.01, 'max_epochs': 16, 'module__n_features': 13, 'module__n_neurons': 256, 'module__nonlin': ReLU()}
2024-05-31 23:28:32,941 0.725980 (0.006346) with: {'batch_size': 64, 'lr': 0.01, 'max_epochs': 32, 'module__n_features': 13, 'module__n_neurons': 16, 'module__nonlin': Tanh()}
2024-05-31 23:28:32,941 0.722422 (0.007261) with: {'batch_size': 64, 'lr': 0.01, 'max_epochs': 32, 'module__n_features': 13, 'module__n_neurons': 16, 'module__nonlin': ReLU()}
2024-05-31 23:28:32,941 0.725268 (0.005437) with: {'batch_size': 64, 'lr': 0.01, 'max_epochs': 32, 'module__n_features': 13, 'module__n_neurons': 32, 'module__nonlin': Tanh()}
2024-05-31 23:28:32,942 0.724403 (0.008103) with: {'batch_size': 64, 'lr': 0.01, 'max_epochs': 32, 'module__n_features': 13, 'module__n_neurons': 32, 'module__nonlin': ReLU()}
2024-05-31 23:28:32,942 0.726065 (0.005466) with: {'batch_size': 64, 'lr': 0.01, 'max_epochs': 32, 'module__n_features': 13, 'module__n_neurons': 64, 'module__nonlin': Tanh()}
2024-05-31 23:28:32,942 0.722654 (0.008704) with: {'batch_size': 64, 'lr': 0.01, 'max_epochs': 32, 'module__n_features': 13, 'module__n_neurons': 64, 'module__nonlin': ReLU()}
2024-05-31 23:28:32,942 0.724329 (0.005145) with: {'batch_size': 64, 'lr': 0.01, 'max_epochs': 32, 'module__n_features': 13, 'module__n_neurons': 128, 'module__nonlin': Tanh()}
2024-05-31 23:28:32,942 0.721496 (0.010661) with: {'batch_size': 64, 'lr': 0.01, 'max_epochs': 32, 'module__n_features': 13, 'module__n_neurons': 128, 'module__nonlin': ReLU()}
2024-05-31 23:28:32,942 0.719707 (0.007639) with: {'batch_size': 64, 'lr': 0.01, 'max_epochs': 32, 'module__n_features': 13, 'module__n_neurons': 256, 'module__nonlin': Tanh()}
2024-05-31 23:28:32,942 0.718447 (0.010870) with: {'batch_size': 64, 'lr': 0.01, 'max_epochs': 32, 'module__n_features': 13, 'module__n_neurons': 256, 'module__nonlin': ReLU()}
2024-05-31 23:28:32,942 0.727910 (0.006632) with: {'batch_size': 64, 'lr': 0.01, 'max_epochs': 64, 'module__n_features': 13, 'module__n_neurons': 16, 'module__nonlin': Tanh()}
2024-05-31 23:28:32,942 0.725189 (0.008983) with: {'batch_size': 64, 'lr': 0.01, 'max_epochs': 64, 'module__n_features': 13, 'module__n_neurons': 16, 'module__nonlin': ReLU()}
2024-05-31 23:28:32,942 0.725045 (0.008999) with: {'batch_size': 64, 'lr': 0.01, 'max_epochs': 64, 'module__n_features': 13, 'module__n_neurons': 32, 'module__nonlin': Tanh()}
2024-05-31 23:28:32,942 0.722823 (0.009682) with: {'batch_size': 64, 'lr': 0.01, 'max_epochs': 64, 'module__n_features': 13, 'module__n_neurons': 32, 'module__nonlin': ReLU()}
2024-05-31 23:28:32,942 0.723579 (0.008542) with: {'batch_size': 64, 'lr': 0.01, 'max_epochs': 64, 'module__n_features': 13, 'module__n_neurons': 64, 'module__nonlin': Tanh()}
2024-05-31 23:28:32,942 0.718253 (0.010844) with: {'batch_size': 64, 'lr': 0.01, 'max_epochs': 64, 'module__n_features': 13, 'module__n_neurons': 64, 'module__nonlin': ReLU()}
2024-05-31 23:28:32,942 0.719033 (0.008304) with: {'batch_size': 64, 'lr': 0.01, 'max_epochs': 64, 'module__n_features': 13, 'module__n_neurons': 128, 'module__nonlin': Tanh()}
2024-05-31 23:28:32,942 0.710260 (0.010501) with: {'batch_size': 64, 'lr': 0.01, 'max_epochs': 64, 'module__n_features': 13, 'module__n_neurons': 128, 'module__nonlin': ReLU()}
2024-05-31 23:28:32,942 0.717423 (0.008730) with: {'batch_size': 64, 'lr': 0.01, 'max_epochs': 64, 'module__n_features': 13, 'module__n_neurons': 256, 'module__nonlin': Tanh()}
2024-05-31 23:28:32,942 0.706152 (0.012157) with: {'batch_size': 64, 'lr': 0.01, 'max_epochs': 64, 'module__n_features': 13, 'module__n_neurons': 256, 'module__nonlin': ReLU()}
2024-05-31 23:28:32,942 0.723725 (0.011238) with: {'batch_size': 64, 'lr': 0.01, 'max_epochs': 128, 'module__n_features': 13, 'module__n_neurons': 16, 'module__nonlin': Tanh()}
2024-05-31 23:28:32,942 0.721510 (0.013079) with: {'batch_size': 64, 'lr': 0.01, 'max_epochs': 128, 'module__n_features': 13, 'module__n_neurons': 16, 'module__nonlin': ReLU()}
2024-05-31 23:28:32,942 0.718813 (0.011169) with: {'batch_size': 64, 'lr': 0.01, 'max_epochs': 128, 'module__n_features': 13, 'module__n_neurons': 32, 'module__nonlin': Tanh()}
2024-05-31 23:28:32,942 0.718215 (0.012272) with: {'batch_size': 64, 'lr': 0.01, 'max_epochs': 128, 'module__n_features': 13, 'module__n_neurons': 32, 'module__nonlin': ReLU()}
2024-05-31 23:28:32,942 0.713341 (0.013538) with: {'batch_size': 64, 'lr': 0.01, 'max_epochs': 128, 'module__n_features': 13, 'module__n_neurons': 64, 'module__nonlin': Tanh()}
2024-05-31 23:28:32,942 0.705181 (0.009153) with: {'batch_size': 64, 'lr': 0.01, 'max_epochs': 128, 'module__n_features': 13, 'module__n_neurons': 64, 'module__nonlin': ReLU()}
2024-05-31 23:28:32,942 0.708106 (0.016888) with: {'batch_size': 64, 'lr': 0.01, 'max_epochs': 128, 'module__n_features': 13, 'module__n_neurons': 128, 'module__nonlin': Tanh()}
2024-05-31 23:28:32,942 0.687354 (0.021875) with: {'batch_size': 64, 'lr': 0.01, 'max_epochs': 128, 'module__n_features': 13, 'module__n_neurons': 128, 'module__nonlin': ReLU()}
2024-05-31 23:28:32,942 0.698753 (0.012173) with: {'batch_size': 64, 'lr': 0.01, 'max_epochs': 128, 'module__n_features': 13, 'module__n_neurons': 256, 'module__nonlin': Tanh()}
2024-05-31 23:28:32,942 0.684349 (0.015916) with: {'batch_size': 64, 'lr': 0.01, 'max_epochs': 128, 'module__n_features': 13, 'module__n_neurons': 256, 'module__nonlin': ReLU()}
2024-05-31 23:28:32,942 0.724816 (0.006201) with: {'batch_size': 64, 'lr': 0.02, 'max_epochs': 16, 'module__n_features': 13, 'module__n_neurons': 16, 'module__nonlin': Tanh()}
2024-05-31 23:28:32,942 0.724215 (0.006768) with: {'batch_size': 64, 'lr': 0.02, 'max_epochs': 16, 'module__n_features': 13, 'module__n_neurons': 16, 'module__nonlin': ReLU()}
2024-05-31 23:28:32,942 0.725251 (0.006209) with: {'batch_size': 64, 'lr': 0.02, 'max_epochs': 16, 'module__n_features': 13, 'module__n_neurons': 32, 'module__nonlin': Tanh()}
2024-05-31 23:28:32,942 0.722590 (0.007781) with: {'batch_size': 64, 'lr': 0.02, 'max_epochs': 16, 'module__n_features': 13, 'module__n_neurons': 32, 'module__nonlin': ReLU()}
2024-05-31 23:28:32,942 0.724634 (0.005228) with: {'batch_size': 64, 'lr': 0.02, 'max_epochs': 16, 'module__n_features': 13, 'module__n_neurons': 64, 'module__nonlin': Tanh()}
2024-05-31 23:28:32,942 0.722583 (0.009949) with: {'batch_size': 64, 'lr': 0.02, 'max_epochs': 16, 'module__n_features': 13, 'module__n_neurons': 64, 'module__nonlin': ReLU()}
2024-05-31 23:28:32,942 0.722703 (0.005691) with: {'batch_size': 64, 'lr': 0.02, 'max_epochs': 16, 'module__n_features': 13, 'module__n_neurons': 128, 'module__nonlin': Tanh()}
2024-05-31 23:28:32,942 0.720829 (0.008139) with: {'batch_size': 64, 'lr': 0.02, 'max_epochs': 16, 'module__n_features': 13, 'module__n_neurons': 128, 'module__nonlin': ReLU()}
2024-05-31 23:28:32,942 0.717460 (0.005285) with: {'batch_size': 64, 'lr': 0.02, 'max_epochs': 16, 'module__n_features': 13, 'module__n_neurons': 256, 'module__nonlin': Tanh()}
2024-05-31 23:28:32,942 0.720809 (0.009684) with: {'batch_size': 64, 'lr': 0.02, 'max_epochs': 16, 'module__n_features': 13, 'module__n_neurons': 256, 'module__nonlin': ReLU()}
2024-05-31 23:28:32,942 0.726372 (0.005956) with: {'batch_size': 64, 'lr': 0.02, 'max_epochs': 32, 'module__n_features': 13, 'module__n_neurons': 16, 'module__nonlin': Tanh()}
2024-05-31 23:28:32,942 0.724041 (0.008015) with: {'batch_size': 64, 'lr': 0.02, 'max_epochs': 32, 'module__n_features': 13, 'module__n_neurons': 16, 'module__nonlin': ReLU()}
2024-05-31 23:28:32,942 0.725531 (0.004694) with: {'batch_size': 64, 'lr': 0.02, 'max_epochs': 32, 'module__n_features': 13, 'module__n_neurons': 32, 'module__nonlin': Tanh()}
2024-05-31 23:28:32,942 0.722169 (0.009039) with: {'batch_size': 64, 'lr': 0.02, 'max_epochs': 32, 'module__n_features': 13, 'module__n_neurons': 32, 'module__nonlin': ReLU()}
2024-05-31 23:28:32,942 0.723825 (0.003501) with: {'batch_size': 64, 'lr': 0.02, 'max_epochs': 32, 'module__n_features': 13, 'module__n_neurons': 64, 'module__nonlin': Tanh()}
2024-05-31 23:28:32,942 0.721766 (0.011375) with: {'batch_size': 64, 'lr': 0.02, 'max_epochs': 32, 'module__n_features': 13, 'module__n_neurons': 64, 'module__nonlin': ReLU()}
2024-05-31 23:28:32,943 0.720373 (0.005021) with: {'batch_size': 64, 'lr': 0.02, 'max_epochs': 32, 'module__n_features': 13, 'module__n_neurons': 128, 'module__nonlin': Tanh()}
2024-05-31 23:28:32,943 0.718161 (0.012256) with: {'batch_size': 64, 'lr': 0.02, 'max_epochs': 32, 'module__n_features': 13, 'module__n_neurons': 128, 'module__nonlin': ReLU()}
2024-05-31 23:28:32,943 0.717558 (0.008698) with: {'batch_size': 64, 'lr': 0.02, 'max_epochs': 32, 'module__n_features': 13, 'module__n_neurons': 256, 'module__nonlin': Tanh()}
2024-05-31 23:28:32,943 0.717074 (0.011687) with: {'batch_size': 64, 'lr': 0.02, 'max_epochs': 32, 'module__n_features': 13, 'module__n_neurons': 256, 'module__nonlin': ReLU()}
2024-05-31 23:28:32,943 0.723261 (0.007704) with: {'batch_size': 64, 'lr': 0.02, 'max_epochs': 64, 'module__n_features': 13, 'module__n_neurons': 16, 'module__nonlin': Tanh()}
2024-05-31 23:28:32,943 0.726818 (0.008151) with: {'batch_size': 64, 'lr': 0.02, 'max_epochs': 64, 'module__n_features': 13, 'module__n_neurons': 16, 'module__nonlin': ReLU()}
2024-05-31 23:28:32,943 0.720414 (0.009180) with: {'batch_size': 64, 'lr': 0.02, 'max_epochs': 64, 'module__n_features': 13, 'module__n_neurons': 32, 'module__nonlin': Tanh()}
2024-05-31 23:28:32,943 0.718388 (0.012538) with: {'batch_size': 64, 'lr': 0.02, 'max_epochs': 64, 'module__n_features': 13, 'module__n_neurons': 32, 'module__nonlin': ReLU()}
2024-05-31 23:28:32,943 0.715261 (0.009811) with: {'batch_size': 64, 'lr': 0.02, 'max_epochs': 64, 'module__n_features': 13, 'module__n_neurons': 64, 'module__nonlin': Tanh()}
2024-05-31 23:28:32,943 0.712658 (0.013232) with: {'batch_size': 64, 'lr': 0.02, 'max_epochs': 64, 'module__n_features': 13, 'module__n_neurons': 64, 'module__nonlin': ReLU()}
2024-05-31 23:28:32,943 0.715104 (0.009221) with: {'batch_size': 64, 'lr': 0.02, 'max_epochs': 64, 'module__n_features': 13, 'module__n_neurons': 128, 'module__nonlin': Tanh()}
2024-05-31 23:28:32,943 0.702349 (0.014912) with: {'batch_size': 64, 'lr': 0.02, 'max_epochs': 64, 'module__n_features': 13, 'module__n_neurons': 128, 'module__nonlin': ReLU()}
2024-05-31 23:28:32,943 0.712633 (0.006787) with: {'batch_size': 64, 'lr': 0.02, 'max_epochs': 64, 'module__n_features': 13, 'module__n_neurons': 256, 'module__nonlin': Tanh()}
2024-05-31 23:28:32,943 0.705304 (0.012021) with: {'batch_size': 64, 'lr': 0.02, 'max_epochs': 64, 'module__n_features': 13, 'module__n_neurons': 256, 'module__nonlin': ReLU()}
2024-05-31 23:28:32,943 0.712440 (0.011369) with: {'batch_size': 64, 'lr': 0.02, 'max_epochs': 128, 'module__n_features': 13, 'module__n_neurons': 16, 'module__nonlin': Tanh()}
2024-05-31 23:28:32,943 0.717060 (0.011187) with: {'batch_size': 64, 'lr': 0.02, 'max_epochs': 128, 'module__n_features': 13, 'module__n_neurons': 16, 'module__nonlin': ReLU()}
2024-05-31 23:28:32,943 0.709191 (0.012950) with: {'batch_size': 64, 'lr': 0.02, 'max_epochs': 128, 'module__n_features': 13, 'module__n_neurons': 32, 'module__nonlin': Tanh()}
2024-05-31 23:28:32,943 0.700257 (0.012908) with: {'batch_size': 64, 'lr': 0.02, 'max_epochs': 128, 'module__n_features': 13, 'module__n_neurons': 32, 'module__nonlin': ReLU()}
2024-05-31 23:28:32,943 0.695532 (0.020943) with: {'batch_size': 64, 'lr': 0.02, 'max_epochs': 128, 'module__n_features': 13, 'module__n_neurons': 64, 'module__nonlin': Tanh()}
2024-05-31 23:28:32,943 0.697621 (0.008148) with: {'batch_size': 64, 'lr': 0.02, 'max_epochs': 128, 'module__n_features': 13, 'module__n_neurons': 64, 'module__nonlin': ReLU()}
2024-05-31 23:28:32,943 0.703788 (0.011245) with: {'batch_size': 64, 'lr': 0.02, 'max_epochs': 128, 'module__n_features': 13, 'module__n_neurons': 128, 'module__nonlin': Tanh()}
2024-05-31 23:28:32,943 0.685732 (0.024102) with: {'batch_size': 64, 'lr': 0.02, 'max_epochs': 128, 'module__n_features': 13, 'module__n_neurons': 128, 'module__nonlin': ReLU()}
2024-05-31 23:28:32,943 0.695462 (0.013369) with: {'batch_size': 64, 'lr': 0.02, 'max_epochs': 128, 'module__n_features': 13, 'module__n_neurons': 256, 'module__nonlin': Tanh()}
2024-05-31 23:28:32,943 0.679759 (0.019440) with: {'batch_size': 64, 'lr': 0.02, 'max_epochs': 128, 'module__n_features': 13, 'module__n_neurons': 256, 'module__nonlin': ReLU()}
2024-05-31 23:28:32,943 0.666056 (0.019489) with: {'batch_size': 128, 'lr': 0.001, 'max_epochs': 16, 'module__n_features': 13, 'module__n_neurons': 16, 'module__nonlin': Tanh()}
2024-05-31 23:28:32,943 0.657593 (0.015407) with: {'batch_size': 128, 'lr': 0.001, 'max_epochs': 16, 'module__n_features': 13, 'module__n_neurons': 16, 'module__nonlin': ReLU()}
2024-05-31 23:28:32,943 0.681105 (0.015877) with: {'batch_size': 128, 'lr': 0.001, 'max_epochs': 16, 'module__n_features': 13, 'module__n_neurons': 32, 'module__nonlin': Tanh()}
2024-05-31 23:28:32,943 0.661253 (0.018557) with: {'batch_size': 128, 'lr': 0.001, 'max_epochs': 16, 'module__n_features': 13, 'module__n_neurons': 32, 'module__nonlin': ReLU()}
2024-05-31 23:28:32,943 0.708838 (0.011704) with: {'batch_size': 128, 'lr': 0.001, 'max_epochs': 16, 'module__n_features': 13, 'module__n_neurons': 64, 'module__nonlin': Tanh()}
2024-05-31 23:28:32,943 0.691376 (0.014577) with: {'batch_size': 128, 'lr': 0.001, 'max_epochs': 16, 'module__n_features': 13, 'module__n_neurons': 64, 'module__nonlin': ReLU()}
2024-05-31 23:28:32,943 0.721467 (0.007778) with: {'batch_size': 128, 'lr': 0.001, 'max_epochs': 16, 'module__n_features': 13, 'module__n_neurons': 128, 'module__nonlin': Tanh()}
2024-05-31 23:28:32,943 0.711498 (0.007792) with: {'batch_size': 128, 'lr': 0.001, 'max_epochs': 16, 'module__n_features': 13, 'module__n_neurons': 128, 'module__nonlin': ReLU()}
2024-05-31 23:28:32,943 0.724128 (0.006481) with: {'batch_size': 128, 'lr': 0.001, 'max_epochs': 16, 'module__n_features': 13, 'module__n_neurons': 256, 'module__nonlin': Tanh()}
2024-05-31 23:28:32,943 0.719211 (0.007591) with: {'batch_size': 128, 'lr': 0.001, 'max_epochs': 16, 'module__n_features': 13, 'module__n_neurons': 256, 'module__nonlin': ReLU()}
2024-05-31 23:28:32,943 0.698471 (0.013571) with: {'batch_size': 128, 'lr': 0.001, 'max_epochs': 32, 'module__n_features': 13, 'module__n_neurons': 16, 'module__nonlin': Tanh()}
2024-05-31 23:28:32,943 0.678110 (0.017531) with: {'batch_size': 128, 'lr': 0.001, 'max_epochs': 32, 'module__n_features': 13, 'module__n_neurons': 16, 'module__nonlin': ReLU()}
2024-05-31 23:28:32,943 0.716078 (0.009913) with: {'batch_size': 128, 'lr': 0.001, 'max_epochs': 32, 'module__n_features': 13, 'module__n_neurons': 32, 'module__nonlin': Tanh()}
2024-05-31 23:28:32,943 0.704652 (0.010491) with: {'batch_size': 128, 'lr': 0.001, 'max_epochs': 32, 'module__n_features': 13, 'module__n_neurons': 32, 'module__nonlin': ReLU()}
2024-05-31 23:28:32,943 0.723348 (0.007234) with: {'batch_size': 128, 'lr': 0.001, 'max_epochs': 32, 'module__n_features': 13, 'module__n_neurons': 64, 'module__nonlin': Tanh()}
2024-05-31 23:28:32,943 0.716520 (0.006675) with: {'batch_size': 128, 'lr': 0.001, 'max_epochs': 32, 'module__n_features': 13, 'module__n_neurons': 64, 'module__nonlin': ReLU()}
2024-05-31 23:28:32,943 0.724066 (0.006643) with: {'batch_size': 128, 'lr': 0.001, 'max_epochs': 32, 'module__n_features': 13, 'module__n_neurons': 128, 'module__nonlin': Tanh()}
2024-05-31 23:28:32,943 0.720953 (0.007957) with: {'batch_size': 128, 'lr': 0.001, 'max_epochs': 32, 'module__n_features': 13, 'module__n_neurons': 128, 'module__nonlin': ReLU()}
2024-05-31 23:28:32,943 0.723809 (0.005515) with: {'batch_size': 128, 'lr': 0.001, 'max_epochs': 32, 'module__n_features': 13, 'module__n_neurons': 256, 'module__nonlin': Tanh()}
2024-05-31 23:28:32,943 0.720776 (0.008163) with: {'batch_size': 128, 'lr': 0.001, 'max_epochs': 32, 'module__n_features': 13, 'module__n_neurons': 256, 'module__nonlin': ReLU()}
2024-05-31 23:28:32,944 0.721769 (0.007841) with: {'batch_size': 128, 'lr': 0.001, 'max_epochs': 64, 'module__n_features': 13, 'module__n_neurons': 16, 'module__nonlin': Tanh()}
2024-05-31 23:28:32,944 0.714000 (0.010801) with: {'batch_size': 128, 'lr': 0.001, 'max_epochs': 64, 'module__n_features': 13, 'module__n_neurons': 16, 'module__nonlin': ReLU()}
2024-05-31 23:28:32,944 0.723598 (0.006965) with: {'batch_size': 128, 'lr': 0.001, 'max_epochs': 64, 'module__n_features': 13, 'module__n_neurons': 32, 'module__nonlin': Tanh()}
2024-05-31 23:28:32,944 0.720586 (0.006204) with: {'batch_size': 128, 'lr': 0.001, 'max_epochs': 64, 'module__n_features': 13, 'module__n_neurons': 32, 'module__nonlin': ReLU()}
2024-05-31 23:28:32,944 0.724779 (0.006066) with: {'batch_size': 128, 'lr': 0.001, 'max_epochs': 64, 'module__n_features': 13, 'module__n_neurons': 64, 'module__nonlin': Tanh()}
2024-05-31 23:28:32,944 0.721664 (0.006440) with: {'batch_size': 128, 'lr': 0.001, 'max_epochs': 64, 'module__n_features': 13, 'module__n_neurons': 64, 'module__nonlin': ReLU()}
2024-05-31 23:28:32,944 0.724288 (0.006112) with: {'batch_size': 128, 'lr': 0.001, 'max_epochs': 64, 'module__n_features': 13, 'module__n_neurons': 128, 'module__nonlin': Tanh()}
2024-05-31 23:28:32,944 0.720760 (0.008610) with: {'batch_size': 128, 'lr': 0.001, 'max_epochs': 64, 'module__n_features': 13, 'module__n_neurons': 128, 'module__nonlin': ReLU()}
2024-05-31 23:28:32,944 0.723391 (0.005855) with: {'batch_size': 128, 'lr': 0.001, 'max_epochs': 64, 'module__n_features': 13, 'module__n_neurons': 256, 'module__nonlin': Tanh()}
2024-05-31 23:28:32,944 0.719328 (0.010058) with: {'batch_size': 128, 'lr': 0.001, 'max_epochs': 64, 'module__n_features': 13, 'module__n_neurons': 256, 'module__nonlin': ReLU()}
2024-05-31 23:28:32,944 0.723899 (0.006458) with: {'batch_size': 128, 'lr': 0.001, 'max_epochs': 128, 'module__n_features': 13, 'module__n_neurons': 16, 'module__nonlin': Tanh()}
2024-05-31 23:28:32,944 0.723471 (0.005414) with: {'batch_size': 128, 'lr': 0.001, 'max_epochs': 128, 'module__n_features': 13, 'module__n_neurons': 16, 'module__nonlin': ReLU()}
2024-05-31 23:28:32,944 0.724877 (0.005892) with: {'batch_size': 128, 'lr': 0.001, 'max_epochs': 128, 'module__n_features': 13, 'module__n_neurons': 32, 'module__nonlin': Tanh()}
2024-05-31 23:28:32,944 0.721397 (0.007517) with: {'batch_size': 128, 'lr': 0.001, 'max_epochs': 128, 'module__n_features': 13, 'module__n_neurons': 32, 'module__nonlin': ReLU()}
2024-05-31 23:28:32,944 0.724674 (0.005417) with: {'batch_size': 128, 'lr': 0.001, 'max_epochs': 128, 'module__n_features': 13, 'module__n_neurons': 64, 'module__nonlin': Tanh()}
2024-05-31 23:28:32,944 0.720864 (0.010056) with: {'batch_size': 128, 'lr': 0.001, 'max_epochs': 128, 'module__n_features': 13, 'module__n_neurons': 64, 'module__nonlin': ReLU()}
2024-05-31 23:28:32,944 0.723529 (0.005776) with: {'batch_size': 128, 'lr': 0.001, 'max_epochs': 128, 'module__n_features': 13, 'module__n_neurons': 128, 'module__nonlin': Tanh()}
2024-05-31 23:28:32,944 0.720311 (0.010351) with: {'batch_size': 128, 'lr': 0.001, 'max_epochs': 128, 'module__n_features': 13, 'module__n_neurons': 128, 'module__nonlin': ReLU()}
2024-05-31 23:28:32,944 0.721837 (0.006481) with: {'batch_size': 128, 'lr': 0.001, 'max_epochs': 128, 'module__n_features': 13, 'module__n_neurons': 256, 'module__nonlin': Tanh()}
2024-05-31 23:28:32,944 0.718390 (0.011783) with: {'batch_size': 128, 'lr': 0.001, 'max_epochs': 128, 'module__n_features': 13, 'module__n_neurons': 256, 'module__nonlin': ReLU()}
2024-05-31 23:28:32,944 0.724655 (0.006293) with: {'batch_size': 128, 'lr': 0.01, 'max_epochs': 16, 'module__n_features': 13, 'module__n_neurons': 16, 'module__nonlin': Tanh()}
2024-05-31 23:28:32,944 0.723951 (0.005617) with: {'batch_size': 128, 'lr': 0.01, 'max_epochs': 16, 'module__n_features': 13, 'module__n_neurons': 16, 'module__nonlin': ReLU()}
2024-05-31 23:28:32,944 0.724168 (0.006369) with: {'batch_size': 128, 'lr': 0.01, 'max_epochs': 16, 'module__n_features': 13, 'module__n_neurons': 32, 'module__nonlin': Tanh()}
2024-05-31 23:28:32,944 0.722530 (0.007725) with: {'batch_size': 128, 'lr': 0.01, 'max_epochs': 16, 'module__n_features': 13, 'module__n_neurons': 32, 'module__nonlin': ReLU()}
2024-05-31 23:28:32,944 0.724221 (0.005989) with: {'batch_size': 128, 'lr': 0.01, 'max_epochs': 16, 'module__n_features': 13, 'module__n_neurons': 64, 'module__nonlin': Tanh()}
2024-05-31 23:28:32,944 0.722390 (0.007981) with: {'batch_size': 128, 'lr': 0.01, 'max_epochs': 16, 'module__n_features': 13, 'module__n_neurons': 64, 'module__nonlin': ReLU()}
2024-05-31 23:28:32,944 0.724366 (0.005851) with: {'batch_size': 128, 'lr': 0.01, 'max_epochs': 16, 'module__n_features': 13, 'module__n_neurons': 128, 'module__nonlin': Tanh()}
2024-05-31 23:28:32,944 0.720577 (0.008382) with: {'batch_size': 128, 'lr': 0.01, 'max_epochs': 16, 'module__n_features': 13, 'module__n_neurons': 128, 'module__nonlin': ReLU()}
2024-05-31 23:28:32,944 0.721896 (0.004436) with: {'batch_size': 128, 'lr': 0.01, 'max_epochs': 16, 'module__n_features': 13, 'module__n_neurons': 256, 'module__nonlin': Tanh()}
2024-05-31 23:28:32,944 0.720446 (0.008495) with: {'batch_size': 128, 'lr': 0.01, 'max_epochs': 16, 'module__n_features': 13, 'module__n_neurons': 256, 'module__nonlin': ReLU()}
2024-05-31 23:28:32,944 0.724672 (0.005545) with: {'batch_size': 128, 'lr': 0.01, 'max_epochs': 32, 'module__n_features': 13, 'module__n_neurons': 16, 'module__nonlin': Tanh()}
2024-05-31 23:28:32,944 0.725814 (0.006548) with: {'batch_size': 128, 'lr': 0.01, 'max_epochs': 32, 'module__n_features': 13, 'module__n_neurons': 16, 'module__nonlin': ReLU()}
2024-05-31 23:28:32,944 0.724944 (0.006167) with: {'batch_size': 128, 'lr': 0.01, 'max_epochs': 32, 'module__n_features': 13, 'module__n_neurons': 32, 'module__nonlin': Tanh()}
2024-05-31 23:28:32,944 0.722291 (0.007514) with: {'batch_size': 128, 'lr': 0.01, 'max_epochs': 32, 'module__n_features': 13, 'module__n_neurons': 32, 'module__nonlin': ReLU()}
2024-05-31 23:28:32,944 0.725828 (0.005586) with: {'batch_size': 128, 'lr': 0.01, 'max_epochs': 32, 'module__n_features': 13, 'module__n_neurons': 64, 'module__nonlin': Tanh()}
2024-05-31 23:28:32,944 0.722569 (0.008286) with: {'batch_size': 128, 'lr': 0.01, 'max_epochs': 32, 'module__n_features': 13, 'module__n_neurons': 64, 'module__nonlin': ReLU()}
2024-05-31 23:28:32,944 0.724886 (0.006468) with: {'batch_size': 128, 'lr': 0.01, 'max_epochs': 32, 'module__n_features': 13, 'module__n_neurons': 128, 'module__nonlin': Tanh()}
2024-05-31 23:28:32,944 0.720923 (0.009479) with: {'batch_size': 128, 'lr': 0.01, 'max_epochs': 32, 'module__n_features': 13, 'module__n_neurons': 128, 'module__nonlin': ReLU()}
2024-05-31 23:28:32,944 0.721133 (0.007662) with: {'batch_size': 128, 'lr': 0.01, 'max_epochs': 32, 'module__n_features': 13, 'module__n_neurons': 256, 'module__nonlin': Tanh()}
2024-05-31 23:28:32,944 0.719563 (0.010427) with: {'batch_size': 128, 'lr': 0.01, 'max_epochs': 32, 'module__n_features': 13, 'module__n_neurons': 256, 'module__nonlin': ReLU()}
2024-05-31 23:28:32,944 0.724602 (0.007198) with: {'batch_size': 128, 'lr': 0.01, 'max_epochs': 64, 'module__n_features': 13, 'module__n_neurons': 16, 'module__nonlin': Tanh()}
2024-05-31 23:28:32,944 0.723793 (0.007397) with: {'batch_size': 128, 'lr': 0.01, 'max_epochs': 64, 'module__n_features': 13, 'module__n_neurons': 16, 'module__nonlin': ReLU()}
2024-05-31 23:28:32,944 0.726275 (0.007242) with: {'batch_size': 128, 'lr': 0.01, 'max_epochs': 64, 'module__n_features': 13, 'module__n_neurons': 32, 'module__nonlin': Tanh()}
2024-05-31 23:28:32,944 0.721057 (0.009896) with: {'batch_size': 128, 'lr': 0.01, 'max_epochs': 64, 'module__n_features': 13, 'module__n_neurons': 32, 'module__nonlin': ReLU()}
2024-05-31 23:28:32,944 0.724352 (0.009445) with: {'batch_size': 128, 'lr': 0.01, 'max_epochs': 64, 'module__n_features': 13, 'module__n_neurons': 64, 'module__nonlin': Tanh()}
2024-05-31 23:28:32,945 0.718304 (0.010846) with: {'batch_size': 128, 'lr': 0.01, 'max_epochs': 64, 'module__n_features': 13, 'module__n_neurons': 64, 'module__nonlin': ReLU()}
2024-05-31 23:28:32,945 0.722158 (0.009499) with: {'batch_size': 128, 'lr': 0.01, 'max_epochs': 64, 'module__n_features': 13, 'module__n_neurons': 128, 'module__nonlin': Tanh()}
2024-05-31 23:28:32,945 0.715011 (0.010455) with: {'batch_size': 128, 'lr': 0.01, 'max_epochs': 64, 'module__n_features': 13, 'module__n_neurons': 128, 'module__nonlin': ReLU()}
2024-05-31 23:28:32,945 0.715442 (0.010503) with: {'batch_size': 128, 'lr': 0.01, 'max_epochs': 64, 'module__n_features': 13, 'module__n_neurons': 256, 'module__nonlin': Tanh()}
2024-05-31 23:28:32,945 0.710780 (0.010532) with: {'batch_size': 128, 'lr': 0.01, 'max_epochs': 64, 'module__n_features': 13, 'module__n_neurons': 256, 'module__nonlin': ReLU()}
2024-05-31 23:28:32,945 0.724834 (0.008930) with: {'batch_size': 128, 'lr': 0.01, 'max_epochs': 128, 'module__n_features': 13, 'module__n_neurons': 16, 'module__nonlin': Tanh()}
2024-05-31 23:28:32,945 0.721845 (0.008994) with: {'batch_size': 128, 'lr': 0.01, 'max_epochs': 128, 'module__n_features': 13, 'module__n_neurons': 16, 'module__nonlin': ReLU()}
2024-05-31 23:28:32,945 0.721175 (0.012600) with: {'batch_size': 128, 'lr': 0.01, 'max_epochs': 128, 'module__n_features': 13, 'module__n_neurons': 32, 'module__nonlin': Tanh()}
2024-05-31 23:28:32,945 0.716175 (0.010883) with: {'batch_size': 128, 'lr': 0.01, 'max_epochs': 128, 'module__n_features': 13, 'module__n_neurons': 32, 'module__nonlin': ReLU()}
2024-05-31 23:28:32,945 0.713997 (0.013308) with: {'batch_size': 128, 'lr': 0.01, 'max_epochs': 128, 'module__n_features': 13, 'module__n_neurons': 64, 'module__nonlin': Tanh()}
2024-05-31 23:28:32,945 0.712422 (0.013784) with: {'batch_size': 128, 'lr': 0.01, 'max_epochs': 128, 'module__n_features': 13, 'module__n_neurons': 64, 'module__nonlin': ReLU()}
2024-05-31 23:28:32,945 0.708999 (0.014013) with: {'batch_size': 128, 'lr': 0.01, 'max_epochs': 128, 'module__n_features': 13, 'module__n_neurons': 128, 'module__nonlin': Tanh()}
2024-05-31 23:28:32,945 0.697957 (0.010806) with: {'batch_size': 128, 'lr': 0.01, 'max_epochs': 128, 'module__n_features': 13, 'module__n_neurons': 128, 'module__nonlin': ReLU()}
2024-05-31 23:28:32,945 0.697207 (0.008525) with: {'batch_size': 128, 'lr': 0.01, 'max_epochs': 128, 'module__n_features': 13, 'module__n_neurons': 256, 'module__nonlin': Tanh()}
2024-05-31 23:28:32,945 0.685841 (0.017203) with: {'batch_size': 128, 'lr': 0.01, 'max_epochs': 128, 'module__n_features': 13, 'module__n_neurons': 256, 'module__nonlin': ReLU()}
2024-05-31 23:28:32,945 0.724950 (0.006439) with: {'batch_size': 128, 'lr': 0.02, 'max_epochs': 16, 'module__n_features': 13, 'module__n_neurons': 16, 'module__nonlin': Tanh()}
2024-05-31 23:28:32,945 0.722849 (0.005167) with: {'batch_size': 128, 'lr': 0.02, 'max_epochs': 16, 'module__n_features': 13, 'module__n_neurons': 16, 'module__nonlin': ReLU()}
2024-05-31 23:28:32,945 0.725231 (0.006161) with: {'batch_size': 128, 'lr': 0.02, 'max_epochs': 16, 'module__n_features': 13, 'module__n_neurons': 32, 'module__nonlin': Tanh()}
2024-05-31 23:28:32,945 0.722854 (0.006323) with: {'batch_size': 128, 'lr': 0.02, 'max_epochs': 16, 'module__n_features': 13, 'module__n_neurons': 32, 'module__nonlin': ReLU()}
2024-05-31 23:28:32,945 0.724391 (0.005087) with: {'batch_size': 128, 'lr': 0.02, 'max_epochs': 16, 'module__n_features': 13, 'module__n_neurons': 64, 'module__nonlin': Tanh()}
2024-05-31 23:28:32,945 0.722704 (0.007390) with: {'batch_size': 128, 'lr': 0.02, 'max_epochs': 16, 'module__n_features': 13, 'module__n_neurons': 64, 'module__nonlin': ReLU()}
2024-05-31 23:28:32,945 0.722610 (0.005224) with: {'batch_size': 128, 'lr': 0.02, 'max_epochs': 16, 'module__n_features': 13, 'module__n_neurons': 128, 'module__nonlin': Tanh()}
2024-05-31 23:28:32,945 0.720526 (0.008365) with: {'batch_size': 128, 'lr': 0.02, 'max_epochs': 16, 'module__n_features': 13, 'module__n_neurons': 128, 'module__nonlin': ReLU()}
2024-05-31 23:28:32,945 0.720858 (0.006095) with: {'batch_size': 128, 'lr': 0.02, 'max_epochs': 16, 'module__n_features': 13, 'module__n_neurons': 256, 'module__nonlin': Tanh()}
2024-05-31 23:28:32,945 0.719325 (0.007534) with: {'batch_size': 128, 'lr': 0.02, 'max_epochs': 16, 'module__n_features': 13, 'module__n_neurons': 256, 'module__nonlin': ReLU()}
2024-05-31 23:28:32,945 0.725243 (0.007605) with: {'batch_size': 128, 'lr': 0.02, 'max_epochs': 32, 'module__n_features': 13, 'module__n_neurons': 16, 'module__nonlin': Tanh()}
2024-05-31 23:28:32,945 0.725048 (0.005844) with: {'batch_size': 128, 'lr': 0.02, 'max_epochs': 32, 'module__n_features': 13, 'module__n_neurons': 16, 'module__nonlin': ReLU()}
2024-05-31 23:28:32,945 0.726189 (0.006681) with: {'batch_size': 128, 'lr': 0.02, 'max_epochs': 32, 'module__n_features': 13, 'module__n_neurons': 32, 'module__nonlin': Tanh()}
2024-05-31 23:28:32,945 0.722837 (0.007697) with: {'batch_size': 128, 'lr': 0.02, 'max_epochs': 32, 'module__n_features': 13, 'module__n_neurons': 32, 'module__nonlin': ReLU()}
2024-05-31 23:28:32,945 0.724627 (0.006830) with: {'batch_size': 128, 'lr': 0.02, 'max_epochs': 32, 'module__n_features': 13, 'module__n_neurons': 64, 'module__nonlin': Tanh()}
2024-05-31 23:28:32,945 0.720180 (0.009916) with: {'batch_size': 128, 'lr': 0.02, 'max_epochs': 32, 'module__n_features': 13, 'module__n_neurons': 64, 'module__nonlin': ReLU()}
2024-05-31 23:28:32,945 0.721199 (0.006753) with: {'batch_size': 128, 'lr': 0.02, 'max_epochs': 32, 'module__n_features': 13, 'module__n_neurons': 128, 'module__nonlin': Tanh()}
2024-05-31 23:28:32,945 0.718964 (0.012230) with: {'batch_size': 128, 'lr': 0.02, 'max_epochs': 32, 'module__n_features': 13, 'module__n_neurons': 128, 'module__nonlin': ReLU()}
2024-05-31 23:28:32,945 0.717938 (0.008313) with: {'batch_size': 128, 'lr': 0.02, 'max_epochs': 32, 'module__n_features': 13, 'module__n_neurons': 256, 'module__nonlin': Tanh()}
2024-05-31 23:28:32,945 0.715830 (0.011886) with: {'batch_size': 128, 'lr': 0.02, 'max_epochs': 32, 'module__n_features': 13, 'module__n_neurons': 256, 'module__nonlin': ReLU()}
2024-05-31 23:28:32,945 0.725438 (0.007552) with: {'batch_size': 128, 'lr': 0.02, 'max_epochs': 64, 'module__n_features': 13, 'module__n_neurons': 16, 'module__nonlin': Tanh()}
2024-05-31 23:28:32,945 0.723327 (0.008759) with: {'batch_size': 128, 'lr': 0.02, 'max_epochs': 64, 'module__n_features': 13, 'module__n_neurons': 16, 'module__nonlin': ReLU()}
2024-05-31 23:28:32,945 0.724913 (0.008670) with: {'batch_size': 128, 'lr': 0.02, 'max_epochs': 64, 'module__n_features': 13, 'module__n_neurons': 32, 'module__nonlin': Tanh()}
2024-05-31 23:28:32,945 0.718708 (0.009710) with: {'batch_size': 128, 'lr': 0.02, 'max_epochs': 64, 'module__n_features': 13, 'module__n_neurons': 32, 'module__nonlin': ReLU()}
2024-05-31 23:28:32,945 0.717692 (0.010413) with: {'batch_size': 128, 'lr': 0.02, 'max_epochs': 64, 'module__n_features': 13, 'module__n_neurons': 64, 'module__nonlin': Tanh()}
2024-05-31 23:28:32,945 0.714357 (0.011524) with: {'batch_size': 128, 'lr': 0.02, 'max_epochs': 64, 'module__n_features': 13, 'module__n_neurons': 64, 'module__nonlin': ReLU()}
2024-05-31 23:28:32,945 0.712657 (0.011822) with: {'batch_size': 128, 'lr': 0.02, 'max_epochs': 64, 'module__n_features': 13, 'module__n_neurons': 128, 'module__nonlin': Tanh()}
2024-05-31 23:28:32,945 0.709979 (0.012980) with: {'batch_size': 128, 'lr': 0.02, 'max_epochs': 64, 'module__n_features': 13, 'module__n_neurons': 128, 'module__nonlin': ReLU()}
2024-05-31 23:28:32,945 0.705447 (0.008958) with: {'batch_size': 128, 'lr': 0.02, 'max_epochs': 64, 'module__n_features': 13, 'module__n_neurons': 256, 'module__nonlin': Tanh()}
2024-05-31 23:28:32,945 0.708887 (0.010781) with: {'batch_size': 128, 'lr': 0.02, 'max_epochs': 64, 'module__n_features': 13, 'module__n_neurons': 256, 'module__nonlin': ReLU()}
2024-05-31 23:28:32,945 0.715604 (0.014138) with: {'batch_size': 128, 'lr': 0.02, 'max_epochs': 128, 'module__n_features': 13, 'module__n_neurons': 16, 'module__nonlin': Tanh()}
2024-05-31 23:28:32,945 0.718226 (0.009296) with: {'batch_size': 128, 'lr': 0.02, 'max_epochs': 128, 'module__n_features': 13, 'module__n_neurons': 16, 'module__nonlin': ReLU()}
2024-05-31 23:28:32,945 0.707222 (0.018004) with: {'batch_size': 128, 'lr': 0.02, 'max_epochs': 128, 'module__n_features': 13, 'module__n_neurons': 32, 'module__nonlin': Tanh()}
2024-05-31 23:28:32,945 0.711200 (0.011653) with: {'batch_size': 128, 'lr': 0.02, 'max_epochs': 128, 'module__n_features': 13, 'module__n_neurons': 32, 'module__nonlin': ReLU()}
2024-05-31 23:28:32,945 0.697018 (0.015681) with: {'batch_size': 128, 'lr': 0.02, 'max_epochs': 128, 'module__n_features': 13, 'module__n_neurons': 64, 'module__nonlin': Tanh()}
2024-05-31 23:28:32,946 0.696548 (0.013377) with: {'batch_size': 128, 'lr': 0.02, 'max_epochs': 128, 'module__n_features': 13, 'module__n_neurons': 64, 'module__nonlin': ReLU()}
2024-05-31 23:28:32,946 0.693032 (0.011083) with: {'batch_size': 128, 'lr': 0.02, 'max_epochs': 128, 'module__n_features': 13, 'module__n_neurons': 128, 'module__nonlin': Tanh()}
2024-05-31 23:28:32,946 0.684023 (0.014307) with: {'batch_size': 128, 'lr': 0.02, 'max_epochs': 128, 'module__n_features': 13, 'module__n_neurons': 128, 'module__nonlin': ReLU()}
2024-05-31 23:28:32,946 0.686453 (0.018130) with: {'batch_size': 128, 'lr': 0.02, 'max_epochs': 128, 'module__n_features': 13, 'module__n_neurons': 256, 'module__nonlin': Tanh()}
2024-05-31 23:28:32,946 0.685222 (0.013236) with: {'batch_size': 128, 'lr': 0.02, 'max_epochs': 128, 'module__n_features': 13, 'module__n_neurons': 256, 'module__nonlin': ReLU()}
