2024-06-03 22:58:26,596 Best: 0.728264 using {'batch_size': 16, 'lr': 0.01, 'max_epochs': 32, 'module__n_features': 13, 'module__n_neurons': 16, 'module__nonlin': Tanh()}
2024-06-03 22:58:26,596 Best estimator configuration: 
 <class 'skorch.classifier.NeuralNetClassifier'>[initialized](
  module_=Module3Layers(
    (act): Tanh()
    (dense0): Linear(in_features=13, out_features=16, bias=True)
    (dense1): Linear(in_features=16, out_features=16, bias=True)
    (dense2): Linear(in_features=16, out_features=16, bias=True)
    (output): Linear(in_features=16, out_features=1, bias=True)
    (sigmoid): Sigmoid()
  ),
)
2024-06-03 22:58:26,596 0.717724 (0.010022) with: {'batch_size': 16, 'lr': 0.001, 'max_epochs': 16, 'module__n_features': 13, 'module__n_neurons': 16, 'module__nonlin': Tanh()}
2024-06-03 22:58:26,596 0.707904 (0.008589) with: {'batch_size': 16, 'lr': 0.001, 'max_epochs': 16, 'module__n_features': 13, 'module__n_neurons': 16, 'module__nonlin': ReLU()}
2024-06-03 22:58:26,596 0.722032 (0.008614) with: {'batch_size': 16, 'lr': 0.001, 'max_epochs': 16, 'module__n_features': 13, 'module__n_neurons': 32, 'module__nonlin': Tanh()}
2024-06-03 22:58:26,596 0.716448 (0.010424) with: {'batch_size': 16, 'lr': 0.001, 'max_epochs': 16, 'module__n_features': 13, 'module__n_neurons': 32, 'module__nonlin': ReLU()}
2024-06-03 22:58:26,596 0.723890 (0.005489) with: {'batch_size': 16, 'lr': 0.001, 'max_epochs': 16, 'module__n_features': 13, 'module__n_neurons': 64, 'module__nonlin': Tanh()}
2024-06-03 22:58:26,596 0.722937 (0.007763) with: {'batch_size': 16, 'lr': 0.001, 'max_epochs': 16, 'module__n_features': 13, 'module__n_neurons': 64, 'module__nonlin': ReLU()}
2024-06-03 22:58:26,596 0.722961 (0.005572) with: {'batch_size': 16, 'lr': 0.001, 'max_epochs': 16, 'module__n_features': 13, 'module__n_neurons': 128, 'module__nonlin': Tanh()}
2024-06-03 22:58:26,596 0.721541 (0.010141) with: {'batch_size': 16, 'lr': 0.001, 'max_epochs': 16, 'module__n_features': 13, 'module__n_neurons': 128, 'module__nonlin': ReLU()}
2024-06-03 22:58:26,596 0.723321 (0.006106) with: {'batch_size': 16, 'lr': 0.001, 'max_epochs': 16, 'module__n_features': 13, 'module__n_neurons': 256, 'module__nonlin': Tanh()}
2024-06-03 22:58:26,596 0.722002 (0.009128) with: {'batch_size': 16, 'lr': 0.001, 'max_epochs': 16, 'module__n_features': 13, 'module__n_neurons': 256, 'module__nonlin': ReLU()}
2024-06-03 22:58:26,596 0.724484 (0.005325) with: {'batch_size': 16, 'lr': 0.001, 'max_epochs': 32, 'module__n_features': 13, 'module__n_neurons': 16, 'module__nonlin': Tanh()}
2024-06-03 22:58:26,596 0.718586 (0.008610) with: {'batch_size': 16, 'lr': 0.001, 'max_epochs': 32, 'module__n_features': 13, 'module__n_neurons': 16, 'module__nonlin': ReLU()}
2024-06-03 22:58:26,596 0.725232 (0.005407) with: {'batch_size': 16, 'lr': 0.001, 'max_epochs': 32, 'module__n_features': 13, 'module__n_neurons': 32, 'module__nonlin': Tanh()}
2024-06-03 22:58:26,596 0.724154 (0.006635) with: {'batch_size': 16, 'lr': 0.001, 'max_epochs': 32, 'module__n_features': 13, 'module__n_neurons': 32, 'module__nonlin': ReLU()}
2024-06-03 22:58:26,596 0.724729 (0.005241) with: {'batch_size': 16, 'lr': 0.001, 'max_epochs': 32, 'module__n_features': 13, 'module__n_neurons': 64, 'module__nonlin': Tanh()}
2024-06-03 22:58:26,596 0.723219 (0.008982) with: {'batch_size': 16, 'lr': 0.001, 'max_epochs': 32, 'module__n_features': 13, 'module__n_neurons': 64, 'module__nonlin': ReLU()}
2024-06-03 22:58:26,596 0.725683 (0.005027) with: {'batch_size': 16, 'lr': 0.001, 'max_epochs': 32, 'module__n_features': 13, 'module__n_neurons': 128, 'module__nonlin': Tanh()}
2024-06-03 22:58:26,597 0.722513 (0.010115) with: {'batch_size': 16, 'lr': 0.001, 'max_epochs': 32, 'module__n_features': 13, 'module__n_neurons': 128, 'module__nonlin': ReLU()}
2024-06-03 22:58:26,597 0.725771 (0.005791) with: {'batch_size': 16, 'lr': 0.001, 'max_epochs': 32, 'module__n_features': 13, 'module__n_neurons': 256, 'module__nonlin': Tanh()}
2024-06-03 22:58:26,601 0.721384 (0.012030) with: {'batch_size': 16, 'lr': 0.001, 'max_epochs': 32, 'module__n_features': 13, 'module__n_neurons': 256, 'module__nonlin': ReLU()}
2024-06-03 22:58:26,601 0.726309 (0.005355) with: {'batch_size': 16, 'lr': 0.001, 'max_epochs': 64, 'module__n_features': 13, 'module__n_neurons': 16, 'module__nonlin': Tanh()}
2024-06-03 22:58:26,601 0.723768 (0.006989) with: {'batch_size': 16, 'lr': 0.001, 'max_epochs': 64, 'module__n_features': 13, 'module__n_neurons': 16, 'module__nonlin': ReLU()}
2024-06-03 22:58:26,601 0.726373 (0.005237) with: {'batch_size': 16, 'lr': 0.001, 'max_epochs': 64, 'module__n_features': 13, 'module__n_neurons': 32, 'module__nonlin': Tanh()}
2024-06-03 22:58:26,601 0.724216 (0.008826) with: {'batch_size': 16, 'lr': 0.001, 'max_epochs': 64, 'module__n_features': 13, 'module__n_neurons': 32, 'module__nonlin': ReLU()}
2024-06-03 22:58:26,601 0.725527 (0.005535) with: {'batch_size': 16, 'lr': 0.001, 'max_epochs': 64, 'module__n_features': 13, 'module__n_neurons': 64, 'module__nonlin': Tanh()}
2024-06-03 22:58:26,601 0.722227 (0.010070) with: {'batch_size': 16, 'lr': 0.001, 'max_epochs': 64, 'module__n_features': 13, 'module__n_neurons': 64, 'module__nonlin': ReLU()}
2024-06-03 22:58:26,601 0.725858 (0.007173) with: {'batch_size': 16, 'lr': 0.001, 'max_epochs': 64, 'module__n_features': 13, 'module__n_neurons': 128, 'module__nonlin': Tanh()}
2024-06-03 22:58:26,601 0.721524 (0.013199) with: {'batch_size': 16, 'lr': 0.001, 'max_epochs': 64, 'module__n_features': 13, 'module__n_neurons': 128, 'module__nonlin': ReLU()}
2024-06-03 22:58:26,601 0.725078 (0.008283) with: {'batch_size': 16, 'lr': 0.001, 'max_epochs': 64, 'module__n_features': 13, 'module__n_neurons': 256, 'module__nonlin': Tanh()}
2024-06-03 22:58:26,601 0.719483 (0.013290) with: {'batch_size': 16, 'lr': 0.001, 'max_epochs': 64, 'module__n_features': 13, 'module__n_neurons': 256, 'module__nonlin': ReLU()}
2024-06-03 22:58:26,601 0.725881 (0.005947) with: {'batch_size': 16, 'lr': 0.001, 'max_epochs': 128, 'module__n_features': 13, 'module__n_neurons': 16, 'module__nonlin': Tanh()}
2024-06-03 22:58:26,601 0.726292 (0.007983) with: {'batch_size': 16, 'lr': 0.001, 'max_epochs': 128, 'module__n_features': 13, 'module__n_neurons': 16, 'module__nonlin': ReLU()}
2024-06-03 22:58:26,601 0.727409 (0.006446) with: {'batch_size': 16, 'lr': 0.001, 'max_epochs': 128, 'module__n_features': 13, 'module__n_neurons': 32, 'module__nonlin': Tanh()}
2024-06-03 22:58:26,601 0.724301 (0.012138) with: {'batch_size': 16, 'lr': 0.001, 'max_epochs': 128, 'module__n_features': 13, 'module__n_neurons': 32, 'module__nonlin': ReLU()}
2024-06-03 22:58:26,601 0.727984 (0.006799) with: {'batch_size': 16, 'lr': 0.001, 'max_epochs': 128, 'module__n_features': 13, 'module__n_neurons': 64, 'module__nonlin': Tanh()}
2024-06-03 22:58:26,601 0.722004 (0.013434) with: {'batch_size': 16, 'lr': 0.001, 'max_epochs': 128, 'module__n_features': 13, 'module__n_neurons': 64, 'module__nonlin': ReLU()}
2024-06-03 22:58:26,601 0.724994 (0.011037) with: {'batch_size': 16, 'lr': 0.001, 'max_epochs': 128, 'module__n_features': 13, 'module__n_neurons': 128, 'module__nonlin': Tanh()}
2024-06-03 22:58:26,601 0.719219 (0.012640) with: {'batch_size': 16, 'lr': 0.001, 'max_epochs': 128, 'module__n_features': 13, 'module__n_neurons': 128, 'module__nonlin': ReLU()}
2024-06-03 22:58:26,601 0.718010 (0.013818) with: {'batch_size': 16, 'lr': 0.001, 'max_epochs': 128, 'module__n_features': 13, 'module__n_neurons': 256, 'module__nonlin': Tanh()}
2024-06-03 22:58:26,601 0.708420 (0.012688) with: {'batch_size': 16, 'lr': 0.001, 'max_epochs': 128, 'module__n_features': 13, 'module__n_neurons': 256, 'module__nonlin': ReLU()}
2024-06-03 22:58:26,601 0.725459 (0.005345) with: {'batch_size': 16, 'lr': 0.01, 'max_epochs': 16, 'module__n_features': 13, 'module__n_neurons': 16, 'module__nonlin': Tanh()}
2024-06-03 22:58:26,601 0.725236 (0.007387) with: {'batch_size': 16, 'lr': 0.01, 'max_epochs': 16, 'module__n_features': 13, 'module__n_neurons': 16, 'module__nonlin': ReLU()}
2024-06-03 22:58:26,601 0.725525 (0.006448) with: {'batch_size': 16, 'lr': 0.01, 'max_epochs': 16, 'module__n_features': 13, 'module__n_neurons': 32, 'module__nonlin': Tanh()}
2024-06-03 22:58:26,601 0.724557 (0.008680) with: {'batch_size': 16, 'lr': 0.01, 'max_epochs': 16, 'module__n_features': 13, 'module__n_neurons': 32, 'module__nonlin': ReLU()}
2024-06-03 22:58:26,601 0.722991 (0.006653) with: {'batch_size': 16, 'lr': 0.01, 'max_epochs': 16, 'module__n_features': 13, 'module__n_neurons': 64, 'module__nonlin': Tanh()}
2024-06-03 22:58:26,601 0.722327 (0.010244) with: {'batch_size': 16, 'lr': 0.01, 'max_epochs': 16, 'module__n_features': 13, 'module__n_neurons': 64, 'module__nonlin': ReLU()}
2024-06-03 22:58:26,601 0.720787 (0.006793) with: {'batch_size': 16, 'lr': 0.01, 'max_epochs': 16, 'module__n_features': 13, 'module__n_neurons': 128, 'module__nonlin': Tanh()}
2024-06-03 22:58:26,601 0.721538 (0.008789) with: {'batch_size': 16, 'lr': 0.01, 'max_epochs': 16, 'module__n_features': 13, 'module__n_neurons': 128, 'module__nonlin': ReLU()}
2024-06-03 22:58:26,601 0.715681 (0.012427) with: {'batch_size': 16, 'lr': 0.01, 'max_epochs': 16, 'module__n_features': 13, 'module__n_neurons': 256, 'module__nonlin': Tanh()}
2024-06-03 22:58:26,601 0.719865 (0.007847) with: {'batch_size': 16, 'lr': 0.01, 'max_epochs': 16, 'module__n_features': 13, 'module__n_neurons': 256, 'module__nonlin': ReLU()}
2024-06-03 22:58:26,601 0.728264 (0.006196) with: {'batch_size': 16, 'lr': 0.01, 'max_epochs': 32, 'module__n_features': 13, 'module__n_neurons': 16, 'module__nonlin': Tanh()}
2024-06-03 22:58:26,601 0.726353 (0.008768) with: {'batch_size': 16, 'lr': 0.01, 'max_epochs': 32, 'module__n_features': 13, 'module__n_neurons': 16, 'module__nonlin': ReLU()}
2024-06-03 22:58:26,601 0.724485 (0.008571) with: {'batch_size': 16, 'lr': 0.01, 'max_epochs': 32, 'module__n_features': 13, 'module__n_neurons': 32, 'module__nonlin': Tanh()}
2024-06-03 22:58:26,601 0.722600 (0.012029) with: {'batch_size': 16, 'lr': 0.01, 'max_epochs': 32, 'module__n_features': 13, 'module__n_neurons': 32, 'module__nonlin': ReLU()}
2024-06-03 22:58:26,601 0.719597 (0.008883) with: {'batch_size': 16, 'lr': 0.01, 'max_epochs': 32, 'module__n_features': 13, 'module__n_neurons': 64, 'module__nonlin': Tanh()}
2024-06-03 22:58:26,601 0.720238 (0.011186) with: {'batch_size': 16, 'lr': 0.01, 'max_epochs': 32, 'module__n_features': 13, 'module__n_neurons': 64, 'module__nonlin': ReLU()}
2024-06-03 22:58:26,601 0.719815 (0.010184) with: {'batch_size': 16, 'lr': 0.01, 'max_epochs': 32, 'module__n_features': 13, 'module__n_neurons': 128, 'module__nonlin': Tanh()}
2024-06-03 22:58:26,601 0.717316 (0.010923) with: {'batch_size': 16, 'lr': 0.01, 'max_epochs': 32, 'module__n_features': 13, 'module__n_neurons': 128, 'module__nonlin': ReLU()}
2024-06-03 22:58:26,602 0.717631 (0.015318) with: {'batch_size': 16, 'lr': 0.01, 'max_epochs': 32, 'module__n_features': 13, 'module__n_neurons': 256, 'module__nonlin': Tanh()}
2024-06-03 22:58:26,602 0.713685 (0.011613) with: {'batch_size': 16, 'lr': 0.01, 'max_epochs': 32, 'module__n_features': 13, 'module__n_neurons': 256, 'module__nonlin': ReLU()}
2024-06-03 22:58:26,602 0.724549 (0.012595) with: {'batch_size': 16, 'lr': 0.01, 'max_epochs': 64, 'module__n_features': 13, 'module__n_neurons': 16, 'module__nonlin': Tanh()}
2024-06-03 22:58:26,602 0.722505 (0.011482) with: {'batch_size': 16, 'lr': 0.01, 'max_epochs': 64, 'module__n_features': 13, 'module__n_neurons': 16, 'module__nonlin': ReLU()}
2024-06-03 22:58:26,602 0.720806 (0.010512) with: {'batch_size': 16, 'lr': 0.01, 'max_epochs': 64, 'module__n_features': 13, 'module__n_neurons': 32, 'module__nonlin': Tanh()}
2024-06-03 22:58:26,602 0.717202 (0.013606) with: {'batch_size': 16, 'lr': 0.01, 'max_epochs': 64, 'module__n_features': 13, 'module__n_neurons': 32, 'module__nonlin': ReLU()}
2024-06-03 22:58:26,602 0.717553 (0.007473) with: {'batch_size': 16, 'lr': 0.01, 'max_epochs': 64, 'module__n_features': 13, 'module__n_neurons': 64, 'module__nonlin': Tanh()}
2024-06-03 22:58:26,602 0.708193 (0.012927) with: {'batch_size': 16, 'lr': 0.01, 'max_epochs': 64, 'module__n_features': 13, 'module__n_neurons': 64, 'module__nonlin': ReLU()}
2024-06-03 22:58:26,602 0.695427 (0.009878) with: {'batch_size': 16, 'lr': 0.01, 'max_epochs': 64, 'module__n_features': 13, 'module__n_neurons': 128, 'module__nonlin': Tanh()}
2024-06-03 22:58:26,602 0.706540 (0.013335) with: {'batch_size': 16, 'lr': 0.01, 'max_epochs': 64, 'module__n_features': 13, 'module__n_neurons': 128, 'module__nonlin': ReLU()}
2024-06-03 22:58:26,602 0.692000 (0.016568) with: {'batch_size': 16, 'lr': 0.01, 'max_epochs': 64, 'module__n_features': 13, 'module__n_neurons': 256, 'module__nonlin': Tanh()}
2024-06-03 22:58:26,602 0.704001 (0.012441) with: {'batch_size': 16, 'lr': 0.01, 'max_epochs': 64, 'module__n_features': 13, 'module__n_neurons': 256, 'module__nonlin': ReLU()}
2024-06-03 22:58:26,602 0.714918 (0.016385) with: {'batch_size': 16, 'lr': 0.01, 'max_epochs': 128, 'module__n_features': 13, 'module__n_neurons': 16, 'module__nonlin': Tanh()}
2024-06-03 22:58:26,602 0.717464 (0.015632) with: {'batch_size': 16, 'lr': 0.01, 'max_epochs': 128, 'module__n_features': 13, 'module__n_neurons': 16, 'module__nonlin': ReLU()}
2024-06-03 22:58:26,602 0.704982 (0.018830) with: {'batch_size': 16, 'lr': 0.01, 'max_epochs': 128, 'module__n_features': 13, 'module__n_neurons': 32, 'module__nonlin': Tanh()}
2024-06-03 22:58:26,602 0.707274 (0.015000) with: {'batch_size': 16, 'lr': 0.01, 'max_epochs': 128, 'module__n_features': 13, 'module__n_neurons': 32, 'module__nonlin': ReLU()}
2024-06-03 22:58:26,602 0.695362 (0.018511) with: {'batch_size': 16, 'lr': 0.01, 'max_epochs': 128, 'module__n_features': 13, 'module__n_neurons': 64, 'module__nonlin': Tanh()}
2024-06-03 22:58:26,602 0.688193 (0.020667) with: {'batch_size': 16, 'lr': 0.01, 'max_epochs': 128, 'module__n_features': 13, 'module__n_neurons': 64, 'module__nonlin': ReLU()}
2024-06-03 22:58:26,602 0.690898 (0.014650) with: {'batch_size': 16, 'lr': 0.01, 'max_epochs': 128, 'module__n_features': 13, 'module__n_neurons': 128, 'module__nonlin': Tanh()}
2024-06-03 22:58:26,602 0.688231 (0.018567) with: {'batch_size': 16, 'lr': 0.01, 'max_epochs': 128, 'module__n_features': 13, 'module__n_neurons': 128, 'module__nonlin': ReLU()}
2024-06-03 22:58:26,602 0.692445 (0.011113) with: {'batch_size': 16, 'lr': 0.01, 'max_epochs': 128, 'module__n_features': 13, 'module__n_neurons': 256, 'module__nonlin': Tanh()}
2024-06-03 22:58:26,602 0.682084 (0.014648) with: {'batch_size': 16, 'lr': 0.01, 'max_epochs': 128, 'module__n_features': 13, 'module__n_neurons': 256, 'module__nonlin': ReLU()}
2024-06-03 22:58:26,602 0.725275 (0.006344) with: {'batch_size': 16, 'lr': 0.02, 'max_epochs': 16, 'module__n_features': 13, 'module__n_neurons': 16, 'module__nonlin': Tanh()}
2024-06-03 22:58:26,602 0.726004 (0.007509) with: {'batch_size': 16, 'lr': 0.02, 'max_epochs': 16, 'module__n_features': 13, 'module__n_neurons': 16, 'module__nonlin': ReLU()}
2024-06-03 22:58:26,602 0.725249 (0.007095) with: {'batch_size': 16, 'lr': 0.02, 'max_epochs': 16, 'module__n_features': 13, 'module__n_neurons': 32, 'module__nonlin': Tanh()}
2024-06-03 22:58:26,602 0.722648 (0.009430) with: {'batch_size': 16, 'lr': 0.02, 'max_epochs': 16, 'module__n_features': 13, 'module__n_neurons': 32, 'module__nonlin': ReLU()}
2024-06-03 22:58:26,602 0.724823 (0.007756) with: {'batch_size': 16, 'lr': 0.02, 'max_epochs': 16, 'module__n_features': 13, 'module__n_neurons': 64, 'module__nonlin': Tanh()}
2024-06-03 22:58:26,602 0.723928 (0.007985) with: {'batch_size': 16, 'lr': 0.02, 'max_epochs': 16, 'module__n_features': 13, 'module__n_neurons': 64, 'module__nonlin': ReLU()}
2024-06-03 22:58:26,602 0.725618 (0.007015) with: {'batch_size': 16, 'lr': 0.02, 'max_epochs': 16, 'module__n_features': 13, 'module__n_neurons': 128, 'module__nonlin': Tanh()}
2024-06-03 22:58:26,602 0.720505 (0.009436) with: {'batch_size': 16, 'lr': 0.02, 'max_epochs': 16, 'module__n_features': 13, 'module__n_neurons': 128, 'module__nonlin': ReLU()}
2024-06-03 22:58:26,602 0.620852 (0.120659) with: {'batch_size': 16, 'lr': 0.02, 'max_epochs': 16, 'module__n_features': 13, 'module__n_neurons': 256, 'module__nonlin': Tanh()}
2024-06-03 22:58:26,602 0.719950 (0.009352) with: {'batch_size': 16, 'lr': 0.02, 'max_epochs': 16, 'module__n_features': 13, 'module__n_neurons': 256, 'module__nonlin': ReLU()}
2024-06-03 22:58:26,602 0.724016 (0.008056) with: {'batch_size': 16, 'lr': 0.02, 'max_epochs': 32, 'module__n_features': 13, 'module__n_neurons': 16, 'module__nonlin': Tanh()}
2024-06-03 22:58:26,602 0.723104 (0.009936) with: {'batch_size': 16, 'lr': 0.02, 'max_epochs': 32, 'module__n_features': 13, 'module__n_neurons': 16, 'module__nonlin': ReLU()}
2024-06-03 22:58:26,602 0.723132 (0.006721) with: {'batch_size': 16, 'lr': 0.02, 'max_epochs': 32, 'module__n_features': 13, 'module__n_neurons': 32, 'module__nonlin': Tanh()}
2024-06-03 22:58:26,602 0.722304 (0.008693) with: {'batch_size': 16, 'lr': 0.02, 'max_epochs': 32, 'module__n_features': 13, 'module__n_neurons': 32, 'module__nonlin': ReLU()}
2024-06-03 22:58:26,602 0.722414 (0.005729) with: {'batch_size': 16, 'lr': 0.02, 'max_epochs': 32, 'module__n_features': 13, 'module__n_neurons': 64, 'module__nonlin': Tanh()}
2024-06-03 22:58:26,602 0.719642 (0.011904) with: {'batch_size': 16, 'lr': 0.02, 'max_epochs': 32, 'module__n_features': 13, 'module__n_neurons': 64, 'module__nonlin': ReLU()}
2024-06-03 22:58:26,602 0.718182 (0.011251) with: {'batch_size': 16, 'lr': 0.02, 'max_epochs': 32, 'module__n_features': 13, 'module__n_neurons': 128, 'module__nonlin': Tanh()}
2024-06-03 22:58:26,602 0.719087 (0.009657) with: {'batch_size': 16, 'lr': 0.02, 'max_epochs': 32, 'module__n_features': 13, 'module__n_neurons': 128, 'module__nonlin': ReLU()}
2024-06-03 22:58:26,602 0.705613 (0.012315) with: {'batch_size': 16, 'lr': 0.02, 'max_epochs': 32, 'module__n_features': 13, 'module__n_neurons': 256, 'module__nonlin': Tanh()}
2024-06-03 22:58:26,602 0.715201 (0.010060) with: {'batch_size': 16, 'lr': 0.02, 'max_epochs': 32, 'module__n_features': 13, 'module__n_neurons': 256, 'module__nonlin': ReLU()}
2024-06-03 22:58:26,602 0.719135 (0.010491) with: {'batch_size': 16, 'lr': 0.02, 'max_epochs': 64, 'module__n_features': 13, 'module__n_neurons': 16, 'module__nonlin': Tanh()}
2024-06-03 22:58:26,602 0.719711 (0.011768) with: {'batch_size': 16, 'lr': 0.02, 'max_epochs': 64, 'module__n_features': 13, 'module__n_neurons': 16, 'module__nonlin': ReLU()}
2024-06-03 22:58:26,602 0.711279 (0.026607) with: {'batch_size': 16, 'lr': 0.02, 'max_epochs': 64, 'module__n_features': 13, 'module__n_neurons': 32, 'module__nonlin': Tanh()}
2024-06-03 22:58:26,602 0.716066 (0.013264) with: {'batch_size': 16, 'lr': 0.02, 'max_epochs': 64, 'module__n_features': 13, 'module__n_neurons': 32, 'module__nonlin': ReLU()}
2024-06-03 22:58:26,602 0.700638 (0.017459) with: {'batch_size': 16, 'lr': 0.02, 'max_epochs': 64, 'module__n_features': 13, 'module__n_neurons': 64, 'module__nonlin': Tanh()}
2024-06-03 22:58:26,602 0.704007 (0.015262) with: {'batch_size': 16, 'lr': 0.02, 'max_epochs': 64, 'module__n_features': 13, 'module__n_neurons': 64, 'module__nonlin': ReLU()}
2024-06-03 22:58:26,603 0.712384 (0.013619) with: {'batch_size': 16, 'lr': 0.02, 'max_epochs': 64, 'module__n_features': 13, 'module__n_neurons': 128, 'module__nonlin': Tanh()}
2024-06-03 22:58:26,603 0.702627 (0.014116) with: {'batch_size': 16, 'lr': 0.02, 'max_epochs': 64, 'module__n_features': 13, 'module__n_neurons': 128, 'module__nonlin': ReLU()}
2024-06-03 22:58:26,603 0.715613 (0.004348) with: {'batch_size': 16, 'lr': 0.02, 'max_epochs': 64, 'module__n_features': 13, 'module__n_neurons': 256, 'module__nonlin': Tanh()}
2024-06-03 22:58:26,603 0.707838 (0.011994) with: {'batch_size': 16, 'lr': 0.02, 'max_epochs': 64, 'module__n_features': 13, 'module__n_neurons': 256, 'module__nonlin': ReLU()}
2024-06-03 22:58:26,603 0.709011 (0.014715) with: {'batch_size': 16, 'lr': 0.02, 'max_epochs': 128, 'module__n_features': 13, 'module__n_neurons': 16, 'module__nonlin': Tanh()}
2024-06-03 22:58:26,603 0.711472 (0.011517) with: {'batch_size': 16, 'lr': 0.02, 'max_epochs': 128, 'module__n_features': 13, 'module__n_neurons': 16, 'module__nonlin': ReLU()}
2024-06-03 22:58:26,603 0.710063 (0.016719) with: {'batch_size': 16, 'lr': 0.02, 'max_epochs': 128, 'module__n_features': 13, 'module__n_neurons': 32, 'module__nonlin': Tanh()}
2024-06-03 22:58:26,603 0.705892 (0.013595) with: {'batch_size': 16, 'lr': 0.02, 'max_epochs': 128, 'module__n_features': 13, 'module__n_neurons': 32, 'module__nonlin': ReLU()}
2024-06-03 22:58:26,603 0.689735 (0.022300) with: {'batch_size': 16, 'lr': 0.02, 'max_epochs': 128, 'module__n_features': 13, 'module__n_neurons': 64, 'module__nonlin': Tanh()}
2024-06-03 22:58:26,603 0.699609 (0.016471) with: {'batch_size': 16, 'lr': 0.02, 'max_epochs': 128, 'module__n_features': 13, 'module__n_neurons': 64, 'module__nonlin': ReLU()}
2024-06-03 22:58:26,603 0.707726 (0.023408) with: {'batch_size': 16, 'lr': 0.02, 'max_epochs': 128, 'module__n_features': 13, 'module__n_neurons': 128, 'module__nonlin': Tanh()}
2024-06-03 22:58:26,603 0.684536 (0.015756) with: {'batch_size': 16, 'lr': 0.02, 'max_epochs': 128, 'module__n_features': 13, 'module__n_neurons': 128, 'module__nonlin': ReLU()}
2024-06-03 22:58:26,603 0.684815 (0.056098) with: {'batch_size': 16, 'lr': 0.02, 'max_epochs': 128, 'module__n_features': 13, 'module__n_neurons': 256, 'module__nonlin': Tanh()}
2024-06-03 22:58:26,603 0.687905 (0.022452) with: {'batch_size': 16, 'lr': 0.02, 'max_epochs': 128, 'module__n_features': 13, 'module__n_neurons': 256, 'module__nonlin': ReLU()}
2024-06-03 22:58:26,603 0.706627 (0.010008) with: {'batch_size': 32, 'lr': 0.001, 'max_epochs': 16, 'module__n_features': 13, 'module__n_neurons': 16, 'module__nonlin': Tanh()}
2024-06-03 22:58:26,603 0.686976 (0.025920) with: {'batch_size': 32, 'lr': 0.001, 'max_epochs': 16, 'module__n_features': 13, 'module__n_neurons': 16, 'module__nonlin': ReLU()}
2024-06-03 22:58:26,603 0.721639 (0.008218) with: {'batch_size': 32, 'lr': 0.001, 'max_epochs': 16, 'module__n_features': 13, 'module__n_neurons': 32, 'module__nonlin': Tanh()}
2024-06-03 22:58:26,603 0.705837 (0.011800) with: {'batch_size': 32, 'lr': 0.001, 'max_epochs': 16, 'module__n_features': 13, 'module__n_neurons': 32, 'module__nonlin': ReLU()}
2024-06-03 22:58:26,603 0.724149 (0.006517) with: {'batch_size': 32, 'lr': 0.001, 'max_epochs': 16, 'module__n_features': 13, 'module__n_neurons': 64, 'module__nonlin': Tanh()}
2024-06-03 22:58:26,603 0.716802 (0.008024) with: {'batch_size': 32, 'lr': 0.001, 'max_epochs': 16, 'module__n_features': 13, 'module__n_neurons': 64, 'module__nonlin': ReLU()}
2024-06-03 22:58:26,603 0.723324 (0.005411) with: {'batch_size': 32, 'lr': 0.001, 'max_epochs': 16, 'module__n_features': 13, 'module__n_neurons': 128, 'module__nonlin': Tanh()}
2024-06-03 22:58:26,603 0.721013 (0.010342) with: {'batch_size': 32, 'lr': 0.001, 'max_epochs': 16, 'module__n_features': 13, 'module__n_neurons': 128, 'module__nonlin': ReLU()}
2024-06-03 22:58:26,603 0.722973 (0.005193) with: {'batch_size': 32, 'lr': 0.001, 'max_epochs': 16, 'module__n_features': 13, 'module__n_neurons': 256, 'module__nonlin': Tanh()}
2024-06-03 22:58:26,603 0.721221 (0.009888) with: {'batch_size': 32, 'lr': 0.001, 'max_epochs': 16, 'module__n_features': 13, 'module__n_neurons': 256, 'module__nonlin': ReLU()}
2024-06-03 22:58:26,603 0.722859 (0.008110) with: {'batch_size': 32, 'lr': 0.001, 'max_epochs': 32, 'module__n_features': 13, 'module__n_neurons': 16, 'module__nonlin': Tanh()}
2024-06-03 22:58:26,603 0.714950 (0.010104) with: {'batch_size': 32, 'lr': 0.001, 'max_epochs': 32, 'module__n_features': 13, 'module__n_neurons': 16, 'module__nonlin': ReLU()}
2024-06-03 22:58:26,603 0.724724 (0.005706) with: {'batch_size': 32, 'lr': 0.001, 'max_epochs': 32, 'module__n_features': 13, 'module__n_neurons': 32, 'module__nonlin': Tanh()}
2024-06-03 22:58:26,603 0.720972 (0.006792) with: {'batch_size': 32, 'lr': 0.001, 'max_epochs': 32, 'module__n_features': 13, 'module__n_neurons': 32, 'module__nonlin': ReLU()}
2024-06-03 22:58:26,603 0.725155 (0.005545) with: {'batch_size': 32, 'lr': 0.001, 'max_epochs': 32, 'module__n_features': 13, 'module__n_neurons': 64, 'module__nonlin': Tanh()}
2024-06-03 22:58:26,603 0.722159 (0.007811) with: {'batch_size': 32, 'lr': 0.001, 'max_epochs': 32, 'module__n_features': 13, 'module__n_neurons': 64, 'module__nonlin': ReLU()}
2024-06-03 22:58:26,603 0.724541 (0.005522) with: {'batch_size': 32, 'lr': 0.001, 'max_epochs': 32, 'module__n_features': 13, 'module__n_neurons': 128, 'module__nonlin': Tanh()}
2024-06-03 22:58:26,603 0.722476 (0.009869) with: {'batch_size': 32, 'lr': 0.001, 'max_epochs': 32, 'module__n_features': 13, 'module__n_neurons': 128, 'module__nonlin': ReLU()}
2024-06-03 22:58:26,603 0.725461 (0.004931) with: {'batch_size': 32, 'lr': 0.001, 'max_epochs': 32, 'module__n_features': 13, 'module__n_neurons': 256, 'module__nonlin': Tanh()}
2024-06-03 22:58:26,603 0.721968 (0.010615) with: {'batch_size': 32, 'lr': 0.001, 'max_epochs': 32, 'module__n_features': 13, 'module__n_neurons': 256, 'module__nonlin': ReLU()}
2024-06-03 22:58:26,603 0.724757 (0.006677) with: {'batch_size': 32, 'lr': 0.001, 'max_epochs': 64, 'module__n_features': 13, 'module__n_neurons': 16, 'module__nonlin': Tanh()}
2024-06-03 22:58:26,603 0.721151 (0.008128) with: {'batch_size': 32, 'lr': 0.001, 'max_epochs': 64, 'module__n_features': 13, 'module__n_neurons': 16, 'module__nonlin': ReLU()}
2024-06-03 22:58:26,603 0.725025 (0.005912) with: {'batch_size': 32, 'lr': 0.001, 'max_epochs': 64, 'module__n_features': 13, 'module__n_neurons': 32, 'module__nonlin': Tanh()}
2024-06-03 22:58:26,603 0.722808 (0.009608) with: {'batch_size': 32, 'lr': 0.001, 'max_epochs': 64, 'module__n_features': 13, 'module__n_neurons': 32, 'module__nonlin': ReLU()}
2024-06-03 22:58:26,603 0.725639 (0.005731) with: {'batch_size': 32, 'lr': 0.001, 'max_epochs': 64, 'module__n_features': 13, 'module__n_neurons': 64, 'module__nonlin': Tanh()}
2024-06-03 22:58:26,603 0.722753 (0.008337) with: {'batch_size': 32, 'lr': 0.001, 'max_epochs': 64, 'module__n_features': 13, 'module__n_neurons': 64, 'module__nonlin': ReLU()}
2024-06-03 22:58:26,603 0.726088 (0.006004) with: {'batch_size': 32, 'lr': 0.001, 'max_epochs': 64, 'module__n_features': 13, 'module__n_neurons': 128, 'module__nonlin': Tanh()}
2024-06-03 22:58:26,603 0.721746 (0.011019) with: {'batch_size': 32, 'lr': 0.001, 'max_epochs': 64, 'module__n_features': 13, 'module__n_neurons': 128, 'module__nonlin': ReLU()}
2024-06-03 22:58:26,603 0.725706 (0.005788) with: {'batch_size': 32, 'lr': 0.001, 'max_epochs': 64, 'module__n_features': 13, 'module__n_neurons': 256, 'module__nonlin': Tanh()}
2024-06-03 22:58:26,603 0.719899 (0.013450) with: {'batch_size': 32, 'lr': 0.001, 'max_epochs': 64, 'module__n_features': 13, 'module__n_neurons': 256, 'module__nonlin': ReLU()}
2024-06-03 22:58:26,603 0.726015 (0.005448) with: {'batch_size': 32, 'lr': 0.001, 'max_epochs': 128, 'module__n_features': 13, 'module__n_neurons': 16, 'module__nonlin': Tanh()}
2024-06-03 22:58:26,603 0.724558 (0.007205) with: {'batch_size': 32, 'lr': 0.001, 'max_epochs': 128, 'module__n_features': 13, 'module__n_neurons': 16, 'module__nonlin': ReLU()}
2024-06-03 22:58:26,603 0.726375 (0.005998) with: {'batch_size': 32, 'lr': 0.001, 'max_epochs': 128, 'module__n_features': 13, 'module__n_neurons': 32, 'module__nonlin': Tanh()}
2024-06-03 22:58:26,603 0.722666 (0.010385) with: {'batch_size': 32, 'lr': 0.001, 'max_epochs': 128, 'module__n_features': 13, 'module__n_neurons': 32, 'module__nonlin': ReLU()}
2024-06-03 22:58:26,604 0.728026 (0.006447) with: {'batch_size': 32, 'lr': 0.001, 'max_epochs': 128, 'module__n_features': 13, 'module__n_neurons': 64, 'module__nonlin': Tanh()}
2024-06-03 22:58:26,604 0.723445 (0.011162) with: {'batch_size': 32, 'lr': 0.001, 'max_epochs': 128, 'module__n_features': 13, 'module__n_neurons': 64, 'module__nonlin': ReLU()}
2024-06-03 22:58:26,604 0.725552 (0.008769) with: {'batch_size': 32, 'lr': 0.001, 'max_epochs': 128, 'module__n_features': 13, 'module__n_neurons': 128, 'module__nonlin': Tanh()}
2024-06-03 22:58:26,604 0.719169 (0.012229) with: {'batch_size': 32, 'lr': 0.001, 'max_epochs': 128, 'module__n_features': 13, 'module__n_neurons': 128, 'module__nonlin': ReLU()}
2024-06-03 22:58:26,604 0.719218 (0.012239) with: {'batch_size': 32, 'lr': 0.001, 'max_epochs': 128, 'module__n_features': 13, 'module__n_neurons': 256, 'module__nonlin': Tanh()}
2024-06-03 22:58:26,604 0.711088 (0.013487) with: {'batch_size': 32, 'lr': 0.001, 'max_epochs': 128, 'module__n_features': 13, 'module__n_neurons': 256, 'module__nonlin': ReLU()}
2024-06-03 22:58:26,604 0.725622 (0.006262) with: {'batch_size': 32, 'lr': 0.01, 'max_epochs': 16, 'module__n_features': 13, 'module__n_neurons': 16, 'module__nonlin': Tanh()}
2024-06-03 22:58:26,604 0.725926 (0.005887) with: {'batch_size': 32, 'lr': 0.01, 'max_epochs': 16, 'module__n_features': 13, 'module__n_neurons': 16, 'module__nonlin': ReLU()}
2024-06-03 22:58:26,604 0.726349 (0.005937) with: {'batch_size': 32, 'lr': 0.01, 'max_epochs': 16, 'module__n_features': 13, 'module__n_neurons': 32, 'module__nonlin': Tanh()}
2024-06-03 22:58:26,604 0.723941 (0.009798) with: {'batch_size': 32, 'lr': 0.01, 'max_epochs': 16, 'module__n_features': 13, 'module__n_neurons': 32, 'module__nonlin': ReLU()}
2024-06-03 22:58:26,604 0.726365 (0.006665) with: {'batch_size': 32, 'lr': 0.01, 'max_epochs': 16, 'module__n_features': 13, 'module__n_neurons': 64, 'module__nonlin': Tanh()}
2024-06-03 22:58:26,604 0.722802 (0.010104) with: {'batch_size': 32, 'lr': 0.01, 'max_epochs': 16, 'module__n_features': 13, 'module__n_neurons': 64, 'module__nonlin': ReLU()}
2024-06-03 22:58:26,604 0.722036 (0.006732) with: {'batch_size': 32, 'lr': 0.01, 'max_epochs': 16, 'module__n_features': 13, 'module__n_neurons': 128, 'module__nonlin': Tanh()}
2024-06-03 22:58:26,604 0.722501 (0.010419) with: {'batch_size': 32, 'lr': 0.01, 'max_epochs': 16, 'module__n_features': 13, 'module__n_neurons': 128, 'module__nonlin': ReLU()}
2024-06-03 22:58:26,604 0.718923 (0.009189) with: {'batch_size': 32, 'lr': 0.01, 'max_epochs': 16, 'module__n_features': 13, 'module__n_neurons': 256, 'module__nonlin': Tanh()}
2024-06-03 22:58:26,604 0.721229 (0.010008) with: {'batch_size': 32, 'lr': 0.01, 'max_epochs': 16, 'module__n_features': 13, 'module__n_neurons': 256, 'module__nonlin': ReLU()}
2024-06-03 22:58:26,604 0.726141 (0.005112) with: {'batch_size': 32, 'lr': 0.01, 'max_epochs': 32, 'module__n_features': 13, 'module__n_neurons': 16, 'module__nonlin': Tanh()}
2024-06-03 22:58:26,604 0.722801 (0.011506) with: {'batch_size': 32, 'lr': 0.01, 'max_epochs': 32, 'module__n_features': 13, 'module__n_neurons': 16, 'module__nonlin': ReLU()}
2024-06-03 22:58:26,604 0.726852 (0.005244) with: {'batch_size': 32, 'lr': 0.01, 'max_epochs': 32, 'module__n_features': 13, 'module__n_neurons': 32, 'module__nonlin': Tanh()}
2024-06-03 22:58:26,604 0.724202 (0.010579) with: {'batch_size': 32, 'lr': 0.01, 'max_epochs': 32, 'module__n_features': 13, 'module__n_neurons': 32, 'module__nonlin': ReLU()}
2024-06-03 22:58:26,604 0.724905 (0.007218) with: {'batch_size': 32, 'lr': 0.01, 'max_epochs': 32, 'module__n_features': 13, 'module__n_neurons': 64, 'module__nonlin': Tanh()}
2024-06-03 22:58:26,604 0.721640 (0.012658) with: {'batch_size': 32, 'lr': 0.01, 'max_epochs': 32, 'module__n_features': 13, 'module__n_neurons': 64, 'module__nonlin': ReLU()}
2024-06-03 22:58:26,604 0.721551 (0.009783) with: {'batch_size': 32, 'lr': 0.01, 'max_epochs': 32, 'module__n_features': 13, 'module__n_neurons': 128, 'module__nonlin': Tanh()}
2024-06-03 22:58:26,604 0.717935 (0.010368) with: {'batch_size': 32, 'lr': 0.01, 'max_epochs': 32, 'module__n_features': 13, 'module__n_neurons': 128, 'module__nonlin': ReLU()}
2024-06-03 22:58:26,604 0.700557 (0.020467) with: {'batch_size': 32, 'lr': 0.01, 'max_epochs': 32, 'module__n_features': 13, 'module__n_neurons': 256, 'module__nonlin': Tanh()}
2024-06-03 22:58:26,604 0.715044 (0.012127) with: {'batch_size': 32, 'lr': 0.01, 'max_epochs': 32, 'module__n_features': 13, 'module__n_neurons': 256, 'module__nonlin': ReLU()}
2024-06-03 22:58:26,604 0.724584 (0.007729) with: {'batch_size': 32, 'lr': 0.01, 'max_epochs': 64, 'module__n_features': 13, 'module__n_neurons': 16, 'module__nonlin': Tanh()}
2024-06-03 22:58:26,604 0.725234 (0.012504) with: {'batch_size': 32, 'lr': 0.01, 'max_epochs': 64, 'module__n_features': 13, 'module__n_neurons': 16, 'module__nonlin': ReLU()}
2024-06-03 22:58:26,604 0.721559 (0.007519) with: {'batch_size': 32, 'lr': 0.01, 'max_epochs': 64, 'module__n_features': 13, 'module__n_neurons': 32, 'module__nonlin': Tanh()}
2024-06-03 22:58:26,604 0.720715 (0.010834) with: {'batch_size': 32, 'lr': 0.01, 'max_epochs': 64, 'module__n_features': 13, 'module__n_neurons': 32, 'module__nonlin': ReLU()}
2024-06-03 22:58:26,604 0.714965 (0.010775) with: {'batch_size': 32, 'lr': 0.01, 'max_epochs': 64, 'module__n_features': 13, 'module__n_neurons': 64, 'module__nonlin': Tanh()}
2024-06-03 22:58:26,604 0.711045 (0.012978) with: {'batch_size': 32, 'lr': 0.01, 'max_epochs': 64, 'module__n_features': 13, 'module__n_neurons': 64, 'module__nonlin': ReLU()}
2024-06-03 22:58:26,604 0.711799 (0.013422) with: {'batch_size': 32, 'lr': 0.01, 'max_epochs': 64, 'module__n_features': 13, 'module__n_neurons': 128, 'module__nonlin': Tanh()}
2024-06-03 22:58:26,604 0.707209 (0.015199) with: {'batch_size': 32, 'lr': 0.01, 'max_epochs': 64, 'module__n_features': 13, 'module__n_neurons': 128, 'module__nonlin': ReLU()}
2024-06-03 22:58:26,604 0.696836 (0.020384) with: {'batch_size': 32, 'lr': 0.01, 'max_epochs': 64, 'module__n_features': 13, 'module__n_neurons': 256, 'module__nonlin': Tanh()}
2024-06-03 22:58:26,604 0.699668 (0.021611) with: {'batch_size': 32, 'lr': 0.01, 'max_epochs': 64, 'module__n_features': 13, 'module__n_neurons': 256, 'module__nonlin': ReLU()}
2024-06-03 22:58:26,604 0.717214 (0.013385) with: {'batch_size': 32, 'lr': 0.01, 'max_epochs': 128, 'module__n_features': 13, 'module__n_neurons': 16, 'module__nonlin': Tanh()}
2024-06-03 22:58:26,604 0.718163 (0.015321) with: {'batch_size': 32, 'lr': 0.01, 'max_epochs': 128, 'module__n_features': 13, 'module__n_neurons': 16, 'module__nonlin': ReLU()}
2024-06-03 22:58:26,604 0.708918 (0.013733) with: {'batch_size': 32, 'lr': 0.01, 'max_epochs': 128, 'module__n_features': 13, 'module__n_neurons': 32, 'module__nonlin': Tanh()}
2024-06-03 22:58:26,604 0.698918 (0.014788) with: {'batch_size': 32, 'lr': 0.01, 'max_epochs': 128, 'module__n_features': 13, 'module__n_neurons': 32, 'module__nonlin': ReLU()}
2024-06-03 22:58:26,604 0.704181 (0.009892) with: {'batch_size': 32, 'lr': 0.01, 'max_epochs': 128, 'module__n_features': 13, 'module__n_neurons': 64, 'module__nonlin': Tanh()}
2024-06-03 22:58:26,604 0.682619 (0.012752) with: {'batch_size': 32, 'lr': 0.01, 'max_epochs': 128, 'module__n_features': 13, 'module__n_neurons': 64, 'module__nonlin': ReLU()}
2024-06-03 22:58:26,604 0.688611 (0.022823) with: {'batch_size': 32, 'lr': 0.01, 'max_epochs': 128, 'module__n_features': 13, 'module__n_neurons': 128, 'module__nonlin': Tanh()}
2024-06-03 22:58:26,604 0.680114 (0.018282) with: {'batch_size': 32, 'lr': 0.01, 'max_epochs': 128, 'module__n_features': 13, 'module__n_neurons': 128, 'module__nonlin': ReLU()}
2024-06-03 22:58:26,604 0.680705 (0.013145) with: {'batch_size': 32, 'lr': 0.01, 'max_epochs': 128, 'module__n_features': 13, 'module__n_neurons': 256, 'module__nonlin': Tanh()}
2024-06-03 22:58:26,604 0.677094 (0.023039) with: {'batch_size': 32, 'lr': 0.01, 'max_epochs': 128, 'module__n_features': 13, 'module__n_neurons': 256, 'module__nonlin': ReLU()}
2024-06-03 22:58:26,604 0.725984 (0.005822) with: {'batch_size': 32, 'lr': 0.02, 'max_epochs': 16, 'module__n_features': 13, 'module__n_neurons': 16, 'module__nonlin': Tanh()}
2024-06-03 22:58:26,604 0.724971 (0.008527) with: {'batch_size': 32, 'lr': 0.02, 'max_epochs': 16, 'module__n_features': 13, 'module__n_neurons': 16, 'module__nonlin': ReLU()}
2024-06-03 22:58:26,604 0.726142 (0.006272) with: {'batch_size': 32, 'lr': 0.02, 'max_epochs': 16, 'module__n_features': 13, 'module__n_neurons': 32, 'module__nonlin': Tanh()}
2024-06-03 22:58:26,605 0.724601 (0.009593) with: {'batch_size': 32, 'lr': 0.02, 'max_epochs': 16, 'module__n_features': 13, 'module__n_neurons': 32, 'module__nonlin': ReLU()}
2024-06-03 22:58:26,605 0.722863 (0.009969) with: {'batch_size': 32, 'lr': 0.02, 'max_epochs': 16, 'module__n_features': 13, 'module__n_neurons': 64, 'module__nonlin': Tanh()}
2024-06-03 22:58:26,605 0.722910 (0.008614) with: {'batch_size': 32, 'lr': 0.02, 'max_epochs': 16, 'module__n_features': 13, 'module__n_neurons': 64, 'module__nonlin': ReLU()}
2024-06-03 22:58:26,605 0.720084 (0.006076) with: {'batch_size': 32, 'lr': 0.02, 'max_epochs': 16, 'module__n_features': 13, 'module__n_neurons': 128, 'module__nonlin': Tanh()}
2024-06-03 22:58:26,605 0.721857 (0.008606) with: {'batch_size': 32, 'lr': 0.02, 'max_epochs': 16, 'module__n_features': 13, 'module__n_neurons': 128, 'module__nonlin': ReLU()}
2024-06-03 22:58:26,605 0.703108 (0.024324) with: {'batch_size': 32, 'lr': 0.02, 'max_epochs': 16, 'module__n_features': 13, 'module__n_neurons': 256, 'module__nonlin': Tanh()}
2024-06-03 22:58:26,605 0.719247 (0.009415) with: {'batch_size': 32, 'lr': 0.02, 'max_epochs': 16, 'module__n_features': 13, 'module__n_neurons': 256, 'module__nonlin': ReLU()}
2024-06-03 22:58:26,605 0.728116 (0.005435) with: {'batch_size': 32, 'lr': 0.02, 'max_epochs': 32, 'module__n_features': 13, 'module__n_neurons': 16, 'module__nonlin': Tanh()}
2024-06-03 22:58:26,605 0.724197 (0.011202) with: {'batch_size': 32, 'lr': 0.02, 'max_epochs': 32, 'module__n_features': 13, 'module__n_neurons': 16, 'module__nonlin': ReLU()}
2024-06-03 22:58:26,605 0.721785 (0.010585) with: {'batch_size': 32, 'lr': 0.02, 'max_epochs': 32, 'module__n_features': 13, 'module__n_neurons': 32, 'module__nonlin': Tanh()}
2024-06-03 22:58:26,605 0.721581 (0.012499) with: {'batch_size': 32, 'lr': 0.02, 'max_epochs': 32, 'module__n_features': 13, 'module__n_neurons': 32, 'module__nonlin': ReLU()}
2024-06-03 22:58:26,605 0.719894 (0.011820) with: {'batch_size': 32, 'lr': 0.02, 'max_epochs': 32, 'module__n_features': 13, 'module__n_neurons': 64, 'module__nonlin': Tanh()}
2024-06-03 22:58:26,605 0.716059 (0.011350) with: {'batch_size': 32, 'lr': 0.02, 'max_epochs': 32, 'module__n_features': 13, 'module__n_neurons': 64, 'module__nonlin': ReLU()}
2024-06-03 22:58:26,605 0.701840 (0.028785) with: {'batch_size': 32, 'lr': 0.02, 'max_epochs': 32, 'module__n_features': 13, 'module__n_neurons': 128, 'module__nonlin': Tanh()}
2024-06-03 22:58:26,605 0.719204 (0.011673) with: {'batch_size': 32, 'lr': 0.02, 'max_epochs': 32, 'module__n_features': 13, 'module__n_neurons': 128, 'module__nonlin': ReLU()}
2024-06-03 22:58:26,605 0.678792 (0.035862) with: {'batch_size': 32, 'lr': 0.02, 'max_epochs': 32, 'module__n_features': 13, 'module__n_neurons': 256, 'module__nonlin': Tanh()}
2024-06-03 22:58:26,605 0.716285 (0.011516) with: {'batch_size': 32, 'lr': 0.02, 'max_epochs': 32, 'module__n_features': 13, 'module__n_neurons': 256, 'module__nonlin': ReLU()}
2024-06-03 22:58:26,605 0.720581 (0.008574) with: {'batch_size': 32, 'lr': 0.02, 'max_epochs': 64, 'module__n_features': 13, 'module__n_neurons': 16, 'module__nonlin': Tanh()}
2024-06-03 22:58:26,605 0.721555 (0.008553) with: {'batch_size': 32, 'lr': 0.02, 'max_epochs': 64, 'module__n_features': 13, 'module__n_neurons': 16, 'module__nonlin': ReLU()}
2024-06-03 22:58:26,605 0.716949 (0.009610) with: {'batch_size': 32, 'lr': 0.02, 'max_epochs': 64, 'module__n_features': 13, 'module__n_neurons': 32, 'module__nonlin': Tanh()}
2024-06-03 22:58:26,605 0.711669 (0.017644) with: {'batch_size': 32, 'lr': 0.02, 'max_epochs': 64, 'module__n_features': 13, 'module__n_neurons': 32, 'module__nonlin': ReLU()}
2024-06-03 22:58:26,605 0.707134 (0.010738) with: {'batch_size': 32, 'lr': 0.02, 'max_epochs': 64, 'module__n_features': 13, 'module__n_neurons': 64, 'module__nonlin': Tanh()}
2024-06-03 22:58:26,605 0.709773 (0.010999) with: {'batch_size': 32, 'lr': 0.02, 'max_epochs': 64, 'module__n_features': 13, 'module__n_neurons': 64, 'module__nonlin': ReLU()}
2024-06-03 22:58:26,605 0.700948 (0.020585) with: {'batch_size': 32, 'lr': 0.02, 'max_epochs': 64, 'module__n_features': 13, 'module__n_neurons': 128, 'module__nonlin': Tanh()}
2024-06-03 22:58:26,605 0.702359 (0.013263) with: {'batch_size': 32, 'lr': 0.02, 'max_epochs': 64, 'module__n_features': 13, 'module__n_neurons': 128, 'module__nonlin': ReLU()}
2024-06-03 22:58:26,605 0.718398 (0.011478) with: {'batch_size': 32, 'lr': 0.02, 'max_epochs': 64, 'module__n_features': 13, 'module__n_neurons': 256, 'module__nonlin': Tanh()}
2024-06-03 22:58:26,605 0.706129 (0.015673) with: {'batch_size': 32, 'lr': 0.02, 'max_epochs': 64, 'module__n_features': 13, 'module__n_neurons': 256, 'module__nonlin': ReLU()}
2024-06-03 22:58:26,605 0.711024 (0.010644) with: {'batch_size': 32, 'lr': 0.02, 'max_epochs': 128, 'module__n_features': 13, 'module__n_neurons': 16, 'module__nonlin': Tanh()}
2024-06-03 22:58:26,605 0.715432 (0.006617) with: {'batch_size': 32, 'lr': 0.02, 'max_epochs': 128, 'module__n_features': 13, 'module__n_neurons': 16, 'module__nonlin': ReLU()}
2024-06-03 22:58:26,605 0.701402 (0.010459) with: {'batch_size': 32, 'lr': 0.02, 'max_epochs': 128, 'module__n_features': 13, 'module__n_neurons': 32, 'module__nonlin': Tanh()}
2024-06-03 22:58:26,605 0.694921 (0.016968) with: {'batch_size': 32, 'lr': 0.02, 'max_epochs': 128, 'module__n_features': 13, 'module__n_neurons': 32, 'module__nonlin': ReLU()}
2024-06-03 22:58:26,605 0.694516 (0.013009) with: {'batch_size': 32, 'lr': 0.02, 'max_epochs': 128, 'module__n_features': 13, 'module__n_neurons': 64, 'module__nonlin': Tanh()}
2024-06-03 22:58:26,605 0.681492 (0.020742) with: {'batch_size': 32, 'lr': 0.02, 'max_epochs': 128, 'module__n_features': 13, 'module__n_neurons': 64, 'module__nonlin': ReLU()}
2024-06-03 22:58:26,605 0.689950 (0.033737) with: {'batch_size': 32, 'lr': 0.02, 'max_epochs': 128, 'module__n_features': 13, 'module__n_neurons': 128, 'module__nonlin': Tanh()}
2024-06-03 22:58:26,605 0.689478 (0.016428) with: {'batch_size': 32, 'lr': 0.02, 'max_epochs': 128, 'module__n_features': 13, 'module__n_neurons': 128, 'module__nonlin': ReLU()}
2024-06-03 22:58:26,605 0.711949 (0.026931) with: {'batch_size': 32, 'lr': 0.02, 'max_epochs': 128, 'module__n_features': 13, 'module__n_neurons': 256, 'module__nonlin': Tanh()}
2024-06-03 22:58:26,605 0.684665 (0.017983) with: {'batch_size': 32, 'lr': 0.02, 'max_epochs': 128, 'module__n_features': 13, 'module__n_neurons': 256, 'module__nonlin': ReLU()}
2024-06-03 22:58:26,605 0.691703 (0.024349) with: {'batch_size': 64, 'lr': 0.001, 'max_epochs': 16, 'module__n_features': 13, 'module__n_neurons': 16, 'module__nonlin': Tanh()}
2024-06-03 22:58:26,605 0.671291 (0.019483) with: {'batch_size': 64, 'lr': 0.001, 'max_epochs': 16, 'module__n_features': 13, 'module__n_neurons': 16, 'module__nonlin': ReLU()}
2024-06-03 22:58:26,605 0.716883 (0.010359) with: {'batch_size': 64, 'lr': 0.001, 'max_epochs': 16, 'module__n_features': 13, 'module__n_neurons': 32, 'module__nonlin': Tanh()}
2024-06-03 22:58:26,605 0.698041 (0.018396) with: {'batch_size': 64, 'lr': 0.001, 'max_epochs': 16, 'module__n_features': 13, 'module__n_neurons': 32, 'module__nonlin': ReLU()}
2024-06-03 22:58:26,605 0.723219 (0.007288) with: {'batch_size': 64, 'lr': 0.001, 'max_epochs': 16, 'module__n_features': 13, 'module__n_neurons': 64, 'module__nonlin': Tanh()}
2024-06-03 22:58:26,605 0.717517 (0.006653) with: {'batch_size': 64, 'lr': 0.001, 'max_epochs': 16, 'module__n_features': 13, 'module__n_neurons': 64, 'module__nonlin': ReLU()}
2024-06-03 22:58:26,605 0.724485 (0.006005) with: {'batch_size': 64, 'lr': 0.001, 'max_epochs': 16, 'module__n_features': 13, 'module__n_neurons': 128, 'module__nonlin': Tanh()}
2024-06-03 22:58:26,605 0.718962 (0.008008) with: {'batch_size': 64, 'lr': 0.001, 'max_epochs': 16, 'module__n_features': 13, 'module__n_neurons': 128, 'module__nonlin': ReLU()}
2024-06-03 22:58:26,605 0.723826 (0.005883) with: {'batch_size': 64, 'lr': 0.001, 'max_epochs': 16, 'module__n_features': 13, 'module__n_neurons': 256, 'module__nonlin': Tanh()}
2024-06-03 22:58:26,605 0.719446 (0.009876) with: {'batch_size': 64, 'lr': 0.001, 'max_epochs': 16, 'module__n_features': 13, 'module__n_neurons': 256, 'module__nonlin': ReLU()}
2024-06-03 22:58:26,605 0.722283 (0.007082) with: {'batch_size': 64, 'lr': 0.001, 'max_epochs': 32, 'module__n_features': 13, 'module__n_neurons': 16, 'module__nonlin': Tanh()}
2024-06-03 22:58:26,605 0.713068 (0.009155) with: {'batch_size': 64, 'lr': 0.001, 'max_epochs': 32, 'module__n_features': 13, 'module__n_neurons': 16, 'module__nonlin': ReLU()}
2024-06-03 22:58:26,606 0.724488 (0.006843) with: {'batch_size': 64, 'lr': 0.001, 'max_epochs': 32, 'module__n_features': 13, 'module__n_neurons': 32, 'module__nonlin': Tanh()}
2024-06-03 22:58:26,606 0.720589 (0.004523) with: {'batch_size': 64, 'lr': 0.001, 'max_epochs': 32, 'module__n_features': 13, 'module__n_neurons': 32, 'module__nonlin': ReLU()}
2024-06-03 22:58:26,606 0.724669 (0.006248) with: {'batch_size': 64, 'lr': 0.001, 'max_epochs': 32, 'module__n_features': 13, 'module__n_neurons': 64, 'module__nonlin': Tanh()}
2024-06-03 22:58:26,606 0.721068 (0.008218) with: {'batch_size': 64, 'lr': 0.001, 'max_epochs': 32, 'module__n_features': 13, 'module__n_neurons': 64, 'module__nonlin': ReLU()}
2024-06-03 22:58:26,606 0.724450 (0.005674) with: {'batch_size': 64, 'lr': 0.001, 'max_epochs': 32, 'module__n_features': 13, 'module__n_neurons': 128, 'module__nonlin': Tanh()}
2024-06-03 22:58:26,606 0.721236 (0.007493) with: {'batch_size': 64, 'lr': 0.001, 'max_epochs': 32, 'module__n_features': 13, 'module__n_neurons': 128, 'module__nonlin': ReLU()}
2024-06-03 22:58:26,606 0.725161 (0.005650) with: {'batch_size': 64, 'lr': 0.001, 'max_epochs': 32, 'module__n_features': 13, 'module__n_neurons': 256, 'module__nonlin': Tanh()}
2024-06-03 22:58:26,606 0.720755 (0.008573) with: {'batch_size': 64, 'lr': 0.001, 'max_epochs': 32, 'module__n_features': 13, 'module__n_neurons': 256, 'module__nonlin': ReLU()}
2024-06-03 22:58:26,606 0.724861 (0.006460) with: {'batch_size': 64, 'lr': 0.001, 'max_epochs': 64, 'module__n_features': 13, 'module__n_neurons': 16, 'module__nonlin': Tanh()}
2024-06-03 22:58:26,606 0.724651 (0.007053) with: {'batch_size': 64, 'lr': 0.001, 'max_epochs': 64, 'module__n_features': 13, 'module__n_neurons': 16, 'module__nonlin': ReLU()}
2024-06-03 22:58:26,606 0.724810 (0.006325) with: {'batch_size': 64, 'lr': 0.001, 'max_epochs': 64, 'module__n_features': 13, 'module__n_neurons': 32, 'module__nonlin': Tanh()}
2024-06-03 22:58:26,606 0.723539 (0.008581) with: {'batch_size': 64, 'lr': 0.001, 'max_epochs': 64, 'module__n_features': 13, 'module__n_neurons': 32, 'module__nonlin': ReLU()}
2024-06-03 22:58:26,606 0.725123 (0.005868) with: {'batch_size': 64, 'lr': 0.001, 'max_epochs': 64, 'module__n_features': 13, 'module__n_neurons': 64, 'module__nonlin': Tanh()}
2024-06-03 22:58:26,606 0.722927 (0.008096) with: {'batch_size': 64, 'lr': 0.001, 'max_epochs': 64, 'module__n_features': 13, 'module__n_neurons': 64, 'module__nonlin': ReLU()}
2024-06-03 22:58:26,606 0.726291 (0.004688) with: {'batch_size': 64, 'lr': 0.001, 'max_epochs': 64, 'module__n_features': 13, 'module__n_neurons': 128, 'module__nonlin': Tanh()}
2024-06-03 22:58:26,606 0.721721 (0.009597) with: {'batch_size': 64, 'lr': 0.001, 'max_epochs': 64, 'module__n_features': 13, 'module__n_neurons': 128, 'module__nonlin': ReLU()}
2024-06-03 22:58:26,606 0.725340 (0.006097) with: {'batch_size': 64, 'lr': 0.001, 'max_epochs': 64, 'module__n_features': 13, 'module__n_neurons': 256, 'module__nonlin': Tanh()}
2024-06-03 22:58:26,606 0.720022 (0.010707) with: {'batch_size': 64, 'lr': 0.001, 'max_epochs': 64, 'module__n_features': 13, 'module__n_neurons': 256, 'module__nonlin': ReLU()}
2024-06-03 22:58:26,606 0.725341 (0.005346) with: {'batch_size': 64, 'lr': 0.001, 'max_epochs': 128, 'module__n_features': 13, 'module__n_neurons': 16, 'module__nonlin': Tanh()}
2024-06-03 22:58:26,606 0.724808 (0.006620) with: {'batch_size': 64, 'lr': 0.001, 'max_epochs': 128, 'module__n_features': 13, 'module__n_neurons': 16, 'module__nonlin': ReLU()}
2024-06-03 22:58:26,606 0.725777 (0.006449) with: {'batch_size': 64, 'lr': 0.001, 'max_epochs': 128, 'module__n_features': 13, 'module__n_neurons': 32, 'module__nonlin': Tanh()}
2024-06-03 22:58:26,606 0.722108 (0.009980) with: {'batch_size': 64, 'lr': 0.001, 'max_epochs': 128, 'module__n_features': 13, 'module__n_neurons': 32, 'module__nonlin': ReLU()}
2024-06-03 22:58:26,606 0.726606 (0.005495) with: {'batch_size': 64, 'lr': 0.001, 'max_epochs': 128, 'module__n_features': 13, 'module__n_neurons': 64, 'module__nonlin': Tanh()}
2024-06-03 22:58:26,606 0.720504 (0.010676) with: {'batch_size': 64, 'lr': 0.001, 'max_epochs': 128, 'module__n_features': 13, 'module__n_neurons': 64, 'module__nonlin': ReLU()}
2024-06-03 22:58:26,606 0.727641 (0.007418) with: {'batch_size': 64, 'lr': 0.001, 'max_epochs': 128, 'module__n_features': 13, 'module__n_neurons': 128, 'module__nonlin': Tanh()}
2024-06-03 22:58:26,606 0.719444 (0.010693) with: {'batch_size': 64, 'lr': 0.001, 'max_epochs': 128, 'module__n_features': 13, 'module__n_neurons': 128, 'module__nonlin': ReLU()}
2024-06-03 22:58:26,606 0.722091 (0.009636) with: {'batch_size': 64, 'lr': 0.001, 'max_epochs': 128, 'module__n_features': 13, 'module__n_neurons': 256, 'module__nonlin': Tanh()}
2024-06-03 22:58:26,606 0.711611 (0.011818) with: {'batch_size': 64, 'lr': 0.001, 'max_epochs': 128, 'module__n_features': 13, 'module__n_neurons': 256, 'module__nonlin': ReLU()}
2024-06-03 22:58:26,606 0.725039 (0.006035) with: {'batch_size': 64, 'lr': 0.01, 'max_epochs': 16, 'module__n_features': 13, 'module__n_neurons': 16, 'module__nonlin': Tanh()}
2024-06-03 22:58:26,606 0.724082 (0.007462) with: {'batch_size': 64, 'lr': 0.01, 'max_epochs': 16, 'module__n_features': 13, 'module__n_neurons': 16, 'module__nonlin': ReLU()}
2024-06-03 22:58:26,606 0.724987 (0.006017) with: {'batch_size': 64, 'lr': 0.01, 'max_epochs': 16, 'module__n_features': 13, 'module__n_neurons': 32, 'module__nonlin': Tanh()}
2024-06-03 22:58:26,606 0.723623 (0.008248) with: {'batch_size': 64, 'lr': 0.01, 'max_epochs': 16, 'module__n_features': 13, 'module__n_neurons': 32, 'module__nonlin': ReLU()}
2024-06-03 22:58:26,606 0.723308 (0.005751) with: {'batch_size': 64, 'lr': 0.01, 'max_epochs': 16, 'module__n_features': 13, 'module__n_neurons': 64, 'module__nonlin': Tanh()}
2024-06-03 22:58:26,606 0.720958 (0.008005) with: {'batch_size': 64, 'lr': 0.01, 'max_epochs': 16, 'module__n_features': 13, 'module__n_neurons': 64, 'module__nonlin': ReLU()}
2024-06-03 22:58:26,606 0.724622 (0.006331) with: {'batch_size': 64, 'lr': 0.01, 'max_epochs': 16, 'module__n_features': 13, 'module__n_neurons': 128, 'module__nonlin': Tanh()}
2024-06-03 22:58:26,606 0.719400 (0.008910) with: {'batch_size': 64, 'lr': 0.01, 'max_epochs': 16, 'module__n_features': 13, 'module__n_neurons': 128, 'module__nonlin': ReLU()}
2024-06-03 22:58:26,606 0.723043 (0.008742) with: {'batch_size': 64, 'lr': 0.01, 'max_epochs': 16, 'module__n_features': 13, 'module__n_neurons': 256, 'module__nonlin': Tanh()}
2024-06-03 22:58:26,606 0.719314 (0.008723) with: {'batch_size': 64, 'lr': 0.01, 'max_epochs': 16, 'module__n_features': 13, 'module__n_neurons': 256, 'module__nonlin': ReLU()}
2024-06-03 22:58:26,606 0.726188 (0.006194) with: {'batch_size': 64, 'lr': 0.01, 'max_epochs': 32, 'module__n_features': 13, 'module__n_neurons': 16, 'module__nonlin': Tanh()}
2024-06-03 22:58:26,606 0.724244 (0.005569) with: {'batch_size': 64, 'lr': 0.01, 'max_epochs': 32, 'module__n_features': 13, 'module__n_neurons': 16, 'module__nonlin': ReLU()}
2024-06-03 22:58:26,606 0.725437 (0.005512) with: {'batch_size': 64, 'lr': 0.01, 'max_epochs': 32, 'module__n_features': 13, 'module__n_neurons': 32, 'module__nonlin': Tanh()}
2024-06-03 22:58:26,606 0.722646 (0.008391) with: {'batch_size': 64, 'lr': 0.01, 'max_epochs': 32, 'module__n_features': 13, 'module__n_neurons': 32, 'module__nonlin': ReLU()}
2024-06-03 22:58:26,606 0.723022 (0.003790) with: {'batch_size': 64, 'lr': 0.01, 'max_epochs': 32, 'module__n_features': 13, 'module__n_neurons': 64, 'module__nonlin': Tanh()}
2024-06-03 22:58:26,606 0.720114 (0.010048) with: {'batch_size': 64, 'lr': 0.01, 'max_epochs': 32, 'module__n_features': 13, 'module__n_neurons': 64, 'module__nonlin': ReLU()}
2024-06-03 22:58:26,606 0.720876 (0.006448) with: {'batch_size': 64, 'lr': 0.01, 'max_epochs': 32, 'module__n_features': 13, 'module__n_neurons': 128, 'module__nonlin': Tanh()}
2024-06-03 22:58:26,606 0.715853 (0.011308) with: {'batch_size': 64, 'lr': 0.01, 'max_epochs': 32, 'module__n_features': 13, 'module__n_neurons': 128, 'module__nonlin': ReLU()}
2024-06-03 22:58:26,606 0.717832 (0.007192) with: {'batch_size': 64, 'lr': 0.01, 'max_epochs': 32, 'module__n_features': 13, 'module__n_neurons': 256, 'module__nonlin': Tanh()}
2024-06-03 22:58:26,606 0.715310 (0.012205) with: {'batch_size': 64, 'lr': 0.01, 'max_epochs': 32, 'module__n_features': 13, 'module__n_neurons': 256, 'module__nonlin': ReLU()}
2024-06-03 22:58:26,606 0.725575 (0.006766) with: {'batch_size': 64, 'lr': 0.01, 'max_epochs': 64, 'module__n_features': 13, 'module__n_neurons': 16, 'module__nonlin': Tanh()}
2024-06-03 22:58:26,607 0.725058 (0.009627) with: {'batch_size': 64, 'lr': 0.01, 'max_epochs': 64, 'module__n_features': 13, 'module__n_neurons': 16, 'module__nonlin': ReLU()}
2024-06-03 22:58:26,607 0.720081 (0.010245) with: {'batch_size': 64, 'lr': 0.01, 'max_epochs': 64, 'module__n_features': 13, 'module__n_neurons': 32, 'module__nonlin': Tanh()}
2024-06-03 22:58:26,607 0.717693 (0.010762) with: {'batch_size': 64, 'lr': 0.01, 'max_epochs': 64, 'module__n_features': 13, 'module__n_neurons': 32, 'module__nonlin': ReLU()}
2024-06-03 22:58:26,607 0.718701 (0.011072) with: {'batch_size': 64, 'lr': 0.01, 'max_epochs': 64, 'module__n_features': 13, 'module__n_neurons': 64, 'module__nonlin': Tanh()}
2024-06-03 22:58:26,607 0.710985 (0.012107) with: {'batch_size': 64, 'lr': 0.01, 'max_epochs': 64, 'module__n_features': 13, 'module__n_neurons': 64, 'module__nonlin': ReLU()}
2024-06-03 22:58:26,607 0.715661 (0.012314) with: {'batch_size': 64, 'lr': 0.01, 'max_epochs': 64, 'module__n_features': 13, 'module__n_neurons': 128, 'module__nonlin': Tanh()}
2024-06-03 22:58:26,607 0.700678 (0.015007) with: {'batch_size': 64, 'lr': 0.01, 'max_epochs': 64, 'module__n_features': 13, 'module__n_neurons': 128, 'module__nonlin': ReLU()}
2024-06-03 22:58:26,607 0.712541 (0.014371) with: {'batch_size': 64, 'lr': 0.01, 'max_epochs': 64, 'module__n_features': 13, 'module__n_neurons': 256, 'module__nonlin': Tanh()}
2024-06-03 22:58:26,607 0.696740 (0.017615) with: {'batch_size': 64, 'lr': 0.01, 'max_epochs': 64, 'module__n_features': 13, 'module__n_neurons': 256, 'module__nonlin': ReLU()}
2024-06-03 22:58:26,607 0.719209 (0.013068) with: {'batch_size': 64, 'lr': 0.01, 'max_epochs': 128, 'module__n_features': 13, 'module__n_neurons': 16, 'module__nonlin': Tanh()}
2024-06-03 22:58:26,607 0.717376 (0.011616) with: {'batch_size': 64, 'lr': 0.01, 'max_epochs': 128, 'module__n_features': 13, 'module__n_neurons': 16, 'module__nonlin': ReLU()}
2024-06-03 22:58:26,607 0.708829 (0.013974) with: {'batch_size': 64, 'lr': 0.01, 'max_epochs': 128, 'module__n_features': 13, 'module__n_neurons': 32, 'module__nonlin': Tanh()}
2024-06-03 22:58:26,607 0.702284 (0.018746) with: {'batch_size': 64, 'lr': 0.01, 'max_epochs': 128, 'module__n_features': 13, 'module__n_neurons': 32, 'module__nonlin': ReLU()}
2024-06-03 22:58:26,607 0.698965 (0.015455) with: {'batch_size': 64, 'lr': 0.01, 'max_epochs': 128, 'module__n_features': 13, 'module__n_neurons': 64, 'module__nonlin': Tanh()}
2024-06-03 22:58:26,607 0.693671 (0.017047) with: {'batch_size': 64, 'lr': 0.01, 'max_epochs': 128, 'module__n_features': 13, 'module__n_neurons': 64, 'module__nonlin': ReLU()}
2024-06-03 22:58:26,607 0.682014 (0.017369) with: {'batch_size': 64, 'lr': 0.01, 'max_epochs': 128, 'module__n_features': 13, 'module__n_neurons': 128, 'module__nonlin': Tanh()}
2024-06-03 22:58:26,607 0.683852 (0.021150) with: {'batch_size': 64, 'lr': 0.01, 'max_epochs': 128, 'module__n_features': 13, 'module__n_neurons': 128, 'module__nonlin': ReLU()}
2024-06-03 22:58:26,607 0.680856 (0.020522) with: {'batch_size': 64, 'lr': 0.01, 'max_epochs': 128, 'module__n_features': 13, 'module__n_neurons': 256, 'module__nonlin': Tanh()}
2024-06-03 22:58:26,607 0.676030 (0.022933) with: {'batch_size': 64, 'lr': 0.01, 'max_epochs': 128, 'module__n_features': 13, 'module__n_neurons': 256, 'module__nonlin': ReLU()}
2024-06-03 22:58:26,607 0.724685 (0.005902) with: {'batch_size': 64, 'lr': 0.02, 'max_epochs': 16, 'module__n_features': 13, 'module__n_neurons': 16, 'module__nonlin': Tanh()}
2024-06-03 22:58:26,607 0.724365 (0.008130) with: {'batch_size': 64, 'lr': 0.02, 'max_epochs': 16, 'module__n_features': 13, 'module__n_neurons': 16, 'module__nonlin': ReLU()}
2024-06-03 22:58:26,607 0.723980 (0.005649) with: {'batch_size': 64, 'lr': 0.02, 'max_epochs': 16, 'module__n_features': 13, 'module__n_neurons': 32, 'module__nonlin': Tanh()}
2024-06-03 22:58:26,607 0.723942 (0.008959) with: {'batch_size': 64, 'lr': 0.02, 'max_epochs': 16, 'module__n_features': 13, 'module__n_neurons': 32, 'module__nonlin': ReLU()}
2024-06-03 22:58:26,607 0.722393 (0.004445) with: {'batch_size': 64, 'lr': 0.02, 'max_epochs': 16, 'module__n_features': 13, 'module__n_neurons': 64, 'module__nonlin': Tanh()}
2024-06-03 22:58:26,607 0.720855 (0.007013) with: {'batch_size': 64, 'lr': 0.02, 'max_epochs': 16, 'module__n_features': 13, 'module__n_neurons': 64, 'module__nonlin': ReLU()}
2024-06-03 22:58:26,607 0.720722 (0.007787) with: {'batch_size': 64, 'lr': 0.02, 'max_epochs': 16, 'module__n_features': 13, 'module__n_neurons': 128, 'module__nonlin': Tanh()}
2024-06-03 22:58:26,607 0.720706 (0.008771) with: {'batch_size': 64, 'lr': 0.02, 'max_epochs': 16, 'module__n_features': 13, 'module__n_neurons': 128, 'module__nonlin': ReLU()}
2024-06-03 22:58:26,607 0.721219 (0.005730) with: {'batch_size': 64, 'lr': 0.02, 'max_epochs': 16, 'module__n_features': 13, 'module__n_neurons': 256, 'module__nonlin': Tanh()}
2024-06-03 22:58:26,607 0.715747 (0.009298) with: {'batch_size': 64, 'lr': 0.02, 'max_epochs': 16, 'module__n_features': 13, 'module__n_neurons': 256, 'module__nonlin': ReLU()}
2024-06-03 22:58:26,607 0.725532 (0.004494) with: {'batch_size': 64, 'lr': 0.02, 'max_epochs': 32, 'module__n_features': 13, 'module__n_neurons': 16, 'module__nonlin': Tanh()}
2024-06-03 22:58:26,607 0.721448 (0.008041) with: {'batch_size': 64, 'lr': 0.02, 'max_epochs': 32, 'module__n_features': 13, 'module__n_neurons': 16, 'module__nonlin': ReLU()}
2024-06-03 22:58:26,607 0.724600 (0.004822) with: {'batch_size': 64, 'lr': 0.02, 'max_epochs': 32, 'module__n_features': 13, 'module__n_neurons': 32, 'module__nonlin': Tanh()}
2024-06-03 22:58:26,607 0.721910 (0.009859) with: {'batch_size': 64, 'lr': 0.02, 'max_epochs': 32, 'module__n_features': 13, 'module__n_neurons': 32, 'module__nonlin': ReLU()}
2024-06-03 22:58:26,607 0.720031 (0.006909) with: {'batch_size': 64, 'lr': 0.02, 'max_epochs': 32, 'module__n_features': 13, 'module__n_neurons': 64, 'module__nonlin': Tanh()}
2024-06-03 22:58:26,607 0.719575 (0.013173) with: {'batch_size': 64, 'lr': 0.02, 'max_epochs': 32, 'module__n_features': 13, 'module__n_neurons': 64, 'module__nonlin': ReLU()}
2024-06-03 22:58:26,607 0.710673 (0.010099) with: {'batch_size': 64, 'lr': 0.02, 'max_epochs': 32, 'module__n_features': 13, 'module__n_neurons': 128, 'module__nonlin': Tanh()}
2024-06-03 22:58:26,607 0.716112 (0.013970) with: {'batch_size': 64, 'lr': 0.02, 'max_epochs': 32, 'module__n_features': 13, 'module__n_neurons': 128, 'module__nonlin': ReLU()}
2024-06-03 22:58:26,607 0.692986 (0.043139) with: {'batch_size': 64, 'lr': 0.02, 'max_epochs': 32, 'module__n_features': 13, 'module__n_neurons': 256, 'module__nonlin': Tanh()}
2024-06-03 22:58:26,607 0.716742 (0.014237) with: {'batch_size': 64, 'lr': 0.02, 'max_epochs': 32, 'module__n_features': 13, 'module__n_neurons': 256, 'module__nonlin': ReLU()}
2024-06-03 22:58:26,607 0.719873 (0.009376) with: {'batch_size': 64, 'lr': 0.02, 'max_epochs': 64, 'module__n_features': 13, 'module__n_neurons': 16, 'module__nonlin': Tanh()}
2024-06-03 22:58:26,607 0.719946 (0.008143) with: {'batch_size': 64, 'lr': 0.02, 'max_epochs': 64, 'module__n_features': 13, 'module__n_neurons': 16, 'module__nonlin': ReLU()}
2024-06-03 22:58:26,607 0.715346 (0.011064) with: {'batch_size': 64, 'lr': 0.02, 'max_epochs': 64, 'module__n_features': 13, 'module__n_neurons': 32, 'module__nonlin': Tanh()}
2024-06-03 22:58:26,607 0.715233 (0.011964) with: {'batch_size': 64, 'lr': 0.02, 'max_epochs': 64, 'module__n_features': 13, 'module__n_neurons': 32, 'module__nonlin': ReLU()}
2024-06-03 22:58:26,607 0.710773 (0.013412) with: {'batch_size': 64, 'lr': 0.02, 'max_epochs': 64, 'module__n_features': 13, 'module__n_neurons': 64, 'module__nonlin': Tanh()}
2024-06-03 22:58:26,607 0.705190 (0.015324) with: {'batch_size': 64, 'lr': 0.02, 'max_epochs': 64, 'module__n_features': 13, 'module__n_neurons': 64, 'module__nonlin': ReLU()}
2024-06-03 22:58:26,607 0.711708 (0.011593) with: {'batch_size': 64, 'lr': 0.02, 'max_epochs': 64, 'module__n_features': 13, 'module__n_neurons': 128, 'module__nonlin': Tanh()}
2024-06-03 22:58:26,607 0.696785 (0.014194) with: {'batch_size': 64, 'lr': 0.02, 'max_epochs': 64, 'module__n_features': 13, 'module__n_neurons': 128, 'module__nonlin': ReLU()}
2024-06-03 22:58:26,607 0.675641 (0.071770) with: {'batch_size': 64, 'lr': 0.02, 'max_epochs': 64, 'module__n_features': 13, 'module__n_neurons': 256, 'module__nonlin': Tanh()}
2024-06-03 22:58:26,608 0.698761 (0.016447) with: {'batch_size': 64, 'lr': 0.02, 'max_epochs': 64, 'module__n_features': 13, 'module__n_neurons': 256, 'module__nonlin': ReLU()}
2024-06-03 22:58:26,608 0.709447 (0.014821) with: {'batch_size': 64, 'lr': 0.02, 'max_epochs': 128, 'module__n_features': 13, 'module__n_neurons': 16, 'module__nonlin': Tanh()}
2024-06-03 22:58:26,608 0.706728 (0.012040) with: {'batch_size': 64, 'lr': 0.02, 'max_epochs': 128, 'module__n_features': 13, 'module__n_neurons': 16, 'module__nonlin': ReLU()}
2024-06-03 22:58:26,608 0.693023 (0.016739) with: {'batch_size': 64, 'lr': 0.02, 'max_epochs': 128, 'module__n_features': 13, 'module__n_neurons': 32, 'module__nonlin': Tanh()}
2024-06-03 22:58:26,608 0.700425 (0.017122) with: {'batch_size': 64, 'lr': 0.02, 'max_epochs': 128, 'module__n_features': 13, 'module__n_neurons': 32, 'module__nonlin': ReLU()}
2024-06-03 22:58:26,608 0.690348 (0.013695) with: {'batch_size': 64, 'lr': 0.02, 'max_epochs': 128, 'module__n_features': 13, 'module__n_neurons': 64, 'module__nonlin': Tanh()}
2024-06-03 22:58:26,608 0.683540 (0.020095) with: {'batch_size': 64, 'lr': 0.02, 'max_epochs': 128, 'module__n_features': 13, 'module__n_neurons': 64, 'module__nonlin': ReLU()}
2024-06-03 22:58:26,608 0.691618 (0.017086) with: {'batch_size': 64, 'lr': 0.02, 'max_epochs': 128, 'module__n_features': 13, 'module__n_neurons': 128, 'module__nonlin': Tanh()}
2024-06-03 22:58:26,608 0.673912 (0.013200) with: {'batch_size': 64, 'lr': 0.02, 'max_epochs': 128, 'module__n_features': 13, 'module__n_neurons': 128, 'module__nonlin': ReLU()}
2024-06-03 22:58:26,608 0.702834 (0.020475) with: {'batch_size': 64, 'lr': 0.02, 'max_epochs': 128, 'module__n_features': 13, 'module__n_neurons': 256, 'module__nonlin': Tanh()}
2024-06-03 22:58:26,608 0.671984 (0.024301) with: {'batch_size': 64, 'lr': 0.02, 'max_epochs': 128, 'module__n_features': 13, 'module__n_neurons': 256, 'module__nonlin': ReLU()}
2024-06-03 22:58:26,608 0.668416 (0.018243) with: {'batch_size': 128, 'lr': 0.001, 'max_epochs': 16, 'module__n_features': 13, 'module__n_neurons': 16, 'module__nonlin': Tanh()}
2024-06-03 22:58:26,608 0.650776 (0.021347) with: {'batch_size': 128, 'lr': 0.001, 'max_epochs': 16, 'module__n_features': 13, 'module__n_neurons': 16, 'module__nonlin': ReLU()}
2024-06-03 22:58:26,608 0.696898 (0.018202) with: {'batch_size': 128, 'lr': 0.001, 'max_epochs': 16, 'module__n_features': 13, 'module__n_neurons': 32, 'module__nonlin': Tanh()}
2024-06-03 22:58:26,608 0.674196 (0.017634) with: {'batch_size': 128, 'lr': 0.001, 'max_epochs': 16, 'module__n_features': 13, 'module__n_neurons': 32, 'module__nonlin': ReLU()}
2024-06-03 22:58:26,608 0.721499 (0.007631) with: {'batch_size': 128, 'lr': 0.001, 'max_epochs': 16, 'module__n_features': 13, 'module__n_neurons': 64, 'module__nonlin': Tanh()}
2024-06-03 22:58:26,608 0.705159 (0.011996) with: {'batch_size': 128, 'lr': 0.001, 'max_epochs': 16, 'module__n_features': 13, 'module__n_neurons': 64, 'module__nonlin': ReLU()}
2024-06-03 22:58:26,608 0.723106 (0.006682) with: {'batch_size': 128, 'lr': 0.001, 'max_epochs': 16, 'module__n_features': 13, 'module__n_neurons': 128, 'module__nonlin': Tanh()}
2024-06-03 22:58:26,608 0.717867 (0.005655) with: {'batch_size': 128, 'lr': 0.001, 'max_epochs': 16, 'module__n_features': 13, 'module__n_neurons': 128, 'module__nonlin': ReLU()}
2024-06-03 22:58:26,608 0.723253 (0.006253) with: {'batch_size': 128, 'lr': 0.001, 'max_epochs': 16, 'module__n_features': 13, 'module__n_neurons': 256, 'module__nonlin': Tanh()}
2024-06-03 22:58:26,608 0.720111 (0.008026) with: {'batch_size': 128, 'lr': 0.001, 'max_epochs': 16, 'module__n_features': 13, 'module__n_neurons': 256, 'module__nonlin': ReLU()}
2024-06-03 22:58:26,608 0.709402 (0.019160) with: {'batch_size': 128, 'lr': 0.001, 'max_epochs': 32, 'module__n_features': 13, 'module__n_neurons': 16, 'module__nonlin': Tanh()}
2024-06-03 22:58:26,608 0.693811 (0.014045) with: {'batch_size': 128, 'lr': 0.001, 'max_epochs': 32, 'module__n_features': 13, 'module__n_neurons': 16, 'module__nonlin': ReLU()}
2024-06-03 22:58:26,608 0.720792 (0.007245) with: {'batch_size': 128, 'lr': 0.001, 'max_epochs': 32, 'module__n_features': 13, 'module__n_neurons': 32, 'module__nonlin': Tanh()}
2024-06-03 22:58:26,608 0.712782 (0.008795) with: {'batch_size': 128, 'lr': 0.001, 'max_epochs': 32, 'module__n_features': 13, 'module__n_neurons': 32, 'module__nonlin': ReLU()}
2024-06-03 22:58:26,608 0.724386 (0.006649) with: {'batch_size': 128, 'lr': 0.001, 'max_epochs': 32, 'module__n_features': 13, 'module__n_neurons': 64, 'module__nonlin': Tanh()}
2024-06-03 22:58:26,608 0.720120 (0.006896) with: {'batch_size': 128, 'lr': 0.001, 'max_epochs': 32, 'module__n_features': 13, 'module__n_neurons': 64, 'module__nonlin': ReLU()}
2024-06-03 22:58:26,608 0.723476 (0.006708) with: {'batch_size': 128, 'lr': 0.001, 'max_epochs': 32, 'module__n_features': 13, 'module__n_neurons': 128, 'module__nonlin': Tanh()}
2024-06-03 22:58:26,608 0.719759 (0.009023) with: {'batch_size': 128, 'lr': 0.001, 'max_epochs': 32, 'module__n_features': 13, 'module__n_neurons': 128, 'module__nonlin': ReLU()}
2024-06-03 22:58:26,608 0.723827 (0.005883) with: {'batch_size': 128, 'lr': 0.001, 'max_epochs': 32, 'module__n_features': 13, 'module__n_neurons': 256, 'module__nonlin': Tanh()}
2024-06-03 22:58:26,608 0.719036 (0.008308) with: {'batch_size': 128, 'lr': 0.001, 'max_epochs': 32, 'module__n_features': 13, 'module__n_neurons': 256, 'module__nonlin': ReLU()}
2024-06-03 22:58:26,608 0.723845 (0.006657) with: {'batch_size': 128, 'lr': 0.001, 'max_epochs': 64, 'module__n_features': 13, 'module__n_neurons': 16, 'module__nonlin': Tanh()}
2024-06-03 22:58:26,608 0.719581 (0.006342) with: {'batch_size': 128, 'lr': 0.001, 'max_epochs': 64, 'module__n_features': 13, 'module__n_neurons': 16, 'module__nonlin': ReLU()}
2024-06-03 22:58:26,608 0.724748 (0.006497) with: {'batch_size': 128, 'lr': 0.001, 'max_epochs': 64, 'module__n_features': 13, 'module__n_neurons': 32, 'module__nonlin': Tanh()}
2024-06-03 22:58:26,608 0.722110 (0.004942) with: {'batch_size': 128, 'lr': 0.001, 'max_epochs': 64, 'module__n_features': 13, 'module__n_neurons': 32, 'module__nonlin': ReLU()}
2024-06-03 22:58:26,608 0.723891 (0.006614) with: {'batch_size': 128, 'lr': 0.001, 'max_epochs': 64, 'module__n_features': 13, 'module__n_neurons': 64, 'module__nonlin': Tanh()}
2024-06-03 22:58:26,608 0.720449 (0.008804) with: {'batch_size': 128, 'lr': 0.001, 'max_epochs': 64, 'module__n_features': 13, 'module__n_neurons': 64, 'module__nonlin': ReLU()}
2024-06-03 22:58:26,608 0.723975 (0.005644) with: {'batch_size': 128, 'lr': 0.001, 'max_epochs': 64, 'module__n_features': 13, 'module__n_neurons': 128, 'module__nonlin': Tanh()}
2024-06-03 22:58:26,608 0.719776 (0.008682) with: {'batch_size': 128, 'lr': 0.001, 'max_epochs': 64, 'module__n_features': 13, 'module__n_neurons': 128, 'module__nonlin': ReLU()}
2024-06-03 22:58:26,608 0.725479 (0.005046) with: {'batch_size': 128, 'lr': 0.001, 'max_epochs': 64, 'module__n_features': 13, 'module__n_neurons': 256, 'module__nonlin': Tanh()}
2024-06-03 22:58:26,608 0.719016 (0.010462) with: {'batch_size': 128, 'lr': 0.001, 'max_epochs': 64, 'module__n_features': 13, 'module__n_neurons': 256, 'module__nonlin': ReLU()}
2024-06-03 22:58:26,608 0.723579 (0.006655) with: {'batch_size': 128, 'lr': 0.001, 'max_epochs': 128, 'module__n_features': 13, 'module__n_neurons': 16, 'module__nonlin': Tanh()}
2024-06-03 22:58:26,608 0.722217 (0.006760) with: {'batch_size': 128, 'lr': 0.001, 'max_epochs': 128, 'module__n_features': 13, 'module__n_neurons': 16, 'module__nonlin': ReLU()}
2024-06-03 22:58:26,608 0.724354 (0.006146) with: {'batch_size': 128, 'lr': 0.001, 'max_epochs': 128, 'module__n_features': 13, 'module__n_neurons': 32, 'module__nonlin': Tanh()}
2024-06-03 22:58:26,608 0.721003 (0.008312) with: {'batch_size': 128, 'lr': 0.001, 'max_epochs': 128, 'module__n_features': 13, 'module__n_neurons': 32, 'module__nonlin': ReLU()}
2024-06-03 22:58:26,608 0.724561 (0.005415) with: {'batch_size': 128, 'lr': 0.001, 'max_epochs': 128, 'module__n_features': 13, 'module__n_neurons': 64, 'module__nonlin': Tanh()}
2024-06-03 22:58:26,608 0.718951 (0.009522) with: {'batch_size': 128, 'lr': 0.001, 'max_epochs': 128, 'module__n_features': 13, 'module__n_neurons': 64, 'module__nonlin': ReLU()}
2024-06-03 22:58:26,608 0.724041 (0.005578) with: {'batch_size': 128, 'lr': 0.001, 'max_epochs': 128, 'module__n_features': 13, 'module__n_neurons': 128, 'module__nonlin': Tanh()}
2024-06-03 22:58:26,608 0.718651 (0.010175) with: {'batch_size': 128, 'lr': 0.001, 'max_epochs': 128, 'module__n_features': 13, 'module__n_neurons': 128, 'module__nonlin': ReLU()}
2024-06-03 22:58:26,608 0.722433 (0.009646) with: {'batch_size': 128, 'lr': 0.001, 'max_epochs': 128, 'module__n_features': 13, 'module__n_neurons': 256, 'module__nonlin': Tanh()}
2024-06-03 22:58:26,609 0.714535 (0.010268) with: {'batch_size': 128, 'lr': 0.001, 'max_epochs': 128, 'module__n_features': 13, 'module__n_neurons': 256, 'module__nonlin': ReLU()}
2024-06-03 22:58:26,609 0.724736 (0.006397) with: {'batch_size': 128, 'lr': 0.01, 'max_epochs': 16, 'module__n_features': 13, 'module__n_neurons': 16, 'module__nonlin': Tanh()}
2024-06-03 22:58:26,609 0.723148 (0.005875) with: {'batch_size': 128, 'lr': 0.01, 'max_epochs': 16, 'module__n_features': 13, 'module__n_neurons': 16, 'module__nonlin': ReLU()}
2024-06-03 22:58:26,609 0.725275 (0.005852) with: {'batch_size': 128, 'lr': 0.01, 'max_epochs': 16, 'module__n_features': 13, 'module__n_neurons': 32, 'module__nonlin': Tanh()}
2024-06-03 22:58:26,609 0.722504 (0.007506) with: {'batch_size': 128, 'lr': 0.01, 'max_epochs': 16, 'module__n_features': 13, 'module__n_neurons': 32, 'module__nonlin': ReLU()}
2024-06-03 22:58:26,609 0.725051 (0.005668) with: {'batch_size': 128, 'lr': 0.01, 'max_epochs': 16, 'module__n_features': 13, 'module__n_neurons': 64, 'module__nonlin': Tanh()}
2024-06-03 22:58:26,609 0.719895 (0.007352) with: {'batch_size': 128, 'lr': 0.01, 'max_epochs': 16, 'module__n_features': 13, 'module__n_neurons': 64, 'module__nonlin': ReLU()}
2024-06-03 22:58:26,609 0.724544 (0.005431) with: {'batch_size': 128, 'lr': 0.01, 'max_epochs': 16, 'module__n_features': 13, 'module__n_neurons': 128, 'module__nonlin': Tanh()}
2024-06-03 22:58:26,609 0.719795 (0.007390) with: {'batch_size': 128, 'lr': 0.01, 'max_epochs': 16, 'module__n_features': 13, 'module__n_neurons': 128, 'module__nonlin': ReLU()}
2024-06-03 22:58:26,609 0.722834 (0.007266) with: {'batch_size': 128, 'lr': 0.01, 'max_epochs': 16, 'module__n_features': 13, 'module__n_neurons': 256, 'module__nonlin': Tanh()}
2024-06-03 22:58:26,609 0.719391 (0.011204) with: {'batch_size': 128, 'lr': 0.01, 'max_epochs': 16, 'module__n_features': 13, 'module__n_neurons': 256, 'module__nonlin': ReLU()}
2024-06-03 22:58:26,609 0.724820 (0.006269) with: {'batch_size': 128, 'lr': 0.01, 'max_epochs': 32, 'module__n_features': 13, 'module__n_neurons': 16, 'module__nonlin': Tanh()}
2024-06-03 22:58:26,609 0.722745 (0.007579) with: {'batch_size': 128, 'lr': 0.01, 'max_epochs': 32, 'module__n_features': 13, 'module__n_neurons': 16, 'module__nonlin': ReLU()}
2024-06-03 22:58:26,609 0.726462 (0.005912) with: {'batch_size': 128, 'lr': 0.01, 'max_epochs': 32, 'module__n_features': 13, 'module__n_neurons': 32, 'module__nonlin': Tanh()}
2024-06-03 22:58:26,609 0.721546 (0.007970) with: {'batch_size': 128, 'lr': 0.01, 'max_epochs': 32, 'module__n_features': 13, 'module__n_neurons': 32, 'module__nonlin': ReLU()}
2024-06-03 22:58:26,609 0.725729 (0.005371) with: {'batch_size': 128, 'lr': 0.01, 'max_epochs': 32, 'module__n_features': 13, 'module__n_neurons': 64, 'module__nonlin': Tanh()}
2024-06-03 22:58:26,609 0.719271 (0.009646) with: {'batch_size': 128, 'lr': 0.01, 'max_epochs': 32, 'module__n_features': 13, 'module__n_neurons': 64, 'module__nonlin': ReLU()}
2024-06-03 22:58:26,609 0.723601 (0.005706) with: {'batch_size': 128, 'lr': 0.01, 'max_epochs': 32, 'module__n_features': 13, 'module__n_neurons': 128, 'module__nonlin': Tanh()}
2024-06-03 22:58:26,609 0.718428 (0.011491) with: {'batch_size': 128, 'lr': 0.01, 'max_epochs': 32, 'module__n_features': 13, 'module__n_neurons': 128, 'module__nonlin': ReLU()}
2024-06-03 22:58:26,609 0.720534 (0.011551) with: {'batch_size': 128, 'lr': 0.01, 'max_epochs': 32, 'module__n_features': 13, 'module__n_neurons': 256, 'module__nonlin': Tanh()}
2024-06-03 22:58:26,609 0.713795 (0.013365) with: {'batch_size': 128, 'lr': 0.01, 'max_epochs': 32, 'module__n_features': 13, 'module__n_neurons': 256, 'module__nonlin': ReLU()}
2024-06-03 22:58:26,609 0.727280 (0.006312) with: {'batch_size': 128, 'lr': 0.01, 'max_epochs': 64, 'module__n_features': 13, 'module__n_neurons': 16, 'module__nonlin': Tanh()}
2024-06-03 22:58:26,609 0.723166 (0.007006) with: {'batch_size': 128, 'lr': 0.01, 'max_epochs': 64, 'module__n_features': 13, 'module__n_neurons': 16, 'module__nonlin': ReLU()}
2024-06-03 22:58:26,609 0.726074 (0.007806) with: {'batch_size': 128, 'lr': 0.01, 'max_epochs': 64, 'module__n_features': 13, 'module__n_neurons': 32, 'module__nonlin': Tanh()}
2024-06-03 22:58:26,609 0.718565 (0.011205) with: {'batch_size': 128, 'lr': 0.01, 'max_epochs': 64, 'module__n_features': 13, 'module__n_neurons': 32, 'module__nonlin': ReLU()}
2024-06-03 22:58:26,609 0.718616 (0.011676) with: {'batch_size': 128, 'lr': 0.01, 'max_epochs': 64, 'module__n_features': 13, 'module__n_neurons': 64, 'module__nonlin': Tanh()}
2024-06-03 22:58:26,609 0.714454 (0.016040) with: {'batch_size': 128, 'lr': 0.01, 'max_epochs': 64, 'module__n_features': 13, 'module__n_neurons': 64, 'module__nonlin': ReLU()}
2024-06-03 22:58:26,609 0.714899 (0.009347) with: {'batch_size': 128, 'lr': 0.01, 'max_epochs': 64, 'module__n_features': 13, 'module__n_neurons': 128, 'module__nonlin': Tanh()}
2024-06-03 22:58:26,609 0.698763 (0.018037) with: {'batch_size': 128, 'lr': 0.01, 'max_epochs': 64, 'module__n_features': 13, 'module__n_neurons': 128, 'module__nonlin': ReLU()}
2024-06-03 22:58:26,609 0.706178 (0.011676) with: {'batch_size': 128, 'lr': 0.01, 'max_epochs': 64, 'module__n_features': 13, 'module__n_neurons': 256, 'module__nonlin': Tanh()}
2024-06-03 22:58:26,609 0.693904 (0.013971) with: {'batch_size': 128, 'lr': 0.01, 'max_epochs': 64, 'module__n_features': 13, 'module__n_neurons': 256, 'module__nonlin': ReLU()}
2024-06-03 22:58:26,609 0.722498 (0.010415) with: {'batch_size': 128, 'lr': 0.01, 'max_epochs': 128, 'module__n_features': 13, 'module__n_neurons': 16, 'module__nonlin': Tanh()}
2024-06-03 22:58:26,609 0.721210 (0.007759) with: {'batch_size': 128, 'lr': 0.01, 'max_epochs': 128, 'module__n_features': 13, 'module__n_neurons': 16, 'module__nonlin': ReLU()}
2024-06-03 22:58:26,609 0.710824 (0.015838) with: {'batch_size': 128, 'lr': 0.01, 'max_epochs': 128, 'module__n_features': 13, 'module__n_neurons': 32, 'module__nonlin': Tanh()}
2024-06-03 22:58:26,609 0.714853 (0.013651) with: {'batch_size': 128, 'lr': 0.01, 'max_epochs': 128, 'module__n_features': 13, 'module__n_neurons': 32, 'module__nonlin': ReLU()}
2024-06-03 22:58:26,609 0.696478 (0.014791) with: {'batch_size': 128, 'lr': 0.01, 'max_epochs': 128, 'module__n_features': 13, 'module__n_neurons': 64, 'module__nonlin': Tanh()}
2024-06-03 22:58:26,609 0.697113 (0.011339) with: {'batch_size': 128, 'lr': 0.01, 'max_epochs': 128, 'module__n_features': 13, 'module__n_neurons': 64, 'module__nonlin': ReLU()}
2024-06-03 22:58:26,609 0.693596 (0.016295) with: {'batch_size': 128, 'lr': 0.01, 'max_epochs': 128, 'module__n_features': 13, 'module__n_neurons': 128, 'module__nonlin': Tanh()}
2024-06-03 22:58:26,609 0.690069 (0.008955) with: {'batch_size': 128, 'lr': 0.01, 'max_epochs': 128, 'module__n_features': 13, 'module__n_neurons': 128, 'module__nonlin': ReLU()}
2024-06-03 22:58:26,609 0.680846 (0.015623) with: {'batch_size': 128, 'lr': 0.01, 'max_epochs': 128, 'module__n_features': 13, 'module__n_neurons': 256, 'module__nonlin': Tanh()}
2024-06-03 22:58:26,609 0.672902 (0.017184) with: {'batch_size': 128, 'lr': 0.01, 'max_epochs': 128, 'module__n_features': 13, 'module__n_neurons': 256, 'module__nonlin': ReLU()}
2024-06-03 22:58:26,609 0.724433 (0.005951) with: {'batch_size': 128, 'lr': 0.02, 'max_epochs': 16, 'module__n_features': 13, 'module__n_neurons': 16, 'module__nonlin': Tanh()}
2024-06-03 22:58:26,609 0.723302 (0.007307) with: {'batch_size': 128, 'lr': 0.02, 'max_epochs': 16, 'module__n_features': 13, 'module__n_neurons': 16, 'module__nonlin': ReLU()}
2024-06-03 22:58:26,609 0.724209 (0.005108) with: {'batch_size': 128, 'lr': 0.02, 'max_epochs': 16, 'module__n_features': 13, 'module__n_neurons': 32, 'module__nonlin': Tanh()}
2024-06-03 22:58:26,609 0.721932 (0.007464) with: {'batch_size': 128, 'lr': 0.02, 'max_epochs': 16, 'module__n_features': 13, 'module__n_neurons': 32, 'module__nonlin': ReLU()}
2024-06-03 22:58:26,609 0.724463 (0.004448) with: {'batch_size': 128, 'lr': 0.02, 'max_epochs': 16, 'module__n_features': 13, 'module__n_neurons': 64, 'module__nonlin': Tanh()}
2024-06-03 22:58:26,609 0.720881 (0.006783) with: {'batch_size': 128, 'lr': 0.02, 'max_epochs': 16, 'module__n_features': 13, 'module__n_neurons': 64, 'module__nonlin': ReLU()}
2024-06-03 22:58:26,609 0.718438 (0.003192) with: {'batch_size': 128, 'lr': 0.02, 'max_epochs': 16, 'module__n_features': 13, 'module__n_neurons': 128, 'module__nonlin': Tanh()}
2024-06-03 22:58:26,609 0.719784 (0.009753) with: {'batch_size': 128, 'lr': 0.02, 'max_epochs': 16, 'module__n_features': 13, 'module__n_neurons': 128, 'module__nonlin': ReLU()}
2024-06-03 22:58:26,609 0.640044 (0.089246) with: {'batch_size': 128, 'lr': 0.02, 'max_epochs': 16, 'module__n_features': 13, 'module__n_neurons': 256, 'module__nonlin': Tanh()}
2024-06-03 22:58:26,610 0.718112 (0.009013) with: {'batch_size': 128, 'lr': 0.02, 'max_epochs': 16, 'module__n_features': 13, 'module__n_neurons': 256, 'module__nonlin': ReLU()}
2024-06-03 22:58:26,610 0.725676 (0.006578) with: {'batch_size': 128, 'lr': 0.02, 'max_epochs': 32, 'module__n_features': 13, 'module__n_neurons': 16, 'module__nonlin': Tanh()}
2024-06-03 22:58:26,610 0.721742 (0.008800) with: {'batch_size': 128, 'lr': 0.02, 'max_epochs': 32, 'module__n_features': 13, 'module__n_neurons': 16, 'module__nonlin': ReLU()}
2024-06-03 22:58:26,610 0.725777 (0.006185) with: {'batch_size': 128, 'lr': 0.02, 'max_epochs': 32, 'module__n_features': 13, 'module__n_neurons': 32, 'module__nonlin': Tanh()}
2024-06-03 22:58:26,610 0.721268 (0.010930) with: {'batch_size': 128, 'lr': 0.02, 'max_epochs': 32, 'module__n_features': 13, 'module__n_neurons': 32, 'module__nonlin': ReLU()}
2024-06-03 22:58:26,610 0.723746 (0.007364) with: {'batch_size': 128, 'lr': 0.02, 'max_epochs': 32, 'module__n_features': 13, 'module__n_neurons': 64, 'module__nonlin': Tanh()}
2024-06-03 22:58:26,610 0.720020 (0.011385) with: {'batch_size': 128, 'lr': 0.02, 'max_epochs': 32, 'module__n_features': 13, 'module__n_neurons': 64, 'module__nonlin': ReLU()}
2024-06-03 22:58:26,610 0.716684 (0.010980) with: {'batch_size': 128, 'lr': 0.02, 'max_epochs': 32, 'module__n_features': 13, 'module__n_neurons': 128, 'module__nonlin': Tanh()}
2024-06-03 22:58:26,610 0.713710 (0.014297) with: {'batch_size': 128, 'lr': 0.02, 'max_epochs': 32, 'module__n_features': 13, 'module__n_neurons': 128, 'module__nonlin': ReLU()}
2024-06-03 22:58:26,610 0.697823 (0.032642) with: {'batch_size': 128, 'lr': 0.02, 'max_epochs': 32, 'module__n_features': 13, 'module__n_neurons': 256, 'module__nonlin': Tanh()}
2024-06-03 22:58:26,610 0.711161 (0.014669) with: {'batch_size': 128, 'lr': 0.02, 'max_epochs': 32, 'module__n_features': 13, 'module__n_neurons': 256, 'module__nonlin': ReLU()}
2024-06-03 22:58:26,610 0.725380 (0.008812) with: {'batch_size': 128, 'lr': 0.02, 'max_epochs': 64, 'module__n_features': 13, 'module__n_neurons': 16, 'module__nonlin': Tanh()}
2024-06-03 22:58:26,610 0.721724 (0.010684) with: {'batch_size': 128, 'lr': 0.02, 'max_epochs': 64, 'module__n_features': 13, 'module__n_neurons': 16, 'module__nonlin': ReLU()}
2024-06-03 22:58:26,610 0.717344 (0.009920) with: {'batch_size': 128, 'lr': 0.02, 'max_epochs': 64, 'module__n_features': 13, 'module__n_neurons': 32, 'module__nonlin': Tanh()}
2024-06-03 22:58:26,610 0.714459 (0.012633) with: {'batch_size': 128, 'lr': 0.02, 'max_epochs': 64, 'module__n_features': 13, 'module__n_neurons': 32, 'module__nonlin': ReLU()}
2024-06-03 22:58:26,610 0.712147 (0.008380) with: {'batch_size': 128, 'lr': 0.02, 'max_epochs': 64, 'module__n_features': 13, 'module__n_neurons': 64, 'module__nonlin': Tanh()}
2024-06-03 22:58:26,610 0.704737 (0.011727) with: {'batch_size': 128, 'lr': 0.02, 'max_epochs': 64, 'module__n_features': 13, 'module__n_neurons': 64, 'module__nonlin': ReLU()}
2024-06-03 22:58:26,610 0.698258 (0.015829) with: {'batch_size': 128, 'lr': 0.02, 'max_epochs': 64, 'module__n_features': 13, 'module__n_neurons': 128, 'module__nonlin': Tanh()}
2024-06-03 22:58:26,610 0.698642 (0.013295) with: {'batch_size': 128, 'lr': 0.02, 'max_epochs': 64, 'module__n_features': 13, 'module__n_neurons': 128, 'module__nonlin': ReLU()}
2024-06-03 22:58:26,610 0.722179 (0.007469) with: {'batch_size': 128, 'lr': 0.02, 'max_epochs': 64, 'module__n_features': 13, 'module__n_neurons': 256, 'module__nonlin': Tanh()}
2024-06-03 22:58:26,610 0.696921 (0.010387) with: {'batch_size': 128, 'lr': 0.02, 'max_epochs': 64, 'module__n_features': 13, 'module__n_neurons': 256, 'module__nonlin': ReLU()}
2024-06-03 22:58:26,610 0.709521 (0.015607) with: {'batch_size': 128, 'lr': 0.02, 'max_epochs': 128, 'module__n_features': 13, 'module__n_neurons': 16, 'module__nonlin': Tanh()}
2024-06-03 22:58:26,610 0.718253 (0.008806) with: {'batch_size': 128, 'lr': 0.02, 'max_epochs': 128, 'module__n_features': 13, 'module__n_neurons': 16, 'module__nonlin': ReLU()}
2024-06-03 22:58:26,610 0.692491 (0.017030) with: {'batch_size': 128, 'lr': 0.02, 'max_epochs': 128, 'module__n_features': 13, 'module__n_neurons': 32, 'module__nonlin': Tanh()}
2024-06-03 22:58:26,610 0.690594 (0.014915) with: {'batch_size': 128, 'lr': 0.02, 'max_epochs': 128, 'module__n_features': 13, 'module__n_neurons': 32, 'module__nonlin': ReLU()}
2024-06-03 22:58:26,610 0.685234 (0.011824) with: {'batch_size': 128, 'lr': 0.02, 'max_epochs': 128, 'module__n_features': 13, 'module__n_neurons': 64, 'module__nonlin': Tanh()}
2024-06-03 22:58:26,610 0.687120 (0.014461) with: {'batch_size': 128, 'lr': 0.02, 'max_epochs': 128, 'module__n_features': 13, 'module__n_neurons': 64, 'module__nonlin': ReLU()}
2024-06-03 22:58:26,610 0.680412 (0.019424) with: {'batch_size': 128, 'lr': 0.02, 'max_epochs': 128, 'module__n_features': 13, 'module__n_neurons': 128, 'module__nonlin': Tanh()}
2024-06-03 22:58:26,610 0.680454 (0.016707) with: {'batch_size': 128, 'lr': 0.02, 'max_epochs': 128, 'module__n_features': 13, 'module__n_neurons': 128, 'module__nonlin': ReLU()}
2024-06-03 22:58:26,610 0.699257 (0.019902) with: {'batch_size': 128, 'lr': 0.02, 'max_epochs': 128, 'module__n_features': 13, 'module__n_neurons': 256, 'module__nonlin': Tanh()}
2024-06-03 22:58:26,610 0.676083 (0.027359) with: {'batch_size': 128, 'lr': 0.02, 'max_epochs': 128, 'module__n_features': 13, 'module__n_neurons': 256, 'module__nonlin': ReLU()}
