2024-05-30 04:34:50,307 Best: 0.729593 using {'batch_size': 32, 'lr': 0.01, 'max_epochs': 128, 'module__n_features': 13, 'module__n_neurons': 16, 'module__nonlin': Tanh()}
2024-05-30 04:34:50,307 Best estimator configuration: 
 <class 'skorch.classifier.NeuralNetClassifier'>[initialized](
  module_=Module1Layer(
    (dense0): Linear(in_features=13, out_features=16, bias=True)
    (act): Tanh()
    (output): Linear(in_features=16, out_features=1, bias=True)
    (sigmoid): Sigmoid()
  ),
)
2024-05-30 04:34:50,307 0.694629 (0.013857) with: {'batch_size': 16, 'lr': 0.001, 'max_epochs': 16, 'module__n_features': 13, 'module__n_neurons': 16, 'module__nonlin': Tanh()}
2024-05-30 04:34:50,307 0.681317 (0.015319) with: {'batch_size': 16, 'lr': 0.001, 'max_epochs': 16, 'module__n_features': 13, 'module__n_neurons': 16, 'module__nonlin': ReLU()}
2024-05-30 04:34:50,307 0.706021 (0.014030) with: {'batch_size': 16, 'lr': 0.001, 'max_epochs': 16, 'module__n_features': 13, 'module__n_neurons': 32, 'module__nonlin': Tanh()}
2024-05-30 04:34:50,307 0.695237 (0.016064) with: {'batch_size': 16, 'lr': 0.001, 'max_epochs': 16, 'module__n_features': 13, 'module__n_neurons': 32, 'module__nonlin': ReLU()}
2024-05-30 04:34:50,307 0.713566 (0.011860) with: {'batch_size': 16, 'lr': 0.001, 'max_epochs': 16, 'module__n_features': 13, 'module__n_neurons': 64, 'module__nonlin': Tanh()}
2024-05-30 04:34:50,307 0.707383 (0.011009) with: {'batch_size': 16, 'lr': 0.001, 'max_epochs': 16, 'module__n_features': 13, 'module__n_neurons': 64, 'module__nonlin': ReLU()}
2024-05-30 04:34:50,307 0.719571 (0.008879) with: {'batch_size': 16, 'lr': 0.001, 'max_epochs': 16, 'module__n_features': 13, 'module__n_neurons': 128, 'module__nonlin': Tanh()}
2024-05-30 04:34:50,307 0.712162 (0.008709) with: {'batch_size': 16, 'lr': 0.001, 'max_epochs': 16, 'module__n_features': 13, 'module__n_neurons': 128, 'module__nonlin': ReLU()}
2024-05-30 04:34:50,307 0.722282 (0.006389) with: {'batch_size': 16, 'lr': 0.001, 'max_epochs': 16, 'module__n_features': 13, 'module__n_neurons': 256, 'module__nonlin': Tanh()}
2024-05-30 04:34:50,307 0.718643 (0.006489) with: {'batch_size': 16, 'lr': 0.001, 'max_epochs': 16, 'module__n_features': 13, 'module__n_neurons': 256, 'module__nonlin': ReLU()}
2024-05-30 04:34:50,307 0.715819 (0.011301) with: {'batch_size': 16, 'lr': 0.001, 'max_epochs': 32, 'module__n_features': 13, 'module__n_neurons': 16, 'module__nonlin': Tanh()}
2024-05-30 04:34:50,307 0.709219 (0.013326) with: {'batch_size': 16, 'lr': 0.001, 'max_epochs': 32, 'module__n_features': 13, 'module__n_neurons': 16, 'module__nonlin': ReLU()}
2024-05-30 04:34:50,307 0.720651 (0.008166) with: {'batch_size': 16, 'lr': 0.001, 'max_epochs': 32, 'module__n_features': 13, 'module__n_neurons': 32, 'module__nonlin': Tanh()}
2024-05-30 04:34:50,307 0.715942 (0.009951) with: {'batch_size': 16, 'lr': 0.001, 'max_epochs': 32, 'module__n_features': 13, 'module__n_neurons': 32, 'module__nonlin': ReLU()}
2024-05-30 04:34:50,307 0.722678 (0.007081) with: {'batch_size': 16, 'lr': 0.001, 'max_epochs': 32, 'module__n_features': 13, 'module__n_neurons': 64, 'module__nonlin': Tanh()}
2024-05-30 04:34:50,307 0.721363 (0.006922) with: {'batch_size': 16, 'lr': 0.001, 'max_epochs': 32, 'module__n_features': 13, 'module__n_neurons': 64, 'module__nonlin': ReLU()}
2024-05-30 04:34:50,307 0.723874 (0.005927) with: {'batch_size': 16, 'lr': 0.001, 'max_epochs': 32, 'module__n_features': 13, 'module__n_neurons': 128, 'module__nonlin': Tanh()}
2024-05-30 04:34:50,307 0.722398 (0.006824) with: {'batch_size': 16, 'lr': 0.001, 'max_epochs': 32, 'module__n_features': 13, 'module__n_neurons': 128, 'module__nonlin': ReLU()}
2024-05-30 04:34:50,307 0.724608 (0.005611) with: {'batch_size': 16, 'lr': 0.001, 'max_epochs': 32, 'module__n_features': 13, 'module__n_neurons': 256, 'module__nonlin': Tanh()}
2024-05-30 04:34:50,307 0.721904 (0.007088) with: {'batch_size': 16, 'lr': 0.001, 'max_epochs': 32, 'module__n_features': 13, 'module__n_neurons': 256, 'module__nonlin': ReLU()}
2024-05-30 04:34:50,311 0.722968 (0.006884) with: {'batch_size': 16, 'lr': 0.001, 'max_epochs': 64, 'module__n_features': 13, 'module__n_neurons': 16, 'module__nonlin': Tanh()}
2024-05-30 04:34:50,311 0.721504 (0.006060) with: {'batch_size': 16, 'lr': 0.001, 'max_epochs': 64, 'module__n_features': 13, 'module__n_neurons': 16, 'module__nonlin': ReLU()}
2024-05-30 04:34:50,311 0.723771 (0.006165) with: {'batch_size': 16, 'lr': 0.001, 'max_epochs': 64, 'module__n_features': 13, 'module__n_neurons': 32, 'module__nonlin': Tanh()}
2024-05-30 04:34:50,311 0.724256 (0.005461) with: {'batch_size': 16, 'lr': 0.001, 'max_epochs': 64, 'module__n_features': 13, 'module__n_neurons': 32, 'module__nonlin': ReLU()}
2024-05-30 04:34:50,311 0.724768 (0.005558) with: {'batch_size': 16, 'lr': 0.001, 'max_epochs': 64, 'module__n_features': 13, 'module__n_neurons': 64, 'module__nonlin': Tanh()}
2024-05-30 04:34:50,311 0.724011 (0.006129) with: {'batch_size': 16, 'lr': 0.001, 'max_epochs': 64, 'module__n_features': 13, 'module__n_neurons': 64, 'module__nonlin': ReLU()}
2024-05-30 04:34:50,311 0.725046 (0.005659) with: {'batch_size': 16, 'lr': 0.001, 'max_epochs': 64, 'module__n_features': 13, 'module__n_neurons': 128, 'module__nonlin': Tanh()}
2024-05-30 04:34:50,311 0.724772 (0.007805) with: {'batch_size': 16, 'lr': 0.001, 'max_epochs': 64, 'module__n_features': 13, 'module__n_neurons': 128, 'module__nonlin': ReLU()}
2024-05-30 04:34:50,311 0.724821 (0.005206) with: {'batch_size': 16, 'lr': 0.001, 'max_epochs': 64, 'module__n_features': 13, 'module__n_neurons': 256, 'module__nonlin': Tanh()}
2024-05-30 04:34:50,311 0.723743 (0.008308) with: {'batch_size': 16, 'lr': 0.001, 'max_epochs': 64, 'module__n_features': 13, 'module__n_neurons': 256, 'module__nonlin': ReLU()}
2024-05-30 04:34:50,311 0.725269 (0.006314) with: {'batch_size': 16, 'lr': 0.001, 'max_epochs': 128, 'module__n_features': 13, 'module__n_neurons': 16, 'module__nonlin': Tanh()}
2024-05-30 04:34:50,311 0.721694 (0.006398) with: {'batch_size': 16, 'lr': 0.001, 'max_epochs': 128, 'module__n_features': 13, 'module__n_neurons': 16, 'module__nonlin': ReLU()}
2024-05-30 04:34:50,311 0.724856 (0.005793) with: {'batch_size': 16, 'lr': 0.001, 'max_epochs': 128, 'module__n_features': 13, 'module__n_neurons': 32, 'module__nonlin': Tanh()}
2024-05-30 04:34:50,311 0.724274 (0.006420) with: {'batch_size': 16, 'lr': 0.001, 'max_epochs': 128, 'module__n_features': 13, 'module__n_neurons': 32, 'module__nonlin': ReLU()}
2024-05-30 04:34:50,311 0.724944 (0.005529) with: {'batch_size': 16, 'lr': 0.001, 'max_epochs': 128, 'module__n_features': 13, 'module__n_neurons': 64, 'module__nonlin': Tanh()}
2024-05-30 04:34:50,312 0.724752 (0.008483) with: {'batch_size': 16, 'lr': 0.001, 'max_epochs': 128, 'module__n_features': 13, 'module__n_neurons': 64, 'module__nonlin': ReLU()}
2024-05-30 04:34:50,312 0.724685 (0.005538) with: {'batch_size': 16, 'lr': 0.001, 'max_epochs': 128, 'module__n_features': 13, 'module__n_neurons': 128, 'module__nonlin': Tanh()}
2024-05-30 04:34:50,312 0.724903 (0.009097) with: {'batch_size': 16, 'lr': 0.001, 'max_epochs': 128, 'module__n_features': 13, 'module__n_neurons': 128, 'module__nonlin': ReLU()}
2024-05-30 04:34:50,312 0.724710 (0.005469) with: {'batch_size': 16, 'lr': 0.001, 'max_epochs': 128, 'module__n_features': 13, 'module__n_neurons': 256, 'module__nonlin': Tanh()}
2024-05-30 04:34:50,312 0.723965 (0.010217) with: {'batch_size': 16, 'lr': 0.001, 'max_epochs': 128, 'module__n_features': 13, 'module__n_neurons': 256, 'module__nonlin': ReLU()}
2024-05-30 04:34:50,312 0.724029 (0.006330) with: {'batch_size': 16, 'lr': 0.01, 'max_epochs': 16, 'module__n_features': 13, 'module__n_neurons': 16, 'module__nonlin': Tanh()}
2024-05-30 04:34:50,312 0.724724 (0.005896) with: {'batch_size': 16, 'lr': 0.01, 'max_epochs': 16, 'module__n_features': 13, 'module__n_neurons': 16, 'module__nonlin': ReLU()}
2024-05-30 04:34:50,312 0.723874 (0.005506) with: {'batch_size': 16, 'lr': 0.01, 'max_epochs': 16, 'module__n_features': 13, 'module__n_neurons': 32, 'module__nonlin': Tanh()}
2024-05-30 04:34:50,312 0.724909 (0.006900) with: {'batch_size': 16, 'lr': 0.01, 'max_epochs': 16, 'module__n_features': 13, 'module__n_neurons': 32, 'module__nonlin': ReLU()}
2024-05-30 04:34:50,312 0.723816 (0.005452) with: {'batch_size': 16, 'lr': 0.01, 'max_epochs': 16, 'module__n_features': 13, 'module__n_neurons': 64, 'module__nonlin': Tanh()}
2024-05-30 04:34:50,312 0.725515 (0.009231) with: {'batch_size': 16, 'lr': 0.01, 'max_epochs': 16, 'module__n_features': 13, 'module__n_neurons': 64, 'module__nonlin': ReLU()}
2024-05-30 04:34:50,312 0.722267 (0.005585) with: {'batch_size': 16, 'lr': 0.01, 'max_epochs': 16, 'module__n_features': 13, 'module__n_neurons': 128, 'module__nonlin': Tanh()}
2024-05-30 04:34:50,312 0.725380 (0.008404) with: {'batch_size': 16, 'lr': 0.01, 'max_epochs': 16, 'module__n_features': 13, 'module__n_neurons': 128, 'module__nonlin': ReLU()}
2024-05-30 04:34:50,312 0.720724 (0.006278) with: {'batch_size': 16, 'lr': 0.01, 'max_epochs': 16, 'module__n_features': 13, 'module__n_neurons': 256, 'module__nonlin': Tanh()}
2024-05-30 04:34:50,312 0.725147 (0.009614) with: {'batch_size': 16, 'lr': 0.01, 'max_epochs': 16, 'module__n_features': 13, 'module__n_neurons': 256, 'module__nonlin': ReLU()}
2024-05-30 04:34:50,312 0.724583 (0.006539) with: {'batch_size': 16, 'lr': 0.01, 'max_epochs': 32, 'module__n_features': 13, 'module__n_neurons': 16, 'module__nonlin': Tanh()}
2024-05-30 04:34:50,312 0.726374 (0.007345) with: {'batch_size': 16, 'lr': 0.01, 'max_epochs': 32, 'module__n_features': 13, 'module__n_neurons': 16, 'module__nonlin': ReLU()}
2024-05-30 04:34:50,312 0.725175 (0.006052) with: {'batch_size': 16, 'lr': 0.01, 'max_epochs': 32, 'module__n_features': 13, 'module__n_neurons': 32, 'module__nonlin': Tanh()}
2024-05-30 04:34:50,312 0.727235 (0.008901) with: {'batch_size': 16, 'lr': 0.01, 'max_epochs': 32, 'module__n_features': 13, 'module__n_neurons': 32, 'module__nonlin': ReLU()}
2024-05-30 04:34:50,312 0.725130 (0.005979) with: {'batch_size': 16, 'lr': 0.01, 'max_epochs': 32, 'module__n_features': 13, 'module__n_neurons': 64, 'module__nonlin': Tanh()}
2024-05-30 04:34:50,312 0.725851 (0.009143) with: {'batch_size': 16, 'lr': 0.01, 'max_epochs': 32, 'module__n_features': 13, 'module__n_neurons': 64, 'module__nonlin': ReLU()}
2024-05-30 04:34:50,312 0.723343 (0.005825) with: {'batch_size': 16, 'lr': 0.01, 'max_epochs': 32, 'module__n_features': 13, 'module__n_neurons': 128, 'module__nonlin': Tanh()}
2024-05-30 04:34:50,312 0.726048 (0.010749) with: {'batch_size': 16, 'lr': 0.01, 'max_epochs': 32, 'module__n_features': 13, 'module__n_neurons': 128, 'module__nonlin': ReLU()}
2024-05-30 04:34:50,312 0.722906 (0.005617) with: {'batch_size': 16, 'lr': 0.01, 'max_epochs': 32, 'module__n_features': 13, 'module__n_neurons': 256, 'module__nonlin': Tanh()}
2024-05-30 04:34:50,312 0.724899 (0.011226) with: {'batch_size': 16, 'lr': 0.01, 'max_epochs': 32, 'module__n_features': 13, 'module__n_neurons': 256, 'module__nonlin': ReLU()}
2024-05-30 04:34:50,312 0.728682 (0.007733) with: {'batch_size': 16, 'lr': 0.01, 'max_epochs': 64, 'module__n_features': 13, 'module__n_neurons': 16, 'module__nonlin': Tanh()}
2024-05-30 04:34:50,312 0.727331 (0.008966) with: {'batch_size': 16, 'lr': 0.01, 'max_epochs': 64, 'module__n_features': 13, 'module__n_neurons': 16, 'module__nonlin': ReLU()}
2024-05-30 04:34:50,312 0.729326 (0.007942) with: {'batch_size': 16, 'lr': 0.01, 'max_epochs': 64, 'module__n_features': 13, 'module__n_neurons': 32, 'module__nonlin': Tanh()}
2024-05-30 04:34:50,312 0.726272 (0.010180) with: {'batch_size': 16, 'lr': 0.01, 'max_epochs': 64, 'module__n_features': 13, 'module__n_neurons': 32, 'module__nonlin': ReLU()}
2024-05-30 04:34:50,312 0.728228 (0.008186) with: {'batch_size': 16, 'lr': 0.01, 'max_epochs': 64, 'module__n_features': 13, 'module__n_neurons': 64, 'module__nonlin': Tanh()}
2024-05-30 04:34:50,312 0.725752 (0.011921) with: {'batch_size': 16, 'lr': 0.01, 'max_epochs': 64, 'module__n_features': 13, 'module__n_neurons': 64, 'module__nonlin': ReLU()}
2024-05-30 04:34:50,312 0.726876 (0.006904) with: {'batch_size': 16, 'lr': 0.01, 'max_epochs': 64, 'module__n_features': 13, 'module__n_neurons': 128, 'module__nonlin': Tanh()}
2024-05-30 04:34:50,312 0.723295 (0.012276) with: {'batch_size': 16, 'lr': 0.01, 'max_epochs': 64, 'module__n_features': 13, 'module__n_neurons': 128, 'module__nonlin': ReLU()}
2024-05-30 04:34:50,312 0.727027 (0.007852) with: {'batch_size': 16, 'lr': 0.01, 'max_epochs': 64, 'module__n_features': 13, 'module__n_neurons': 256, 'module__nonlin': Tanh()}
2024-05-30 04:34:50,312 0.720564 (0.012206) with: {'batch_size': 16, 'lr': 0.01, 'max_epochs': 64, 'module__n_features': 13, 'module__n_neurons': 256, 'module__nonlin': ReLU()}
2024-05-30 04:34:50,312 0.728283 (0.010386) with: {'batch_size': 16, 'lr': 0.01, 'max_epochs': 128, 'module__n_features': 13, 'module__n_neurons': 16, 'module__nonlin': Tanh()}
2024-05-30 04:34:50,312 0.726544 (0.008167) with: {'batch_size': 16, 'lr': 0.01, 'max_epochs': 128, 'module__n_features': 13, 'module__n_neurons': 16, 'module__nonlin': ReLU()}
2024-05-30 04:34:50,312 0.728624 (0.010098) with: {'batch_size': 16, 'lr': 0.01, 'max_epochs': 128, 'module__n_features': 13, 'module__n_neurons': 32, 'module__nonlin': Tanh()}
2024-05-30 04:34:50,312 0.724806 (0.011033) with: {'batch_size': 16, 'lr': 0.01, 'max_epochs': 128, 'module__n_features': 13, 'module__n_neurons': 32, 'module__nonlin': ReLU()}
2024-05-30 04:34:50,312 0.728381 (0.009836) with: {'batch_size': 16, 'lr': 0.01, 'max_epochs': 128, 'module__n_features': 13, 'module__n_neurons': 64, 'module__nonlin': Tanh()}
2024-05-30 04:34:50,312 0.719682 (0.013923) with: {'batch_size': 16, 'lr': 0.01, 'max_epochs': 128, 'module__n_features': 13, 'module__n_neurons': 64, 'module__nonlin': ReLU()}
2024-05-30 04:34:50,312 0.727083 (0.009245) with: {'batch_size': 16, 'lr': 0.01, 'max_epochs': 128, 'module__n_features': 13, 'module__n_neurons': 128, 'module__nonlin': Tanh()}
2024-05-30 04:34:50,312 0.716550 (0.014460) with: {'batch_size': 16, 'lr': 0.01, 'max_epochs': 128, 'module__n_features': 13, 'module__n_neurons': 128, 'module__nonlin': ReLU()}
2024-05-30 04:34:50,312 0.726849 (0.009857) with: {'batch_size': 16, 'lr': 0.01, 'max_epochs': 128, 'module__n_features': 13, 'module__n_neurons': 256, 'module__nonlin': Tanh()}
2024-05-30 04:34:50,312 0.713028 (0.013571) with: {'batch_size': 16, 'lr': 0.01, 'max_epochs': 128, 'module__n_features': 13, 'module__n_neurons': 256, 'module__nonlin': ReLU()}
2024-05-30 04:34:50,312 0.725263 (0.005932) with: {'batch_size': 16, 'lr': 0.02, 'max_epochs': 16, 'module__n_features': 13, 'module__n_neurons': 16, 'module__nonlin': Tanh()}
2024-05-30 04:34:50,312 0.726564 (0.008771) with: {'batch_size': 16, 'lr': 0.02, 'max_epochs': 16, 'module__n_features': 13, 'module__n_neurons': 16, 'module__nonlin': ReLU()}
2024-05-30 04:34:50,312 0.724571 (0.006051) with: {'batch_size': 16, 'lr': 0.02, 'max_epochs': 16, 'module__n_features': 13, 'module__n_neurons': 32, 'module__nonlin': Tanh()}
2024-05-30 04:34:50,312 0.725929 (0.008258) with: {'batch_size': 16, 'lr': 0.02, 'max_epochs': 16, 'module__n_features': 13, 'module__n_neurons': 32, 'module__nonlin': ReLU()}
2024-05-30 04:34:50,313 0.723159 (0.006007) with: {'batch_size': 16, 'lr': 0.02, 'max_epochs': 16, 'module__n_features': 13, 'module__n_neurons': 64, 'module__nonlin': Tanh()}
2024-05-30 04:34:50,313 0.726349 (0.009449) with: {'batch_size': 16, 'lr': 0.02, 'max_epochs': 16, 'module__n_features': 13, 'module__n_neurons': 64, 'module__nonlin': ReLU()}
2024-05-30 04:34:50,313 0.722185 (0.006858) with: {'batch_size': 16, 'lr': 0.02, 'max_epochs': 16, 'module__n_features': 13, 'module__n_neurons': 128, 'module__nonlin': Tanh()}
2024-05-30 04:34:50,313 0.725996 (0.008741) with: {'batch_size': 16, 'lr': 0.02, 'max_epochs': 16, 'module__n_features': 13, 'module__n_neurons': 128, 'module__nonlin': ReLU()}
2024-05-30 04:34:50,313 0.720876 (0.007854) with: {'batch_size': 16, 'lr': 0.02, 'max_epochs': 16, 'module__n_features': 13, 'module__n_neurons': 256, 'module__nonlin': Tanh()}
2024-05-30 04:34:50,313 0.726506 (0.009788) with: {'batch_size': 16, 'lr': 0.02, 'max_epochs': 16, 'module__n_features': 13, 'module__n_neurons': 256, 'module__nonlin': ReLU()}
2024-05-30 04:34:50,313 0.728295 (0.005353) with: {'batch_size': 16, 'lr': 0.02, 'max_epochs': 32, 'module__n_features': 13, 'module__n_neurons': 16, 'module__nonlin': Tanh()}
2024-05-30 04:34:50,313 0.725471 (0.008772) with: {'batch_size': 16, 'lr': 0.02, 'max_epochs': 32, 'module__n_features': 13, 'module__n_neurons': 16, 'module__nonlin': ReLU()}
2024-05-30 04:34:50,313 0.728261 (0.007359) with: {'batch_size': 16, 'lr': 0.02, 'max_epochs': 32, 'module__n_features': 13, 'module__n_neurons': 32, 'module__nonlin': Tanh()}
2024-05-30 04:34:50,313 0.725462 (0.010954) with: {'batch_size': 16, 'lr': 0.02, 'max_epochs': 32, 'module__n_features': 13, 'module__n_neurons': 32, 'module__nonlin': ReLU()}
2024-05-30 04:34:50,313 0.726616 (0.006288) with: {'batch_size': 16, 'lr': 0.02, 'max_epochs': 32, 'module__n_features': 13, 'module__n_neurons': 64, 'module__nonlin': Tanh()}
2024-05-30 04:34:50,313 0.725227 (0.009885) with: {'batch_size': 16, 'lr': 0.02, 'max_epochs': 32, 'module__n_features': 13, 'module__n_neurons': 64, 'module__nonlin': ReLU()}
2024-05-30 04:34:50,313 0.726645 (0.008565) with: {'batch_size': 16, 'lr': 0.02, 'max_epochs': 32, 'module__n_features': 13, 'module__n_neurons': 128, 'module__nonlin': Tanh()}
2024-05-30 04:34:50,313 0.724687 (0.010652) with: {'batch_size': 16, 'lr': 0.02, 'max_epochs': 32, 'module__n_features': 13, 'module__n_neurons': 128, 'module__nonlin': ReLU()}
2024-05-30 04:34:50,313 0.724147 (0.006871) with: {'batch_size': 16, 'lr': 0.02, 'max_epochs': 32, 'module__n_features': 13, 'module__n_neurons': 256, 'module__nonlin': Tanh()}
2024-05-30 04:34:50,313 0.724059 (0.012062) with: {'batch_size': 16, 'lr': 0.02, 'max_epochs': 32, 'module__n_features': 13, 'module__n_neurons': 256, 'module__nonlin': ReLU()}
2024-05-30 04:34:50,313 0.727996 (0.009045) with: {'batch_size': 16, 'lr': 0.02, 'max_epochs': 64, 'module__n_features': 13, 'module__n_neurons': 16, 'module__nonlin': Tanh()}
2024-05-30 04:34:50,313 0.726410 (0.010833) with: {'batch_size': 16, 'lr': 0.02, 'max_epochs': 64, 'module__n_features': 13, 'module__n_neurons': 16, 'module__nonlin': ReLU()}
2024-05-30 04:34:50,313 0.727148 (0.009065) with: {'batch_size': 16, 'lr': 0.02, 'max_epochs': 64, 'module__n_features': 13, 'module__n_neurons': 32, 'module__nonlin': Tanh()}
2024-05-30 04:34:50,313 0.726365 (0.012425) with: {'batch_size': 16, 'lr': 0.02, 'max_epochs': 64, 'module__n_features': 13, 'module__n_neurons': 32, 'module__nonlin': ReLU()}
2024-05-30 04:34:50,313 0.727444 (0.008569) with: {'batch_size': 16, 'lr': 0.02, 'max_epochs': 64, 'module__n_features': 13, 'module__n_neurons': 64, 'module__nonlin': Tanh()}
2024-05-30 04:34:50,313 0.722912 (0.012459) with: {'batch_size': 16, 'lr': 0.02, 'max_epochs': 64, 'module__n_features': 13, 'module__n_neurons': 64, 'module__nonlin': ReLU()}
2024-05-30 04:34:50,313 0.727277 (0.008259) with: {'batch_size': 16, 'lr': 0.02, 'max_epochs': 64, 'module__n_features': 13, 'module__n_neurons': 128, 'module__nonlin': Tanh()}
2024-05-30 04:34:50,313 0.721425 (0.013180) with: {'batch_size': 16, 'lr': 0.02, 'max_epochs': 64, 'module__n_features': 13, 'module__n_neurons': 128, 'module__nonlin': ReLU()}
2024-05-30 04:34:50,313 0.725554 (0.008134) with: {'batch_size': 16, 'lr': 0.02, 'max_epochs': 64, 'module__n_features': 13, 'module__n_neurons': 256, 'module__nonlin': Tanh()}
2024-05-30 04:34:50,313 0.718720 (0.013640) with: {'batch_size': 16, 'lr': 0.02, 'max_epochs': 64, 'module__n_features': 13, 'module__n_neurons': 256, 'module__nonlin': ReLU()}
2024-05-30 04:34:50,313 0.725244 (0.011879) with: {'batch_size': 16, 'lr': 0.02, 'max_epochs': 128, 'module__n_features': 13, 'module__n_neurons': 16, 'module__nonlin': Tanh()}
2024-05-30 04:34:50,313 0.725405 (0.010009) with: {'batch_size': 16, 'lr': 0.02, 'max_epochs': 128, 'module__n_features': 13, 'module__n_neurons': 16, 'module__nonlin': ReLU()}
2024-05-30 04:34:50,313 0.724505 (0.009308) with: {'batch_size': 16, 'lr': 0.02, 'max_epochs': 128, 'module__n_features': 13, 'module__n_neurons': 32, 'module__nonlin': Tanh()}
2024-05-30 04:34:50,313 0.724181 (0.012666) with: {'batch_size': 16, 'lr': 0.02, 'max_epochs': 128, 'module__n_features': 13, 'module__n_neurons': 32, 'module__nonlin': ReLU()}
2024-05-30 04:34:50,313 0.723675 (0.009946) with: {'batch_size': 16, 'lr': 0.02, 'max_epochs': 128, 'module__n_features': 13, 'module__n_neurons': 64, 'module__nonlin': Tanh()}
2024-05-30 04:34:50,313 0.717392 (0.012401) with: {'batch_size': 16, 'lr': 0.02, 'max_epochs': 128, 'module__n_features': 13, 'module__n_neurons': 64, 'module__nonlin': ReLU()}
2024-05-30 04:34:50,313 0.724820 (0.009569) with: {'batch_size': 16, 'lr': 0.02, 'max_epochs': 128, 'module__n_features': 13, 'module__n_neurons': 128, 'module__nonlin': Tanh()}
2024-05-30 04:34:50,313 0.716128 (0.015184) with: {'batch_size': 16, 'lr': 0.02, 'max_epochs': 128, 'module__n_features': 13, 'module__n_neurons': 128, 'module__nonlin': ReLU()}
2024-05-30 04:34:50,313 0.722666 (0.010086) with: {'batch_size': 16, 'lr': 0.02, 'max_epochs': 128, 'module__n_features': 13, 'module__n_neurons': 256, 'module__nonlin': Tanh()}
2024-05-30 04:34:50,313 0.708758 (0.013167) with: {'batch_size': 16, 'lr': 0.02, 'max_epochs': 128, 'module__n_features': 13, 'module__n_neurons': 256, 'module__nonlin': ReLU()}
2024-05-30 04:34:50,313 0.680286 (0.020258) with: {'batch_size': 32, 'lr': 0.001, 'max_epochs': 16, 'module__n_features': 13, 'module__n_neurons': 16, 'module__nonlin': Tanh()}
2024-05-30 04:34:50,313 0.670648 (0.017575) with: {'batch_size': 32, 'lr': 0.001, 'max_epochs': 16, 'module__n_features': 13, 'module__n_neurons': 16, 'module__nonlin': ReLU()}
2024-05-30 04:34:50,313 0.692644 (0.015439) with: {'batch_size': 32, 'lr': 0.001, 'max_epochs': 16, 'module__n_features': 13, 'module__n_neurons': 32, 'module__nonlin': Tanh()}
2024-05-30 04:34:50,313 0.677707 (0.018529) with: {'batch_size': 32, 'lr': 0.001, 'max_epochs': 16, 'module__n_features': 13, 'module__n_neurons': 32, 'module__nonlin': ReLU()}
2024-05-30 04:34:50,313 0.705189 (0.014038) with: {'batch_size': 32, 'lr': 0.001, 'max_epochs': 16, 'module__n_features': 13, 'module__n_neurons': 64, 'module__nonlin': Tanh()}
2024-05-30 04:34:50,313 0.690851 (0.014869) with: {'batch_size': 32, 'lr': 0.001, 'max_epochs': 16, 'module__n_features': 13, 'module__n_neurons': 64, 'module__nonlin': ReLU()}
2024-05-30 04:34:50,313 0.713722 (0.012474) with: {'batch_size': 32, 'lr': 0.001, 'max_epochs': 16, 'module__n_features': 13, 'module__n_neurons': 128, 'module__nonlin': Tanh()}
2024-05-30 04:34:50,313 0.703681 (0.012830) with: {'batch_size': 32, 'lr': 0.001, 'max_epochs': 16, 'module__n_features': 13, 'module__n_neurons': 128, 'module__nonlin': ReLU()}
2024-05-30 04:34:50,313 0.718711 (0.009626) with: {'batch_size': 32, 'lr': 0.001, 'max_epochs': 16, 'module__n_features': 13, 'module__n_neurons': 256, 'module__nonlin': Tanh()}
2024-05-30 04:34:50,313 0.712641 (0.009817) with: {'batch_size': 32, 'lr': 0.001, 'max_epochs': 16, 'module__n_features': 13, 'module__n_neurons': 256, 'module__nonlin': ReLU()}
2024-05-30 04:34:50,313 0.710642 (0.012296) with: {'batch_size': 32, 'lr': 0.001, 'max_epochs': 32, 'module__n_features': 13, 'module__n_neurons': 16, 'module__nonlin': Tanh()}
2024-05-30 04:34:50,313 0.699967 (0.014749) with: {'batch_size': 32, 'lr': 0.001, 'max_epochs': 32, 'module__n_features': 13, 'module__n_neurons': 16, 'module__nonlin': ReLU()}
2024-05-30 04:34:50,313 0.715518 (0.010957) with: {'batch_size': 32, 'lr': 0.001, 'max_epochs': 32, 'module__n_features': 13, 'module__n_neurons': 32, 'module__nonlin': Tanh()}
2024-05-30 04:34:50,313 0.709788 (0.011379) with: {'batch_size': 32, 'lr': 0.001, 'max_epochs': 32, 'module__n_features': 13, 'module__n_neurons': 32, 'module__nonlin': ReLU()}
2024-05-30 04:34:50,314 0.719239 (0.009723) with: {'batch_size': 32, 'lr': 0.001, 'max_epochs': 32, 'module__n_features': 13, 'module__n_neurons': 64, 'module__nonlin': Tanh()}
2024-05-30 04:34:50,314 0.715071 (0.009942) with: {'batch_size': 32, 'lr': 0.001, 'max_epochs': 32, 'module__n_features': 13, 'module__n_neurons': 64, 'module__nonlin': ReLU()}
2024-05-30 04:34:50,314 0.722142 (0.007304) with: {'batch_size': 32, 'lr': 0.001, 'max_epochs': 32, 'module__n_features': 13, 'module__n_neurons': 128, 'module__nonlin': Tanh()}
2024-05-30 04:34:50,314 0.720594 (0.007008) with: {'batch_size': 32, 'lr': 0.001, 'max_epochs': 32, 'module__n_features': 13, 'module__n_neurons': 128, 'module__nonlin': ReLU()}
2024-05-30 04:34:50,314 0.723648 (0.006255) with: {'batch_size': 32, 'lr': 0.001, 'max_epochs': 32, 'module__n_features': 13, 'module__n_neurons': 256, 'module__nonlin': Tanh()}
2024-05-30 04:34:50,314 0.721391 (0.006438) with: {'batch_size': 32, 'lr': 0.001, 'max_epochs': 32, 'module__n_features': 13, 'module__n_neurons': 256, 'module__nonlin': ReLU()}
2024-05-30 04:34:50,314 0.721496 (0.007285) with: {'batch_size': 32, 'lr': 0.001, 'max_epochs': 64, 'module__n_features': 13, 'module__n_neurons': 16, 'module__nonlin': Tanh()}
2024-05-30 04:34:50,314 0.721086 (0.006942) with: {'batch_size': 32, 'lr': 0.001, 'max_epochs': 64, 'module__n_features': 13, 'module__n_neurons': 16, 'module__nonlin': ReLU()}
2024-05-30 04:34:50,314 0.723042 (0.006754) with: {'batch_size': 32, 'lr': 0.001, 'max_epochs': 64, 'module__n_features': 13, 'module__n_neurons': 32, 'module__nonlin': Tanh()}
2024-05-30 04:34:50,314 0.721376 (0.006325) with: {'batch_size': 32, 'lr': 0.001, 'max_epochs': 64, 'module__n_features': 13, 'module__n_neurons': 32, 'module__nonlin': ReLU()}
2024-05-30 04:34:50,314 0.723916 (0.006674) with: {'batch_size': 32, 'lr': 0.001, 'max_epochs': 64, 'module__n_features': 13, 'module__n_neurons': 64, 'module__nonlin': Tanh()}
2024-05-30 04:34:50,314 0.722425 (0.006978) with: {'batch_size': 32, 'lr': 0.001, 'max_epochs': 64, 'module__n_features': 13, 'module__n_neurons': 64, 'module__nonlin': ReLU()}
2024-05-30 04:34:50,314 0.724956 (0.005961) with: {'batch_size': 32, 'lr': 0.001, 'max_epochs': 64, 'module__n_features': 13, 'module__n_neurons': 128, 'module__nonlin': Tanh()}
2024-05-30 04:34:50,314 0.722621 (0.006832) with: {'batch_size': 32, 'lr': 0.001, 'max_epochs': 64, 'module__n_features': 13, 'module__n_neurons': 128, 'module__nonlin': ReLU()}
2024-05-30 04:34:50,314 0.724780 (0.005655) with: {'batch_size': 32, 'lr': 0.001, 'max_epochs': 64, 'module__n_features': 13, 'module__n_neurons': 256, 'module__nonlin': Tanh()}
2024-05-30 04:34:50,314 0.722970 (0.008089) with: {'batch_size': 32, 'lr': 0.001, 'max_epochs': 64, 'module__n_features': 13, 'module__n_neurons': 256, 'module__nonlin': ReLU()}
2024-05-30 04:34:50,314 0.724498 (0.006085) with: {'batch_size': 32, 'lr': 0.001, 'max_epochs': 128, 'module__n_features': 13, 'module__n_neurons': 16, 'module__nonlin': Tanh()}
2024-05-30 04:34:50,314 0.722705 (0.005459) with: {'batch_size': 32, 'lr': 0.001, 'max_epochs': 128, 'module__n_features': 13, 'module__n_neurons': 16, 'module__nonlin': ReLU()}
2024-05-30 04:34:50,314 0.725152 (0.005773) with: {'batch_size': 32, 'lr': 0.001, 'max_epochs': 128, 'module__n_features': 13, 'module__n_neurons': 32, 'module__nonlin': Tanh()}
2024-05-30 04:34:50,314 0.724229 (0.007009) with: {'batch_size': 32, 'lr': 0.001, 'max_epochs': 128, 'module__n_features': 13, 'module__n_neurons': 32, 'module__nonlin': ReLU()}
2024-05-30 04:34:50,314 0.724785 (0.005911) with: {'batch_size': 32, 'lr': 0.001, 'max_epochs': 128, 'module__n_features': 13, 'module__n_neurons': 64, 'module__nonlin': Tanh()}
2024-05-30 04:34:50,314 0.724738 (0.007865) with: {'batch_size': 32, 'lr': 0.001, 'max_epochs': 128, 'module__n_features': 13, 'module__n_neurons': 64, 'module__nonlin': ReLU()}
2024-05-30 04:34:50,314 0.724660 (0.005556) with: {'batch_size': 32, 'lr': 0.001, 'max_epochs': 128, 'module__n_features': 13, 'module__n_neurons': 128, 'module__nonlin': Tanh()}
2024-05-30 04:34:50,314 0.724691 (0.009031) with: {'batch_size': 32, 'lr': 0.001, 'max_epochs': 128, 'module__n_features': 13, 'module__n_neurons': 128, 'module__nonlin': ReLU()}
2024-05-30 04:34:50,314 0.725227 (0.005148) with: {'batch_size': 32, 'lr': 0.001, 'max_epochs': 128, 'module__n_features': 13, 'module__n_neurons': 256, 'module__nonlin': Tanh()}
2024-05-30 04:34:50,314 0.724211 (0.009791) with: {'batch_size': 32, 'lr': 0.001, 'max_epochs': 128, 'module__n_features': 13, 'module__n_neurons': 256, 'module__nonlin': ReLU()}
2024-05-30 04:34:50,314 0.723994 (0.005882) with: {'batch_size': 32, 'lr': 0.01, 'max_epochs': 16, 'module__n_features': 13, 'module__n_neurons': 16, 'module__nonlin': Tanh()}
2024-05-30 04:34:50,314 0.723927 (0.005151) with: {'batch_size': 32, 'lr': 0.01, 'max_epochs': 16, 'module__n_features': 13, 'module__n_neurons': 16, 'module__nonlin': ReLU()}
2024-05-30 04:34:50,314 0.724465 (0.005903) with: {'batch_size': 32, 'lr': 0.01, 'max_epochs': 16, 'module__n_features': 13, 'module__n_neurons': 32, 'module__nonlin': Tanh()}
2024-05-30 04:34:50,314 0.722277 (0.006512) with: {'batch_size': 32, 'lr': 0.01, 'max_epochs': 16, 'module__n_features': 13, 'module__n_neurons': 32, 'module__nonlin': ReLU()}
2024-05-30 04:34:50,314 0.724326 (0.005540) with: {'batch_size': 32, 'lr': 0.01, 'max_epochs': 16, 'module__n_features': 13, 'module__n_neurons': 64, 'module__nonlin': Tanh()}
2024-05-30 04:34:50,314 0.723391 (0.007894) with: {'batch_size': 32, 'lr': 0.01, 'max_epochs': 16, 'module__n_features': 13, 'module__n_neurons': 64, 'module__nonlin': ReLU()}
2024-05-30 04:34:50,314 0.723627 (0.005376) with: {'batch_size': 32, 'lr': 0.01, 'max_epochs': 16, 'module__n_features': 13, 'module__n_neurons': 128, 'module__nonlin': Tanh()}
2024-05-30 04:34:50,314 0.724374 (0.008434) with: {'batch_size': 32, 'lr': 0.01, 'max_epochs': 16, 'module__n_features': 13, 'module__n_neurons': 128, 'module__nonlin': ReLU()}
2024-05-30 04:34:50,314 0.722471 (0.005066) with: {'batch_size': 32, 'lr': 0.01, 'max_epochs': 16, 'module__n_features': 13, 'module__n_neurons': 256, 'module__nonlin': Tanh()}
2024-05-30 04:34:50,314 0.724408 (0.008743) with: {'batch_size': 32, 'lr': 0.01, 'max_epochs': 16, 'module__n_features': 13, 'module__n_neurons': 256, 'module__nonlin': ReLU()}
2024-05-30 04:34:50,314 0.725316 (0.005322) with: {'batch_size': 32, 'lr': 0.01, 'max_epochs': 32, 'module__n_features': 13, 'module__n_neurons': 16, 'module__nonlin': Tanh()}
2024-05-30 04:34:50,314 0.725262 (0.008790) with: {'batch_size': 32, 'lr': 0.01, 'max_epochs': 32, 'module__n_features': 13, 'module__n_neurons': 16, 'module__nonlin': ReLU()}
2024-05-30 04:34:50,314 0.725825 (0.005524) with: {'batch_size': 32, 'lr': 0.01, 'max_epochs': 32, 'module__n_features': 13, 'module__n_neurons': 32, 'module__nonlin': Tanh()}
2024-05-30 04:34:50,314 0.725965 (0.008239) with: {'batch_size': 32, 'lr': 0.01, 'max_epochs': 32, 'module__n_features': 13, 'module__n_neurons': 32, 'module__nonlin': ReLU()}
2024-05-30 04:34:50,314 0.724698 (0.005686) with: {'batch_size': 32, 'lr': 0.01, 'max_epochs': 32, 'module__n_features': 13, 'module__n_neurons': 64, 'module__nonlin': Tanh()}
2024-05-30 04:34:50,314 0.724892 (0.009106) with: {'batch_size': 32, 'lr': 0.01, 'max_epochs': 32, 'module__n_features': 13, 'module__n_neurons': 64, 'module__nonlin': ReLU()}
2024-05-30 04:34:50,314 0.724833 (0.005633) with: {'batch_size': 32, 'lr': 0.01, 'max_epochs': 32, 'module__n_features': 13, 'module__n_neurons': 128, 'module__nonlin': Tanh()}
2024-05-30 04:34:50,314 0.724940 (0.010690) with: {'batch_size': 32, 'lr': 0.01, 'max_epochs': 32, 'module__n_features': 13, 'module__n_neurons': 128, 'module__nonlin': ReLU()}
2024-05-30 04:34:50,314 0.723740 (0.005390) with: {'batch_size': 32, 'lr': 0.01, 'max_epochs': 32, 'module__n_features': 13, 'module__n_neurons': 256, 'module__nonlin': Tanh()}
2024-05-30 04:34:50,314 0.724661 (0.011176) with: {'batch_size': 32, 'lr': 0.01, 'max_epochs': 32, 'module__n_features': 13, 'module__n_neurons': 256, 'module__nonlin': ReLU()}
2024-05-30 04:34:50,314 0.728698 (0.006714) with: {'batch_size': 32, 'lr': 0.01, 'max_epochs': 64, 'module__n_features': 13, 'module__n_neurons': 16, 'module__nonlin': Tanh()}
2024-05-30 04:34:50,314 0.726167 (0.007522) with: {'batch_size': 32, 'lr': 0.01, 'max_epochs': 64, 'module__n_features': 13, 'module__n_neurons': 16, 'module__nonlin': ReLU()}
2024-05-30 04:34:50,314 0.728671 (0.007658) with: {'batch_size': 32, 'lr': 0.01, 'max_epochs': 64, 'module__n_features': 13, 'module__n_neurons': 32, 'module__nonlin': Tanh()}
2024-05-30 04:34:50,314 0.725336 (0.010228) with: {'batch_size': 32, 'lr': 0.01, 'max_epochs': 64, 'module__n_features': 13, 'module__n_neurons': 32, 'module__nonlin': ReLU()}
2024-05-30 04:34:50,315 0.728010 (0.007245) with: {'batch_size': 32, 'lr': 0.01, 'max_epochs': 64, 'module__n_features': 13, 'module__n_neurons': 64, 'module__nonlin': Tanh()}
2024-05-30 04:34:50,315 0.724757 (0.010416) with: {'batch_size': 32, 'lr': 0.01, 'max_epochs': 64, 'module__n_features': 13, 'module__n_neurons': 64, 'module__nonlin': ReLU()}
2024-05-30 04:34:50,315 0.727495 (0.006850) with: {'batch_size': 32, 'lr': 0.01, 'max_epochs': 64, 'module__n_features': 13, 'module__n_neurons': 128, 'module__nonlin': Tanh()}
2024-05-30 04:34:50,315 0.723922 (0.012219) with: {'batch_size': 32, 'lr': 0.01, 'max_epochs': 64, 'module__n_features': 13, 'module__n_neurons': 128, 'module__nonlin': ReLU()}
2024-05-30 04:34:50,315 0.726954 (0.006679) with: {'batch_size': 32, 'lr': 0.01, 'max_epochs': 64, 'module__n_features': 13, 'module__n_neurons': 256, 'module__nonlin': Tanh()}
2024-05-30 04:34:50,315 0.721182 (0.011973) with: {'batch_size': 32, 'lr': 0.01, 'max_epochs': 64, 'module__n_features': 13, 'module__n_neurons': 256, 'module__nonlin': ReLU()}
2024-05-30 04:34:50,315 0.729593 (0.009323) with: {'batch_size': 32, 'lr': 0.01, 'max_epochs': 128, 'module__n_features': 13, 'module__n_neurons': 16, 'module__nonlin': Tanh()}
2024-05-30 04:34:50,315 0.726047 (0.009777) with: {'batch_size': 32, 'lr': 0.01, 'max_epochs': 128, 'module__n_features': 13, 'module__n_neurons': 16, 'module__nonlin': ReLU()}
2024-05-30 04:34:50,315 0.728351 (0.009290) with: {'batch_size': 32, 'lr': 0.01, 'max_epochs': 128, 'module__n_features': 13, 'module__n_neurons': 32, 'module__nonlin': Tanh()}
2024-05-30 04:34:50,315 0.723709 (0.011781) with: {'batch_size': 32, 'lr': 0.01, 'max_epochs': 128, 'module__n_features': 13, 'module__n_neurons': 32, 'module__nonlin': ReLU()}
2024-05-30 04:34:50,315 0.728487 (0.009914) with: {'batch_size': 32, 'lr': 0.01, 'max_epochs': 128, 'module__n_features': 13, 'module__n_neurons': 64, 'module__nonlin': Tanh()}
2024-05-30 04:34:50,315 0.719574 (0.012430) with: {'batch_size': 32, 'lr': 0.01, 'max_epochs': 128, 'module__n_features': 13, 'module__n_neurons': 64, 'module__nonlin': ReLU()}
2024-05-30 04:34:50,315 0.729239 (0.009576) with: {'batch_size': 32, 'lr': 0.01, 'max_epochs': 128, 'module__n_features': 13, 'module__n_neurons': 128, 'module__nonlin': Tanh()}
2024-05-30 04:34:50,315 0.715113 (0.010741) with: {'batch_size': 32, 'lr': 0.01, 'max_epochs': 128, 'module__n_features': 13, 'module__n_neurons': 128, 'module__nonlin': ReLU()}
2024-05-30 04:34:50,315 0.728076 (0.010092) with: {'batch_size': 32, 'lr': 0.01, 'max_epochs': 128, 'module__n_features': 13, 'module__n_neurons': 256, 'module__nonlin': Tanh()}
2024-05-30 04:34:50,315 0.711291 (0.012369) with: {'batch_size': 32, 'lr': 0.01, 'max_epochs': 128, 'module__n_features': 13, 'module__n_neurons': 256, 'module__nonlin': ReLU()}
2024-05-30 04:34:50,315 0.725431 (0.006121) with: {'batch_size': 32, 'lr': 0.02, 'max_epochs': 16, 'module__n_features': 13, 'module__n_neurons': 16, 'module__nonlin': Tanh()}
2024-05-30 04:34:50,315 0.724346 (0.006827) with: {'batch_size': 32, 'lr': 0.02, 'max_epochs': 16, 'module__n_features': 13, 'module__n_neurons': 16, 'module__nonlin': ReLU()}
2024-05-30 04:34:50,315 0.724855 (0.005049) with: {'batch_size': 32, 'lr': 0.02, 'max_epochs': 16, 'module__n_features': 13, 'module__n_neurons': 32, 'module__nonlin': Tanh()}
2024-05-30 04:34:50,315 0.724546 (0.009460) with: {'batch_size': 32, 'lr': 0.02, 'max_epochs': 16, 'module__n_features': 13, 'module__n_neurons': 32, 'module__nonlin': ReLU()}
2024-05-30 04:34:50,315 0.723149 (0.005317) with: {'batch_size': 32, 'lr': 0.02, 'max_epochs': 16, 'module__n_features': 13, 'module__n_neurons': 64, 'module__nonlin': Tanh()}
2024-05-30 04:34:50,315 0.725372 (0.008885) with: {'batch_size': 32, 'lr': 0.02, 'max_epochs': 16, 'module__n_features': 13, 'module__n_neurons': 64, 'module__nonlin': ReLU()}
2024-05-30 04:34:50,315 0.723605 (0.005558) with: {'batch_size': 32, 'lr': 0.02, 'max_epochs': 16, 'module__n_features': 13, 'module__n_neurons': 128, 'module__nonlin': Tanh()}
2024-05-30 04:34:50,315 0.725125 (0.009855) with: {'batch_size': 32, 'lr': 0.02, 'max_epochs': 16, 'module__n_features': 13, 'module__n_neurons': 128, 'module__nonlin': ReLU()}
2024-05-30 04:34:50,315 0.722403 (0.005268) with: {'batch_size': 32, 'lr': 0.02, 'max_epochs': 16, 'module__n_features': 13, 'module__n_neurons': 256, 'module__nonlin': Tanh()}
2024-05-30 04:34:50,315 0.725753 (0.010227) with: {'batch_size': 32, 'lr': 0.02, 'max_epochs': 16, 'module__n_features': 13, 'module__n_neurons': 256, 'module__nonlin': ReLU()}
2024-05-30 04:34:50,315 0.728344 (0.006612) with: {'batch_size': 32, 'lr': 0.02, 'max_epochs': 32, 'module__n_features': 13, 'module__n_neurons': 16, 'module__nonlin': Tanh()}
2024-05-30 04:34:50,315 0.725949 (0.007350) with: {'batch_size': 32, 'lr': 0.02, 'max_epochs': 32, 'module__n_features': 13, 'module__n_neurons': 16, 'module__nonlin': ReLU()}
2024-05-30 04:34:50,315 0.727836 (0.007198) with: {'batch_size': 32, 'lr': 0.02, 'max_epochs': 32, 'module__n_features': 13, 'module__n_neurons': 32, 'module__nonlin': Tanh()}
2024-05-30 04:34:50,315 0.727072 (0.008807) with: {'batch_size': 32, 'lr': 0.02, 'max_epochs': 32, 'module__n_features': 13, 'module__n_neurons': 32, 'module__nonlin': ReLU()}
2024-05-30 04:34:50,315 0.727028 (0.006610) with: {'batch_size': 32, 'lr': 0.02, 'max_epochs': 32, 'module__n_features': 13, 'module__n_neurons': 64, 'module__nonlin': Tanh()}
2024-05-30 04:34:50,315 0.727186 (0.010707) with: {'batch_size': 32, 'lr': 0.02, 'max_epochs': 32, 'module__n_features': 13, 'module__n_neurons': 64, 'module__nonlin': ReLU()}
2024-05-30 04:34:50,315 0.725988 (0.006745) with: {'batch_size': 32, 'lr': 0.02, 'max_epochs': 32, 'module__n_features': 13, 'module__n_neurons': 128, 'module__nonlin': Tanh()}
2024-05-30 04:34:50,315 0.725805 (0.010870) with: {'batch_size': 32, 'lr': 0.02, 'max_epochs': 32, 'module__n_features': 13, 'module__n_neurons': 128, 'module__nonlin': ReLU()}
2024-05-30 04:34:50,315 0.723959 (0.005934) with: {'batch_size': 32, 'lr': 0.02, 'max_epochs': 32, 'module__n_features': 13, 'module__n_neurons': 256, 'module__nonlin': Tanh()}
2024-05-30 04:34:50,315 0.723543 (0.012063) with: {'batch_size': 32, 'lr': 0.02, 'max_epochs': 32, 'module__n_features': 13, 'module__n_neurons': 256, 'module__nonlin': ReLU()}
2024-05-30 04:34:50,315 0.728357 (0.008572) with: {'batch_size': 32, 'lr': 0.02, 'max_epochs': 64, 'module__n_features': 13, 'module__n_neurons': 16, 'module__nonlin': Tanh()}
2024-05-30 04:34:50,315 0.726328 (0.010258) with: {'batch_size': 32, 'lr': 0.02, 'max_epochs': 64, 'module__n_features': 13, 'module__n_neurons': 16, 'module__nonlin': ReLU()}
2024-05-30 04:34:50,315 0.728346 (0.008566) with: {'batch_size': 32, 'lr': 0.02, 'max_epochs': 64, 'module__n_features': 13, 'module__n_neurons': 32, 'module__nonlin': Tanh()}
2024-05-30 04:34:50,315 0.725279 (0.011820) with: {'batch_size': 32, 'lr': 0.02, 'max_epochs': 64, 'module__n_features': 13, 'module__n_neurons': 32, 'module__nonlin': ReLU()}
2024-05-30 04:34:50,315 0.728738 (0.009306) with: {'batch_size': 32, 'lr': 0.02, 'max_epochs': 64, 'module__n_features': 13, 'module__n_neurons': 64, 'module__nonlin': Tanh()}
2024-05-30 04:34:50,315 0.723039 (0.010741) with: {'batch_size': 32, 'lr': 0.02, 'max_epochs': 64, 'module__n_features': 13, 'module__n_neurons': 64, 'module__nonlin': ReLU()}
2024-05-30 04:34:50,315 0.727532 (0.009312) with: {'batch_size': 32, 'lr': 0.02, 'max_epochs': 64, 'module__n_features': 13, 'module__n_neurons': 128, 'module__nonlin': Tanh()}
2024-05-30 04:34:50,315 0.719958 (0.013148) with: {'batch_size': 32, 'lr': 0.02, 'max_epochs': 64, 'module__n_features': 13, 'module__n_neurons': 128, 'module__nonlin': ReLU()}
2024-05-30 04:34:50,315 0.725846 (0.008382) with: {'batch_size': 32, 'lr': 0.02, 'max_epochs': 64, 'module__n_features': 13, 'module__n_neurons': 256, 'module__nonlin': Tanh()}
2024-05-30 04:34:50,315 0.719247 (0.012646) with: {'batch_size': 32, 'lr': 0.02, 'max_epochs': 64, 'module__n_features': 13, 'module__n_neurons': 256, 'module__nonlin': ReLU()}
2024-05-30 04:34:50,315 0.727160 (0.009587) with: {'batch_size': 32, 'lr': 0.02, 'max_epochs': 128, 'module__n_features': 13, 'module__n_neurons': 16, 'module__nonlin': Tanh()}
2024-05-30 04:34:50,315 0.726557 (0.011436) with: {'batch_size': 32, 'lr': 0.02, 'max_epochs': 128, 'module__n_features': 13, 'module__n_neurons': 16, 'module__nonlin': ReLU()}
2024-05-30 04:34:50,315 0.725734 (0.010951) with: {'batch_size': 32, 'lr': 0.02, 'max_epochs': 128, 'module__n_features': 13, 'module__n_neurons': 32, 'module__nonlin': Tanh()}
2024-05-30 04:34:50,315 0.722400 (0.013321) with: {'batch_size': 32, 'lr': 0.02, 'max_epochs': 128, 'module__n_features': 13, 'module__n_neurons': 32, 'module__nonlin': ReLU()}
2024-05-30 04:34:50,316 0.726350 (0.010892) with: {'batch_size': 32, 'lr': 0.02, 'max_epochs': 128, 'module__n_features': 13, 'module__n_neurons': 64, 'module__nonlin': Tanh()}
2024-05-30 04:34:50,316 0.715111 (0.013372) with: {'batch_size': 32, 'lr': 0.02, 'max_epochs': 128, 'module__n_features': 13, 'module__n_neurons': 64, 'module__nonlin': ReLU()}
2024-05-30 04:34:50,316 0.726515 (0.011035) with: {'batch_size': 32, 'lr': 0.02, 'max_epochs': 128, 'module__n_features': 13, 'module__n_neurons': 128, 'module__nonlin': Tanh()}
2024-05-30 04:34:50,316 0.710669 (0.012631) with: {'batch_size': 32, 'lr': 0.02, 'max_epochs': 128, 'module__n_features': 13, 'module__n_neurons': 128, 'module__nonlin': ReLU()}
2024-05-30 04:34:50,316 0.724764 (0.009630) with: {'batch_size': 32, 'lr': 0.02, 'max_epochs': 128, 'module__n_features': 13, 'module__n_neurons': 256, 'module__nonlin': Tanh()}
2024-05-30 04:34:50,316 0.709427 (0.011486) with: {'batch_size': 32, 'lr': 0.02, 'max_epochs': 128, 'module__n_features': 13, 'module__n_neurons': 256, 'module__nonlin': ReLU()}
2024-05-30 04:34:50,316 0.673789 (0.020152) with: {'batch_size': 64, 'lr': 0.001, 'max_epochs': 16, 'module__n_features': 13, 'module__n_neurons': 16, 'module__nonlin': Tanh()}
2024-05-30 04:34:50,316 0.663045 (0.030171) with: {'batch_size': 64, 'lr': 0.001, 'max_epochs': 16, 'module__n_features': 13, 'module__n_neurons': 16, 'module__nonlin': ReLU()}
2024-05-30 04:34:50,316 0.683466 (0.017903) with: {'batch_size': 64, 'lr': 0.001, 'max_epochs': 16, 'module__n_features': 13, 'module__n_neurons': 32, 'module__nonlin': Tanh()}
2024-05-30 04:34:50,316 0.673323 (0.019996) with: {'batch_size': 64, 'lr': 0.001, 'max_epochs': 16, 'module__n_features': 13, 'module__n_neurons': 32, 'module__nonlin': ReLU()}
2024-05-30 04:34:50,316 0.693777 (0.016101) with: {'batch_size': 64, 'lr': 0.001, 'max_epochs': 16, 'module__n_features': 13, 'module__n_neurons': 64, 'module__nonlin': Tanh()}
2024-05-30 04:34:50,316 0.682532 (0.017458) with: {'batch_size': 64, 'lr': 0.001, 'max_epochs': 16, 'module__n_features': 13, 'module__n_neurons': 64, 'module__nonlin': ReLU()}
2024-05-30 04:34:50,316 0.706731 (0.014188) with: {'batch_size': 64, 'lr': 0.001, 'max_epochs': 16, 'module__n_features': 13, 'module__n_neurons': 128, 'module__nonlin': Tanh()}
2024-05-30 04:34:50,316 0.697712 (0.012180) with: {'batch_size': 64, 'lr': 0.001, 'max_epochs': 16, 'module__n_features': 13, 'module__n_neurons': 128, 'module__nonlin': ReLU()}
2024-05-30 04:34:50,316 0.715905 (0.010588) with: {'batch_size': 64, 'lr': 0.001, 'max_epochs': 16, 'module__n_features': 13, 'module__n_neurons': 256, 'module__nonlin': Tanh()}
2024-05-30 04:34:50,316 0.708699 (0.010650) with: {'batch_size': 64, 'lr': 0.001, 'max_epochs': 16, 'module__n_features': 13, 'module__n_neurons': 256, 'module__nonlin': ReLU()}
2024-05-30 04:34:50,316 0.702649 (0.016222) with: {'batch_size': 64, 'lr': 0.001, 'max_epochs': 32, 'module__n_features': 13, 'module__n_neurons': 16, 'module__nonlin': Tanh()}
2024-05-30 04:34:50,316 0.691634 (0.017904) with: {'batch_size': 64, 'lr': 0.001, 'max_epochs': 32, 'module__n_features': 13, 'module__n_neurons': 16, 'module__nonlin': ReLU()}
2024-05-30 04:34:50,316 0.711796 (0.011765) with: {'batch_size': 64, 'lr': 0.001, 'max_epochs': 32, 'module__n_features': 13, 'module__n_neurons': 32, 'module__nonlin': Tanh()}
2024-05-30 04:34:50,316 0.702000 (0.012716) with: {'batch_size': 64, 'lr': 0.001, 'max_epochs': 32, 'module__n_features': 13, 'module__n_neurons': 32, 'module__nonlin': ReLU()}
2024-05-30 04:34:50,316 0.716973 (0.009958) with: {'batch_size': 64, 'lr': 0.001, 'max_epochs': 32, 'module__n_features': 13, 'module__n_neurons': 64, 'module__nonlin': Tanh()}
2024-05-30 04:34:50,316 0.711119 (0.011099) with: {'batch_size': 64, 'lr': 0.001, 'max_epochs': 32, 'module__n_features': 13, 'module__n_neurons': 64, 'module__nonlin': ReLU()}
2024-05-30 04:34:50,316 0.720440 (0.007881) with: {'batch_size': 64, 'lr': 0.001, 'max_epochs': 32, 'module__n_features': 13, 'module__n_neurons': 128, 'module__nonlin': Tanh()}
2024-05-30 04:34:50,316 0.717836 (0.007436) with: {'batch_size': 64, 'lr': 0.001, 'max_epochs': 32, 'module__n_features': 13, 'module__n_neurons': 128, 'module__nonlin': ReLU()}
2024-05-30 04:34:50,316 0.723230 (0.006681) with: {'batch_size': 64, 'lr': 0.001, 'max_epochs': 32, 'module__n_features': 13, 'module__n_neurons': 256, 'module__nonlin': Tanh()}
2024-05-30 04:34:50,316 0.720533 (0.007015) with: {'batch_size': 64, 'lr': 0.001, 'max_epochs': 32, 'module__n_features': 13, 'module__n_neurons': 256, 'module__nonlin': ReLU()}
2024-05-30 04:34:50,316 0.718715 (0.009356) with: {'batch_size': 64, 'lr': 0.001, 'max_epochs': 64, 'module__n_features': 13, 'module__n_neurons': 16, 'module__nonlin': Tanh()}
2024-05-30 04:34:50,316 0.716125 (0.009815) with: {'batch_size': 64, 'lr': 0.001, 'max_epochs': 64, 'module__n_features': 13, 'module__n_neurons': 16, 'module__nonlin': ReLU()}
2024-05-30 04:34:50,316 0.721589 (0.007752) with: {'batch_size': 64, 'lr': 0.001, 'max_epochs': 64, 'module__n_features': 13, 'module__n_neurons': 32, 'module__nonlin': Tanh()}
2024-05-30 04:34:50,316 0.718184 (0.007720) with: {'batch_size': 64, 'lr': 0.001, 'max_epochs': 64, 'module__n_features': 13, 'module__n_neurons': 32, 'module__nonlin': ReLU()}
2024-05-30 04:34:50,316 0.723153 (0.006734) with: {'batch_size': 64, 'lr': 0.001, 'max_epochs': 64, 'module__n_features': 13, 'module__n_neurons': 64, 'module__nonlin': Tanh()}
2024-05-30 04:34:50,316 0.721003 (0.006961) with: {'batch_size': 64, 'lr': 0.001, 'max_epochs': 64, 'module__n_features': 13, 'module__n_neurons': 64, 'module__nonlin': ReLU()}
2024-05-30 04:34:50,316 0.724280 (0.006652) with: {'batch_size': 64, 'lr': 0.001, 'max_epochs': 64, 'module__n_features': 13, 'module__n_neurons': 128, 'module__nonlin': Tanh()}
2024-05-30 04:34:50,316 0.722336 (0.006969) with: {'batch_size': 64, 'lr': 0.001, 'max_epochs': 64, 'module__n_features': 13, 'module__n_neurons': 128, 'module__nonlin': ReLU()}
2024-05-30 04:34:50,316 0.724949 (0.006054) with: {'batch_size': 64, 'lr': 0.001, 'max_epochs': 64, 'module__n_features': 13, 'module__n_neurons': 256, 'module__nonlin': Tanh()}
2024-05-30 04:34:50,316 0.722460 (0.007714) with: {'batch_size': 64, 'lr': 0.001, 'max_epochs': 64, 'module__n_features': 13, 'module__n_neurons': 256, 'module__nonlin': ReLU()}
2024-05-30 04:34:50,316 0.724211 (0.006285) with: {'batch_size': 64, 'lr': 0.001, 'max_epochs': 128, 'module__n_features': 13, 'module__n_neurons': 16, 'module__nonlin': Tanh()}
2024-05-30 04:34:50,316 0.723405 (0.005424) with: {'batch_size': 64, 'lr': 0.001, 'max_epochs': 128, 'module__n_features': 13, 'module__n_neurons': 16, 'module__nonlin': ReLU()}
2024-05-30 04:34:50,316 0.724631 (0.006099) with: {'batch_size': 64, 'lr': 0.001, 'max_epochs': 128, 'module__n_features': 13, 'module__n_neurons': 32, 'module__nonlin': Tanh()}
2024-05-30 04:34:50,316 0.724151 (0.006563) with: {'batch_size': 64, 'lr': 0.001, 'max_epochs': 128, 'module__n_features': 13, 'module__n_neurons': 32, 'module__nonlin': ReLU()}
2024-05-30 04:34:50,316 0.725150 (0.006289) with: {'batch_size': 64, 'lr': 0.001, 'max_epochs': 128, 'module__n_features': 13, 'module__n_neurons': 64, 'module__nonlin': Tanh()}
2024-05-30 04:34:50,316 0.724704 (0.006265) with: {'batch_size': 64, 'lr': 0.001, 'max_epochs': 128, 'module__n_features': 13, 'module__n_neurons': 64, 'module__nonlin': ReLU()}
2024-05-30 04:34:50,316 0.724833 (0.006143) with: {'batch_size': 64, 'lr': 0.001, 'max_epochs': 128, 'module__n_features': 13, 'module__n_neurons': 128, 'module__nonlin': Tanh()}
2024-05-30 04:34:50,316 0.724116 (0.008453) with: {'batch_size': 64, 'lr': 0.001, 'max_epochs': 128, 'module__n_features': 13, 'module__n_neurons': 128, 'module__nonlin': ReLU()}
2024-05-30 04:34:50,316 0.725006 (0.005915) with: {'batch_size': 64, 'lr': 0.001, 'max_epochs': 128, 'module__n_features': 13, 'module__n_neurons': 256, 'module__nonlin': Tanh()}
2024-05-30 04:34:50,316 0.723387 (0.008976) with: {'batch_size': 64, 'lr': 0.001, 'max_epochs': 128, 'module__n_features': 13, 'module__n_neurons': 256, 'module__nonlin': ReLU()}
2024-05-30 04:34:50,316 0.724171 (0.006720) with: {'batch_size': 64, 'lr': 0.01, 'max_epochs': 16, 'module__n_features': 13, 'module__n_neurons': 16, 'module__nonlin': Tanh()}
2024-05-30 04:34:50,316 0.723746 (0.006224) with: {'batch_size': 64, 'lr': 0.01, 'max_epochs': 16, 'module__n_features': 13, 'module__n_neurons': 16, 'module__nonlin': ReLU()}
2024-05-30 04:34:50,316 0.724239 (0.006193) with: {'batch_size': 64, 'lr': 0.01, 'max_epochs': 16, 'module__n_features': 13, 'module__n_neurons': 32, 'module__nonlin': Tanh()}
2024-05-30 04:34:50,316 0.724183 (0.005522) with: {'batch_size': 64, 'lr': 0.01, 'max_epochs': 16, 'module__n_features': 13, 'module__n_neurons': 32, 'module__nonlin': ReLU()}
2024-05-30 04:34:50,317 0.724587 (0.006333) with: {'batch_size': 64, 'lr': 0.01, 'max_epochs': 16, 'module__n_features': 13, 'module__n_neurons': 64, 'module__nonlin': Tanh()}
2024-05-30 04:34:50,317 0.724135 (0.007291) with: {'batch_size': 64, 'lr': 0.01, 'max_epochs': 16, 'module__n_features': 13, 'module__n_neurons': 64, 'module__nonlin': ReLU()}
2024-05-30 04:34:50,317 0.724199 (0.005779) with: {'batch_size': 64, 'lr': 0.01, 'max_epochs': 16, 'module__n_features': 13, 'module__n_neurons': 128, 'module__nonlin': Tanh()}
2024-05-30 04:34:50,317 0.723261 (0.007432) with: {'batch_size': 64, 'lr': 0.01, 'max_epochs': 16, 'module__n_features': 13, 'module__n_neurons': 128, 'module__nonlin': ReLU()}
2024-05-30 04:34:50,317 0.723124 (0.005844) with: {'batch_size': 64, 'lr': 0.01, 'max_epochs': 16, 'module__n_features': 13, 'module__n_neurons': 256, 'module__nonlin': Tanh()}
2024-05-30 04:34:50,317 0.723111 (0.007840) with: {'batch_size': 64, 'lr': 0.01, 'max_epochs': 16, 'module__n_features': 13, 'module__n_neurons': 256, 'module__nonlin': ReLU()}
2024-05-30 04:34:50,317 0.725633 (0.005422) with: {'batch_size': 64, 'lr': 0.01, 'max_epochs': 32, 'module__n_features': 13, 'module__n_neurons': 16, 'module__nonlin': Tanh()}
2024-05-30 04:34:50,317 0.725650 (0.004774) with: {'batch_size': 64, 'lr': 0.01, 'max_epochs': 32, 'module__n_features': 13, 'module__n_neurons': 16, 'module__nonlin': ReLU()}
2024-05-30 04:34:50,317 0.726007 (0.005365) with: {'batch_size': 64, 'lr': 0.01, 'max_epochs': 32, 'module__n_features': 13, 'module__n_neurons': 32, 'module__nonlin': Tanh()}
2024-05-30 04:34:50,317 0.725071 (0.006652) with: {'batch_size': 64, 'lr': 0.01, 'max_epochs': 32, 'module__n_features': 13, 'module__n_neurons': 32, 'module__nonlin': ReLU()}
2024-05-30 04:34:50,317 0.725197 (0.005331) with: {'batch_size': 64, 'lr': 0.01, 'max_epochs': 32, 'module__n_features': 13, 'module__n_neurons': 64, 'module__nonlin': Tanh()}
2024-05-30 04:34:50,317 0.724069 (0.008017) with: {'batch_size': 64, 'lr': 0.01, 'max_epochs': 32, 'module__n_features': 13, 'module__n_neurons': 64, 'module__nonlin': ReLU()}
2024-05-30 04:34:50,317 0.725400 (0.005229) with: {'batch_size': 64, 'lr': 0.01, 'max_epochs': 32, 'module__n_features': 13, 'module__n_neurons': 128, 'module__nonlin': Tanh()}
2024-05-30 04:34:50,317 0.723594 (0.009155) with: {'batch_size': 64, 'lr': 0.01, 'max_epochs': 32, 'module__n_features': 13, 'module__n_neurons': 128, 'module__nonlin': ReLU()}
2024-05-30 04:34:50,317 0.723781 (0.005275) with: {'batch_size': 64, 'lr': 0.01, 'max_epochs': 32, 'module__n_features': 13, 'module__n_neurons': 256, 'module__nonlin': Tanh()}
2024-05-30 04:34:50,317 0.722972 (0.010241) with: {'batch_size': 64, 'lr': 0.01, 'max_epochs': 32, 'module__n_features': 13, 'module__n_neurons': 256, 'module__nonlin': ReLU()}
2024-05-30 04:34:50,317 0.727413 (0.006291) with: {'batch_size': 64, 'lr': 0.01, 'max_epochs': 64, 'module__n_features': 13, 'module__n_neurons': 16, 'module__nonlin': Tanh()}
2024-05-30 04:34:50,317 0.725278 (0.008538) with: {'batch_size': 64, 'lr': 0.01, 'max_epochs': 64, 'module__n_features': 13, 'module__n_neurons': 16, 'module__nonlin': ReLU()}
2024-05-30 04:34:50,317 0.726465 (0.005380) with: {'batch_size': 64, 'lr': 0.01, 'max_epochs': 64, 'module__n_features': 13, 'module__n_neurons': 32, 'module__nonlin': Tanh()}
2024-05-30 04:34:50,317 0.724697 (0.008630) with: {'batch_size': 64, 'lr': 0.01, 'max_epochs': 64, 'module__n_features': 13, 'module__n_neurons': 32, 'module__nonlin': ReLU()}
2024-05-30 04:34:50,317 0.727126 (0.006604) with: {'batch_size': 64, 'lr': 0.01, 'max_epochs': 64, 'module__n_features': 13, 'module__n_neurons': 64, 'module__nonlin': Tanh()}
2024-05-30 04:34:50,317 0.723533 (0.009997) with: {'batch_size': 64, 'lr': 0.01, 'max_epochs': 64, 'module__n_features': 13, 'module__n_neurons': 64, 'module__nonlin': ReLU()}
2024-05-30 04:34:50,317 0.726990 (0.006553) with: {'batch_size': 64, 'lr': 0.01, 'max_epochs': 64, 'module__n_features': 13, 'module__n_neurons': 128, 'module__nonlin': Tanh()}
2024-05-30 04:34:50,317 0.722335 (0.011218) with: {'batch_size': 64, 'lr': 0.01, 'max_epochs': 64, 'module__n_features': 13, 'module__n_neurons': 128, 'module__nonlin': ReLU()}
2024-05-30 04:34:50,317 0.727253 (0.006920) with: {'batch_size': 64, 'lr': 0.01, 'max_epochs': 64, 'module__n_features': 13, 'module__n_neurons': 256, 'module__nonlin': Tanh()}
2024-05-30 04:34:50,317 0.720152 (0.012202) with: {'batch_size': 64, 'lr': 0.01, 'max_epochs': 64, 'module__n_features': 13, 'module__n_neurons': 256, 'module__nonlin': ReLU()}
2024-05-30 04:34:50,317 0.729111 (0.008838) with: {'batch_size': 64, 'lr': 0.01, 'max_epochs': 128, 'module__n_features': 13, 'module__n_neurons': 16, 'module__nonlin': Tanh()}
2024-05-30 04:34:50,317 0.722963 (0.010155) with: {'batch_size': 64, 'lr': 0.01, 'max_epochs': 128, 'module__n_features': 13, 'module__n_neurons': 16, 'module__nonlin': ReLU()}
2024-05-30 04:34:50,317 0.727831 (0.008508) with: {'batch_size': 64, 'lr': 0.01, 'max_epochs': 128, 'module__n_features': 13, 'module__n_neurons': 32, 'module__nonlin': Tanh()}
2024-05-30 04:34:50,317 0.723408 (0.010644) with: {'batch_size': 64, 'lr': 0.01, 'max_epochs': 128, 'module__n_features': 13, 'module__n_neurons': 32, 'module__nonlin': ReLU()}
2024-05-30 04:34:50,317 0.727589 (0.008889) with: {'batch_size': 64, 'lr': 0.01, 'max_epochs': 128, 'module__n_features': 13, 'module__n_neurons': 64, 'module__nonlin': Tanh()}
2024-05-30 04:34:50,317 0.720766 (0.010081) with: {'batch_size': 64, 'lr': 0.01, 'max_epochs': 128, 'module__n_features': 13, 'module__n_neurons': 64, 'module__nonlin': ReLU()}
2024-05-30 04:34:50,317 0.728509 (0.008918) with: {'batch_size': 64, 'lr': 0.01, 'max_epochs': 128, 'module__n_features': 13, 'module__n_neurons': 128, 'module__nonlin': Tanh()}
2024-05-30 04:34:50,317 0.716191 (0.012340) with: {'batch_size': 64, 'lr': 0.01, 'max_epochs': 128, 'module__n_features': 13, 'module__n_neurons': 128, 'module__nonlin': ReLU()}
2024-05-30 04:34:50,317 0.727408 (0.009072) with: {'batch_size': 64, 'lr': 0.01, 'max_epochs': 128, 'module__n_features': 13, 'module__n_neurons': 256, 'module__nonlin': Tanh()}
2024-05-30 04:34:50,317 0.710514 (0.012513) with: {'batch_size': 64, 'lr': 0.01, 'max_epochs': 128, 'module__n_features': 13, 'module__n_neurons': 256, 'module__nonlin': ReLU()}
2024-05-30 04:34:50,317 0.724585 (0.006153) with: {'batch_size': 64, 'lr': 0.02, 'max_epochs': 16, 'module__n_features': 13, 'module__n_neurons': 16, 'module__nonlin': Tanh()}
2024-05-30 04:34:50,317 0.724340 (0.007258) with: {'batch_size': 64, 'lr': 0.02, 'max_epochs': 16, 'module__n_features': 13, 'module__n_neurons': 16, 'module__nonlin': ReLU()}
2024-05-30 04:34:50,317 0.724343 (0.005748) with: {'batch_size': 64, 'lr': 0.02, 'max_epochs': 16, 'module__n_features': 13, 'module__n_neurons': 32, 'module__nonlin': Tanh()}
2024-05-30 04:34:50,317 0.725556 (0.006435) with: {'batch_size': 64, 'lr': 0.02, 'max_epochs': 16, 'module__n_features': 13, 'module__n_neurons': 32, 'module__nonlin': ReLU()}
2024-05-30 04:34:50,317 0.724381 (0.005597) with: {'batch_size': 64, 'lr': 0.02, 'max_epochs': 16, 'module__n_features': 13, 'module__n_neurons': 64, 'module__nonlin': Tanh()}
2024-05-30 04:34:50,317 0.724905 (0.008162) with: {'batch_size': 64, 'lr': 0.02, 'max_epochs': 16, 'module__n_features': 13, 'module__n_neurons': 64, 'module__nonlin': ReLU()}
2024-05-30 04:34:50,317 0.723755 (0.004611) with: {'batch_size': 64, 'lr': 0.02, 'max_epochs': 16, 'module__n_features': 13, 'module__n_neurons': 128, 'module__nonlin': Tanh()}
2024-05-30 04:34:50,317 0.723919 (0.007814) with: {'batch_size': 64, 'lr': 0.02, 'max_epochs': 16, 'module__n_features': 13, 'module__n_neurons': 128, 'module__nonlin': ReLU()}
2024-05-30 04:34:50,317 0.722294 (0.005245) with: {'batch_size': 64, 'lr': 0.02, 'max_epochs': 16, 'module__n_features': 13, 'module__n_neurons': 256, 'module__nonlin': Tanh()}
2024-05-30 04:34:50,317 0.724244 (0.009552) with: {'batch_size': 64, 'lr': 0.02, 'max_epochs': 16, 'module__n_features': 13, 'module__n_neurons': 256, 'module__nonlin': ReLU()}
2024-05-30 04:34:50,317 0.726506 (0.004071) with: {'batch_size': 64, 'lr': 0.02, 'max_epochs': 32, 'module__n_features': 13, 'module__n_neurons': 16, 'module__nonlin': Tanh()}
2024-05-30 04:34:50,317 0.724369 (0.007694) with: {'batch_size': 64, 'lr': 0.02, 'max_epochs': 32, 'module__n_features': 13, 'module__n_neurons': 16, 'module__nonlin': ReLU()}
2024-05-30 04:34:50,317 0.726338 (0.005745) with: {'batch_size': 64, 'lr': 0.02, 'max_epochs': 32, 'module__n_features': 13, 'module__n_neurons': 32, 'module__nonlin': Tanh()}
2024-05-30 04:34:50,317 0.727130 (0.007802) with: {'batch_size': 64, 'lr': 0.02, 'max_epochs': 32, 'module__n_features': 13, 'module__n_neurons': 32, 'module__nonlin': ReLU()}
2024-05-30 04:34:50,318 0.726340 (0.005680) with: {'batch_size': 64, 'lr': 0.02, 'max_epochs': 32, 'module__n_features': 13, 'module__n_neurons': 64, 'module__nonlin': Tanh()}
2024-05-30 04:34:50,318 0.724330 (0.009487) with: {'batch_size': 64, 'lr': 0.02, 'max_epochs': 32, 'module__n_features': 13, 'module__n_neurons': 64, 'module__nonlin': ReLU()}
2024-05-30 04:34:50,318 0.726332 (0.005330) with: {'batch_size': 64, 'lr': 0.02, 'max_epochs': 32, 'module__n_features': 13, 'module__n_neurons': 128, 'module__nonlin': Tanh()}
2024-05-30 04:34:50,318 0.723131 (0.010128) with: {'batch_size': 64, 'lr': 0.02, 'max_epochs': 32, 'module__n_features': 13, 'module__n_neurons': 128, 'module__nonlin': ReLU()}
2024-05-30 04:34:50,318 0.725221 (0.005284) with: {'batch_size': 64, 'lr': 0.02, 'max_epochs': 32, 'module__n_features': 13, 'module__n_neurons': 256, 'module__nonlin': Tanh()}
2024-05-30 04:34:50,318 0.723582 (0.010072) with: {'batch_size': 64, 'lr': 0.02, 'max_epochs': 32, 'module__n_features': 13, 'module__n_neurons': 256, 'module__nonlin': ReLU()}
2024-05-30 04:34:50,318 0.728415 (0.007958) with: {'batch_size': 64, 'lr': 0.02, 'max_epochs': 64, 'module__n_features': 13, 'module__n_neurons': 16, 'module__nonlin': Tanh()}
2024-05-30 04:34:50,318 0.726342 (0.009466) with: {'batch_size': 64, 'lr': 0.02, 'max_epochs': 64, 'module__n_features': 13, 'module__n_neurons': 16, 'module__nonlin': ReLU()}
2024-05-30 04:34:50,318 0.727950 (0.007671) with: {'batch_size': 64, 'lr': 0.02, 'max_epochs': 64, 'module__n_features': 13, 'module__n_neurons': 32, 'module__nonlin': Tanh()}
2024-05-30 04:34:50,318 0.723866 (0.009893) with: {'batch_size': 64, 'lr': 0.02, 'max_epochs': 64, 'module__n_features': 13, 'module__n_neurons': 32, 'module__nonlin': ReLU()}
2024-05-30 04:34:50,318 0.728060 (0.007319) with: {'batch_size': 64, 'lr': 0.02, 'max_epochs': 64, 'module__n_features': 13, 'module__n_neurons': 64, 'module__nonlin': Tanh()}
2024-05-30 04:34:50,318 0.721478 (0.012553) with: {'batch_size': 64, 'lr': 0.02, 'max_epochs': 64, 'module__n_features': 13, 'module__n_neurons': 64, 'module__nonlin': ReLU()}
2024-05-30 04:34:50,318 0.728486 (0.007967) with: {'batch_size': 64, 'lr': 0.02, 'max_epochs': 64, 'module__n_features': 13, 'module__n_neurons': 128, 'module__nonlin': Tanh()}
2024-05-30 04:34:50,318 0.719602 (0.012145) with: {'batch_size': 64, 'lr': 0.02, 'max_epochs': 64, 'module__n_features': 13, 'module__n_neurons': 128, 'module__nonlin': ReLU()}
2024-05-30 04:34:50,318 0.727274 (0.008580) with: {'batch_size': 64, 'lr': 0.02, 'max_epochs': 64, 'module__n_features': 13, 'module__n_neurons': 256, 'module__nonlin': Tanh()}
2024-05-30 04:34:50,318 0.717744 (0.012095) with: {'batch_size': 64, 'lr': 0.02, 'max_epochs': 64, 'module__n_features': 13, 'module__n_neurons': 256, 'module__nonlin': ReLU()}
2024-05-30 04:34:50,318 0.726416 (0.008838) with: {'batch_size': 64, 'lr': 0.02, 'max_epochs': 128, 'module__n_features': 13, 'module__n_neurons': 16, 'module__nonlin': Tanh()}
2024-05-30 04:34:50,318 0.726145 (0.008860) with: {'batch_size': 64, 'lr': 0.02, 'max_epochs': 128, 'module__n_features': 13, 'module__n_neurons': 16, 'module__nonlin': ReLU()}
2024-05-30 04:34:50,318 0.725424 (0.009574) with: {'batch_size': 64, 'lr': 0.02, 'max_epochs': 128, 'module__n_features': 13, 'module__n_neurons': 32, 'module__nonlin': Tanh()}
2024-05-30 04:34:50,318 0.722060 (0.009992) with: {'batch_size': 64, 'lr': 0.02, 'max_epochs': 128, 'module__n_features': 13, 'module__n_neurons': 32, 'module__nonlin': ReLU()}
2024-05-30 04:34:50,318 0.726290 (0.009688) with: {'batch_size': 64, 'lr': 0.02, 'max_epochs': 128, 'module__n_features': 13, 'module__n_neurons': 64, 'module__nonlin': Tanh()}
2024-05-30 04:34:50,318 0.717334 (0.011618) with: {'batch_size': 64, 'lr': 0.02, 'max_epochs': 128, 'module__n_features': 13, 'module__n_neurons': 64, 'module__nonlin': ReLU()}
2024-05-30 04:34:50,318 0.724778 (0.011154) with: {'batch_size': 64, 'lr': 0.02, 'max_epochs': 128, 'module__n_features': 13, 'module__n_neurons': 128, 'module__nonlin': Tanh()}
2024-05-30 04:34:50,318 0.710026 (0.012191) with: {'batch_size': 64, 'lr': 0.02, 'max_epochs': 128, 'module__n_features': 13, 'module__n_neurons': 128, 'module__nonlin': ReLU()}
2024-05-30 04:34:50,318 0.726139 (0.010248) with: {'batch_size': 64, 'lr': 0.02, 'max_epochs': 128, 'module__n_features': 13, 'module__n_neurons': 256, 'module__nonlin': Tanh()}
2024-05-30 04:34:50,318 0.704658 (0.011552) with: {'batch_size': 64, 'lr': 0.02, 'max_epochs': 128, 'module__n_features': 13, 'module__n_neurons': 256, 'module__nonlin': ReLU()}
2024-05-30 04:34:50,318 0.666182 (0.025046) with: {'batch_size': 128, 'lr': 0.001, 'max_epochs': 16, 'module__n_features': 13, 'module__n_neurons': 16, 'module__nonlin': Tanh()}
2024-05-30 04:34:50,318 0.650531 (0.018720) with: {'batch_size': 128, 'lr': 0.001, 'max_epochs': 16, 'module__n_features': 13, 'module__n_neurons': 16, 'module__nonlin': ReLU()}
2024-05-30 04:34:50,318 0.668563 (0.019877) with: {'batch_size': 128, 'lr': 0.001, 'max_epochs': 16, 'module__n_features': 13, 'module__n_neurons': 32, 'module__nonlin': Tanh()}
2024-05-30 04:34:50,318 0.661565 (0.017092) with: {'batch_size': 128, 'lr': 0.001, 'max_epochs': 16, 'module__n_features': 13, 'module__n_neurons': 32, 'module__nonlin': ReLU()}
2024-05-30 04:34:50,318 0.677968 (0.016551) with: {'batch_size': 128, 'lr': 0.001, 'max_epochs': 16, 'module__n_features': 13, 'module__n_neurons': 64, 'module__nonlin': Tanh()}
2024-05-30 04:34:50,318 0.668211 (0.022255) with: {'batch_size': 128, 'lr': 0.001, 'max_epochs': 16, 'module__n_features': 13, 'module__n_neurons': 64, 'module__nonlin': ReLU()}
2024-05-30 04:34:50,318 0.689727 (0.016121) with: {'batch_size': 128, 'lr': 0.001, 'max_epochs': 16, 'module__n_features': 13, 'module__n_neurons': 128, 'module__nonlin': Tanh()}
2024-05-30 04:34:50,318 0.680828 (0.015637) with: {'batch_size': 128, 'lr': 0.001, 'max_epochs': 16, 'module__n_features': 13, 'module__n_neurons': 128, 'module__nonlin': ReLU()}
2024-05-30 04:34:50,318 0.703929 (0.014392) with: {'batch_size': 128, 'lr': 0.001, 'max_epochs': 16, 'module__n_features': 13, 'module__n_neurons': 256, 'module__nonlin': Tanh()}
2024-05-30 04:34:50,318 0.692197 (0.013327) with: {'batch_size': 128, 'lr': 0.001, 'max_epochs': 16, 'module__n_features': 13, 'module__n_neurons': 256, 'module__nonlin': ReLU()}
2024-05-30 04:34:50,318 0.683965 (0.021671) with: {'batch_size': 128, 'lr': 0.001, 'max_epochs': 32, 'module__n_features': 13, 'module__n_neurons': 16, 'module__nonlin': Tanh()}
2024-05-30 04:34:50,318 0.672216 (0.021373) with: {'batch_size': 128, 'lr': 0.001, 'max_epochs': 32, 'module__n_features': 13, 'module__n_neurons': 16, 'module__nonlin': ReLU()}
2024-05-30 04:34:50,318 0.694659 (0.014733) with: {'batch_size': 128, 'lr': 0.001, 'max_epochs': 32, 'module__n_features': 13, 'module__n_neurons': 32, 'module__nonlin': Tanh()}
2024-05-30 04:34:50,318 0.685284 (0.015215) with: {'batch_size': 128, 'lr': 0.001, 'max_epochs': 32, 'module__n_features': 13, 'module__n_neurons': 32, 'module__nonlin': ReLU()}
2024-05-30 04:34:50,318 0.706998 (0.012360) with: {'batch_size': 128, 'lr': 0.001, 'max_epochs': 32, 'module__n_features': 13, 'module__n_neurons': 64, 'module__nonlin': Tanh()}
2024-05-30 04:34:50,318 0.694963 (0.013246) with: {'batch_size': 128, 'lr': 0.001, 'max_epochs': 32, 'module__n_features': 13, 'module__n_neurons': 64, 'module__nonlin': ReLU()}
2024-05-30 04:34:50,318 0.715391 (0.011151) with: {'batch_size': 128, 'lr': 0.001, 'max_epochs': 32, 'module__n_features': 13, 'module__n_neurons': 128, 'module__nonlin': Tanh()}
2024-05-30 04:34:50,318 0.706932 (0.009832) with: {'batch_size': 128, 'lr': 0.001, 'max_epochs': 32, 'module__n_features': 13, 'module__n_neurons': 128, 'module__nonlin': ReLU()}
2024-05-30 04:34:50,318 0.719831 (0.009221) with: {'batch_size': 128, 'lr': 0.001, 'max_epochs': 32, 'module__n_features': 13, 'module__n_neurons': 256, 'module__nonlin': Tanh()}
2024-05-30 04:34:50,318 0.715370 (0.008185) with: {'batch_size': 128, 'lr': 0.001, 'max_epochs': 32, 'module__n_features': 13, 'module__n_neurons': 256, 'module__nonlin': ReLU()}
2024-05-30 04:34:50,318 0.709930 (0.013662) with: {'batch_size': 128, 'lr': 0.001, 'max_epochs': 64, 'module__n_features': 13, 'module__n_neurons': 16, 'module__nonlin': Tanh()}
2024-05-30 04:34:50,318 0.701755 (0.015647) with: {'batch_size': 128, 'lr': 0.001, 'max_epochs': 64, 'module__n_features': 13, 'module__n_neurons': 16, 'module__nonlin': ReLU()}
2024-05-30 04:34:50,318 0.717127 (0.010299) with: {'batch_size': 128, 'lr': 0.001, 'max_epochs': 64, 'module__n_features': 13, 'module__n_neurons': 32, 'module__nonlin': Tanh()}
2024-05-30 04:34:50,318 0.714129 (0.010342) with: {'batch_size': 128, 'lr': 0.001, 'max_epochs': 64, 'module__n_features': 13, 'module__n_neurons': 32, 'module__nonlin': ReLU()}
2024-05-30 04:34:50,319 0.721242 (0.007977) with: {'batch_size': 128, 'lr': 0.001, 'max_epochs': 64, 'module__n_features': 13, 'module__n_neurons': 64, 'module__nonlin': Tanh()}
2024-05-30 04:34:50,319 0.717085 (0.008336) with: {'batch_size': 128, 'lr': 0.001, 'max_epochs': 64, 'module__n_features': 13, 'module__n_neurons': 64, 'module__nonlin': ReLU()}
2024-05-30 04:34:50,319 0.723508 (0.006755) with: {'batch_size': 128, 'lr': 0.001, 'max_epochs': 64, 'module__n_features': 13, 'module__n_neurons': 128, 'module__nonlin': Tanh()}
2024-05-30 04:34:50,319 0.719788 (0.006721) with: {'batch_size': 128, 'lr': 0.001, 'max_epochs': 64, 'module__n_features': 13, 'module__n_neurons': 128, 'module__nonlin': ReLU()}
2024-05-30 04:34:50,319 0.724313 (0.006814) with: {'batch_size': 128, 'lr': 0.001, 'max_epochs': 64, 'module__n_features': 13, 'module__n_neurons': 256, 'module__nonlin': Tanh()}
2024-05-30 04:34:50,319 0.720770 (0.007291) with: {'batch_size': 128, 'lr': 0.001, 'max_epochs': 64, 'module__n_features': 13, 'module__n_neurons': 256, 'module__nonlin': ReLU()}
2024-05-30 04:34:50,319 0.722677 (0.007301) with: {'batch_size': 128, 'lr': 0.001, 'max_epochs': 128, 'module__n_features': 13, 'module__n_neurons': 16, 'module__nonlin': Tanh()}
2024-05-30 04:34:50,319 0.720704 (0.006321) with: {'batch_size': 128, 'lr': 0.001, 'max_epochs': 128, 'module__n_features': 13, 'module__n_neurons': 16, 'module__nonlin': ReLU()}
2024-05-30 04:34:50,319 0.723699 (0.007066) with: {'batch_size': 128, 'lr': 0.001, 'max_epochs': 128, 'module__n_features': 13, 'module__n_neurons': 32, 'module__nonlin': Tanh()}
2024-05-30 04:34:50,319 0.721824 (0.006623) with: {'batch_size': 128, 'lr': 0.001, 'max_epochs': 128, 'module__n_features': 13, 'module__n_neurons': 32, 'module__nonlin': ReLU()}
2024-05-30 04:34:50,319 0.724153 (0.006956) with: {'batch_size': 128, 'lr': 0.001, 'max_epochs': 128, 'module__n_features': 13, 'module__n_neurons': 64, 'module__nonlin': Tanh()}
2024-05-30 04:34:50,319 0.722407 (0.006374) with: {'batch_size': 128, 'lr': 0.001, 'max_epochs': 128, 'module__n_features': 13, 'module__n_neurons': 64, 'module__nonlin': ReLU()}
2024-05-30 04:34:50,319 0.724358 (0.006386) with: {'batch_size': 128, 'lr': 0.001, 'max_epochs': 128, 'module__n_features': 13, 'module__n_neurons': 128, 'module__nonlin': Tanh()}
2024-05-30 04:34:50,319 0.722090 (0.006998) with: {'batch_size': 128, 'lr': 0.001, 'max_epochs': 128, 'module__n_features': 13, 'module__n_neurons': 128, 'module__nonlin': ReLU()}
2024-05-30 04:34:50,319 0.724207 (0.006140) with: {'batch_size': 128, 'lr': 0.001, 'max_epochs': 128, 'module__n_features': 13, 'module__n_neurons': 256, 'module__nonlin': Tanh()}
2024-05-30 04:34:50,319 0.721795 (0.007870) with: {'batch_size': 128, 'lr': 0.001, 'max_epochs': 128, 'module__n_features': 13, 'module__n_neurons': 256, 'module__nonlin': ReLU()}
2024-05-30 04:34:50,319 0.723415 (0.006916) with: {'batch_size': 128, 'lr': 0.01, 'max_epochs': 16, 'module__n_features': 13, 'module__n_neurons': 16, 'module__nonlin': Tanh()}
2024-05-30 04:34:50,319 0.723615 (0.006251) with: {'batch_size': 128, 'lr': 0.01, 'max_epochs': 16, 'module__n_features': 13, 'module__n_neurons': 16, 'module__nonlin': ReLU()}
2024-05-30 04:34:50,319 0.723654 (0.006883) with: {'batch_size': 128, 'lr': 0.01, 'max_epochs': 16, 'module__n_features': 13, 'module__n_neurons': 32, 'module__nonlin': Tanh()}
2024-05-30 04:34:50,319 0.721677 (0.006305) with: {'batch_size': 128, 'lr': 0.01, 'max_epochs': 16, 'module__n_features': 13, 'module__n_neurons': 32, 'module__nonlin': ReLU()}
2024-05-30 04:34:50,319 0.724273 (0.006326) with: {'batch_size': 128, 'lr': 0.01, 'max_epochs': 16, 'module__n_features': 13, 'module__n_neurons': 64, 'module__nonlin': Tanh()}
2024-05-30 04:34:50,319 0.723099 (0.005879) with: {'batch_size': 128, 'lr': 0.01, 'max_epochs': 16, 'module__n_features': 13, 'module__n_neurons': 64, 'module__nonlin': ReLU()}
2024-05-30 04:34:50,319 0.724024 (0.006041) with: {'batch_size': 128, 'lr': 0.01, 'max_epochs': 16, 'module__n_features': 13, 'module__n_neurons': 128, 'module__nonlin': Tanh()}
2024-05-30 04:34:50,319 0.722259 (0.006874) with: {'batch_size': 128, 'lr': 0.01, 'max_epochs': 16, 'module__n_features': 13, 'module__n_neurons': 128, 'module__nonlin': ReLU()}
2024-05-30 04:34:50,319 0.723668 (0.005802) with: {'batch_size': 128, 'lr': 0.01, 'max_epochs': 16, 'module__n_features': 13, 'module__n_neurons': 256, 'module__nonlin': Tanh()}
2024-05-30 04:34:50,319 0.721206 (0.007537) with: {'batch_size': 128, 'lr': 0.01, 'max_epochs': 16, 'module__n_features': 13, 'module__n_neurons': 256, 'module__nonlin': ReLU()}
2024-05-30 04:34:50,319 0.724453 (0.006680) with: {'batch_size': 128, 'lr': 0.01, 'max_epochs': 32, 'module__n_features': 13, 'module__n_neurons': 16, 'module__nonlin': Tanh()}
2024-05-30 04:34:50,319 0.724183 (0.006680) with: {'batch_size': 128, 'lr': 0.01, 'max_epochs': 32, 'module__n_features': 13, 'module__n_neurons': 16, 'module__nonlin': ReLU()}
2024-05-30 04:34:50,319 0.724402 (0.006042) with: {'batch_size': 128, 'lr': 0.01, 'max_epochs': 32, 'module__n_features': 13, 'module__n_neurons': 32, 'module__nonlin': Tanh()}
2024-05-30 04:34:50,319 0.724151 (0.006319) with: {'batch_size': 128, 'lr': 0.01, 'max_epochs': 32, 'module__n_features': 13, 'module__n_neurons': 32, 'module__nonlin': ReLU()}
2024-05-30 04:34:50,319 0.724631 (0.005958) with: {'batch_size': 128, 'lr': 0.01, 'max_epochs': 32, 'module__n_features': 13, 'module__n_neurons': 64, 'module__nonlin': Tanh()}
2024-05-30 04:34:50,319 0.723404 (0.008040) with: {'batch_size': 128, 'lr': 0.01, 'max_epochs': 32, 'module__n_features': 13, 'module__n_neurons': 64, 'module__nonlin': ReLU()}
2024-05-30 04:34:50,319 0.724579 (0.005618) with: {'batch_size': 128, 'lr': 0.01, 'max_epochs': 32, 'module__n_features': 13, 'module__n_neurons': 128, 'module__nonlin': Tanh()}
2024-05-30 04:34:50,319 0.722342 (0.008356) with: {'batch_size': 128, 'lr': 0.01, 'max_epochs': 32, 'module__n_features': 13, 'module__n_neurons': 128, 'module__nonlin': ReLU()}
2024-05-30 04:34:50,319 0.723955 (0.005361) with: {'batch_size': 128, 'lr': 0.01, 'max_epochs': 32, 'module__n_features': 13, 'module__n_neurons': 256, 'module__nonlin': Tanh()}
2024-05-30 04:34:50,319 0.722151 (0.009357) with: {'batch_size': 128, 'lr': 0.01, 'max_epochs': 32, 'module__n_features': 13, 'module__n_neurons': 256, 'module__nonlin': ReLU()}
2024-05-30 04:34:50,319 0.725613 (0.006843) with: {'batch_size': 128, 'lr': 0.01, 'max_epochs': 64, 'module__n_features': 13, 'module__n_neurons': 16, 'module__nonlin': Tanh()}
2024-05-30 04:34:50,319 0.725232 (0.006097) with: {'batch_size': 128, 'lr': 0.01, 'max_epochs': 64, 'module__n_features': 13, 'module__n_neurons': 16, 'module__nonlin': ReLU()}
2024-05-30 04:34:50,319 0.725613 (0.005743) with: {'batch_size': 128, 'lr': 0.01, 'max_epochs': 64, 'module__n_features': 13, 'module__n_neurons': 32, 'module__nonlin': Tanh()}
2024-05-30 04:34:50,319 0.723981 (0.007659) with: {'batch_size': 128, 'lr': 0.01, 'max_epochs': 64, 'module__n_features': 13, 'module__n_neurons': 32, 'module__nonlin': ReLU()}
2024-05-30 04:34:50,319 0.724920 (0.005729) with: {'batch_size': 128, 'lr': 0.01, 'max_epochs': 64, 'module__n_features': 13, 'module__n_neurons': 64, 'module__nonlin': Tanh()}
2024-05-30 04:34:50,319 0.723163 (0.009526) with: {'batch_size': 128, 'lr': 0.01, 'max_epochs': 64, 'module__n_features': 13, 'module__n_neurons': 64, 'module__nonlin': ReLU()}
2024-05-30 04:34:50,319 0.723641 (0.005907) with: {'batch_size': 128, 'lr': 0.01, 'max_epochs': 64, 'module__n_features': 13, 'module__n_neurons': 128, 'module__nonlin': Tanh()}
2024-05-30 04:34:50,319 0.723042 (0.010189) with: {'batch_size': 128, 'lr': 0.01, 'max_epochs': 64, 'module__n_features': 13, 'module__n_neurons': 128, 'module__nonlin': ReLU()}
2024-05-30 04:34:50,319 0.724592 (0.005528) with: {'batch_size': 128, 'lr': 0.01, 'max_epochs': 64, 'module__n_features': 13, 'module__n_neurons': 256, 'module__nonlin': Tanh()}
2024-05-30 04:34:50,319 0.720641 (0.011265) with: {'batch_size': 128, 'lr': 0.01, 'max_epochs': 64, 'module__n_features': 13, 'module__n_neurons': 256, 'module__nonlin': ReLU()}
2024-05-30 04:34:50,319 0.726224 (0.007005) with: {'batch_size': 128, 'lr': 0.01, 'max_epochs': 128, 'module__n_features': 13, 'module__n_neurons': 16, 'module__nonlin': Tanh()}
2024-05-30 04:34:50,319 0.721924 (0.008016) with: {'batch_size': 128, 'lr': 0.01, 'max_epochs': 128, 'module__n_features': 13, 'module__n_neurons': 16, 'module__nonlin': ReLU()}
2024-05-30 04:34:50,319 0.726237 (0.006890) with: {'batch_size': 128, 'lr': 0.01, 'max_epochs': 128, 'module__n_features': 13, 'module__n_neurons': 32, 'module__nonlin': Tanh()}
2024-05-30 04:34:50,319 0.722741 (0.010824) with: {'batch_size': 128, 'lr': 0.01, 'max_epochs': 128, 'module__n_features': 13, 'module__n_neurons': 32, 'module__nonlin': ReLU()}
2024-05-30 04:34:50,320 0.726261 (0.006963) with: {'batch_size': 128, 'lr': 0.01, 'max_epochs': 128, 'module__n_features': 13, 'module__n_neurons': 64, 'module__nonlin': Tanh()}
2024-05-30 04:34:50,320 0.721438 (0.010574) with: {'batch_size': 128, 'lr': 0.01, 'max_epochs': 128, 'module__n_features': 13, 'module__n_neurons': 64, 'module__nonlin': ReLU()}
2024-05-30 04:34:50,320 0.727170 (0.007639) with: {'batch_size': 128, 'lr': 0.01, 'max_epochs': 128, 'module__n_features': 13, 'module__n_neurons': 128, 'module__nonlin': Tanh()}
2024-05-30 04:34:50,320 0.717400 (0.012509) with: {'batch_size': 128, 'lr': 0.01, 'max_epochs': 128, 'module__n_features': 13, 'module__n_neurons': 128, 'module__nonlin': ReLU()}
2024-05-30 04:34:50,320 0.726543 (0.007696) with: {'batch_size': 128, 'lr': 0.01, 'max_epochs': 128, 'module__n_features': 13, 'module__n_neurons': 256, 'module__nonlin': Tanh()}
2024-05-30 04:34:50,320 0.714801 (0.011349) with: {'batch_size': 128, 'lr': 0.01, 'max_epochs': 128, 'module__n_features': 13, 'module__n_neurons': 256, 'module__nonlin': ReLU()}
2024-05-30 04:34:50,320 0.724582 (0.006005) with: {'batch_size': 128, 'lr': 0.02, 'max_epochs': 16, 'module__n_features': 13, 'module__n_neurons': 16, 'module__nonlin': Tanh()}
2024-05-30 04:34:50,320 0.723730 (0.005890) with: {'batch_size': 128, 'lr': 0.02, 'max_epochs': 16, 'module__n_features': 13, 'module__n_neurons': 16, 'module__nonlin': ReLU()}
2024-05-30 04:34:50,320 0.724347 (0.006425) with: {'batch_size': 128, 'lr': 0.02, 'max_epochs': 16, 'module__n_features': 13, 'module__n_neurons': 32, 'module__nonlin': Tanh()}
2024-05-30 04:34:50,320 0.722772 (0.006033) with: {'batch_size': 128, 'lr': 0.02, 'max_epochs': 16, 'module__n_features': 13, 'module__n_neurons': 32, 'module__nonlin': ReLU()}
2024-05-30 04:34:50,320 0.724082 (0.006202) with: {'batch_size': 128, 'lr': 0.02, 'max_epochs': 16, 'module__n_features': 13, 'module__n_neurons': 64, 'module__nonlin': Tanh()}
2024-05-30 04:34:50,320 0.722363 (0.007206) with: {'batch_size': 128, 'lr': 0.02, 'max_epochs': 16, 'module__n_features': 13, 'module__n_neurons': 64, 'module__nonlin': ReLU()}
2024-05-30 04:34:50,320 0.723807 (0.005596) with: {'batch_size': 128, 'lr': 0.02, 'max_epochs': 16, 'module__n_features': 13, 'module__n_neurons': 128, 'module__nonlin': Tanh()}
2024-05-30 04:34:50,320 0.722213 (0.007100) with: {'batch_size': 128, 'lr': 0.02, 'max_epochs': 16, 'module__n_features': 13, 'module__n_neurons': 128, 'module__nonlin': ReLU()}
2024-05-30 04:34:50,320 0.723481 (0.005307) with: {'batch_size': 128, 'lr': 0.02, 'max_epochs': 16, 'module__n_features': 13, 'module__n_neurons': 256, 'module__nonlin': Tanh()}
2024-05-30 04:34:50,320 0.722519 (0.008208) with: {'batch_size': 128, 'lr': 0.02, 'max_epochs': 16, 'module__n_features': 13, 'module__n_neurons': 256, 'module__nonlin': ReLU()}
2024-05-30 04:34:50,320 0.724937 (0.006585) with: {'batch_size': 128, 'lr': 0.02, 'max_epochs': 32, 'module__n_features': 13, 'module__n_neurons': 16, 'module__nonlin': Tanh()}
2024-05-30 04:34:50,320 0.723885 (0.006146) with: {'batch_size': 128, 'lr': 0.02, 'max_epochs': 32, 'module__n_features': 13, 'module__n_neurons': 16, 'module__nonlin': ReLU()}
2024-05-30 04:34:50,320 0.725320 (0.006129) with: {'batch_size': 128, 'lr': 0.02, 'max_epochs': 32, 'module__n_features': 13, 'module__n_neurons': 32, 'module__nonlin': Tanh()}
2024-05-30 04:34:50,320 0.723009 (0.007861) with: {'batch_size': 128, 'lr': 0.02, 'max_epochs': 32, 'module__n_features': 13, 'module__n_neurons': 32, 'module__nonlin': ReLU()}
2024-05-30 04:34:50,320 0.724052 (0.005846) with: {'batch_size': 128, 'lr': 0.02, 'max_epochs': 32, 'module__n_features': 13, 'module__n_neurons': 64, 'module__nonlin': Tanh()}
2024-05-30 04:34:50,320 0.723013 (0.009007) with: {'batch_size': 128, 'lr': 0.02, 'max_epochs': 32, 'module__n_features': 13, 'module__n_neurons': 64, 'module__nonlin': ReLU()}
2024-05-30 04:34:50,320 0.725027 (0.005115) with: {'batch_size': 128, 'lr': 0.02, 'max_epochs': 32, 'module__n_features': 13, 'module__n_neurons': 128, 'module__nonlin': Tanh()}
2024-05-30 04:34:50,320 0.722716 (0.009446) with: {'batch_size': 128, 'lr': 0.02, 'max_epochs': 32, 'module__n_features': 13, 'module__n_neurons': 128, 'module__nonlin': ReLU()}
2024-05-30 04:34:50,320 0.724377 (0.004845) with: {'batch_size': 128, 'lr': 0.02, 'max_epochs': 32, 'module__n_features': 13, 'module__n_neurons': 256, 'module__nonlin': Tanh()}
2024-05-30 04:34:50,320 0.722004 (0.010294) with: {'batch_size': 128, 'lr': 0.02, 'max_epochs': 32, 'module__n_features': 13, 'module__n_neurons': 256, 'module__nonlin': ReLU()}
2024-05-30 04:34:50,320 0.727172 (0.006666) with: {'batch_size': 128, 'lr': 0.02, 'max_epochs': 64, 'module__n_features': 13, 'module__n_neurons': 16, 'module__nonlin': Tanh()}
2024-05-30 04:34:50,320 0.722931 (0.007424) with: {'batch_size': 128, 'lr': 0.02, 'max_epochs': 64, 'module__n_features': 13, 'module__n_neurons': 16, 'module__nonlin': ReLU()}
2024-05-30 04:34:50,320 0.725679 (0.007172) with: {'batch_size': 128, 'lr': 0.02, 'max_epochs': 64, 'module__n_features': 13, 'module__n_neurons': 32, 'module__nonlin': Tanh()}
2024-05-30 04:34:50,320 0.723791 (0.009180) with: {'batch_size': 128, 'lr': 0.02, 'max_epochs': 64, 'module__n_features': 13, 'module__n_neurons': 32, 'module__nonlin': ReLU()}
2024-05-30 04:34:50,320 0.726463 (0.006239) with: {'batch_size': 128, 'lr': 0.02, 'max_epochs': 64, 'module__n_features': 13, 'module__n_neurons': 64, 'module__nonlin': Tanh()}
2024-05-30 04:34:50,320 0.723028 (0.010526) with: {'batch_size': 128, 'lr': 0.02, 'max_epochs': 64, 'module__n_features': 13, 'module__n_neurons': 64, 'module__nonlin': ReLU()}
2024-05-30 04:34:50,320 0.726294 (0.007187) with: {'batch_size': 128, 'lr': 0.02, 'max_epochs': 64, 'module__n_features': 13, 'module__n_neurons': 128, 'module__nonlin': Tanh()}
2024-05-30 04:34:50,320 0.719216 (0.012054) with: {'batch_size': 128, 'lr': 0.02, 'max_epochs': 64, 'module__n_features': 13, 'module__n_neurons': 128, 'module__nonlin': ReLU()}
2024-05-30 04:34:50,320 0.726615 (0.007005) with: {'batch_size': 128, 'lr': 0.02, 'max_epochs': 64, 'module__n_features': 13, 'module__n_neurons': 256, 'module__nonlin': Tanh()}
2024-05-30 04:34:50,320 0.717136 (0.011270) with: {'batch_size': 128, 'lr': 0.02, 'max_epochs': 64, 'module__n_features': 13, 'module__n_neurons': 256, 'module__nonlin': ReLU()}
2024-05-30 04:34:50,320 0.726890 (0.009494) with: {'batch_size': 128, 'lr': 0.02, 'max_epochs': 128, 'module__n_features': 13, 'module__n_neurons': 16, 'module__nonlin': Tanh()}
2024-05-30 04:34:50,320 0.724362 (0.007627) with: {'batch_size': 128, 'lr': 0.02, 'max_epochs': 128, 'module__n_features': 13, 'module__n_neurons': 16, 'module__nonlin': ReLU()}
2024-05-30 04:34:50,320 0.726143 (0.009391) with: {'batch_size': 128, 'lr': 0.02, 'max_epochs': 128, 'module__n_features': 13, 'module__n_neurons': 32, 'module__nonlin': Tanh()}
2024-05-30 04:34:50,320 0.722390 (0.011007) with: {'batch_size': 128, 'lr': 0.02, 'max_epochs': 128, 'module__n_features': 13, 'module__n_neurons': 32, 'module__nonlin': ReLU()}
2024-05-30 04:34:50,320 0.725527 (0.009882) with: {'batch_size': 128, 'lr': 0.02, 'max_epochs': 128, 'module__n_features': 13, 'module__n_neurons': 64, 'module__nonlin': Tanh()}
2024-05-30 04:34:50,320 0.716225 (0.012603) with: {'batch_size': 128, 'lr': 0.02, 'max_epochs': 128, 'module__n_features': 13, 'module__n_neurons': 64, 'module__nonlin': ReLU()}
2024-05-30 04:34:50,320 0.725343 (0.009824) with: {'batch_size': 128, 'lr': 0.02, 'max_epochs': 128, 'module__n_features': 13, 'module__n_neurons': 128, 'module__nonlin': Tanh()}
2024-05-30 04:34:50,320 0.713657 (0.010348) with: {'batch_size': 128, 'lr': 0.02, 'max_epochs': 128, 'module__n_features': 13, 'module__n_neurons': 128, 'module__nonlin': ReLU()}
2024-05-30 04:34:50,320 0.725714 (0.009504) with: {'batch_size': 128, 'lr': 0.02, 'max_epochs': 128, 'module__n_features': 13, 'module__n_neurons': 256, 'module__nonlin': Tanh()}
2024-05-30 04:34:50,320 0.709321 (0.010767) with: {'batch_size': 128, 'lr': 0.02, 'max_epochs': 128, 'module__n_features': 13, 'module__n_neurons': 256, 'module__nonlin': ReLU()}
