2024-06-04 21:42:44,330 Best: 0.999301 using {'batch_size': 16, 'lr': 0.01, 'max_epochs': 128, 'module__n_features': 73, 'module__n_neurons': 128, 'module__nonlin': ReLU()}
2024-06-04 21:42:44,330 Best estimator configuration: 
 <class 'skorch.classifier.NeuralNetClassifier'>[initialized](
  module_=Module1Layer(
    (dense0): Linear(in_features=73, out_features=128, bias=True)
    (act): ReLU()
    (output): Linear(in_features=128, out_features=1, bias=True)
    (sigmoid): Sigmoid()
  ),
)
2024-06-04 21:42:44,330 0.989838 (0.003123) with: {'batch_size': 16, 'lr': 0.001, 'max_epochs': 16, 'module__n_features': 73, 'module__n_neurons': 16, 'module__nonlin': Tanh()}
2024-06-04 21:42:44,330 0.986324 (0.002850) with: {'batch_size': 16, 'lr': 0.001, 'max_epochs': 16, 'module__n_features': 73, 'module__n_neurons': 16, 'module__nonlin': ReLU()}
2024-06-04 21:42:44,330 0.991743 (0.002241) with: {'batch_size': 16, 'lr': 0.001, 'max_epochs': 16, 'module__n_features': 73, 'module__n_neurons': 32, 'module__nonlin': Tanh()}
2024-06-04 21:42:44,330 0.988988 (0.002758) with: {'batch_size': 16, 'lr': 0.001, 'max_epochs': 16, 'module__n_features': 73, 'module__n_neurons': 32, 'module__nonlin': ReLU()}
2024-06-04 21:42:44,330 0.992791 (0.001888) with: {'batch_size': 16, 'lr': 0.001, 'max_epochs': 16, 'module__n_features': 73, 'module__n_neurons': 64, 'module__nonlin': Tanh()}
2024-06-04 21:42:44,330 0.991740 (0.002386) with: {'batch_size': 16, 'lr': 0.001, 'max_epochs': 16, 'module__n_features': 73, 'module__n_neurons': 64, 'module__nonlin': ReLU()}
2024-06-04 21:42:44,330 0.993572 (0.001609) with: {'batch_size': 16, 'lr': 0.001, 'max_epochs': 16, 'module__n_features': 73, 'module__n_neurons': 128, 'module__nonlin': Tanh()}
2024-06-04 21:42:44,331 0.993909 (0.001719) with: {'batch_size': 16, 'lr': 0.001, 'max_epochs': 16, 'module__n_features': 73, 'module__n_neurons': 128, 'module__nonlin': ReLU()}
2024-06-04 21:42:44,331 0.994237 (0.001391) with: {'batch_size': 16, 'lr': 0.001, 'max_epochs': 16, 'module__n_features': 73, 'module__n_neurons': 256, 'module__nonlin': Tanh()}
2024-06-04 21:42:44,331 0.995306 (0.001504) with: {'batch_size': 16, 'lr': 0.001, 'max_epochs': 16, 'module__n_features': 73, 'module__n_neurons': 256, 'module__nonlin': ReLU()}
2024-06-04 21:42:44,331 0.993823 (0.001329) with: {'batch_size': 16, 'lr': 0.001, 'max_epochs': 32, 'module__n_features': 73, 'module__n_neurons': 16, 'module__nonlin': Tanh()}
2024-06-04 21:42:44,331 0.992726 (0.002011) with: {'batch_size': 16, 'lr': 0.001, 'max_epochs': 32, 'module__n_features': 73, 'module__n_neurons': 16, 'module__nonlin': ReLU()}
2024-06-04 21:42:44,331 0.994378 (0.001357) with: {'batch_size': 16, 'lr': 0.001, 'max_epochs': 32, 'module__n_features': 73, 'module__n_neurons': 32, 'module__nonlin': Tanh()}
2024-06-04 21:42:44,331 0.993853 (0.001303) with: {'batch_size': 16, 'lr': 0.001, 'max_epochs': 32, 'module__n_features': 73, 'module__n_neurons': 32, 'module__nonlin': ReLU()}
2024-06-04 21:42:44,331 0.994773 (0.001227) with: {'batch_size': 16, 'lr': 0.001, 'max_epochs': 32, 'module__n_features': 73, 'module__n_neurons': 64, 'module__nonlin': Tanh()}
2024-06-04 21:42:44,331 0.995085 (0.000899) with: {'batch_size': 16, 'lr': 0.001, 'max_epochs': 32, 'module__n_features': 73, 'module__n_neurons': 64, 'module__nonlin': ReLU()}
2024-06-04 21:42:44,331 0.995086 (0.001326) with: {'batch_size': 16, 'lr': 0.001, 'max_epochs': 32, 'module__n_features': 73, 'module__n_neurons': 128, 'module__nonlin': Tanh()}
2024-06-04 21:42:44,331 0.996400 (0.001093) with: {'batch_size': 16, 'lr': 0.001, 'max_epochs': 32, 'module__n_features': 73, 'module__n_neurons': 128, 'module__nonlin': ReLU()}
2024-06-04 21:42:44,331 0.995496 (0.001307) with: {'batch_size': 16, 'lr': 0.001, 'max_epochs': 32, 'module__n_features': 73, 'module__n_neurons': 256, 'module__nonlin': Tanh()}
2024-06-04 21:42:44,331 0.997837 (0.000918) with: {'batch_size': 16, 'lr': 0.001, 'max_epochs': 32, 'module__n_features': 73, 'module__n_neurons': 256, 'module__nonlin': ReLU()}
2024-06-04 21:42:44,335 0.995383 (0.001211) with: {'batch_size': 16, 'lr': 0.001, 'max_epochs': 64, 'module__n_features': 73, 'module__n_neurons': 16, 'module__nonlin': Tanh()}
2024-06-04 21:42:44,335 0.995254 (0.000770) with: {'batch_size': 16, 'lr': 0.001, 'max_epochs': 64, 'module__n_features': 73, 'module__n_neurons': 16, 'module__nonlin': ReLU()}
2024-06-04 21:42:44,335 0.995714 (0.001281) with: {'batch_size': 16, 'lr': 0.001, 'max_epochs': 64, 'module__n_features': 73, 'module__n_neurons': 32, 'module__nonlin': Tanh()}
2024-06-04 21:42:44,335 0.995730 (0.002137) with: {'batch_size': 16, 'lr': 0.001, 'max_epochs': 64, 'module__n_features': 73, 'module__n_neurons': 32, 'module__nonlin': ReLU()}
2024-06-04 21:42:44,335 0.996164 (0.001249) with: {'batch_size': 16, 'lr': 0.001, 'max_epochs': 64, 'module__n_features': 73, 'module__n_neurons': 64, 'module__nonlin': Tanh()}
2024-06-04 21:42:44,335 0.997280 (0.001238) with: {'batch_size': 16, 'lr': 0.001, 'max_epochs': 64, 'module__n_features': 73, 'module__n_neurons': 64, 'module__nonlin': ReLU()}
2024-06-04 21:42:44,335 0.996630 (0.001100) with: {'batch_size': 16, 'lr': 0.001, 'max_epochs': 64, 'module__n_features': 73, 'module__n_neurons': 128, 'module__nonlin': Tanh()}
2024-06-04 21:42:44,335 0.998392 (0.001016) with: {'batch_size': 16, 'lr': 0.001, 'max_epochs': 64, 'module__n_features': 73, 'module__n_neurons': 128, 'module__nonlin': ReLU()}
2024-06-04 21:42:44,335 0.996937 (0.001172) with: {'batch_size': 16, 'lr': 0.001, 'max_epochs': 64, 'module__n_features': 73, 'module__n_neurons': 256, 'module__nonlin': Tanh()}
2024-06-04 21:42:44,335 0.998778 (0.001189) with: {'batch_size': 16, 'lr': 0.001, 'max_epochs': 64, 'module__n_features': 73, 'module__n_neurons': 256, 'module__nonlin': ReLU()}
2024-06-04 21:42:44,335 0.997243 (0.000955) with: {'batch_size': 16, 'lr': 0.001, 'max_epochs': 128, 'module__n_features': 73, 'module__n_neurons': 16, 'module__nonlin': Tanh()}
2024-06-04 21:42:44,335 0.995932 (0.002051) with: {'batch_size': 16, 'lr': 0.001, 'max_epochs': 128, 'module__n_features': 73, 'module__n_neurons': 16, 'module__nonlin': ReLU()}
2024-06-04 21:42:44,335 0.997736 (0.001019) with: {'batch_size': 16, 'lr': 0.001, 'max_epochs': 128, 'module__n_features': 73, 'module__n_neurons': 32, 'module__nonlin': Tanh()}
2024-06-04 21:42:44,335 0.997856 (0.001291) with: {'batch_size': 16, 'lr': 0.001, 'max_epochs': 128, 'module__n_features': 73, 'module__n_neurons': 32, 'module__nonlin': ReLU()}
2024-06-04 21:42:44,335 0.998134 (0.001008) with: {'batch_size': 16, 'lr': 0.001, 'max_epochs': 128, 'module__n_features': 73, 'module__n_neurons': 64, 'module__nonlin': Tanh()}
2024-06-04 21:42:44,335 0.998775 (0.000915) with: {'batch_size': 16, 'lr': 0.001, 'max_epochs': 128, 'module__n_features': 73, 'module__n_neurons': 64, 'module__nonlin': ReLU()}
2024-06-04 21:42:44,335 0.998401 (0.001164) with: {'batch_size': 16, 'lr': 0.001, 'max_epochs': 128, 'module__n_features': 73, 'module__n_neurons': 128, 'module__nonlin': Tanh()}
2024-06-04 21:42:44,335 0.998772 (0.001194) with: {'batch_size': 16, 'lr': 0.001, 'max_epochs': 128, 'module__n_features': 73, 'module__n_neurons': 128, 'module__nonlin': ReLU()}
2024-06-04 21:42:44,335 0.998616 (0.001269) with: {'batch_size': 16, 'lr': 0.001, 'max_epochs': 128, 'module__n_features': 73, 'module__n_neurons': 256, 'module__nonlin': Tanh()}
2024-06-04 21:42:44,335 0.999151 (0.000960) with: {'batch_size': 16, 'lr': 0.001, 'max_epochs': 128, 'module__n_features': 73, 'module__n_neurons': 256, 'module__nonlin': ReLU()}
2024-06-04 21:42:44,335 0.996722 (0.001610) with: {'batch_size': 16, 'lr': 0.01, 'max_epochs': 16, 'module__n_features': 73, 'module__n_neurons': 16, 'module__nonlin': Tanh()}
2024-06-04 21:42:44,335 0.996578 (0.001572) with: {'batch_size': 16, 'lr': 0.01, 'max_epochs': 16, 'module__n_features': 73, 'module__n_neurons': 16, 'module__nonlin': ReLU()}
2024-06-04 21:42:44,335 0.997099 (0.001531) with: {'batch_size': 16, 'lr': 0.01, 'max_epochs': 16, 'module__n_features': 73, 'module__n_neurons': 32, 'module__nonlin': Tanh()}
2024-06-04 21:42:44,335 0.996964 (0.001269) with: {'batch_size': 16, 'lr': 0.01, 'max_epochs': 16, 'module__n_features': 73, 'module__n_neurons': 32, 'module__nonlin': ReLU()}
2024-06-04 21:42:44,335 0.997354 (0.001614) with: {'batch_size': 16, 'lr': 0.01, 'max_epochs': 16, 'module__n_features': 73, 'module__n_neurons': 64, 'module__nonlin': Tanh()}
2024-06-04 21:42:44,336 0.997844 (0.001728) with: {'batch_size': 16, 'lr': 0.01, 'max_epochs': 16, 'module__n_features': 73, 'module__n_neurons': 64, 'module__nonlin': ReLU()}
2024-06-04 21:42:44,336 0.997590 (0.001635) with: {'batch_size': 16, 'lr': 0.01, 'max_epochs': 16, 'module__n_features': 73, 'module__n_neurons': 128, 'module__nonlin': Tanh()}
2024-06-04 21:42:44,336 0.998224 (0.001574) with: {'batch_size': 16, 'lr': 0.01, 'max_epochs': 16, 'module__n_features': 73, 'module__n_neurons': 128, 'module__nonlin': ReLU()}
2024-06-04 21:42:44,336 0.997920 (0.001514) with: {'batch_size': 16, 'lr': 0.01, 'max_epochs': 16, 'module__n_features': 73, 'module__n_neurons': 256, 'module__nonlin': Tanh()}
2024-06-04 21:42:44,336 0.998726 (0.001251) with: {'batch_size': 16, 'lr': 0.01, 'max_epochs': 16, 'module__n_features': 73, 'module__n_neurons': 256, 'module__nonlin': ReLU()}
2024-06-04 21:42:44,336 0.998413 (0.001395) with: {'batch_size': 16, 'lr': 0.01, 'max_epochs': 32, 'module__n_features': 73, 'module__n_neurons': 16, 'module__nonlin': Tanh()}
2024-06-04 21:42:44,336 0.996871 (0.002840) with: {'batch_size': 16, 'lr': 0.01, 'max_epochs': 32, 'module__n_features': 73, 'module__n_neurons': 16, 'module__nonlin': ReLU()}
2024-06-04 21:42:44,336 0.998609 (0.001358) with: {'batch_size': 16, 'lr': 0.01, 'max_epochs': 32, 'module__n_features': 73, 'module__n_neurons': 32, 'module__nonlin': Tanh()}
2024-06-04 21:42:44,336 0.998695 (0.001141) with: {'batch_size': 16, 'lr': 0.01, 'max_epochs': 32, 'module__n_features': 73, 'module__n_neurons': 32, 'module__nonlin': ReLU()}
2024-06-04 21:42:44,336 0.998579 (0.001396) with: {'batch_size': 16, 'lr': 0.01, 'max_epochs': 32, 'module__n_features': 73, 'module__n_neurons': 64, 'module__nonlin': Tanh()}
2024-06-04 21:42:44,336 0.998719 (0.001300) with: {'batch_size': 16, 'lr': 0.01, 'max_epochs': 32, 'module__n_features': 73, 'module__n_neurons': 64, 'module__nonlin': ReLU()}
2024-06-04 21:42:44,336 0.998900 (0.001233) with: {'batch_size': 16, 'lr': 0.01, 'max_epochs': 32, 'module__n_features': 73, 'module__n_neurons': 128, 'module__nonlin': Tanh()}
2024-06-04 21:42:44,336 0.998882 (0.001281) with: {'batch_size': 16, 'lr': 0.01, 'max_epochs': 32, 'module__n_features': 73, 'module__n_neurons': 128, 'module__nonlin': ReLU()}
2024-06-04 21:42:44,336 0.998790 (0.001200) with: {'batch_size': 16, 'lr': 0.01, 'max_epochs': 32, 'module__n_features': 73, 'module__n_neurons': 256, 'module__nonlin': Tanh()}
2024-06-04 21:42:44,336 0.998977 (0.001153) with: {'batch_size': 16, 'lr': 0.01, 'max_epochs': 32, 'module__n_features': 73, 'module__n_neurons': 256, 'module__nonlin': ReLU()}
2024-06-04 21:42:44,336 0.999065 (0.001029) with: {'batch_size': 16, 'lr': 0.01, 'max_epochs': 64, 'module__n_features': 73, 'module__n_neurons': 16, 'module__nonlin': Tanh()}
2024-06-04 21:42:44,336 0.998370 (0.001275) with: {'batch_size': 16, 'lr': 0.01, 'max_epochs': 64, 'module__n_features': 73, 'module__n_neurons': 16, 'module__nonlin': ReLU()}
2024-06-04 21:42:44,336 0.998973 (0.001320) with: {'batch_size': 16, 'lr': 0.01, 'max_epochs': 64, 'module__n_features': 73, 'module__n_neurons': 32, 'module__nonlin': Tanh()}
2024-06-04 21:42:44,336 0.999011 (0.001080) with: {'batch_size': 16, 'lr': 0.01, 'max_epochs': 64, 'module__n_features': 73, 'module__n_neurons': 32, 'module__nonlin': ReLU()}
2024-06-04 21:42:44,336 0.998918 (0.001295) with: {'batch_size': 16, 'lr': 0.01, 'max_epochs': 64, 'module__n_features': 73, 'module__n_neurons': 64, 'module__nonlin': Tanh()}
2024-06-04 21:42:44,336 0.999007 (0.001067) with: {'batch_size': 16, 'lr': 0.01, 'max_epochs': 64, 'module__n_features': 73, 'module__n_neurons': 64, 'module__nonlin': ReLU()}
2024-06-04 21:42:44,336 0.998903 (0.001303) with: {'batch_size': 16, 'lr': 0.01, 'max_epochs': 64, 'module__n_features': 73, 'module__n_neurons': 128, 'module__nonlin': Tanh()}
2024-06-04 21:42:44,336 0.999139 (0.000991) with: {'batch_size': 16, 'lr': 0.01, 'max_epochs': 64, 'module__n_features': 73, 'module__n_neurons': 128, 'module__nonlin': ReLU()}
2024-06-04 21:42:44,336 0.998814 (0.001456) with: {'batch_size': 16, 'lr': 0.01, 'max_epochs': 64, 'module__n_features': 73, 'module__n_neurons': 256, 'module__nonlin': Tanh()}
2024-06-04 21:42:44,336 0.999234 (0.001022) with: {'batch_size': 16, 'lr': 0.01, 'max_epochs': 64, 'module__n_features': 73, 'module__n_neurons': 256, 'module__nonlin': ReLU()}
2024-06-04 21:42:44,336 0.999087 (0.001001) with: {'batch_size': 16, 'lr': 0.01, 'max_epochs': 128, 'module__n_features': 73, 'module__n_neurons': 16, 'module__nonlin': Tanh()}
2024-06-04 21:42:44,336 0.998707 (0.000992) with: {'batch_size': 16, 'lr': 0.01, 'max_epochs': 128, 'module__n_features': 73, 'module__n_neurons': 16, 'module__nonlin': ReLU()}
2024-06-04 21:42:44,336 0.999218 (0.001027) with: {'batch_size': 16, 'lr': 0.01, 'max_epochs': 128, 'module__n_features': 73, 'module__n_neurons': 32, 'module__nonlin': Tanh()}
2024-06-04 21:42:44,336 0.999085 (0.000931) with: {'batch_size': 16, 'lr': 0.01, 'max_epochs': 128, 'module__n_features': 73, 'module__n_neurons': 32, 'module__nonlin': ReLU()}
2024-06-04 21:42:44,336 0.999298 (0.000916) with: {'batch_size': 16, 'lr': 0.01, 'max_epochs': 128, 'module__n_features': 73, 'module__n_neurons': 64, 'module__nonlin': Tanh()}
2024-06-04 21:42:44,336 0.998784 (0.001175) with: {'batch_size': 16, 'lr': 0.01, 'max_epochs': 128, 'module__n_features': 73, 'module__n_neurons': 64, 'module__nonlin': ReLU()}
2024-06-04 21:42:44,336 0.999133 (0.001215) with: {'batch_size': 16, 'lr': 0.01, 'max_epochs': 128, 'module__n_features': 73, 'module__n_neurons': 128, 'module__nonlin': Tanh()}
2024-06-04 21:42:44,336 0.999301 (0.001022) with: {'batch_size': 16, 'lr': 0.01, 'max_epochs': 128, 'module__n_features': 73, 'module__n_neurons': 128, 'module__nonlin': ReLU()}
2024-06-04 21:42:44,336 0.999056 (0.001186) with: {'batch_size': 16, 'lr': 0.01, 'max_epochs': 128, 'module__n_features': 73, 'module__n_neurons': 256, 'module__nonlin': Tanh()}
2024-06-04 21:42:44,336 0.999176 (0.001041) with: {'batch_size': 16, 'lr': 0.01, 'max_epochs': 128, 'module__n_features': 73, 'module__n_neurons': 256, 'module__nonlin': ReLU()}
2024-06-04 21:42:44,336 0.997734 (0.001929) with: {'batch_size': 16, 'lr': 0.02, 'max_epochs': 16, 'module__n_features': 73, 'module__n_neurons': 16, 'module__nonlin': Tanh()}
2024-06-04 21:42:44,336 0.996955 (0.001413) with: {'batch_size': 16, 'lr': 0.02, 'max_epochs': 16, 'module__n_features': 73, 'module__n_neurons': 16, 'module__nonlin': ReLU()}
2024-06-04 21:42:44,336 0.997786 (0.001781) with: {'batch_size': 16, 'lr': 0.02, 'max_epochs': 16, 'module__n_features': 73, 'module__n_neurons': 32, 'module__nonlin': Tanh()}
2024-06-04 21:42:44,336 0.997678 (0.001650) with: {'batch_size': 16, 'lr': 0.02, 'max_epochs': 16, 'module__n_features': 73, 'module__n_neurons': 32, 'module__nonlin': ReLU()}
2024-06-04 21:42:44,336 0.998267 (0.001817) with: {'batch_size': 16, 'lr': 0.02, 'max_epochs': 16, 'module__n_features': 73, 'module__n_neurons': 64, 'module__nonlin': Tanh()}
2024-06-04 21:42:44,336 0.998169 (0.001806) with: {'batch_size': 16, 'lr': 0.02, 'max_epochs': 16, 'module__n_features': 73, 'module__n_neurons': 64, 'module__nonlin': ReLU()}
2024-06-04 21:42:44,336 0.998211 (0.001729) with: {'batch_size': 16, 'lr': 0.02, 'max_epochs': 16, 'module__n_features': 73, 'module__n_neurons': 128, 'module__nonlin': Tanh()}
2024-06-04 21:42:44,336 0.997782 (0.002973) with: {'batch_size': 16, 'lr': 0.02, 'max_epochs': 16, 'module__n_features': 73, 'module__n_neurons': 128, 'module__nonlin': ReLU()}
2024-06-04 21:42:44,336 0.998385 (0.001261) with: {'batch_size': 16, 'lr': 0.02, 'max_epochs': 16, 'module__n_features': 73, 'module__n_neurons': 256, 'module__nonlin': Tanh()}
2024-06-04 21:42:44,336 0.997977 (0.002417) with: {'batch_size': 16, 'lr': 0.02, 'max_epochs': 16, 'module__n_features': 73, 'module__n_neurons': 256, 'module__nonlin': ReLU()}
2024-06-04 21:42:44,336 0.998704 (0.001353) with: {'batch_size': 16, 'lr': 0.02, 'max_epochs': 32, 'module__n_features': 73, 'module__n_neurons': 16, 'module__nonlin': Tanh()}
2024-06-04 21:42:44,336 0.997895 (0.001859) with: {'batch_size': 16, 'lr': 0.02, 'max_epochs': 32, 'module__n_features': 73, 'module__n_neurons': 16, 'module__nonlin': ReLU()}
2024-06-04 21:42:44,336 0.998753 (0.001437) with: {'batch_size': 16, 'lr': 0.02, 'max_epochs': 32, 'module__n_features': 73, 'module__n_neurons': 32, 'module__nonlin': Tanh()}
2024-06-04 21:42:44,337 0.998677 (0.001315) with: {'batch_size': 16, 'lr': 0.02, 'max_epochs': 32, 'module__n_features': 73, 'module__n_neurons': 32, 'module__nonlin': ReLU()}
2024-06-04 21:42:44,337 0.998713 (0.001433) with: {'batch_size': 16, 'lr': 0.02, 'max_epochs': 32, 'module__n_features': 73, 'module__n_neurons': 64, 'module__nonlin': Tanh()}
2024-06-04 21:42:44,337 0.998356 (0.001905) with: {'batch_size': 16, 'lr': 0.02, 'max_epochs': 32, 'module__n_features': 73, 'module__n_neurons': 64, 'module__nonlin': ReLU()}
2024-06-04 21:42:44,337 0.998780 (0.001447) with: {'batch_size': 16, 'lr': 0.02, 'max_epochs': 32, 'module__n_features': 73, 'module__n_neurons': 128, 'module__nonlin': Tanh()}
2024-06-04 21:42:44,337 0.998484 (0.001629) with: {'batch_size': 16, 'lr': 0.02, 'max_epochs': 32, 'module__n_features': 73, 'module__n_neurons': 128, 'module__nonlin': ReLU()}
2024-06-04 21:42:44,337 0.998909 (0.001085) with: {'batch_size': 16, 'lr': 0.02, 'max_epochs': 32, 'module__n_features': 73, 'module__n_neurons': 256, 'module__nonlin': Tanh()}
2024-06-04 21:42:44,337 0.998983 (0.001186) with: {'batch_size': 16, 'lr': 0.02, 'max_epochs': 32, 'module__n_features': 73, 'module__n_neurons': 256, 'module__nonlin': ReLU()}
2024-06-04 21:42:44,337 0.999096 (0.001308) with: {'batch_size': 16, 'lr': 0.02, 'max_epochs': 64, 'module__n_features': 73, 'module__n_neurons': 16, 'module__nonlin': Tanh()}
2024-06-04 21:42:44,337 0.997375 (0.003083) with: {'batch_size': 16, 'lr': 0.02, 'max_epochs': 64, 'module__n_features': 73, 'module__n_neurons': 16, 'module__nonlin': ReLU()}
2024-06-04 21:42:44,337 0.999059 (0.001418) with: {'batch_size': 16, 'lr': 0.02, 'max_epochs': 64, 'module__n_features': 73, 'module__n_neurons': 32, 'module__nonlin': Tanh()}
2024-06-04 21:42:44,337 0.998667 (0.001509) with: {'batch_size': 16, 'lr': 0.02, 'max_epochs': 64, 'module__n_features': 73, 'module__n_neurons': 32, 'module__nonlin': ReLU()}
2024-06-04 21:42:44,337 0.999050 (0.001325) with: {'batch_size': 16, 'lr': 0.02, 'max_epochs': 64, 'module__n_features': 73, 'module__n_neurons': 64, 'module__nonlin': Tanh()}
2024-06-04 21:42:44,337 0.998809 (0.001374) with: {'batch_size': 16, 'lr': 0.02, 'max_epochs': 64, 'module__n_features': 73, 'module__n_neurons': 64, 'module__nonlin': ReLU()}
2024-06-04 21:42:44,337 0.999068 (0.001311) with: {'batch_size': 16, 'lr': 0.02, 'max_epochs': 64, 'module__n_features': 73, 'module__n_neurons': 128, 'module__nonlin': Tanh()}
2024-06-04 21:42:44,337 0.998867 (0.001426) with: {'batch_size': 16, 'lr': 0.02, 'max_epochs': 64, 'module__n_features': 73, 'module__n_neurons': 128, 'module__nonlin': ReLU()}
2024-06-04 21:42:44,337 0.998970 (0.001369) with: {'batch_size': 16, 'lr': 0.02, 'max_epochs': 64, 'module__n_features': 73, 'module__n_neurons': 256, 'module__nonlin': Tanh()}
2024-06-04 21:42:44,337 0.998967 (0.001275) with: {'batch_size': 16, 'lr': 0.02, 'max_epochs': 64, 'module__n_features': 73, 'module__n_neurons': 256, 'module__nonlin': ReLU()}
2024-06-04 21:42:44,337 0.999258 (0.000917) with: {'batch_size': 16, 'lr': 0.02, 'max_epochs': 128, 'module__n_features': 73, 'module__n_neurons': 16, 'module__nonlin': Tanh()}
2024-06-04 21:42:44,337 0.995960 (0.005944) with: {'batch_size': 16, 'lr': 0.02, 'max_epochs': 128, 'module__n_features': 73, 'module__n_neurons': 16, 'module__nonlin': ReLU()}
2024-06-04 21:42:44,337 0.999231 (0.000997) with: {'batch_size': 16, 'lr': 0.02, 'max_epochs': 128, 'module__n_features': 73, 'module__n_neurons': 32, 'module__nonlin': Tanh()}
2024-06-04 21:42:44,337 0.998704 (0.001327) with: {'batch_size': 16, 'lr': 0.02, 'max_epochs': 128, 'module__n_features': 73, 'module__n_neurons': 32, 'module__nonlin': ReLU()}
2024-06-04 21:42:44,337 0.999203 (0.001053) with: {'batch_size': 16, 'lr': 0.02, 'max_epochs': 128, 'module__n_features': 73, 'module__n_neurons': 64, 'module__nonlin': Tanh()}
2024-06-04 21:42:44,337 0.999008 (0.001129) with: {'batch_size': 16, 'lr': 0.02, 'max_epochs': 128, 'module__n_features': 73, 'module__n_neurons': 64, 'module__nonlin': ReLU()}
2024-06-04 21:42:44,337 0.999142 (0.001180) with: {'batch_size': 16, 'lr': 0.02, 'max_epochs': 128, 'module__n_features': 73, 'module__n_neurons': 128, 'module__nonlin': Tanh()}
2024-06-04 21:42:44,337 0.998151 (0.002211) with: {'batch_size': 16, 'lr': 0.02, 'max_epochs': 128, 'module__n_features': 73, 'module__n_neurons': 128, 'module__nonlin': ReLU()}
2024-06-04 21:42:44,337 0.999185 (0.000989) with: {'batch_size': 16, 'lr': 0.02, 'max_epochs': 128, 'module__n_features': 73, 'module__n_neurons': 256, 'module__nonlin': Tanh()}
2024-06-04 21:42:44,337 0.998243 (0.001510) with: {'batch_size': 16, 'lr': 0.02, 'max_epochs': 128, 'module__n_features': 73, 'module__n_neurons': 256, 'module__nonlin': ReLU()}
2024-06-04 21:42:44,337 0.983203 (0.003555) with: {'batch_size': 32, 'lr': 0.001, 'max_epochs': 16, 'module__n_features': 73, 'module__n_neurons': 16, 'module__nonlin': Tanh()}
2024-06-04 21:42:44,337 0.977384 (0.003184) with: {'batch_size': 32, 'lr': 0.001, 'max_epochs': 16, 'module__n_features': 73, 'module__n_neurons': 16, 'module__nonlin': ReLU()}
2024-06-04 21:42:44,337 0.987626 (0.002871) with: {'batch_size': 32, 'lr': 0.001, 'max_epochs': 16, 'module__n_features': 73, 'module__n_neurons': 32, 'module__nonlin': Tanh()}
2024-06-04 21:42:44,337 0.984254 (0.003455) with: {'batch_size': 32, 'lr': 0.001, 'max_epochs': 16, 'module__n_features': 73, 'module__n_neurons': 32, 'module__nonlin': ReLU()}
2024-06-04 21:42:44,337 0.989883 (0.002883) with: {'batch_size': 32, 'lr': 0.001, 'max_epochs': 16, 'module__n_features': 73, 'module__n_neurons': 64, 'module__nonlin': Tanh()}
2024-06-04 21:42:44,337 0.987838 (0.003510) with: {'batch_size': 32, 'lr': 0.001, 'max_epochs': 16, 'module__n_features': 73, 'module__n_neurons': 64, 'module__nonlin': ReLU()}
2024-06-04 21:42:44,337 0.991822 (0.002086) with: {'batch_size': 32, 'lr': 0.001, 'max_epochs': 16, 'module__n_features': 73, 'module__n_neurons': 128, 'module__nonlin': Tanh()}
2024-06-04 21:42:44,337 0.991051 (0.002802) with: {'batch_size': 32, 'lr': 0.001, 'max_epochs': 16, 'module__n_features': 73, 'module__n_neurons': 128, 'module__nonlin': ReLU()}
2024-06-04 21:42:44,337 0.992987 (0.001898) with: {'batch_size': 32, 'lr': 0.001, 'max_epochs': 16, 'module__n_features': 73, 'module__n_neurons': 256, 'module__nonlin': Tanh()}
2024-06-04 21:42:44,337 0.993716 (0.001954) with: {'batch_size': 32, 'lr': 0.001, 'max_epochs': 16, 'module__n_features': 73, 'module__n_neurons': 256, 'module__nonlin': ReLU()}
2024-06-04 21:42:44,337 0.991976 (0.002134) with: {'batch_size': 32, 'lr': 0.001, 'max_epochs': 32, 'module__n_features': 73, 'module__n_neurons': 16, 'module__nonlin': Tanh()}
2024-06-04 21:42:44,337 0.989443 (0.002885) with: {'batch_size': 32, 'lr': 0.001, 'max_epochs': 32, 'module__n_features': 73, 'module__n_neurons': 16, 'module__nonlin': ReLU()}
2024-06-04 21:42:44,337 0.993130 (0.001533) with: {'batch_size': 32, 'lr': 0.001, 'max_epochs': 32, 'module__n_features': 73, 'module__n_neurons': 32, 'module__nonlin': Tanh()}
2024-06-04 21:42:44,337 0.991513 (0.002382) with: {'batch_size': 32, 'lr': 0.001, 'max_epochs': 32, 'module__n_features': 73, 'module__n_neurons': 32, 'module__nonlin': ReLU()}
2024-06-04 21:42:44,337 0.994083 (0.001318) with: {'batch_size': 32, 'lr': 0.001, 'max_epochs': 32, 'module__n_features': 73, 'module__n_neurons': 64, 'module__nonlin': Tanh()}
2024-06-04 21:42:44,337 0.993633 (0.001607) with: {'batch_size': 32, 'lr': 0.001, 'max_epochs': 32, 'module__n_features': 73, 'module__n_neurons': 64, 'module__nonlin': ReLU()}
2024-06-04 21:42:44,337 0.994488 (0.001186) with: {'batch_size': 32, 'lr': 0.001, 'max_epochs': 32, 'module__n_features': 73, 'module__n_neurons': 128, 'module__nonlin': Tanh()}
2024-06-04 21:42:44,337 0.995453 (0.001114) with: {'batch_size': 32, 'lr': 0.001, 'max_epochs': 32, 'module__n_features': 73, 'module__n_neurons': 128, 'module__nonlin': ReLU()}
2024-06-04 21:42:44,337 0.994997 (0.001182) with: {'batch_size': 32, 'lr': 0.001, 'max_epochs': 32, 'module__n_features': 73, 'module__n_neurons': 256, 'module__nonlin': Tanh()}
2024-06-04 21:42:44,337 0.996988 (0.001028) with: {'batch_size': 32, 'lr': 0.001, 'max_epochs': 32, 'module__n_features': 73, 'module__n_neurons': 256, 'module__nonlin': ReLU()}
2024-06-04 21:42:44,337 0.994724 (0.001306) with: {'batch_size': 32, 'lr': 0.001, 'max_epochs': 64, 'module__n_features': 73, 'module__n_neurons': 16, 'module__nonlin': Tanh()}
2024-06-04 21:42:44,338 0.994053 (0.001551) with: {'batch_size': 32, 'lr': 0.001, 'max_epochs': 64, 'module__n_features': 73, 'module__n_neurons': 16, 'module__nonlin': ReLU()}
2024-06-04 21:42:44,338 0.995242 (0.001309) with: {'batch_size': 32, 'lr': 0.001, 'max_epochs': 64, 'module__n_features': 73, 'module__n_neurons': 32, 'module__nonlin': Tanh()}
2024-06-04 21:42:44,338 0.994973 (0.001471) with: {'batch_size': 32, 'lr': 0.001, 'max_epochs': 64, 'module__n_features': 73, 'module__n_neurons': 32, 'module__nonlin': ReLU()}
2024-06-04 21:42:44,338 0.995616 (0.001299) with: {'batch_size': 32, 'lr': 0.001, 'max_epochs': 64, 'module__n_features': 73, 'module__n_neurons': 64, 'module__nonlin': Tanh()}
2024-06-04 21:42:44,338 0.996301 (0.000461) with: {'batch_size': 32, 'lr': 0.001, 'max_epochs': 64, 'module__n_features': 73, 'module__n_neurons': 64, 'module__nonlin': ReLU()}
2024-06-04 21:42:44,338 0.996177 (0.001348) with: {'batch_size': 32, 'lr': 0.001, 'max_epochs': 64, 'module__n_features': 73, 'module__n_neurons': 128, 'module__nonlin': Tanh()}
2024-06-04 21:42:44,338 0.998024 (0.001164) with: {'batch_size': 32, 'lr': 0.001, 'max_epochs': 64, 'module__n_features': 73, 'module__n_neurons': 128, 'module__nonlin': ReLU()}
2024-06-04 21:42:44,338 0.996679 (0.001001) with: {'batch_size': 32, 'lr': 0.001, 'max_epochs': 64, 'module__n_features': 73, 'module__n_neurons': 256, 'module__nonlin': Tanh()}
2024-06-04 21:42:44,338 0.998717 (0.001036) with: {'batch_size': 32, 'lr': 0.001, 'max_epochs': 64, 'module__n_features': 73, 'module__n_neurons': 256, 'module__nonlin': ReLU()}
2024-06-04 21:42:44,338 0.996768 (0.001057) with: {'batch_size': 32, 'lr': 0.001, 'max_epochs': 128, 'module__n_features': 73, 'module__n_neurons': 16, 'module__nonlin': Tanh()}
2024-06-04 21:42:44,338 0.995089 (0.001534) with: {'batch_size': 32, 'lr': 0.001, 'max_epochs': 128, 'module__n_features': 73, 'module__n_neurons': 16, 'module__nonlin': ReLU()}
2024-06-04 21:42:44,338 0.997469 (0.000854) with: {'batch_size': 32, 'lr': 0.001, 'max_epochs': 128, 'module__n_features': 73, 'module__n_neurons': 32, 'module__nonlin': Tanh()}
2024-06-04 21:42:44,338 0.997090 (0.000972) with: {'batch_size': 32, 'lr': 0.001, 'max_epochs': 128, 'module__n_features': 73, 'module__n_neurons': 32, 'module__nonlin': ReLU()}
2024-06-04 21:42:44,338 0.997883 (0.000768) with: {'batch_size': 32, 'lr': 0.001, 'max_epochs': 128, 'module__n_features': 73, 'module__n_neurons': 64, 'module__nonlin': Tanh()}
2024-06-04 21:42:44,338 0.998163 (0.001266) with: {'batch_size': 32, 'lr': 0.001, 'max_epochs': 128, 'module__n_features': 73, 'module__n_neurons': 64, 'module__nonlin': ReLU()}
2024-06-04 21:42:44,338 0.998352 (0.000925) with: {'batch_size': 32, 'lr': 0.001, 'max_epochs': 128, 'module__n_features': 73, 'module__n_neurons': 128, 'module__nonlin': Tanh()}
2024-06-04 21:42:44,338 0.998882 (0.001065) with: {'batch_size': 32, 'lr': 0.001, 'max_epochs': 128, 'module__n_features': 73, 'module__n_neurons': 128, 'module__nonlin': ReLU()}
2024-06-04 21:42:44,338 0.998594 (0.001162) with: {'batch_size': 32, 'lr': 0.001, 'max_epochs': 128, 'module__n_features': 73, 'module__n_neurons': 256, 'module__nonlin': Tanh()}
2024-06-04 21:42:44,338 0.999084 (0.000985) with: {'batch_size': 32, 'lr': 0.001, 'max_epochs': 128, 'module__n_features': 73, 'module__n_neurons': 256, 'module__nonlin': ReLU()}
2024-06-04 21:42:44,338 0.996201 (0.001361) with: {'batch_size': 32, 'lr': 0.01, 'max_epochs': 16, 'module__n_features': 73, 'module__n_neurons': 16, 'module__nonlin': Tanh()}
2024-06-04 21:42:44,338 0.995449 (0.002453) with: {'batch_size': 32, 'lr': 0.01, 'max_epochs': 16, 'module__n_features': 73, 'module__n_neurons': 16, 'module__nonlin': ReLU()}
2024-06-04 21:42:44,338 0.996783 (0.001435) with: {'batch_size': 32, 'lr': 0.01, 'max_epochs': 16, 'module__n_features': 73, 'module__n_neurons': 32, 'module__nonlin': Tanh()}
2024-06-04 21:42:44,338 0.995958 (0.002363) with: {'batch_size': 32, 'lr': 0.01, 'max_epochs': 16, 'module__n_features': 73, 'module__n_neurons': 32, 'module__nonlin': ReLU()}
2024-06-04 21:42:44,338 0.997105 (0.001379) with: {'batch_size': 32, 'lr': 0.01, 'max_epochs': 16, 'module__n_features': 73, 'module__n_neurons': 64, 'module__nonlin': Tanh()}
2024-06-04 21:42:44,338 0.996820 (0.001677) with: {'batch_size': 32, 'lr': 0.01, 'max_epochs': 16, 'module__n_features': 73, 'module__n_neurons': 64, 'module__nonlin': ReLU()}
2024-06-04 21:42:44,338 0.997289 (0.001288) with: {'batch_size': 32, 'lr': 0.01, 'max_epochs': 16, 'module__n_features': 73, 'module__n_neurons': 128, 'module__nonlin': Tanh()}
2024-06-04 21:42:44,338 0.998432 (0.001360) with: {'batch_size': 32, 'lr': 0.01, 'max_epochs': 16, 'module__n_features': 73, 'module__n_neurons': 128, 'module__nonlin': ReLU()}
2024-06-04 21:42:44,338 0.997375 (0.001349) with: {'batch_size': 32, 'lr': 0.01, 'max_epochs': 16, 'module__n_features': 73, 'module__n_neurons': 256, 'module__nonlin': Tanh()}
2024-06-04 21:42:44,338 0.998377 (0.001705) with: {'batch_size': 32, 'lr': 0.01, 'max_epochs': 16, 'module__n_features': 73, 'module__n_neurons': 256, 'module__nonlin': ReLU()}
2024-06-04 21:42:44,338 0.998379 (0.001345) with: {'batch_size': 32, 'lr': 0.01, 'max_epochs': 32, 'module__n_features': 73, 'module__n_neurons': 16, 'module__nonlin': Tanh()}
2024-06-04 21:42:44,338 0.995749 (0.002408) with: {'batch_size': 32, 'lr': 0.01, 'max_epochs': 32, 'module__n_features': 73, 'module__n_neurons': 16, 'module__nonlin': ReLU()}
2024-06-04 21:42:44,338 0.998462 (0.001353) with: {'batch_size': 32, 'lr': 0.01, 'max_epochs': 32, 'module__n_features': 73, 'module__n_neurons': 32, 'module__nonlin': Tanh()}
2024-06-04 21:42:44,338 0.997083 (0.003103) with: {'batch_size': 32, 'lr': 0.01, 'max_epochs': 32, 'module__n_features': 73, 'module__n_neurons': 32, 'module__nonlin': ReLU()}
2024-06-04 21:42:44,338 0.998634 (0.001359) with: {'batch_size': 32, 'lr': 0.01, 'max_epochs': 32, 'module__n_features': 73, 'module__n_neurons': 64, 'module__nonlin': Tanh()}
2024-06-04 21:42:44,338 0.998735 (0.001372) with: {'batch_size': 32, 'lr': 0.01, 'max_epochs': 32, 'module__n_features': 73, 'module__n_neurons': 64, 'module__nonlin': ReLU()}
2024-06-04 21:42:44,338 0.998695 (0.001360) with: {'batch_size': 32, 'lr': 0.01, 'max_epochs': 32, 'module__n_features': 73, 'module__n_neurons': 128, 'module__nonlin': Tanh()}
2024-06-04 21:42:44,338 0.998867 (0.001188) with: {'batch_size': 32, 'lr': 0.01, 'max_epochs': 32, 'module__n_features': 73, 'module__n_neurons': 128, 'module__nonlin': ReLU()}
2024-06-04 21:42:44,338 0.998621 (0.001389) with: {'batch_size': 32, 'lr': 0.01, 'max_epochs': 32, 'module__n_features': 73, 'module__n_neurons': 256, 'module__nonlin': Tanh()}
2024-06-04 21:42:44,338 0.998815 (0.001301) with: {'batch_size': 32, 'lr': 0.01, 'max_epochs': 32, 'module__n_features': 73, 'module__n_neurons': 256, 'module__nonlin': ReLU()}
2024-06-04 21:42:44,338 0.998848 (0.001369) with: {'batch_size': 32, 'lr': 0.01, 'max_epochs': 64, 'module__n_features': 73, 'module__n_neurons': 16, 'module__nonlin': Tanh()}
2024-06-04 21:42:44,338 0.997766 (0.001446) with: {'batch_size': 32, 'lr': 0.01, 'max_epochs': 64, 'module__n_features': 73, 'module__n_neurons': 16, 'module__nonlin': ReLU()}
2024-06-04 21:42:44,338 0.998940 (0.001337) with: {'batch_size': 32, 'lr': 0.01, 'max_epochs': 64, 'module__n_features': 73, 'module__n_neurons': 32, 'module__nonlin': Tanh()}
2024-06-04 21:42:44,338 0.998272 (0.001744) with: {'batch_size': 32, 'lr': 0.01, 'max_epochs': 64, 'module__n_features': 73, 'module__n_neurons': 32, 'module__nonlin': ReLU()}
2024-06-04 21:42:44,338 0.998881 (0.001331) with: {'batch_size': 32, 'lr': 0.01, 'max_epochs': 64, 'module__n_features': 73, 'module__n_neurons': 64, 'module__nonlin': Tanh()}
2024-06-04 21:42:44,338 0.998365 (0.001478) with: {'batch_size': 32, 'lr': 0.01, 'max_epochs': 64, 'module__n_features': 73, 'module__n_neurons': 64, 'module__nonlin': ReLU()}
2024-06-04 21:42:44,338 0.998780 (0.001321) with: {'batch_size': 32, 'lr': 0.01, 'max_epochs': 64, 'module__n_features': 73, 'module__n_neurons': 128, 'module__nonlin': Tanh()}
2024-06-04 21:42:44,338 0.998717 (0.001474) with: {'batch_size': 32, 'lr': 0.01, 'max_epochs': 64, 'module__n_features': 73, 'module__n_neurons': 128, 'module__nonlin': ReLU()}
2024-06-04 21:42:44,338 0.998811 (0.001306) with: {'batch_size': 32, 'lr': 0.01, 'max_epochs': 64, 'module__n_features': 73, 'module__n_neurons': 256, 'module__nonlin': Tanh()}
2024-06-04 21:42:44,339 0.999142 (0.001031) with: {'batch_size': 32, 'lr': 0.01, 'max_epochs': 64, 'module__n_features': 73, 'module__n_neurons': 256, 'module__nonlin': ReLU()}
2024-06-04 21:42:44,339 0.999072 (0.001122) with: {'batch_size': 32, 'lr': 0.01, 'max_epochs': 128, 'module__n_features': 73, 'module__n_neurons': 16, 'module__nonlin': Tanh()}
2024-06-04 21:42:44,339 0.998175 (0.001684) with: {'batch_size': 32, 'lr': 0.01, 'max_epochs': 128, 'module__n_features': 73, 'module__n_neurons': 16, 'module__nonlin': ReLU()}
2024-06-04 21:42:44,339 0.999044 (0.001405) with: {'batch_size': 32, 'lr': 0.01, 'max_epochs': 128, 'module__n_features': 73, 'module__n_neurons': 32, 'module__nonlin': Tanh()}
2024-06-04 21:42:44,339 0.998958 (0.000923) with: {'batch_size': 32, 'lr': 0.01, 'max_epochs': 128, 'module__n_features': 73, 'module__n_neurons': 32, 'module__nonlin': ReLU()}
2024-06-04 21:42:44,339 0.999001 (0.001459) with: {'batch_size': 32, 'lr': 0.01, 'max_epochs': 128, 'module__n_features': 73, 'module__n_neurons': 64, 'module__nonlin': Tanh()}
2024-06-04 21:42:44,339 0.998505 (0.001430) with: {'batch_size': 32, 'lr': 0.01, 'max_epochs': 128, 'module__n_features': 73, 'module__n_neurons': 64, 'module__nonlin': ReLU()}
2024-06-04 21:42:44,339 0.998896 (0.001526) with: {'batch_size': 32, 'lr': 0.01, 'max_epochs': 128, 'module__n_features': 73, 'module__n_neurons': 128, 'module__nonlin': Tanh()}
2024-06-04 21:42:44,339 0.998962 (0.001186) with: {'batch_size': 32, 'lr': 0.01, 'max_epochs': 128, 'module__n_features': 73, 'module__n_neurons': 128, 'module__nonlin': ReLU()}
2024-06-04 21:42:44,339 0.999007 (0.001395) with: {'batch_size': 32, 'lr': 0.01, 'max_epochs': 128, 'module__n_features': 73, 'module__n_neurons': 256, 'module__nonlin': Tanh()}
2024-06-04 21:42:44,339 0.998982 (0.001495) with: {'batch_size': 32, 'lr': 0.01, 'max_epochs': 128, 'module__n_features': 73, 'module__n_neurons': 256, 'module__nonlin': ReLU()}
2024-06-04 21:42:44,339 0.997761 (0.001450) with: {'batch_size': 32, 'lr': 0.02, 'max_epochs': 16, 'module__n_features': 73, 'module__n_neurons': 16, 'module__nonlin': Tanh()}
2024-06-04 21:42:44,339 0.995568 (0.002284) with: {'batch_size': 32, 'lr': 0.02, 'max_epochs': 16, 'module__n_features': 73, 'module__n_neurons': 16, 'module__nonlin': ReLU()}
2024-06-04 21:42:44,339 0.997966 (0.001477) with: {'batch_size': 32, 'lr': 0.02, 'max_epochs': 16, 'module__n_features': 73, 'module__n_neurons': 32, 'module__nonlin': Tanh()}
2024-06-04 21:42:44,339 0.997628 (0.001581) with: {'batch_size': 32, 'lr': 0.02, 'max_epochs': 16, 'module__n_features': 73, 'module__n_neurons': 32, 'module__nonlin': ReLU()}
2024-06-04 21:42:44,339 0.998178 (0.001520) with: {'batch_size': 32, 'lr': 0.02, 'max_epochs': 16, 'module__n_features': 73, 'module__n_neurons': 64, 'module__nonlin': Tanh()}
2024-06-04 21:42:44,339 0.997732 (0.002419) with: {'batch_size': 32, 'lr': 0.02, 'max_epochs': 16, 'module__n_features': 73, 'module__n_neurons': 64, 'module__nonlin': ReLU()}
2024-06-04 21:42:44,339 0.998410 (0.001473) with: {'batch_size': 32, 'lr': 0.02, 'max_epochs': 16, 'module__n_features': 73, 'module__n_neurons': 128, 'module__nonlin': Tanh()}
2024-06-04 21:42:44,339 0.997693 (0.003038) with: {'batch_size': 32, 'lr': 0.02, 'max_epochs': 16, 'module__n_features': 73, 'module__n_neurons': 128, 'module__nonlin': ReLU()}
2024-06-04 21:42:44,339 0.998340 (0.001307) with: {'batch_size': 32, 'lr': 0.02, 'max_epochs': 16, 'module__n_features': 73, 'module__n_neurons': 256, 'module__nonlin': Tanh()}
2024-06-04 21:42:44,339 0.998680 (0.001357) with: {'batch_size': 32, 'lr': 0.02, 'max_epochs': 16, 'module__n_features': 73, 'module__n_neurons': 256, 'module__nonlin': ReLU()}
2024-06-04 21:42:44,339 0.998716 (0.001287) with: {'batch_size': 32, 'lr': 0.02, 'max_epochs': 32, 'module__n_features': 73, 'module__n_neurons': 16, 'module__nonlin': Tanh()}
2024-06-04 21:42:44,339 0.997249 (0.003223) with: {'batch_size': 32, 'lr': 0.02, 'max_epochs': 32, 'module__n_features': 73, 'module__n_neurons': 16, 'module__nonlin': ReLU()}
2024-06-04 21:42:44,339 0.998686 (0.001312) with: {'batch_size': 32, 'lr': 0.02, 'max_epochs': 32, 'module__n_features': 73, 'module__n_neurons': 32, 'module__nonlin': Tanh()}
2024-06-04 21:42:44,339 0.998032 (0.002083) with: {'batch_size': 32, 'lr': 0.02, 'max_epochs': 32, 'module__n_features': 73, 'module__n_neurons': 32, 'module__nonlin': ReLU()}
2024-06-04 21:42:44,339 0.998673 (0.001479) with: {'batch_size': 32, 'lr': 0.02, 'max_epochs': 32, 'module__n_features': 73, 'module__n_neurons': 64, 'module__nonlin': Tanh()}
2024-06-04 21:42:44,339 0.998475 (0.001456) with: {'batch_size': 32, 'lr': 0.02, 'max_epochs': 32, 'module__n_features': 73, 'module__n_neurons': 64, 'module__nonlin': ReLU()}
2024-06-04 21:42:44,339 0.998777 (0.001503) with: {'batch_size': 32, 'lr': 0.02, 'max_epochs': 32, 'module__n_features': 73, 'module__n_neurons': 128, 'module__nonlin': Tanh()}
2024-06-04 21:42:44,339 0.998420 (0.001682) with: {'batch_size': 32, 'lr': 0.02, 'max_epochs': 32, 'module__n_features': 73, 'module__n_neurons': 128, 'module__nonlin': ReLU()}
2024-06-04 21:42:44,339 0.998682 (0.001483) with: {'batch_size': 32, 'lr': 0.02, 'max_epochs': 32, 'module__n_features': 73, 'module__n_neurons': 256, 'module__nonlin': Tanh()}
2024-06-04 21:42:44,339 0.998723 (0.001398) with: {'batch_size': 32, 'lr': 0.02, 'max_epochs': 32, 'module__n_features': 73, 'module__n_neurons': 256, 'module__nonlin': ReLU()}
2024-06-04 21:42:44,339 0.998927 (0.001402) with: {'batch_size': 32, 'lr': 0.02, 'max_epochs': 64, 'module__n_features': 73, 'module__n_neurons': 16, 'module__nonlin': Tanh()}
2024-06-04 21:42:44,339 0.998526 (0.001109) with: {'batch_size': 32, 'lr': 0.02, 'max_epochs': 64, 'module__n_features': 73, 'module__n_neurons': 16, 'module__nonlin': ReLU()}
2024-06-04 21:42:44,339 0.998995 (0.001429) with: {'batch_size': 32, 'lr': 0.02, 'max_epochs': 64, 'module__n_features': 73, 'module__n_neurons': 32, 'module__nonlin': Tanh()}
2024-06-04 21:42:44,339 0.998673 (0.001205) with: {'batch_size': 32, 'lr': 0.02, 'max_epochs': 64, 'module__n_features': 73, 'module__n_neurons': 32, 'module__nonlin': ReLU()}
2024-06-04 21:42:44,339 0.999028 (0.001355) with: {'batch_size': 32, 'lr': 0.02, 'max_epochs': 64, 'module__n_features': 73, 'module__n_neurons': 64, 'module__nonlin': Tanh()}
2024-06-04 21:42:44,339 0.998888 (0.001191) with: {'batch_size': 32, 'lr': 0.02, 'max_epochs': 64, 'module__n_features': 73, 'module__n_neurons': 64, 'module__nonlin': ReLU()}
2024-06-04 21:42:44,339 0.998988 (0.001426) with: {'batch_size': 32, 'lr': 0.02, 'max_epochs': 64, 'module__n_features': 73, 'module__n_neurons': 128, 'module__nonlin': Tanh()}
2024-06-04 21:42:44,339 0.998950 (0.001220) with: {'batch_size': 32, 'lr': 0.02, 'max_epochs': 64, 'module__n_features': 73, 'module__n_neurons': 128, 'module__nonlin': ReLU()}
2024-06-04 21:42:44,339 0.998881 (0.001481) with: {'batch_size': 32, 'lr': 0.02, 'max_epochs': 64, 'module__n_features': 73, 'module__n_neurons': 256, 'module__nonlin': Tanh()}
2024-06-04 21:42:44,339 0.998848 (0.001255) with: {'batch_size': 32, 'lr': 0.02, 'max_epochs': 64, 'module__n_features': 73, 'module__n_neurons': 256, 'module__nonlin': ReLU()}
2024-06-04 21:42:44,339 0.999010 (0.001334) with: {'batch_size': 32, 'lr': 0.02, 'max_epochs': 128, 'module__n_features': 73, 'module__n_neurons': 16, 'module__nonlin': Tanh()}
2024-06-04 21:42:44,339 0.997918 (0.001789) with: {'batch_size': 32, 'lr': 0.02, 'max_epochs': 128, 'module__n_features': 73, 'module__n_neurons': 16, 'module__nonlin': ReLU()}
2024-06-04 21:42:44,339 0.999111 (0.001154) with: {'batch_size': 32, 'lr': 0.02, 'max_epochs': 128, 'module__n_features': 73, 'module__n_neurons': 32, 'module__nonlin': Tanh()}
2024-06-04 21:42:44,339 0.998728 (0.001310) with: {'batch_size': 32, 'lr': 0.02, 'max_epochs': 128, 'module__n_features': 73, 'module__n_neurons': 32, 'module__nonlin': ReLU()}
2024-06-04 21:42:44,339 0.998958 (0.001475) with: {'batch_size': 32, 'lr': 0.02, 'max_epochs': 128, 'module__n_features': 73, 'module__n_neurons': 64, 'module__nonlin': Tanh()}
2024-06-04 21:42:44,339 0.999090 (0.001263) with: {'batch_size': 32, 'lr': 0.02, 'max_epochs': 128, 'module__n_features': 73, 'module__n_neurons': 64, 'module__nonlin': ReLU()}
2024-06-04 21:42:44,339 0.999019 (0.001396) with: {'batch_size': 32, 'lr': 0.02, 'max_epochs': 128, 'module__n_features': 73, 'module__n_neurons': 128, 'module__nonlin': Tanh()}
2024-06-04 21:42:44,339 0.998925 (0.001271) with: {'batch_size': 32, 'lr': 0.02, 'max_epochs': 128, 'module__n_features': 73, 'module__n_neurons': 128, 'module__nonlin': ReLU()}
2024-06-04 21:42:44,340 0.998853 (0.001682) with: {'batch_size': 32, 'lr': 0.02, 'max_epochs': 128, 'module__n_features': 73, 'module__n_neurons': 256, 'module__nonlin': Tanh()}
2024-06-04 21:42:44,340 0.998680 (0.001585) with: {'batch_size': 32, 'lr': 0.02, 'max_epochs': 128, 'module__n_features': 73, 'module__n_neurons': 256, 'module__nonlin': ReLU()}
2024-06-04 21:42:44,340 0.971613 (0.005471) with: {'batch_size': 64, 'lr': 0.001, 'max_epochs': 16, 'module__n_features': 73, 'module__n_neurons': 16, 'module__nonlin': Tanh()}
2024-06-04 21:42:44,340 0.965639 (0.002581) with: {'batch_size': 64, 'lr': 0.001, 'max_epochs': 16, 'module__n_features': 73, 'module__n_neurons': 16, 'module__nonlin': ReLU()}
2024-06-04 21:42:44,340 0.979203 (0.004487) with: {'batch_size': 64, 'lr': 0.001, 'max_epochs': 16, 'module__n_features': 73, 'module__n_neurons': 32, 'module__nonlin': Tanh()}
2024-06-04 21:42:44,340 0.973874 (0.007161) with: {'batch_size': 64, 'lr': 0.001, 'max_epochs': 16, 'module__n_features': 73, 'module__n_neurons': 32, 'module__nonlin': ReLU()}
2024-06-04 21:42:44,340 0.983973 (0.003923) with: {'batch_size': 64, 'lr': 0.001, 'max_epochs': 16, 'module__n_features': 73, 'module__n_neurons': 64, 'module__nonlin': Tanh()}
2024-06-04 21:42:44,340 0.981401 (0.003758) with: {'batch_size': 64, 'lr': 0.001, 'max_epochs': 16, 'module__n_features': 73, 'module__n_neurons': 64, 'module__nonlin': ReLU()}
2024-06-04 21:42:44,340 0.988117 (0.002990) with: {'batch_size': 64, 'lr': 0.001, 'max_epochs': 16, 'module__n_features': 73, 'module__n_neurons': 128, 'module__nonlin': Tanh()}
2024-06-04 21:42:44,340 0.987057 (0.003361) with: {'batch_size': 64, 'lr': 0.001, 'max_epochs': 16, 'module__n_features': 73, 'module__n_neurons': 128, 'module__nonlin': ReLU()}
2024-06-04 21:42:44,340 0.990456 (0.002693) with: {'batch_size': 64, 'lr': 0.001, 'max_epochs': 16, 'module__n_features': 73, 'module__n_neurons': 256, 'module__nonlin': Tanh()}
2024-06-04 21:42:44,340 0.990615 (0.002694) with: {'batch_size': 64, 'lr': 0.001, 'max_epochs': 16, 'module__n_features': 73, 'module__n_neurons': 256, 'module__nonlin': ReLU()}
2024-06-04 21:42:44,340 0.987654 (0.002578) with: {'batch_size': 64, 'lr': 0.001, 'max_epochs': 32, 'module__n_features': 73, 'module__n_neurons': 16, 'module__nonlin': Tanh()}
2024-06-04 21:42:44,340 0.982286 (0.003564) with: {'batch_size': 64, 'lr': 0.001, 'max_epochs': 32, 'module__n_features': 73, 'module__n_neurons': 16, 'module__nonlin': ReLU()}
2024-06-04 21:42:44,340 0.990535 (0.002173) with: {'batch_size': 64, 'lr': 0.001, 'max_epochs': 32, 'module__n_features': 73, 'module__n_neurons': 32, 'module__nonlin': Tanh()}
2024-06-04 21:42:44,340 0.987902 (0.002725) with: {'batch_size': 64, 'lr': 0.001, 'max_epochs': 32, 'module__n_features': 73, 'module__n_neurons': 32, 'module__nonlin': ReLU()}
2024-06-04 21:42:44,340 0.992546 (0.002010) with: {'batch_size': 64, 'lr': 0.001, 'max_epochs': 32, 'module__n_features': 73, 'module__n_neurons': 64, 'module__nonlin': Tanh()}
2024-06-04 21:42:44,340 0.991473 (0.002127) with: {'batch_size': 64, 'lr': 0.001, 'max_epochs': 32, 'module__n_features': 73, 'module__n_neurons': 64, 'module__nonlin': ReLU()}
2024-06-04 21:42:44,340 0.993492 (0.001662) with: {'batch_size': 64, 'lr': 0.001, 'max_epochs': 32, 'module__n_features': 73, 'module__n_neurons': 128, 'module__nonlin': Tanh()}
2024-06-04 21:42:44,340 0.993778 (0.002181) with: {'batch_size': 64, 'lr': 0.001, 'max_epochs': 32, 'module__n_features': 73, 'module__n_neurons': 128, 'module__nonlin': ReLU()}
2024-06-04 21:42:44,340 0.994148 (0.001494) with: {'batch_size': 64, 'lr': 0.001, 'max_epochs': 32, 'module__n_features': 73, 'module__n_neurons': 256, 'module__nonlin': Tanh()}
2024-06-04 21:42:44,340 0.995656 (0.001566) with: {'batch_size': 64, 'lr': 0.001, 'max_epochs': 32, 'module__n_features': 73, 'module__n_neurons': 256, 'module__nonlin': ReLU()}
2024-06-04 21:42:44,340 0.993698 (0.001607) with: {'batch_size': 64, 'lr': 0.001, 'max_epochs': 64, 'module__n_features': 73, 'module__n_neurons': 16, 'module__nonlin': Tanh()}
2024-06-04 21:42:44,340 0.991911 (0.002352) with: {'batch_size': 64, 'lr': 0.001, 'max_epochs': 64, 'module__n_features': 73, 'module__n_neurons': 16, 'module__nonlin': ReLU()}
2024-06-04 21:42:44,340 0.994359 (0.001229) with: {'batch_size': 64, 'lr': 0.001, 'max_epochs': 64, 'module__n_features': 73, 'module__n_neurons': 32, 'module__nonlin': Tanh()}
2024-06-04 21:42:44,340 0.994109 (0.001958) with: {'batch_size': 64, 'lr': 0.001, 'max_epochs': 64, 'module__n_features': 73, 'module__n_neurons': 32, 'module__nonlin': ReLU()}
2024-06-04 21:42:44,340 0.994862 (0.001395) with: {'batch_size': 64, 'lr': 0.001, 'max_epochs': 64, 'module__n_features': 73, 'module__n_neurons': 64, 'module__nonlin': Tanh()}
2024-06-04 21:42:44,340 0.995549 (0.001642) with: {'batch_size': 64, 'lr': 0.001, 'max_epochs': 64, 'module__n_features': 73, 'module__n_neurons': 64, 'module__nonlin': ReLU()}
2024-06-04 21:42:44,340 0.995417 (0.001310) with: {'batch_size': 64, 'lr': 0.001, 'max_epochs': 64, 'module__n_features': 73, 'module__n_neurons': 128, 'module__nonlin': Tanh()}
2024-06-04 21:42:44,340 0.997071 (0.001007) with: {'batch_size': 64, 'lr': 0.001, 'max_epochs': 64, 'module__n_features': 73, 'module__n_neurons': 128, 'module__nonlin': ReLU()}
2024-06-04 21:42:44,340 0.995794 (0.001358) with: {'batch_size': 64, 'lr': 0.001, 'max_epochs': 64, 'module__n_features': 73, 'module__n_neurons': 256, 'module__nonlin': Tanh()}
2024-06-04 21:42:44,340 0.998107 (0.001216) with: {'batch_size': 64, 'lr': 0.001, 'max_epochs': 64, 'module__n_features': 73, 'module__n_neurons': 256, 'module__nonlin': ReLU()}
2024-06-04 21:42:44,340 0.995815 (0.001141) with: {'batch_size': 64, 'lr': 0.001, 'max_epochs': 128, 'module__n_features': 73, 'module__n_neurons': 16, 'module__nonlin': Tanh()}
2024-06-04 21:42:44,340 0.995311 (0.000838) with: {'batch_size': 64, 'lr': 0.001, 'max_epochs': 128, 'module__n_features': 73, 'module__n_neurons': 16, 'module__nonlin': ReLU()}
2024-06-04 21:42:44,340 0.996437 (0.001160) with: {'batch_size': 64, 'lr': 0.001, 'max_epochs': 128, 'module__n_features': 73, 'module__n_neurons': 32, 'module__nonlin': Tanh()}
2024-06-04 21:42:44,340 0.996553 (0.000976) with: {'batch_size': 64, 'lr': 0.001, 'max_epochs': 128, 'module__n_features': 73, 'module__n_neurons': 32, 'module__nonlin': ReLU()}
2024-06-04 21:42:44,340 0.997102 (0.000918) with: {'batch_size': 64, 'lr': 0.001, 'max_epochs': 128, 'module__n_features': 73, 'module__n_neurons': 64, 'module__nonlin': Tanh()}
2024-06-04 21:42:44,340 0.997595 (0.000870) with: {'batch_size': 64, 'lr': 0.001, 'max_epochs': 128, 'module__n_features': 73, 'module__n_neurons': 64, 'module__nonlin': ReLU()}
2024-06-04 21:42:44,340 0.997488 (0.001181) with: {'batch_size': 64, 'lr': 0.001, 'max_epochs': 128, 'module__n_features': 73, 'module__n_neurons': 128, 'module__nonlin': Tanh()}
2024-06-04 21:42:44,340 0.998797 (0.001189) with: {'batch_size': 64, 'lr': 0.001, 'max_epochs': 128, 'module__n_features': 73, 'module__n_neurons': 128, 'module__nonlin': ReLU()}
2024-06-04 21:42:44,340 0.998098 (0.001152) with: {'batch_size': 64, 'lr': 0.001, 'max_epochs': 128, 'module__n_features': 73, 'module__n_neurons': 256, 'module__nonlin': Tanh()}
2024-06-04 21:42:44,340 0.998836 (0.001191) with: {'batch_size': 64, 'lr': 0.001, 'max_epochs': 128, 'module__n_features': 73, 'module__n_neurons': 256, 'module__nonlin': ReLU()}
2024-06-04 21:42:44,340 0.995067 (0.001343) with: {'batch_size': 64, 'lr': 0.01, 'max_epochs': 16, 'module__n_features': 73, 'module__n_neurons': 16, 'module__nonlin': Tanh()}
2024-06-04 21:42:44,340 0.994426 (0.001262) with: {'batch_size': 64, 'lr': 0.01, 'max_epochs': 16, 'module__n_features': 73, 'module__n_neurons': 16, 'module__nonlin': ReLU()}
2024-06-04 21:42:44,340 0.995316 (0.001700) with: {'batch_size': 64, 'lr': 0.01, 'max_epochs': 16, 'module__n_features': 73, 'module__n_neurons': 32, 'module__nonlin': Tanh()}
2024-06-04 21:42:44,340 0.996133 (0.001320) with: {'batch_size': 64, 'lr': 0.01, 'max_epochs': 16, 'module__n_features': 73, 'module__n_neurons': 32, 'module__nonlin': ReLU()}
2024-06-04 21:42:44,340 0.995687 (0.001689) with: {'batch_size': 64, 'lr': 0.01, 'max_epochs': 16, 'module__n_features': 73, 'module__n_neurons': 64, 'module__nonlin': Tanh()}
2024-06-04 21:42:44,340 0.996521 (0.002015) with: {'batch_size': 64, 'lr': 0.01, 'max_epochs': 16, 'module__n_features': 73, 'module__n_neurons': 64, 'module__nonlin': ReLU()}
2024-06-04 21:42:44,341 0.995852 (0.001751) with: {'batch_size': 64, 'lr': 0.01, 'max_epochs': 16, 'module__n_features': 73, 'module__n_neurons': 128, 'module__nonlin': Tanh()}
2024-06-04 21:42:44,341 0.997632 (0.001408) with: {'batch_size': 64, 'lr': 0.01, 'max_epochs': 16, 'module__n_features': 73, 'module__n_neurons': 128, 'module__nonlin': ReLU()}
2024-06-04 21:42:44,341 0.996214 (0.001858) with: {'batch_size': 64, 'lr': 0.01, 'max_epochs': 16, 'module__n_features': 73, 'module__n_neurons': 256, 'module__nonlin': Tanh()}
2024-06-04 21:42:44,341 0.998377 (0.001433) with: {'batch_size': 64, 'lr': 0.01, 'max_epochs': 16, 'module__n_features': 73, 'module__n_neurons': 256, 'module__nonlin': ReLU()}
2024-06-04 21:42:44,341 0.997381 (0.001250) with: {'batch_size': 64, 'lr': 0.01, 'max_epochs': 32, 'module__n_features': 73, 'module__n_neurons': 16, 'module__nonlin': Tanh()}
2024-06-04 21:42:44,341 0.996016 (0.000451) with: {'batch_size': 64, 'lr': 0.01, 'max_epochs': 32, 'module__n_features': 73, 'module__n_neurons': 16, 'module__nonlin': ReLU()}
2024-06-04 21:42:44,341 0.997926 (0.001159) with: {'batch_size': 64, 'lr': 0.01, 'max_epochs': 32, 'module__n_features': 73, 'module__n_neurons': 32, 'module__nonlin': Tanh()}
2024-06-04 21:42:44,341 0.997150 (0.001316) with: {'batch_size': 64, 'lr': 0.01, 'max_epochs': 32, 'module__n_features': 73, 'module__n_neurons': 32, 'module__nonlin': ReLU()}
2024-06-04 21:42:44,341 0.998263 (0.001226) with: {'batch_size': 64, 'lr': 0.01, 'max_epochs': 32, 'module__n_features': 73, 'module__n_neurons': 64, 'module__nonlin': Tanh()}
2024-06-04 21:42:44,341 0.998249 (0.001499) with: {'batch_size': 64, 'lr': 0.01, 'max_epochs': 32, 'module__n_features': 73, 'module__n_neurons': 64, 'module__nonlin': ReLU()}
2024-06-04 21:42:44,341 0.998466 (0.001188) with: {'batch_size': 64, 'lr': 0.01, 'max_epochs': 32, 'module__n_features': 73, 'module__n_neurons': 128, 'module__nonlin': Tanh()}
2024-06-04 21:42:44,341 0.998830 (0.001197) with: {'batch_size': 64, 'lr': 0.01, 'max_epochs': 32, 'module__n_features': 73, 'module__n_neurons': 128, 'module__nonlin': ReLU()}
2024-06-04 21:42:44,341 0.998392 (0.001389) with: {'batch_size': 64, 'lr': 0.01, 'max_epochs': 32, 'module__n_features': 73, 'module__n_neurons': 256, 'module__nonlin': Tanh()}
2024-06-04 21:42:44,341 0.998796 (0.001274) with: {'batch_size': 64, 'lr': 0.01, 'max_epochs': 32, 'module__n_features': 73, 'module__n_neurons': 256, 'module__nonlin': ReLU()}
2024-06-04 21:42:44,341 0.998661 (0.001391) with: {'batch_size': 64, 'lr': 0.01, 'max_epochs': 64, 'module__n_features': 73, 'module__n_neurons': 16, 'module__nonlin': Tanh()}
2024-06-04 21:42:44,341 0.996699 (0.002601) with: {'batch_size': 64, 'lr': 0.01, 'max_epochs': 64, 'module__n_features': 73, 'module__n_neurons': 16, 'module__nonlin': ReLU()}
2024-06-04 21:42:44,341 0.998885 (0.001131) with: {'batch_size': 64, 'lr': 0.01, 'max_epochs': 64, 'module__n_features': 73, 'module__n_neurons': 32, 'module__nonlin': Tanh()}
2024-06-04 21:42:44,341 0.997822 (0.002694) with: {'batch_size': 64, 'lr': 0.01, 'max_epochs': 64, 'module__n_features': 73, 'module__n_neurons': 32, 'module__nonlin': ReLU()}
2024-06-04 21:42:44,341 0.998894 (0.001263) with: {'batch_size': 64, 'lr': 0.01, 'max_epochs': 64, 'module__n_features': 73, 'module__n_neurons': 64, 'module__nonlin': Tanh()}
2024-06-04 21:42:44,341 0.998515 (0.001598) with: {'batch_size': 64, 'lr': 0.01, 'max_epochs': 64, 'module__n_features': 73, 'module__n_neurons': 64, 'module__nonlin': ReLU()}
2024-06-04 21:42:44,341 0.998842 (0.001272) with: {'batch_size': 64, 'lr': 0.01, 'max_epochs': 64, 'module__n_features': 73, 'module__n_neurons': 128, 'module__nonlin': Tanh()}
2024-06-04 21:42:44,341 0.998937 (0.001335) with: {'batch_size': 64, 'lr': 0.01, 'max_epochs': 64, 'module__n_features': 73, 'module__n_neurons': 128, 'module__nonlin': ReLU()}
2024-06-04 21:42:44,341 0.998857 (0.001352) with: {'batch_size': 64, 'lr': 0.01, 'max_epochs': 64, 'module__n_features': 73, 'module__n_neurons': 256, 'module__nonlin': Tanh()}
2024-06-04 21:42:44,341 0.999005 (0.001188) with: {'batch_size': 64, 'lr': 0.01, 'max_epochs': 64, 'module__n_features': 73, 'module__n_neurons': 256, 'module__nonlin': ReLU()}
2024-06-04 21:42:44,341 0.999004 (0.001272) with: {'batch_size': 64, 'lr': 0.01, 'max_epochs': 128, 'module__n_features': 73, 'module__n_neurons': 16, 'module__nonlin': Tanh()}
2024-06-04 21:42:44,341 0.996612 (0.002243) with: {'batch_size': 64, 'lr': 0.01, 'max_epochs': 128, 'module__n_features': 73, 'module__n_neurons': 16, 'module__nonlin': ReLU()}
2024-06-04 21:42:44,341 0.998844 (0.001789) with: {'batch_size': 64, 'lr': 0.01, 'max_epochs': 128, 'module__n_features': 73, 'module__n_neurons': 32, 'module__nonlin': Tanh()}
2024-06-04 21:42:44,341 0.997995 (0.002011) with: {'batch_size': 64, 'lr': 0.01, 'max_epochs': 128, 'module__n_features': 73, 'module__n_neurons': 32, 'module__nonlin': ReLU()}
2024-06-04 21:42:44,341 0.998930 (0.001395) with: {'batch_size': 64, 'lr': 0.01, 'max_epochs': 128, 'module__n_features': 73, 'module__n_neurons': 64, 'module__nonlin': Tanh()}
2024-06-04 21:42:44,341 0.998630 (0.001402) with: {'batch_size': 64, 'lr': 0.01, 'max_epochs': 128, 'module__n_features': 73, 'module__n_neurons': 64, 'module__nonlin': ReLU()}
2024-06-04 21:42:44,341 0.998970 (0.001374) with: {'batch_size': 64, 'lr': 0.01, 'max_epochs': 128, 'module__n_features': 73, 'module__n_neurons': 128, 'module__nonlin': Tanh()}
2024-06-04 21:42:44,341 0.998875 (0.001351) with: {'batch_size': 64, 'lr': 0.01, 'max_epochs': 128, 'module__n_features': 73, 'module__n_neurons': 128, 'module__nonlin': ReLU()}
2024-06-04 21:42:44,341 0.998903 (0.001550) with: {'batch_size': 64, 'lr': 0.01, 'max_epochs': 128, 'module__n_features': 73, 'module__n_neurons': 256, 'module__nonlin': Tanh()}
2024-06-04 21:42:44,341 0.998842 (0.001425) with: {'batch_size': 64, 'lr': 0.01, 'max_epochs': 128, 'module__n_features': 73, 'module__n_neurons': 256, 'module__nonlin': ReLU()}
2024-06-04 21:42:44,341 0.996578 (0.001485) with: {'batch_size': 64, 'lr': 0.02, 'max_epochs': 16, 'module__n_features': 73, 'module__n_neurons': 16, 'module__nonlin': Tanh()}
2024-06-04 21:42:44,341 0.995788 (0.001934) with: {'batch_size': 64, 'lr': 0.02, 'max_epochs': 16, 'module__n_features': 73, 'module__n_neurons': 16, 'module__nonlin': ReLU()}
2024-06-04 21:42:44,341 0.997181 (0.001177) with: {'batch_size': 64, 'lr': 0.02, 'max_epochs': 16, 'module__n_features': 73, 'module__n_neurons': 32, 'module__nonlin': Tanh()}
2024-06-04 21:42:44,341 0.996241 (0.001544) with: {'batch_size': 64, 'lr': 0.02, 'max_epochs': 16, 'module__n_features': 73, 'module__n_neurons': 32, 'module__nonlin': ReLU()}
2024-06-04 21:42:44,341 0.997421 (0.001535) with: {'batch_size': 64, 'lr': 0.02, 'max_epochs': 16, 'module__n_features': 73, 'module__n_neurons': 64, 'module__nonlin': Tanh()}
2024-06-04 21:42:44,341 0.996620 (0.002496) with: {'batch_size': 64, 'lr': 0.02, 'max_epochs': 16, 'module__n_features': 73, 'module__n_neurons': 64, 'module__nonlin': ReLU()}
2024-06-04 21:42:44,341 0.997531 (0.001322) with: {'batch_size': 64, 'lr': 0.02, 'max_epochs': 16, 'module__n_features': 73, 'module__n_neurons': 128, 'module__nonlin': Tanh()}
2024-06-04 21:42:44,341 0.996841 (0.001276) with: {'batch_size': 64, 'lr': 0.02, 'max_epochs': 16, 'module__n_features': 73, 'module__n_neurons': 128, 'module__nonlin': ReLU()}
2024-06-04 21:42:44,341 0.997540 (0.001376) with: {'batch_size': 64, 'lr': 0.02, 'max_epochs': 16, 'module__n_features': 73, 'module__n_neurons': 256, 'module__nonlin': Tanh()}
2024-06-04 21:42:44,341 0.997201 (0.002174) with: {'batch_size': 64, 'lr': 0.02, 'max_epochs': 16, 'module__n_features': 73, 'module__n_neurons': 256, 'module__nonlin': ReLU()}
2024-06-04 21:42:44,341 0.998496 (0.001211) with: {'batch_size': 64, 'lr': 0.02, 'max_epochs': 32, 'module__n_features': 73, 'module__n_neurons': 16, 'module__nonlin': Tanh()}
2024-06-04 21:42:44,341 0.996948 (0.001026) with: {'batch_size': 64, 'lr': 0.02, 'max_epochs': 32, 'module__n_features': 73, 'module__n_neurons': 16, 'module__nonlin': ReLU()}
2024-06-04 21:42:44,341 0.998587 (0.001138) with: {'batch_size': 64, 'lr': 0.02, 'max_epochs': 32, 'module__n_features': 73, 'module__n_neurons': 32, 'module__nonlin': Tanh()}
2024-06-04 21:42:44,341 0.998052 (0.001879) with: {'batch_size': 64, 'lr': 0.02, 'max_epochs': 32, 'module__n_features': 73, 'module__n_neurons': 32, 'module__nonlin': ReLU()}
2024-06-04 21:42:44,342 0.998808 (0.001271) with: {'batch_size': 64, 'lr': 0.02, 'max_epochs': 32, 'module__n_features': 73, 'module__n_neurons': 64, 'module__nonlin': Tanh()}
2024-06-04 21:42:44,342 0.998306 (0.001333) with: {'batch_size': 64, 'lr': 0.02, 'max_epochs': 32, 'module__n_features': 73, 'module__n_neurons': 64, 'module__nonlin': ReLU()}
2024-06-04 21:42:44,342 0.998836 (0.001201) with: {'batch_size': 64, 'lr': 0.02, 'max_epochs': 32, 'module__n_features': 73, 'module__n_neurons': 128, 'module__nonlin': Tanh()}
2024-06-04 21:42:44,342 0.998385 (0.001377) with: {'batch_size': 64, 'lr': 0.02, 'max_epochs': 32, 'module__n_features': 73, 'module__n_neurons': 128, 'module__nonlin': ReLU()}
2024-06-04 21:42:44,342 0.998759 (0.001425) with: {'batch_size': 64, 'lr': 0.02, 'max_epochs': 32, 'module__n_features': 73, 'module__n_neurons': 256, 'module__nonlin': Tanh()}
2024-06-04 21:42:44,342 0.998888 (0.001163) with: {'batch_size': 64, 'lr': 0.02, 'max_epochs': 32, 'module__n_features': 73, 'module__n_neurons': 256, 'module__nonlin': ReLU()}
2024-06-04 21:42:44,342 0.998777 (0.001427) with: {'batch_size': 64, 'lr': 0.02, 'max_epochs': 64, 'module__n_features': 73, 'module__n_neurons': 16, 'module__nonlin': Tanh()}
2024-06-04 21:42:44,342 0.998177 (0.001829) with: {'batch_size': 64, 'lr': 0.02, 'max_epochs': 64, 'module__n_features': 73, 'module__n_neurons': 16, 'module__nonlin': ReLU()}
2024-06-04 21:42:44,342 0.998934 (0.001357) with: {'batch_size': 64, 'lr': 0.02, 'max_epochs': 64, 'module__n_features': 73, 'module__n_neurons': 32, 'module__nonlin': Tanh()}
2024-06-04 21:42:44,342 0.998374 (0.001299) with: {'batch_size': 64, 'lr': 0.02, 'max_epochs': 64, 'module__n_features': 73, 'module__n_neurons': 32, 'module__nonlin': ReLU()}
2024-06-04 21:42:44,342 0.998970 (0.001350) with: {'batch_size': 64, 'lr': 0.02, 'max_epochs': 64, 'module__n_features': 73, 'module__n_neurons': 64, 'module__nonlin': Tanh()}
2024-06-04 21:42:44,342 0.998855 (0.001096) with: {'batch_size': 64, 'lr': 0.02, 'max_epochs': 64, 'module__n_features': 73, 'module__n_neurons': 64, 'module__nonlin': ReLU()}
2024-06-04 21:42:44,342 0.998851 (0.001372) with: {'batch_size': 64, 'lr': 0.02, 'max_epochs': 64, 'module__n_features': 73, 'module__n_neurons': 128, 'module__nonlin': Tanh()}
2024-06-04 21:42:44,342 0.998977 (0.001191) with: {'batch_size': 64, 'lr': 0.02, 'max_epochs': 64, 'module__n_features': 73, 'module__n_neurons': 128, 'module__nonlin': ReLU()}
2024-06-04 21:42:44,342 0.998933 (0.001441) with: {'batch_size': 64, 'lr': 0.02, 'max_epochs': 64, 'module__n_features': 73, 'module__n_neurons': 256, 'module__nonlin': Tanh()}
2024-06-04 21:42:44,342 0.998940 (0.001042) with: {'batch_size': 64, 'lr': 0.02, 'max_epochs': 64, 'module__n_features': 73, 'module__n_neurons': 256, 'module__nonlin': ReLU()}
2024-06-04 21:42:44,342 0.998927 (0.001292) with: {'batch_size': 64, 'lr': 0.02, 'max_epochs': 128, 'module__n_features': 73, 'module__n_neurons': 16, 'module__nonlin': Tanh()}
2024-06-04 21:42:44,342 0.998291 (0.001296) with: {'batch_size': 64, 'lr': 0.02, 'max_epochs': 128, 'module__n_features': 73, 'module__n_neurons': 16, 'module__nonlin': ReLU()}
2024-06-04 21:42:44,342 0.998921 (0.001493) with: {'batch_size': 64, 'lr': 0.02, 'max_epochs': 128, 'module__n_features': 73, 'module__n_neurons': 32, 'module__nonlin': Tanh()}
2024-06-04 21:42:44,342 0.998820 (0.001543) with: {'batch_size': 64, 'lr': 0.02, 'max_epochs': 128, 'module__n_features': 73, 'module__n_neurons': 32, 'module__nonlin': ReLU()}
2024-06-04 21:42:44,342 0.998964 (0.001480) with: {'batch_size': 64, 'lr': 0.02, 'max_epochs': 128, 'module__n_features': 73, 'module__n_neurons': 64, 'module__nonlin': Tanh()}
2024-06-04 21:42:44,342 0.998882 (0.001187) with: {'batch_size': 64, 'lr': 0.02, 'max_epochs': 128, 'module__n_features': 73, 'module__n_neurons': 64, 'module__nonlin': ReLU()}
2024-06-04 21:42:44,342 0.999013 (0.001458) with: {'batch_size': 64, 'lr': 0.02, 'max_epochs': 128, 'module__n_features': 73, 'module__n_neurons': 128, 'module__nonlin': Tanh()}
2024-06-04 21:42:44,342 0.998551 (0.001660) with: {'batch_size': 64, 'lr': 0.02, 'max_epochs': 128, 'module__n_features': 73, 'module__n_neurons': 128, 'module__nonlin': ReLU()}
2024-06-04 21:42:44,342 0.998918 (0.001614) with: {'batch_size': 64, 'lr': 0.02, 'max_epochs': 128, 'module__n_features': 73, 'module__n_neurons': 256, 'module__nonlin': Tanh()}
2024-06-04 21:42:44,342 0.998606 (0.001409) with: {'batch_size': 64, 'lr': 0.02, 'max_epochs': 128, 'module__n_features': 73, 'module__n_neurons': 256, 'module__nonlin': ReLU()}
2024-06-04 21:42:44,342 0.946059 (0.009959) with: {'batch_size': 128, 'lr': 0.001, 'max_epochs': 16, 'module__n_features': 73, 'module__n_neurons': 16, 'module__nonlin': Tanh()}
2024-06-04 21:42:44,342 0.933368 (0.010367) with: {'batch_size': 128, 'lr': 0.001, 'max_epochs': 16, 'module__n_features': 73, 'module__n_neurons': 16, 'module__nonlin': ReLU()}
2024-06-04 21:42:44,342 0.962353 (0.008114) with: {'batch_size': 128, 'lr': 0.001, 'max_epochs': 16, 'module__n_features': 73, 'module__n_neurons': 32, 'module__nonlin': Tanh()}
2024-06-04 21:42:44,342 0.951935 (0.011247) with: {'batch_size': 128, 'lr': 0.001, 'max_epochs': 16, 'module__n_features': 73, 'module__n_neurons': 32, 'module__nonlin': ReLU()}
2024-06-04 21:42:44,342 0.972620 (0.007249) with: {'batch_size': 128, 'lr': 0.001, 'max_epochs': 16, 'module__n_features': 73, 'module__n_neurons': 64, 'module__nonlin': Tanh()}
2024-06-04 21:42:44,342 0.971035 (0.006608) with: {'batch_size': 128, 'lr': 0.001, 'max_epochs': 16, 'module__n_features': 73, 'module__n_neurons': 64, 'module__nonlin': ReLU()}
2024-06-04 21:42:44,342 0.978752 (0.006338) with: {'batch_size': 128, 'lr': 0.001, 'max_epochs': 16, 'module__n_features': 73, 'module__n_neurons': 128, 'module__nonlin': Tanh()}
2024-06-04 21:42:44,342 0.978310 (0.006450) with: {'batch_size': 128, 'lr': 0.001, 'max_epochs': 16, 'module__n_features': 73, 'module__n_neurons': 128, 'module__nonlin': ReLU()}
2024-06-04 21:42:44,342 0.984247 (0.004375) with: {'batch_size': 128, 'lr': 0.001, 'max_epochs': 16, 'module__n_features': 73, 'module__n_neurons': 256, 'module__nonlin': Tanh()}
2024-06-04 21:42:44,342 0.984229 (0.004969) with: {'batch_size': 128, 'lr': 0.001, 'max_epochs': 16, 'module__n_features': 73, 'module__n_neurons': 256, 'module__nonlin': ReLU()}
2024-06-04 21:42:44,342 0.975419 (0.007600) with: {'batch_size': 128, 'lr': 0.001, 'max_epochs': 32, 'module__n_features': 73, 'module__n_neurons': 16, 'module__nonlin': Tanh()}
2024-06-04 21:42:44,342 0.971222 (0.010098) with: {'batch_size': 128, 'lr': 0.001, 'max_epochs': 32, 'module__n_features': 73, 'module__n_neurons': 16, 'module__nonlin': ReLU()}
2024-06-04 21:42:44,342 0.983646 (0.004825) with: {'batch_size': 128, 'lr': 0.001, 'max_epochs': 32, 'module__n_features': 73, 'module__n_neurons': 32, 'module__nonlin': Tanh()}
2024-06-04 21:42:44,342 0.980068 (0.006569) with: {'batch_size': 128, 'lr': 0.001, 'max_epochs': 32, 'module__n_features': 73, 'module__n_neurons': 32, 'module__nonlin': ReLU()}
2024-06-04 21:42:44,342 0.987379 (0.004126) with: {'batch_size': 128, 'lr': 0.001, 'max_epochs': 32, 'module__n_features': 73, 'module__n_neurons': 64, 'module__nonlin': Tanh()}
2024-06-04 21:42:44,342 0.985461 (0.005220) with: {'batch_size': 128, 'lr': 0.001, 'max_epochs': 32, 'module__n_features': 73, 'module__n_neurons': 64, 'module__nonlin': ReLU()}
2024-06-04 21:42:44,342 0.990398 (0.003337) with: {'batch_size': 128, 'lr': 0.001, 'max_epochs': 32, 'module__n_features': 73, 'module__n_neurons': 128, 'module__nonlin': Tanh()}
2024-06-04 21:42:44,342 0.990145 (0.003583) with: {'batch_size': 128, 'lr': 0.001, 'max_epochs': 32, 'module__n_features': 73, 'module__n_neurons': 128, 'module__nonlin': ReLU()}
2024-06-04 21:42:44,342 0.991998 (0.002693) with: {'batch_size': 128, 'lr': 0.001, 'max_epochs': 32, 'module__n_features': 73, 'module__n_neurons': 256, 'module__nonlin': Tanh()}
2024-06-04 21:42:44,342 0.993018 (0.002854) with: {'batch_size': 128, 'lr': 0.001, 'max_epochs': 32, 'module__n_features': 73, 'module__n_neurons': 256, 'module__nonlin': ReLU()}
2024-06-04 21:42:44,342 0.990273 (0.003630) with: {'batch_size': 128, 'lr': 0.001, 'max_epochs': 64, 'module__n_features': 73, 'module__n_neurons': 16, 'module__nonlin': Tanh()}
2024-06-04 21:42:44,342 0.987160 (0.004137) with: {'batch_size': 128, 'lr': 0.001, 'max_epochs': 64, 'module__n_features': 73, 'module__n_neurons': 16, 'module__nonlin': ReLU()}
2024-06-04 21:42:44,343 0.992096 (0.002781) with: {'batch_size': 128, 'lr': 0.001, 'max_epochs': 64, 'module__n_features': 73, 'module__n_neurons': 32, 'module__nonlin': Tanh()}
2024-06-04 21:42:44,343 0.990986 (0.002940) with: {'batch_size': 128, 'lr': 0.001, 'max_epochs': 64, 'module__n_features': 73, 'module__n_neurons': 32, 'module__nonlin': ReLU()}
2024-06-04 21:42:44,343 0.993322 (0.002313) with: {'batch_size': 128, 'lr': 0.001, 'max_epochs': 64, 'module__n_features': 73, 'module__n_neurons': 64, 'module__nonlin': Tanh()}
2024-06-04 21:42:44,343 0.993200 (0.002737) with: {'batch_size': 128, 'lr': 0.001, 'max_epochs': 64, 'module__n_features': 73, 'module__n_neurons': 64, 'module__nonlin': ReLU()}
2024-06-04 21:42:44,343 0.994084 (0.001896) with: {'batch_size': 128, 'lr': 0.001, 'max_epochs': 64, 'module__n_features': 73, 'module__n_neurons': 128, 'module__nonlin': Tanh()}
2024-06-04 21:42:44,343 0.995003 (0.001845) with: {'batch_size': 128, 'lr': 0.001, 'max_epochs': 64, 'module__n_features': 73, 'module__n_neurons': 128, 'module__nonlin': ReLU()}
2024-06-04 21:42:44,343 0.994626 (0.001613) with: {'batch_size': 128, 'lr': 0.001, 'max_epochs': 64, 'module__n_features': 73, 'module__n_neurons': 256, 'module__nonlin': Tanh()}
2024-06-04 21:42:44,343 0.996842 (0.001479) with: {'batch_size': 128, 'lr': 0.001, 'max_epochs': 64, 'module__n_features': 73, 'module__n_neurons': 256, 'module__nonlin': ReLU()}
2024-06-04 21:42:44,343 0.994357 (0.001750) with: {'batch_size': 128, 'lr': 0.001, 'max_epochs': 128, 'module__n_features': 73, 'module__n_neurons': 16, 'module__nonlin': Tanh()}
2024-06-04 21:42:44,343 0.993897 (0.001885) with: {'batch_size': 128, 'lr': 0.001, 'max_epochs': 128, 'module__n_features': 73, 'module__n_neurons': 16, 'module__nonlin': ReLU()}
2024-06-04 21:42:44,343 0.995058 (0.001376) with: {'batch_size': 128, 'lr': 0.001, 'max_epochs': 128, 'module__n_features': 73, 'module__n_neurons': 32, 'module__nonlin': Tanh()}
2024-06-04 21:42:44,343 0.995059 (0.002228) with: {'batch_size': 128, 'lr': 0.001, 'max_epochs': 128, 'module__n_features': 73, 'module__n_neurons': 32, 'module__nonlin': ReLU()}
2024-06-04 21:42:44,343 0.995821 (0.001438) with: {'batch_size': 128, 'lr': 0.001, 'max_epochs': 128, 'module__n_features': 73, 'module__n_neurons': 64, 'module__nonlin': Tanh()}
2024-06-04 21:42:44,343 0.997002 (0.001628) with: {'batch_size': 128, 'lr': 0.001, 'max_epochs': 128, 'module__n_features': 73, 'module__n_neurons': 64, 'module__nonlin': ReLU()}
2024-06-04 21:42:44,343 0.996097 (0.001329) with: {'batch_size': 128, 'lr': 0.001, 'max_epochs': 128, 'module__n_features': 73, 'module__n_neurons': 128, 'module__nonlin': Tanh()}
2024-06-04 21:42:44,343 0.997896 (0.001267) with: {'batch_size': 128, 'lr': 0.001, 'max_epochs': 128, 'module__n_features': 73, 'module__n_neurons': 128, 'module__nonlin': ReLU()}
2024-06-04 21:42:44,343 0.996670 (0.001357) with: {'batch_size': 128, 'lr': 0.001, 'max_epochs': 128, 'module__n_features': 73, 'module__n_neurons': 256, 'module__nonlin': Tanh()}
2024-06-04 21:42:44,343 0.998692 (0.001161) with: {'batch_size': 128, 'lr': 0.001, 'max_epochs': 128, 'module__n_features': 73, 'module__n_neurons': 256, 'module__nonlin': ReLU()}
2024-06-04 21:42:44,343 0.993722 (0.002003) with: {'batch_size': 128, 'lr': 0.01, 'max_epochs': 16, 'module__n_features': 73, 'module__n_neurons': 16, 'module__nonlin': Tanh()}
2024-06-04 21:42:44,343 0.991971 (0.003244) with: {'batch_size': 128, 'lr': 0.01, 'max_epochs': 16, 'module__n_features': 73, 'module__n_neurons': 16, 'module__nonlin': ReLU()}
2024-06-04 21:42:44,343 0.994458 (0.001921) with: {'batch_size': 128, 'lr': 0.01, 'max_epochs': 16, 'module__n_features': 73, 'module__n_neurons': 32, 'module__nonlin': Tanh()}
2024-06-04 21:42:44,343 0.993279 (0.002602) with: {'batch_size': 128, 'lr': 0.01, 'max_epochs': 16, 'module__n_features': 73, 'module__n_neurons': 32, 'module__nonlin': ReLU()}
2024-06-04 21:42:44,343 0.994789 (0.001765) with: {'batch_size': 128, 'lr': 0.01, 'max_epochs': 16, 'module__n_features': 73, 'module__n_neurons': 64, 'module__nonlin': Tanh()}
2024-06-04 21:42:44,343 0.995298 (0.001864) with: {'batch_size': 128, 'lr': 0.01, 'max_epochs': 16, 'module__n_features': 73, 'module__n_neurons': 64, 'module__nonlin': ReLU()}
2024-06-04 21:42:44,343 0.995068 (0.001705) with: {'batch_size': 128, 'lr': 0.01, 'max_epochs': 16, 'module__n_features': 73, 'module__n_neurons': 128, 'module__nonlin': Tanh()}
2024-06-04 21:42:44,343 0.996048 (0.001421) with: {'batch_size': 128, 'lr': 0.01, 'max_epochs': 16, 'module__n_features': 73, 'module__n_neurons': 128, 'module__nonlin': ReLU()}
2024-06-04 21:42:44,343 0.995056 (0.002003) with: {'batch_size': 128, 'lr': 0.01, 'max_epochs': 16, 'module__n_features': 73, 'module__n_neurons': 256, 'module__nonlin': Tanh()}
2024-06-04 21:42:44,343 0.997378 (0.001179) with: {'batch_size': 128, 'lr': 0.01, 'max_epochs': 16, 'module__n_features': 73, 'module__n_neurons': 256, 'module__nonlin': ReLU()}
2024-06-04 21:42:44,343 0.995751 (0.001726) with: {'batch_size': 128, 'lr': 0.01, 'max_epochs': 32, 'module__n_features': 73, 'module__n_neurons': 16, 'module__nonlin': Tanh()}
2024-06-04 21:42:44,343 0.994483 (0.002136) with: {'batch_size': 128, 'lr': 0.01, 'max_epochs': 32, 'module__n_features': 73, 'module__n_neurons': 16, 'module__nonlin': ReLU()}
2024-06-04 21:42:44,343 0.996428 (0.001570) with: {'batch_size': 128, 'lr': 0.01, 'max_epochs': 32, 'module__n_features': 73, 'module__n_neurons': 32, 'module__nonlin': Tanh()}
2024-06-04 21:42:44,343 0.995706 (0.002387) with: {'batch_size': 128, 'lr': 0.01, 'max_epochs': 32, 'module__n_features': 73, 'module__n_neurons': 32, 'module__nonlin': ReLU()}
2024-06-04 21:42:44,343 0.996747 (0.001443) with: {'batch_size': 128, 'lr': 0.01, 'max_epochs': 32, 'module__n_features': 73, 'module__n_neurons': 64, 'module__nonlin': Tanh()}
2024-06-04 21:42:44,343 0.997188 (0.002030) with: {'batch_size': 128, 'lr': 0.01, 'max_epochs': 32, 'module__n_features': 73, 'module__n_neurons': 64, 'module__nonlin': ReLU()}
2024-06-04 21:42:44,343 0.997071 (0.000966) with: {'batch_size': 128, 'lr': 0.01, 'max_epochs': 32, 'module__n_features': 73, 'module__n_neurons': 128, 'module__nonlin': Tanh()}
2024-06-04 21:42:44,343 0.998303 (0.001412) with: {'batch_size': 128, 'lr': 0.01, 'max_epochs': 32, 'module__n_features': 73, 'module__n_neurons': 128, 'module__nonlin': ReLU()}
2024-06-04 21:42:44,343 0.997047 (0.001234) with: {'batch_size': 128, 'lr': 0.01, 'max_epochs': 32, 'module__n_features': 73, 'module__n_neurons': 256, 'module__nonlin': Tanh()}
2024-06-04 21:42:44,343 0.998582 (0.001443) with: {'batch_size': 128, 'lr': 0.01, 'max_epochs': 32, 'module__n_features': 73, 'module__n_neurons': 256, 'module__nonlin': ReLU()}
2024-06-04 21:42:44,343 0.998260 (0.001166) with: {'batch_size': 128, 'lr': 0.01, 'max_epochs': 64, 'module__n_features': 73, 'module__n_neurons': 16, 'module__nonlin': Tanh()}
2024-06-04 21:42:44,343 0.995832 (0.002346) with: {'batch_size': 128, 'lr': 0.01, 'max_epochs': 64, 'module__n_features': 73, 'module__n_neurons': 16, 'module__nonlin': ReLU()}
2024-06-04 21:42:44,343 0.998462 (0.001374) with: {'batch_size': 128, 'lr': 0.01, 'max_epochs': 64, 'module__n_features': 73, 'module__n_neurons': 32, 'module__nonlin': Tanh()}
2024-06-04 21:42:44,343 0.997712 (0.001672) with: {'batch_size': 128, 'lr': 0.01, 'max_epochs': 64, 'module__n_features': 73, 'module__n_neurons': 32, 'module__nonlin': ReLU()}
2024-06-04 21:42:44,343 0.998616 (0.001324) with: {'batch_size': 128, 'lr': 0.01, 'max_epochs': 64, 'module__n_features': 73, 'module__n_neurons': 64, 'module__nonlin': Tanh()}
2024-06-04 21:42:44,343 0.998441 (0.001452) with: {'batch_size': 128, 'lr': 0.01, 'max_epochs': 64, 'module__n_features': 73, 'module__n_neurons': 64, 'module__nonlin': ReLU()}
2024-06-04 21:42:44,343 0.998667 (0.001367) with: {'batch_size': 128, 'lr': 0.01, 'max_epochs': 64, 'module__n_features': 73, 'module__n_neurons': 128, 'module__nonlin': Tanh()}
2024-06-04 21:42:44,343 0.998708 (0.001429) with: {'batch_size': 128, 'lr': 0.01, 'max_epochs': 64, 'module__n_features': 73, 'module__n_neurons': 128, 'module__nonlin': ReLU()}
2024-06-04 21:42:44,343 0.998628 (0.001391) with: {'batch_size': 128, 'lr': 0.01, 'max_epochs': 64, 'module__n_features': 73, 'module__n_neurons': 256, 'module__nonlin': Tanh()}
2024-06-04 21:42:44,343 0.999007 (0.001108) with: {'batch_size': 128, 'lr': 0.01, 'max_epochs': 64, 'module__n_features': 73, 'module__n_neurons': 256, 'module__nonlin': ReLU()}
2024-06-04 21:42:44,344 0.998728 (0.001291) with: {'batch_size': 128, 'lr': 0.01, 'max_epochs': 128, 'module__n_features': 73, 'module__n_neurons': 16, 'module__nonlin': Tanh()}
2024-06-04 21:42:44,344 0.996089 (0.002847) with: {'batch_size': 128, 'lr': 0.01, 'max_epochs': 128, 'module__n_features': 73, 'module__n_neurons': 16, 'module__nonlin': ReLU()}
2024-06-04 21:42:44,344 0.998762 (0.001259) with: {'batch_size': 128, 'lr': 0.01, 'max_epochs': 128, 'module__n_features': 73, 'module__n_neurons': 32, 'module__nonlin': Tanh()}
2024-06-04 21:42:44,344 0.998701 (0.001193) with: {'batch_size': 128, 'lr': 0.01, 'max_epochs': 128, 'module__n_features': 73, 'module__n_neurons': 32, 'module__nonlin': ReLU()}
2024-06-04 21:42:44,344 0.998878 (0.001499) with: {'batch_size': 128, 'lr': 0.01, 'max_epochs': 128, 'module__n_features': 73, 'module__n_neurons': 64, 'module__nonlin': Tanh()}
2024-06-04 21:42:44,344 0.999001 (0.001117) with: {'batch_size': 128, 'lr': 0.01, 'max_epochs': 128, 'module__n_features': 73, 'module__n_neurons': 64, 'module__nonlin': ReLU()}
2024-06-04 21:42:44,344 0.998940 (0.001183) with: {'batch_size': 128, 'lr': 0.01, 'max_epochs': 128, 'module__n_features': 73, 'module__n_neurons': 128, 'module__nonlin': Tanh()}
2024-06-04 21:42:44,344 0.998821 (0.001394) with: {'batch_size': 128, 'lr': 0.01, 'max_epochs': 128, 'module__n_features': 73, 'module__n_neurons': 128, 'module__nonlin': ReLU()}
2024-06-04 21:42:44,344 0.998900 (0.001401) with: {'batch_size': 128, 'lr': 0.01, 'max_epochs': 128, 'module__n_features': 73, 'module__n_neurons': 256, 'module__nonlin': Tanh()}
2024-06-04 21:42:44,344 0.998790 (0.001479) with: {'batch_size': 128, 'lr': 0.01, 'max_epochs': 128, 'module__n_features': 73, 'module__n_neurons': 256, 'module__nonlin': ReLU()}
2024-06-04 21:42:44,344 0.995476 (0.001931) with: {'batch_size': 128, 'lr': 0.02, 'max_epochs': 16, 'module__n_features': 73, 'module__n_neurons': 16, 'module__nonlin': Tanh()}
2024-06-04 21:42:44,344 0.994391 (0.002078) with: {'batch_size': 128, 'lr': 0.02, 'max_epochs': 16, 'module__n_features': 73, 'module__n_neurons': 16, 'module__nonlin': ReLU()}
2024-06-04 21:42:44,344 0.995677 (0.001595) with: {'batch_size': 128, 'lr': 0.02, 'max_epochs': 16, 'module__n_features': 73, 'module__n_neurons': 32, 'module__nonlin': Tanh()}
2024-06-04 21:42:44,344 0.995255 (0.002322) with: {'batch_size': 128, 'lr': 0.02, 'max_epochs': 16, 'module__n_features': 73, 'module__n_neurons': 32, 'module__nonlin': ReLU()}
2024-06-04 21:42:44,344 0.995598 (0.001779) with: {'batch_size': 128, 'lr': 0.02, 'max_epochs': 16, 'module__n_features': 73, 'module__n_neurons': 64, 'module__nonlin': Tanh()}
2024-06-04 21:42:44,344 0.995687 (0.002167) with: {'batch_size': 128, 'lr': 0.02, 'max_epochs': 16, 'module__n_features': 73, 'module__n_neurons': 64, 'module__nonlin': ReLU()}
2024-06-04 21:42:44,344 0.995485 (0.001811) with: {'batch_size': 128, 'lr': 0.02, 'max_epochs': 16, 'module__n_features': 73, 'module__n_neurons': 128, 'module__nonlin': Tanh()}
2024-06-04 21:42:44,344 0.996418 (0.001051) with: {'batch_size': 128, 'lr': 0.02, 'max_epochs': 16, 'module__n_features': 73, 'module__n_neurons': 128, 'module__nonlin': ReLU()}
2024-06-04 21:42:44,344 0.995929 (0.001382) with: {'batch_size': 128, 'lr': 0.02, 'max_epochs': 16, 'module__n_features': 73, 'module__n_neurons': 256, 'module__nonlin': Tanh()}
2024-06-04 21:42:44,344 0.997010 (0.001308) with: {'batch_size': 128, 'lr': 0.02, 'max_epochs': 16, 'module__n_features': 73, 'module__n_neurons': 256, 'module__nonlin': ReLU()}
2024-06-04 21:42:44,344 0.997629 (0.001330) with: {'batch_size': 128, 'lr': 0.02, 'max_epochs': 32, 'module__n_features': 73, 'module__n_neurons': 16, 'module__nonlin': Tanh()}
2024-06-04 21:42:44,344 0.995479 (0.002525) with: {'batch_size': 128, 'lr': 0.02, 'max_epochs': 32, 'module__n_features': 73, 'module__n_neurons': 16, 'module__nonlin': ReLU()}
2024-06-04 21:42:44,344 0.997944 (0.001225) with: {'batch_size': 128, 'lr': 0.02, 'max_epochs': 32, 'module__n_features': 73, 'module__n_neurons': 32, 'module__nonlin': Tanh()}
2024-06-04 21:42:44,344 0.996522 (0.000978) with: {'batch_size': 128, 'lr': 0.02, 'max_epochs': 32, 'module__n_features': 73, 'module__n_neurons': 32, 'module__nonlin': ReLU()}
2024-06-04 21:42:44,344 0.998334 (0.001455) with: {'batch_size': 128, 'lr': 0.02, 'max_epochs': 32, 'module__n_features': 73, 'module__n_neurons': 64, 'module__nonlin': Tanh()}
2024-06-04 21:42:44,344 0.997914 (0.001249) with: {'batch_size': 128, 'lr': 0.02, 'max_epochs': 32, 'module__n_features': 73, 'module__n_neurons': 64, 'module__nonlin': ReLU()}
2024-06-04 21:42:44,344 0.998113 (0.001350) with: {'batch_size': 128, 'lr': 0.02, 'max_epochs': 32, 'module__n_features': 73, 'module__n_neurons': 128, 'module__nonlin': Tanh()}
2024-06-04 21:42:44,344 0.997822 (0.001257) with: {'batch_size': 128, 'lr': 0.02, 'max_epochs': 32, 'module__n_features': 73, 'module__n_neurons': 128, 'module__nonlin': ReLU()}
2024-06-04 21:42:44,344 0.997899 (0.001307) with: {'batch_size': 128, 'lr': 0.02, 'max_epochs': 32, 'module__n_features': 73, 'module__n_neurons': 256, 'module__nonlin': Tanh()}
2024-06-04 21:42:44,344 0.998765 (0.001256) with: {'batch_size': 128, 'lr': 0.02, 'max_epochs': 32, 'module__n_features': 73, 'module__n_neurons': 256, 'module__nonlin': ReLU()}
2024-06-04 21:42:44,344 0.998637 (0.001238) with: {'batch_size': 128, 'lr': 0.02, 'max_epochs': 64, 'module__n_features': 73, 'module__n_neurons': 16, 'module__nonlin': Tanh()}
2024-06-04 21:42:44,344 0.996559 (0.002537) with: {'batch_size': 128, 'lr': 0.02, 'max_epochs': 64, 'module__n_features': 73, 'module__n_neurons': 16, 'module__nonlin': ReLU()}
2024-06-04 21:42:44,344 0.998624 (0.001495) with: {'batch_size': 128, 'lr': 0.02, 'max_epochs': 64, 'module__n_features': 73, 'module__n_neurons': 32, 'module__nonlin': Tanh()}
2024-06-04 21:42:44,344 0.996942 (0.002993) with: {'batch_size': 128, 'lr': 0.02, 'max_epochs': 64, 'module__n_features': 73, 'module__n_neurons': 32, 'module__nonlin': ReLU()}
2024-06-04 21:42:44,344 0.998588 (0.001659) with: {'batch_size': 128, 'lr': 0.02, 'max_epochs': 64, 'module__n_features': 73, 'module__n_neurons': 64, 'module__nonlin': Tanh()}
2024-06-04 21:42:44,344 0.998333 (0.001538) with: {'batch_size': 128, 'lr': 0.02, 'max_epochs': 64, 'module__n_features': 73, 'module__n_neurons': 64, 'module__nonlin': ReLU()}
2024-06-04 21:42:44,344 0.998701 (0.001501) with: {'batch_size': 128, 'lr': 0.02, 'max_epochs': 64, 'module__n_features': 73, 'module__n_neurons': 128, 'module__nonlin': Tanh()}
2024-06-04 21:42:44,344 0.998322 (0.001843) with: {'batch_size': 128, 'lr': 0.02, 'max_epochs': 64, 'module__n_features': 73, 'module__n_neurons': 128, 'module__nonlin': ReLU()}
2024-06-04 21:42:44,344 0.998707 (0.001432) with: {'batch_size': 128, 'lr': 0.02, 'max_epochs': 64, 'module__n_features': 73, 'module__n_neurons': 256, 'module__nonlin': Tanh()}
2024-06-04 21:42:44,344 0.998714 (0.001471) with: {'batch_size': 128, 'lr': 0.02, 'max_epochs': 64, 'module__n_features': 73, 'module__n_neurons': 256, 'module__nonlin': ReLU()}
2024-06-04 21:42:44,344 0.998416 (0.001822) with: {'batch_size': 128, 'lr': 0.02, 'max_epochs': 128, 'module__n_features': 73, 'module__n_neurons': 16, 'module__nonlin': Tanh()}
2024-06-04 21:42:44,344 0.996851 (0.003775) with: {'batch_size': 128, 'lr': 0.02, 'max_epochs': 128, 'module__n_features': 73, 'module__n_neurons': 16, 'module__nonlin': ReLU()}
2024-06-04 21:42:44,344 0.998765 (0.001480) with: {'batch_size': 128, 'lr': 0.02, 'max_epochs': 128, 'module__n_features': 73, 'module__n_neurons': 32, 'module__nonlin': Tanh()}
2024-06-04 21:42:44,344 0.998524 (0.001168) with: {'batch_size': 128, 'lr': 0.02, 'max_epochs': 128, 'module__n_features': 73, 'module__n_neurons': 32, 'module__nonlin': ReLU()}
2024-06-04 21:42:44,344 0.998783 (0.001499) with: {'batch_size': 128, 'lr': 0.02, 'max_epochs': 128, 'module__n_features': 73, 'module__n_neurons': 64, 'module__nonlin': Tanh()}
2024-06-04 21:42:44,344 0.998631 (0.001505) with: {'batch_size': 128, 'lr': 0.02, 'max_epochs': 128, 'module__n_features': 73, 'module__n_neurons': 64, 'module__nonlin': ReLU()}
2024-06-04 21:42:44,344 0.998814 (0.001444) with: {'batch_size': 128, 'lr': 0.02, 'max_epochs': 128, 'module__n_features': 73, 'module__n_neurons': 128, 'module__nonlin': Tanh()}
2024-06-04 21:42:44,344 0.999005 (0.001134) with: {'batch_size': 128, 'lr': 0.02, 'max_epochs': 128, 'module__n_features': 73, 'module__n_neurons': 128, 'module__nonlin': ReLU()}
2024-06-04 21:42:44,344 0.998906 (0.001298) with: {'batch_size': 128, 'lr': 0.02, 'max_epochs': 128, 'module__n_features': 73, 'module__n_neurons': 256, 'module__nonlin': Tanh()}
2024-06-04 21:42:44,345 0.998439 (0.001861) with: {'batch_size': 128, 'lr': 0.02, 'max_epochs': 128, 'module__n_features': 73, 'module__n_neurons': 256, 'module__nonlin': ReLU()}
