2024-07-16 01:15:38,351 Best: 0.999090 using {'batch_size': 32, 'lr': 0.001, 'max_epochs': 128, 'module__n_features': 73, 'module__n_neurons': 256, 'module__nonlin': ReLU()}
2024-07-16 01:15:38,351 Best estimator configuration: 
 <class 'skorch.classifier.NeuralNetClassifier'>[initialized](
  module_=Module3Layers(
    (act): ReLU()
    (dense0): Linear(in_features=73, out_features=256, bias=True)
    (dense1): Linear(in_features=256, out_features=256, bias=True)
    (dense2): Linear(in_features=256, out_features=256, bias=True)
    (output): Linear(in_features=256, out_features=1, bias=True)
    (sigmoid): Sigmoid()
  ),
)
2024-07-16 01:15:38,351 0.994515 (0.001366) with: {'batch_size': 16, 'lr': 0.001, 'max_epochs': 16, 'module__n_features': 73, 'module__n_neurons': 16, 'module__nonlin': Tanh()}
2024-07-16 01:15:38,351 0.994201 (0.002242) with: {'batch_size': 16, 'lr': 0.001, 'max_epochs': 16, 'module__n_features': 73, 'module__n_neurons': 16, 'module__nonlin': ReLU()}
2024-07-16 01:15:38,351 0.994978 (0.001386) with: {'batch_size': 16, 'lr': 0.001, 'max_epochs': 16, 'module__n_features': 73, 'module__n_neurons': 32, 'module__nonlin': Tanh()}
2024-07-16 01:15:38,351 0.995194 (0.001981) with: {'batch_size': 16, 'lr': 0.001, 'max_epochs': 16, 'module__n_features': 73, 'module__n_neurons': 32, 'module__nonlin': ReLU()}
2024-07-16 01:15:38,351 0.995411 (0.001744) with: {'batch_size': 16, 'lr': 0.001, 'max_epochs': 16, 'module__n_features': 73, 'module__n_neurons': 64, 'module__nonlin': Tanh()}
2024-07-16 01:15:38,352 0.997938 (0.001285) with: {'batch_size': 16, 'lr': 0.001, 'max_epochs': 16, 'module__n_features': 73, 'module__n_neurons': 64, 'module__nonlin': ReLU()}
2024-07-16 01:15:38,352 0.995197 (0.002179) with: {'batch_size': 16, 'lr': 0.001, 'max_epochs': 16, 'module__n_features': 73, 'module__n_neurons': 128, 'module__nonlin': Tanh()}
2024-07-16 01:15:38,352 0.998380 (0.001493) with: {'batch_size': 16, 'lr': 0.001, 'max_epochs': 16, 'module__n_features': 73, 'module__n_neurons': 128, 'module__nonlin': ReLU()}
2024-07-16 01:15:38,352 0.995142 (0.001950) with: {'batch_size': 16, 'lr': 0.001, 'max_epochs': 16, 'module__n_features': 73, 'module__n_neurons': 256, 'module__nonlin': Tanh()}
2024-07-16 01:15:38,352 0.998857 (0.001240) with: {'batch_size': 16, 'lr': 0.001, 'max_epochs': 16, 'module__n_features': 73, 'module__n_neurons': 256, 'module__nonlin': ReLU()}
2024-07-16 01:15:38,352 0.995711 (0.001574) with: {'batch_size': 16, 'lr': 0.001, 'max_epochs': 32, 'module__n_features': 73, 'module__n_neurons': 16, 'module__nonlin': Tanh()}
2024-07-16 01:15:38,352 0.996139 (0.000929) with: {'batch_size': 16, 'lr': 0.001, 'max_epochs': 32, 'module__n_features': 73, 'module__n_neurons': 16, 'module__nonlin': ReLU()}
2024-07-16 01:15:38,352 0.995767 (0.001886) with: {'batch_size': 16, 'lr': 0.001, 'max_epochs': 32, 'module__n_features': 73, 'module__n_neurons': 32, 'module__nonlin': Tanh()}
2024-07-16 01:15:38,352 0.997391 (0.001950) with: {'batch_size': 16, 'lr': 0.001, 'max_epochs': 32, 'module__n_features': 73, 'module__n_neurons': 32, 'module__nonlin': ReLU()}
2024-07-16 01:15:38,352 0.996285 (0.001861) with: {'batch_size': 16, 'lr': 0.001, 'max_epochs': 32, 'module__n_features': 73, 'module__n_neurons': 64, 'module__nonlin': Tanh()}
2024-07-16 01:15:38,352 0.998811 (0.001128) with: {'batch_size': 16, 'lr': 0.001, 'max_epochs': 32, 'module__n_features': 73, 'module__n_neurons': 64, 'module__nonlin': ReLU()}
2024-07-16 01:15:38,352 0.996774 (0.001332) with: {'batch_size': 16, 'lr': 0.001, 'max_epochs': 32, 'module__n_features': 73, 'module__n_neurons': 128, 'module__nonlin': Tanh()}
2024-07-16 01:15:38,352 0.998508 (0.001101) with: {'batch_size': 16, 'lr': 0.001, 'max_epochs': 32, 'module__n_features': 73, 'module__n_neurons': 128, 'module__nonlin': ReLU()}
2024-07-16 01:15:38,352 0.998008 (0.001203) with: {'batch_size': 16, 'lr': 0.001, 'max_epochs': 32, 'module__n_features': 73, 'module__n_neurons': 256, 'module__nonlin': Tanh()}
2024-07-16 01:15:38,356 0.998744 (0.001291) with: {'batch_size': 16, 'lr': 0.001, 'max_epochs': 32, 'module__n_features': 73, 'module__n_neurons': 256, 'module__nonlin': ReLU()}
2024-07-16 01:15:38,356 0.997078 (0.001426) with: {'batch_size': 16, 'lr': 0.001, 'max_epochs': 64, 'module__n_features': 73, 'module__n_neurons': 16, 'module__nonlin': Tanh()}
2024-07-16 01:15:38,356 0.997705 (0.001007) with: {'batch_size': 16, 'lr': 0.001, 'max_epochs': 64, 'module__n_features': 73, 'module__n_neurons': 16, 'module__nonlin': ReLU()}
2024-07-16 01:15:38,356 0.997650 (0.001219) with: {'batch_size': 16, 'lr': 0.001, 'max_epochs': 64, 'module__n_features': 73, 'module__n_neurons': 32, 'module__nonlin': Tanh()}
2024-07-16 01:15:38,356 0.998217 (0.001312) with: {'batch_size': 16, 'lr': 0.001, 'max_epochs': 64, 'module__n_features': 73, 'module__n_neurons': 32, 'module__nonlin': ReLU()}
2024-07-16 01:15:38,356 0.997737 (0.001440) with: {'batch_size': 16, 'lr': 0.001, 'max_epochs': 64, 'module__n_features': 73, 'module__n_neurons': 64, 'module__nonlin': Tanh()}
2024-07-16 01:15:38,356 0.998952 (0.000798) with: {'batch_size': 16, 'lr': 0.001, 'max_epochs': 64, 'module__n_features': 73, 'module__n_neurons': 64, 'module__nonlin': ReLU()}
2024-07-16 01:15:38,356 0.998263 (0.001516) with: {'batch_size': 16, 'lr': 0.001, 'max_epochs': 64, 'module__n_features': 73, 'module__n_neurons': 128, 'module__nonlin': Tanh()}
2024-07-16 01:15:38,356 0.998833 (0.001184) with: {'batch_size': 16, 'lr': 0.001, 'max_epochs': 64, 'module__n_features': 73, 'module__n_neurons': 128, 'module__nonlin': ReLU()}
2024-07-16 01:15:38,356 0.998321 (0.002098) with: {'batch_size': 16, 'lr': 0.001, 'max_epochs': 64, 'module__n_features': 73, 'module__n_neurons': 256, 'module__nonlin': Tanh()}
2024-07-16 01:15:38,356 0.998709 (0.001280) with: {'batch_size': 16, 'lr': 0.001, 'max_epochs': 64, 'module__n_features': 73, 'module__n_neurons': 256, 'module__nonlin': ReLU()}
2024-07-16 01:15:38,356 0.998665 (0.001138) with: {'batch_size': 16, 'lr': 0.001, 'max_epochs': 128, 'module__n_features': 73, 'module__n_neurons': 16, 'module__nonlin': Tanh()}
2024-07-16 01:15:38,356 0.996793 (0.001684) with: {'batch_size': 16, 'lr': 0.001, 'max_epochs': 128, 'module__n_features': 73, 'module__n_neurons': 16, 'module__nonlin': ReLU()}
2024-07-16 01:15:38,356 0.998077 (0.001386) with: {'batch_size': 16, 'lr': 0.001, 'max_epochs': 128, 'module__n_features': 73, 'module__n_neurons': 32, 'module__nonlin': Tanh()}
2024-07-16 01:15:38,356 0.998620 (0.001472) with: {'batch_size': 16, 'lr': 0.001, 'max_epochs': 128, 'module__n_features': 73, 'module__n_neurons': 32, 'module__nonlin': ReLU()}
2024-07-16 01:15:38,356 0.998428 (0.001438) with: {'batch_size': 16, 'lr': 0.001, 'max_epochs': 128, 'module__n_features': 73, 'module__n_neurons': 64, 'module__nonlin': Tanh()}
2024-07-16 01:15:38,356 0.998955 (0.001011) with: {'batch_size': 16, 'lr': 0.001, 'max_epochs': 128, 'module__n_features': 73, 'module__n_neurons': 64, 'module__nonlin': ReLU()}
2024-07-16 01:15:38,356 0.998762 (0.001427) with: {'batch_size': 16, 'lr': 0.001, 'max_epochs': 128, 'module__n_features': 73, 'module__n_neurons': 128, 'module__nonlin': Tanh()}
2024-07-16 01:15:38,356 0.998463 (0.001115) with: {'batch_size': 16, 'lr': 0.001, 'max_epochs': 128, 'module__n_features': 73, 'module__n_neurons': 128, 'module__nonlin': ReLU()}
2024-07-16 01:15:38,356 0.998031 (0.002010) with: {'batch_size': 16, 'lr': 0.001, 'max_epochs': 128, 'module__n_features': 73, 'module__n_neurons': 256, 'module__nonlin': Tanh()}
2024-07-16 01:15:38,356 0.998814 (0.001481) with: {'batch_size': 16, 'lr': 0.001, 'max_epochs': 128, 'module__n_features': 73, 'module__n_neurons': 256, 'module__nonlin': ReLU()}
2024-07-16 01:15:38,356 0.998101 (0.001540) with: {'batch_size': 16, 'lr': 0.01, 'max_epochs': 16, 'module__n_features': 73, 'module__n_neurons': 16, 'module__nonlin': Tanh()}
2024-07-16 01:15:38,356 0.998441 (0.000941) with: {'batch_size': 16, 'lr': 0.01, 'max_epochs': 16, 'module__n_features': 73, 'module__n_neurons': 16, 'module__nonlin': ReLU()}
2024-07-16 01:15:38,356 0.997677 (0.002061) with: {'batch_size': 16, 'lr': 0.01, 'max_epochs': 16, 'module__n_features': 73, 'module__n_neurons': 32, 'module__nonlin': Tanh()}
2024-07-16 01:15:38,356 0.998689 (0.001274) with: {'batch_size': 16, 'lr': 0.01, 'max_epochs': 16, 'module__n_features': 73, 'module__n_neurons': 32, 'module__nonlin': ReLU()}
2024-07-16 01:15:38,356 0.995310 (0.002230) with: {'batch_size': 16, 'lr': 0.01, 'max_epochs': 16, 'module__n_features': 73, 'module__n_neurons': 64, 'module__nonlin': Tanh()}
2024-07-16 01:15:38,356 0.998815 (0.001382) with: {'batch_size': 16, 'lr': 0.01, 'max_epochs': 16, 'module__n_features': 73, 'module__n_neurons': 64, 'module__nonlin': ReLU()}
2024-07-16 01:15:38,356 0.997306 (0.002694) with: {'batch_size': 16, 'lr': 0.01, 'max_epochs': 16, 'module__n_features': 73, 'module__n_neurons': 128, 'module__nonlin': Tanh()}
2024-07-16 01:15:38,356 0.998949 (0.001206) with: {'batch_size': 16, 'lr': 0.01, 'max_epochs': 16, 'module__n_features': 73, 'module__n_neurons': 128, 'module__nonlin': ReLU()}
2024-07-16 01:15:38,356 0.997813 (0.001661) with: {'batch_size': 16, 'lr': 0.01, 'max_epochs': 16, 'module__n_features': 73, 'module__n_neurons': 256, 'module__nonlin': Tanh()}
2024-07-16 01:15:38,356 0.998719 (0.001537) with: {'batch_size': 16, 'lr': 0.01, 'max_epochs': 16, 'module__n_features': 73, 'module__n_neurons': 256, 'module__nonlin': ReLU()}
2024-07-16 01:15:38,356 0.998462 (0.001676) with: {'batch_size': 16, 'lr': 0.01, 'max_epochs': 32, 'module__n_features': 73, 'module__n_neurons': 16, 'module__nonlin': Tanh()}
2024-07-16 01:15:38,356 0.997992 (0.001820) with: {'batch_size': 16, 'lr': 0.01, 'max_epochs': 32, 'module__n_features': 73, 'module__n_neurons': 16, 'module__nonlin': ReLU()}
2024-07-16 01:15:38,356 0.998220 (0.002131) with: {'batch_size': 16, 'lr': 0.01, 'max_epochs': 32, 'module__n_features': 73, 'module__n_neurons': 32, 'module__nonlin': Tanh()}
2024-07-16 01:15:38,356 0.998603 (0.001581) with: {'batch_size': 16, 'lr': 0.01, 'max_epochs': 32, 'module__n_features': 73, 'module__n_neurons': 32, 'module__nonlin': ReLU()}
2024-07-16 01:15:38,356 0.997862 (0.002450) with: {'batch_size': 16, 'lr': 0.01, 'max_epochs': 32, 'module__n_features': 73, 'module__n_neurons': 64, 'module__nonlin': Tanh()}
2024-07-16 01:15:38,356 0.998649 (0.001681) with: {'batch_size': 16, 'lr': 0.01, 'max_epochs': 32, 'module__n_features': 73, 'module__n_neurons': 64, 'module__nonlin': ReLU()}
2024-07-16 01:15:38,356 0.998178 (0.001409) with: {'batch_size': 16, 'lr': 0.01, 'max_epochs': 32, 'module__n_features': 73, 'module__n_neurons': 128, 'module__nonlin': Tanh()}
2024-07-16 01:15:38,356 0.998362 (0.002049) with: {'batch_size': 16, 'lr': 0.01, 'max_epochs': 32, 'module__n_features': 73, 'module__n_neurons': 128, 'module__nonlin': ReLU()}
2024-07-16 01:15:38,356 0.998030 (0.002179) with: {'batch_size': 16, 'lr': 0.01, 'max_epochs': 32, 'module__n_features': 73, 'module__n_neurons': 256, 'module__nonlin': Tanh()}
2024-07-16 01:15:38,356 0.998817 (0.001225) with: {'batch_size': 16, 'lr': 0.01, 'max_epochs': 32, 'module__n_features': 73, 'module__n_neurons': 256, 'module__nonlin': ReLU()}
2024-07-16 01:15:38,356 0.997896 (0.002395) with: {'batch_size': 16, 'lr': 0.01, 'max_epochs': 64, 'module__n_features': 73, 'module__n_neurons': 16, 'module__nonlin': Tanh()}
2024-07-16 01:15:38,356 0.998391 (0.001797) with: {'batch_size': 16, 'lr': 0.01, 'max_epochs': 64, 'module__n_features': 73, 'module__n_neurons': 16, 'module__nonlin': ReLU()}
2024-07-16 01:15:38,356 0.998266 (0.001658) with: {'batch_size': 16, 'lr': 0.01, 'max_epochs': 64, 'module__n_features': 73, 'module__n_neurons': 32, 'module__nonlin': Tanh()}
2024-07-16 01:15:38,356 0.998989 (0.001200) with: {'batch_size': 16, 'lr': 0.01, 'max_epochs': 64, 'module__n_features': 73, 'module__n_neurons': 32, 'module__nonlin': ReLU()}
2024-07-16 01:15:38,356 0.998312 (0.001636) with: {'batch_size': 16, 'lr': 0.01, 'max_epochs': 64, 'module__n_features': 73, 'module__n_neurons': 64, 'module__nonlin': Tanh()}
2024-07-16 01:15:38,357 0.998774 (0.001835) with: {'batch_size': 16, 'lr': 0.01, 'max_epochs': 64, 'module__n_features': 73, 'module__n_neurons': 64, 'module__nonlin': ReLU()}
2024-07-16 01:15:38,357 0.998505 (0.001682) with: {'batch_size': 16, 'lr': 0.01, 'max_epochs': 64, 'module__n_features': 73, 'module__n_neurons': 128, 'module__nonlin': Tanh()}
2024-07-16 01:15:38,357 0.997644 (0.002081) with: {'batch_size': 16, 'lr': 0.01, 'max_epochs': 64, 'module__n_features': 73, 'module__n_neurons': 128, 'module__nonlin': ReLU()}
2024-07-16 01:15:38,357 0.998076 (0.001853) with: {'batch_size': 16, 'lr': 0.01, 'max_epochs': 64, 'module__n_features': 73, 'module__n_neurons': 256, 'module__nonlin': Tanh()}
2024-07-16 01:15:38,357 0.998409 (0.001512) with: {'batch_size': 16, 'lr': 0.01, 'max_epochs': 64, 'module__n_features': 73, 'module__n_neurons': 256, 'module__nonlin': ReLU()}
2024-07-16 01:15:38,357 0.997624 (0.002512) with: {'batch_size': 16, 'lr': 0.01, 'max_epochs': 128, 'module__n_features': 73, 'module__n_neurons': 16, 'module__nonlin': Tanh()}
2024-07-16 01:15:38,357 0.998173 (0.001575) with: {'batch_size': 16, 'lr': 0.01, 'max_epochs': 128, 'module__n_features': 73, 'module__n_neurons': 16, 'module__nonlin': ReLU()}
2024-07-16 01:15:38,357 0.998419 (0.001889) with: {'batch_size': 16, 'lr': 0.01, 'max_epochs': 128, 'module__n_features': 73, 'module__n_neurons': 32, 'module__nonlin': Tanh()}
2024-07-16 01:15:38,357 0.998353 (0.001341) with: {'batch_size': 16, 'lr': 0.01, 'max_epochs': 128, 'module__n_features': 73, 'module__n_neurons': 32, 'module__nonlin': ReLU()}
2024-07-16 01:15:38,357 0.998767 (0.001417) with: {'batch_size': 16, 'lr': 0.01, 'max_epochs': 128, 'module__n_features': 73, 'module__n_neurons': 64, 'module__nonlin': Tanh()}
2024-07-16 01:15:38,357 0.996580 (0.001144) with: {'batch_size': 16, 'lr': 0.01, 'max_epochs': 128, 'module__n_features': 73, 'module__n_neurons': 64, 'module__nonlin': ReLU()}
2024-07-16 01:15:38,357 0.997965 (0.001656) with: {'batch_size': 16, 'lr': 0.01, 'max_epochs': 128, 'module__n_features': 73, 'module__n_neurons': 128, 'module__nonlin': Tanh()}
2024-07-16 01:15:38,357 0.998576 (0.001339) with: {'batch_size': 16, 'lr': 0.01, 'max_epochs': 128, 'module__n_features': 73, 'module__n_neurons': 128, 'module__nonlin': ReLU()}
2024-07-16 01:15:38,357 0.998304 (0.002131) with: {'batch_size': 16, 'lr': 0.01, 'max_epochs': 128, 'module__n_features': 73, 'module__n_neurons': 256, 'module__nonlin': Tanh()}
2024-07-16 01:15:38,357 0.998502 (0.001577) with: {'batch_size': 16, 'lr': 0.01, 'max_epochs': 128, 'module__n_features': 73, 'module__n_neurons': 256, 'module__nonlin': ReLU()}
2024-07-16 01:15:38,357 0.997925 (0.001947) with: {'batch_size': 16, 'lr': 0.02, 'max_epochs': 16, 'module__n_features': 73, 'module__n_neurons': 16, 'module__nonlin': Tanh()}
2024-07-16 01:15:38,357 0.997739 (0.001560) with: {'batch_size': 16, 'lr': 0.02, 'max_epochs': 16, 'module__n_features': 73, 'module__n_neurons': 16, 'module__nonlin': ReLU()}
2024-07-16 01:15:38,357 0.998131 (0.001984) with: {'batch_size': 16, 'lr': 0.02, 'max_epochs': 16, 'module__n_features': 73, 'module__n_neurons': 32, 'module__nonlin': Tanh()}
2024-07-16 01:15:38,357 0.998720 (0.001092) with: {'batch_size': 16, 'lr': 0.02, 'max_epochs': 16, 'module__n_features': 73, 'module__n_neurons': 32, 'module__nonlin': ReLU()}
2024-07-16 01:15:38,357 0.998236 (0.001752) with: {'batch_size': 16, 'lr': 0.02, 'max_epochs': 16, 'module__n_features': 73, 'module__n_neurons': 64, 'module__nonlin': Tanh()}
2024-07-16 01:15:38,357 0.998465 (0.001607) with: {'batch_size': 16, 'lr': 0.02, 'max_epochs': 16, 'module__n_features': 73, 'module__n_neurons': 64, 'module__nonlin': ReLU()}
2024-07-16 01:15:38,357 0.996489 (0.002250) with: {'batch_size': 16, 'lr': 0.02, 'max_epochs': 16, 'module__n_features': 73, 'module__n_neurons': 128, 'module__nonlin': Tanh()}
2024-07-16 01:15:38,357 0.998174 (0.002061) with: {'batch_size': 16, 'lr': 0.02, 'max_epochs': 16, 'module__n_features': 73, 'module__n_neurons': 128, 'module__nonlin': ReLU()}
2024-07-16 01:15:38,357 0.803971 (0.230244) with: {'batch_size': 16, 'lr': 0.02, 'max_epochs': 16, 'module__n_features': 73, 'module__n_neurons': 256, 'module__nonlin': Tanh()}
2024-07-16 01:15:38,357 0.998603 (0.001324) with: {'batch_size': 16, 'lr': 0.02, 'max_epochs': 16, 'module__n_features': 73, 'module__n_neurons': 256, 'module__nonlin': ReLU()}
2024-07-16 01:15:38,357 0.998269 (0.002277) with: {'batch_size': 16, 'lr': 0.02, 'max_epochs': 32, 'module__n_features': 73, 'module__n_neurons': 16, 'module__nonlin': Tanh()}
2024-07-16 01:15:38,357 0.997596 (0.002359) with: {'batch_size': 16, 'lr': 0.02, 'max_epochs': 32, 'module__n_features': 73, 'module__n_neurons': 16, 'module__nonlin': ReLU()}
2024-07-16 01:15:38,357 0.997352 (0.002952) with: {'batch_size': 16, 'lr': 0.02, 'max_epochs': 32, 'module__n_features': 73, 'module__n_neurons': 32, 'module__nonlin': Tanh()}
2024-07-16 01:15:38,357 0.998646 (0.001663) with: {'batch_size': 16, 'lr': 0.02, 'max_epochs': 32, 'module__n_features': 73, 'module__n_neurons': 32, 'module__nonlin': ReLU()}
2024-07-16 01:15:38,357 0.998303 (0.001744) with: {'batch_size': 16, 'lr': 0.02, 'max_epochs': 32, 'module__n_features': 73, 'module__n_neurons': 64, 'module__nonlin': Tanh()}
2024-07-16 01:15:38,357 0.998491 (0.002397) with: {'batch_size': 16, 'lr': 0.02, 'max_epochs': 32, 'module__n_features': 73, 'module__n_neurons': 64, 'module__nonlin': ReLU()}
2024-07-16 01:15:38,357 0.997742 (0.002600) with: {'batch_size': 16, 'lr': 0.02, 'max_epochs': 32, 'module__n_features': 73, 'module__n_neurons': 128, 'module__nonlin': Tanh()}
2024-07-16 01:15:38,357 0.998171 (0.002058) with: {'batch_size': 16, 'lr': 0.02, 'max_epochs': 32, 'module__n_features': 73, 'module__n_neurons': 128, 'module__nonlin': ReLU()}
2024-07-16 01:15:38,357 0.997255 (0.003188) with: {'batch_size': 16, 'lr': 0.02, 'max_epochs': 32, 'module__n_features': 73, 'module__n_neurons': 256, 'module__nonlin': Tanh()}
2024-07-16 01:15:38,357 0.998799 (0.001564) with: {'batch_size': 16, 'lr': 0.02, 'max_epochs': 32, 'module__n_features': 73, 'module__n_neurons': 256, 'module__nonlin': ReLU()}
2024-07-16 01:15:38,357 0.998008 (0.002676) with: {'batch_size': 16, 'lr': 0.02, 'max_epochs': 64, 'module__n_features': 73, 'module__n_neurons': 16, 'module__nonlin': Tanh()}
2024-07-16 01:15:38,357 0.998324 (0.002256) with: {'batch_size': 16, 'lr': 0.02, 'max_epochs': 64, 'module__n_features': 73, 'module__n_neurons': 16, 'module__nonlin': ReLU()}
2024-07-16 01:15:38,357 0.998290 (0.002196) with: {'batch_size': 16, 'lr': 0.02, 'max_epochs': 64, 'module__n_features': 73, 'module__n_neurons': 32, 'module__nonlin': Tanh()}
2024-07-16 01:15:38,357 0.998667 (0.001635) with: {'batch_size': 16, 'lr': 0.02, 'max_epochs': 64, 'module__n_features': 73, 'module__n_neurons': 32, 'module__nonlin': ReLU()}
2024-07-16 01:15:38,357 0.998521 (0.001692) with: {'batch_size': 16, 'lr': 0.02, 'max_epochs': 64, 'module__n_features': 73, 'module__n_neurons': 64, 'module__nonlin': Tanh()}
2024-07-16 01:15:38,357 0.998658 (0.001610) with: {'batch_size': 16, 'lr': 0.02, 'max_epochs': 64, 'module__n_features': 73, 'module__n_neurons': 64, 'module__nonlin': ReLU()}
2024-07-16 01:15:38,357 0.998112 (0.002347) with: {'batch_size': 16, 'lr': 0.02, 'max_epochs': 64, 'module__n_features': 73, 'module__n_neurons': 128, 'module__nonlin': Tanh()}
2024-07-16 01:15:38,357 0.998743 (0.001663) with: {'batch_size': 16, 'lr': 0.02, 'max_epochs': 64, 'module__n_features': 73, 'module__n_neurons': 128, 'module__nonlin': ReLU()}
2024-07-16 01:15:38,357 0.896047 (0.204103) with: {'batch_size': 16, 'lr': 0.02, 'max_epochs': 64, 'module__n_features': 73, 'module__n_neurons': 256, 'module__nonlin': Tanh()}
2024-07-16 01:15:38,357 0.998679 (0.001517) with: {'batch_size': 16, 'lr': 0.02, 'max_epochs': 64, 'module__n_features': 73, 'module__n_neurons': 256, 'module__nonlin': ReLU()}
2024-07-16 01:15:38,357 0.998466 (0.001942) with: {'batch_size': 16, 'lr': 0.02, 'max_epochs': 128, 'module__n_features': 73, 'module__n_neurons': 16, 'module__nonlin': Tanh()}
2024-07-16 01:15:38,357 0.997810 (0.002595) with: {'batch_size': 16, 'lr': 0.02, 'max_epochs': 128, 'module__n_features': 73, 'module__n_neurons': 16, 'module__nonlin': ReLU()}
2024-07-16 01:15:38,357 0.998743 (0.001819) with: {'batch_size': 16, 'lr': 0.02, 'max_epochs': 128, 'module__n_features': 73, 'module__n_neurons': 32, 'module__nonlin': Tanh()}
2024-07-16 01:15:38,357 0.998502 (0.001884) with: {'batch_size': 16, 'lr': 0.02, 'max_epochs': 128, 'module__n_features': 73, 'module__n_neurons': 32, 'module__nonlin': ReLU()}
2024-07-16 01:15:38,357 0.997781 (0.002102) with: {'batch_size': 16, 'lr': 0.02, 'max_epochs': 128, 'module__n_features': 73, 'module__n_neurons': 64, 'module__nonlin': Tanh()}
2024-07-16 01:15:38,358 0.997967 (0.001497) with: {'batch_size': 16, 'lr': 0.02, 'max_epochs': 128, 'module__n_features': 73, 'module__n_neurons': 64, 'module__nonlin': ReLU()}
2024-07-16 01:15:38,358 0.998193 (0.001441) with: {'batch_size': 16, 'lr': 0.02, 'max_epochs': 128, 'module__n_features': 73, 'module__n_neurons': 128, 'module__nonlin': Tanh()}
2024-07-16 01:15:38,358 0.998573 (0.001381) with: {'batch_size': 16, 'lr': 0.02, 'max_epochs': 128, 'module__n_features': 73, 'module__n_neurons': 128, 'module__nonlin': ReLU()}
2024-07-16 01:15:38,358 0.996846 (0.004327) with: {'batch_size': 16, 'lr': 0.02, 'max_epochs': 128, 'module__n_features': 73, 'module__n_neurons': 256, 'module__nonlin': Tanh()}
2024-07-16 01:15:38,358 0.998627 (0.001196) with: {'batch_size': 16, 'lr': 0.02, 'max_epochs': 128, 'module__n_features': 73, 'module__n_neurons': 256, 'module__nonlin': ReLU()}
2024-07-16 01:15:38,358 0.993565 (0.001165) with: {'batch_size': 32, 'lr': 0.001, 'max_epochs': 16, 'module__n_features': 73, 'module__n_neurons': 16, 'module__nonlin': Tanh()}
2024-07-16 01:15:38,358 0.988418 (0.004014) with: {'batch_size': 32, 'lr': 0.001, 'max_epochs': 16, 'module__n_features': 73, 'module__n_neurons': 16, 'module__nonlin': ReLU()}
2024-07-16 01:15:38,358 0.994737 (0.001495) with: {'batch_size': 32, 'lr': 0.001, 'max_epochs': 16, 'module__n_features': 73, 'module__n_neurons': 32, 'module__nonlin': Tanh()}
2024-07-16 01:15:38,358 0.994068 (0.001761) with: {'batch_size': 32, 'lr': 0.001, 'max_epochs': 16, 'module__n_features': 73, 'module__n_neurons': 32, 'module__nonlin': ReLU()}
2024-07-16 01:15:38,358 0.995487 (0.001502) with: {'batch_size': 32, 'lr': 0.001, 'max_epochs': 16, 'module__n_features': 73, 'module__n_neurons': 64, 'module__nonlin': Tanh()}
2024-07-16 01:15:38,358 0.996831 (0.000731) with: {'batch_size': 32, 'lr': 0.001, 'max_epochs': 16, 'module__n_features': 73, 'module__n_neurons': 64, 'module__nonlin': ReLU()}
2024-07-16 01:15:38,358 0.995292 (0.002200) with: {'batch_size': 32, 'lr': 0.001, 'max_epochs': 16, 'module__n_features': 73, 'module__n_neurons': 128, 'module__nonlin': Tanh()}
2024-07-16 01:15:38,358 0.997889 (0.001830) with: {'batch_size': 32, 'lr': 0.001, 'max_epochs': 16, 'module__n_features': 73, 'module__n_neurons': 128, 'module__nonlin': ReLU()}
2024-07-16 01:15:38,358 0.995191 (0.002150) with: {'batch_size': 32, 'lr': 0.001, 'max_epochs': 16, 'module__n_features': 73, 'module__n_neurons': 256, 'module__nonlin': Tanh()}
2024-07-16 01:15:38,358 0.998609 (0.001297) with: {'batch_size': 32, 'lr': 0.001, 'max_epochs': 16, 'module__n_features': 73, 'module__n_neurons': 256, 'module__nonlin': ReLU()}
2024-07-16 01:15:38,358 0.995589 (0.001502) with: {'batch_size': 32, 'lr': 0.001, 'max_epochs': 32, 'module__n_features': 73, 'module__n_neurons': 16, 'module__nonlin': Tanh()}
2024-07-16 01:15:38,358 0.995221 (0.001979) with: {'batch_size': 32, 'lr': 0.001, 'max_epochs': 32, 'module__n_features': 73, 'module__n_neurons': 16, 'module__nonlin': ReLU()}
2024-07-16 01:15:38,358 0.995981 (0.001628) with: {'batch_size': 32, 'lr': 0.001, 'max_epochs': 32, 'module__n_features': 73, 'module__n_neurons': 32, 'module__nonlin': Tanh()}
2024-07-16 01:15:38,358 0.997552 (0.001216) with: {'batch_size': 32, 'lr': 0.001, 'max_epochs': 32, 'module__n_features': 73, 'module__n_neurons': 32, 'module__nonlin': ReLU()}
2024-07-16 01:15:38,358 0.996186 (0.001594) with: {'batch_size': 32, 'lr': 0.001, 'max_epochs': 32, 'module__n_features': 73, 'module__n_neurons': 64, 'module__nonlin': Tanh()}
2024-07-16 01:15:38,358 0.998016 (0.001785) with: {'batch_size': 32, 'lr': 0.001, 'max_epochs': 32, 'module__n_features': 73, 'module__n_neurons': 64, 'module__nonlin': ReLU()}
2024-07-16 01:15:38,358 0.996223 (0.001915) with: {'batch_size': 32, 'lr': 0.001, 'max_epochs': 32, 'module__n_features': 73, 'module__n_neurons': 128, 'module__nonlin': Tanh()}
2024-07-16 01:15:38,358 0.998766 (0.001257) with: {'batch_size': 32, 'lr': 0.001, 'max_epochs': 32, 'module__n_features': 73, 'module__n_neurons': 128, 'module__nonlin': ReLU()}
2024-07-16 01:15:38,358 0.997473 (0.001647) with: {'batch_size': 32, 'lr': 0.001, 'max_epochs': 32, 'module__n_features': 73, 'module__n_neurons': 256, 'module__nonlin': Tanh()}
2024-07-16 01:15:38,358 0.998725 (0.001264) with: {'batch_size': 32, 'lr': 0.001, 'max_epochs': 32, 'module__n_features': 73, 'module__n_neurons': 256, 'module__nonlin': ReLU()}
2024-07-16 01:15:38,358 0.997360 (0.001261) with: {'batch_size': 32, 'lr': 0.001, 'max_epochs': 64, 'module__n_features': 73, 'module__n_neurons': 16, 'module__nonlin': Tanh()}
2024-07-16 01:15:38,358 0.998163 (0.001347) with: {'batch_size': 32, 'lr': 0.001, 'max_epochs': 64, 'module__n_features': 73, 'module__n_neurons': 16, 'module__nonlin': ReLU()}
2024-07-16 01:15:38,358 0.997117 (0.001212) with: {'batch_size': 32, 'lr': 0.001, 'max_epochs': 64, 'module__n_features': 73, 'module__n_neurons': 32, 'module__nonlin': Tanh()}
2024-07-16 01:15:38,358 0.998545 (0.001117) with: {'batch_size': 32, 'lr': 0.001, 'max_epochs': 64, 'module__n_features': 73, 'module__n_neurons': 32, 'module__nonlin': ReLU()}
2024-07-16 01:15:38,358 0.997335 (0.001404) with: {'batch_size': 32, 'lr': 0.001, 'max_epochs': 64, 'module__n_features': 73, 'module__n_neurons': 64, 'module__nonlin': Tanh()}
2024-07-16 01:15:38,358 0.998766 (0.001419) with: {'batch_size': 32, 'lr': 0.001, 'max_epochs': 64, 'module__n_features': 73, 'module__n_neurons': 64, 'module__nonlin': ReLU()}
2024-07-16 01:15:38,358 0.997813 (0.001472) with: {'batch_size': 32, 'lr': 0.001, 'max_epochs': 64, 'module__n_features': 73, 'module__n_neurons': 128, 'module__nonlin': Tanh()}
2024-07-16 01:15:38,358 0.999084 (0.001036) with: {'batch_size': 32, 'lr': 0.001, 'max_epochs': 64, 'module__n_features': 73, 'module__n_neurons': 128, 'module__nonlin': ReLU()}
2024-07-16 01:15:38,358 0.998679 (0.001607) with: {'batch_size': 32, 'lr': 0.001, 'max_epochs': 64, 'module__n_features': 73, 'module__n_neurons': 256, 'module__nonlin': Tanh()}
2024-07-16 01:15:38,358 0.998802 (0.001377) with: {'batch_size': 32, 'lr': 0.001, 'max_epochs': 64, 'module__n_features': 73, 'module__n_neurons': 256, 'module__nonlin': ReLU()}
2024-07-16 01:15:38,358 0.997881 (0.001499) with: {'batch_size': 32, 'lr': 0.001, 'max_epochs': 128, 'module__n_features': 73, 'module__n_neurons': 16, 'module__nonlin': Tanh()}
2024-07-16 01:15:38,358 0.998505 (0.000998) with: {'batch_size': 32, 'lr': 0.001, 'max_epochs': 128, 'module__n_features': 73, 'module__n_neurons': 16, 'module__nonlin': ReLU()}
2024-07-16 01:15:38,358 0.998316 (0.001203) with: {'batch_size': 32, 'lr': 0.001, 'max_epochs': 128, 'module__n_features': 73, 'module__n_neurons': 32, 'module__nonlin': Tanh()}
2024-07-16 01:15:38,358 0.998664 (0.001485) with: {'batch_size': 32, 'lr': 0.001, 'max_epochs': 128, 'module__n_features': 73, 'module__n_neurons': 32, 'module__nonlin': ReLU()}
2024-07-16 01:15:38,358 0.998198 (0.001337) with: {'batch_size': 32, 'lr': 0.001, 'max_epochs': 128, 'module__n_features': 73, 'module__n_neurons': 64, 'module__nonlin': Tanh()}
2024-07-16 01:15:38,358 0.999067 (0.000706) with: {'batch_size': 32, 'lr': 0.001, 'max_epochs': 128, 'module__n_features': 73, 'module__n_neurons': 64, 'module__nonlin': ReLU()}
2024-07-16 01:15:38,358 0.998380 (0.001674) with: {'batch_size': 32, 'lr': 0.001, 'max_epochs': 128, 'module__n_features': 73, 'module__n_neurons': 128, 'module__nonlin': Tanh()}
2024-07-16 01:15:38,358 0.998644 (0.001275) with: {'batch_size': 32, 'lr': 0.001, 'max_epochs': 128, 'module__n_features': 73, 'module__n_neurons': 128, 'module__nonlin': ReLU()}
2024-07-16 01:15:38,358 0.998734 (0.001760) with: {'batch_size': 32, 'lr': 0.001, 'max_epochs': 128, 'module__n_features': 73, 'module__n_neurons': 256, 'module__nonlin': Tanh()}
2024-07-16 01:15:38,358 0.999090 (0.001181) with: {'batch_size': 32, 'lr': 0.001, 'max_epochs': 128, 'module__n_features': 73, 'module__n_neurons': 256, 'module__nonlin': ReLU()}
2024-07-16 01:15:38,358 0.997528 (0.001734) with: {'batch_size': 32, 'lr': 0.01, 'max_epochs': 16, 'module__n_features': 73, 'module__n_neurons': 16, 'module__nonlin': Tanh()}
2024-07-16 01:15:38,358 0.997542 (0.000800) with: {'batch_size': 32, 'lr': 0.01, 'max_epochs': 16, 'module__n_features': 73, 'module__n_neurons': 16, 'module__nonlin': ReLU()}
2024-07-16 01:15:38,358 0.997524 (0.001836) with: {'batch_size': 32, 'lr': 0.01, 'max_epochs': 16, 'module__n_features': 73, 'module__n_neurons': 32, 'module__nonlin': Tanh()}
2024-07-16 01:15:38,358 0.997289 (0.002086) with: {'batch_size': 32, 'lr': 0.01, 'max_epochs': 16, 'module__n_features': 73, 'module__n_neurons': 32, 'module__nonlin': ReLU()}
2024-07-16 01:15:38,358 0.997604 (0.001985) with: {'batch_size': 32, 'lr': 0.01, 'max_epochs': 16, 'module__n_features': 73, 'module__n_neurons': 64, 'module__nonlin': Tanh()}
2024-07-16 01:15:38,359 0.998304 (0.001941) with: {'batch_size': 32, 'lr': 0.01, 'max_epochs': 16, 'module__n_features': 73, 'module__n_neurons': 64, 'module__nonlin': ReLU()}
2024-07-16 01:15:38,359 0.997415 (0.002450) with: {'batch_size': 32, 'lr': 0.01, 'max_epochs': 16, 'module__n_features': 73, 'module__n_neurons': 128, 'module__nonlin': Tanh()}
2024-07-16 01:15:38,359 0.998578 (0.001583) with: {'batch_size': 32, 'lr': 0.01, 'max_epochs': 16, 'module__n_features': 73, 'module__n_neurons': 128, 'module__nonlin': ReLU()}
2024-07-16 01:15:38,359 0.998229 (0.001547) with: {'batch_size': 32, 'lr': 0.01, 'max_epochs': 16, 'module__n_features': 73, 'module__n_neurons': 256, 'module__nonlin': Tanh()}
2024-07-16 01:15:38,359 0.998661 (0.001544) with: {'batch_size': 32, 'lr': 0.01, 'max_epochs': 16, 'module__n_features': 73, 'module__n_neurons': 256, 'module__nonlin': ReLU()}
2024-07-16 01:15:38,359 0.997711 (0.002260) with: {'batch_size': 32, 'lr': 0.01, 'max_epochs': 32, 'module__n_features': 73, 'module__n_neurons': 16, 'module__nonlin': Tanh()}
2024-07-16 01:15:38,359 0.998723 (0.001127) with: {'batch_size': 32, 'lr': 0.01, 'max_epochs': 32, 'module__n_features': 73, 'module__n_neurons': 16, 'module__nonlin': ReLU()}
2024-07-16 01:15:38,359 0.998195 (0.001903) with: {'batch_size': 32, 'lr': 0.01, 'max_epochs': 32, 'module__n_features': 73, 'module__n_neurons': 32, 'module__nonlin': Tanh()}
2024-07-16 01:15:38,359 0.998020 (0.001897) with: {'batch_size': 32, 'lr': 0.01, 'max_epochs': 32, 'module__n_features': 73, 'module__n_neurons': 32, 'module__nonlin': ReLU()}
2024-07-16 01:15:38,359 0.998027 (0.002174) with: {'batch_size': 32, 'lr': 0.01, 'max_epochs': 32, 'module__n_features': 73, 'module__n_neurons': 64, 'module__nonlin': Tanh()}
2024-07-16 01:15:38,359 0.998689 (0.001535) with: {'batch_size': 32, 'lr': 0.01, 'max_epochs': 32, 'module__n_features': 73, 'module__n_neurons': 64, 'module__nonlin': ReLU()}
2024-07-16 01:15:38,359 0.997576 (0.002756) with: {'batch_size': 32, 'lr': 0.01, 'max_epochs': 32, 'module__n_features': 73, 'module__n_neurons': 128, 'module__nonlin': Tanh()}
2024-07-16 01:15:38,359 0.998884 (0.001387) with: {'batch_size': 32, 'lr': 0.01, 'max_epochs': 32, 'module__n_features': 73, 'module__n_neurons': 128, 'module__nonlin': ReLU()}
2024-07-16 01:15:38,359 0.998520 (0.001688) with: {'batch_size': 32, 'lr': 0.01, 'max_epochs': 32, 'module__n_features': 73, 'module__n_neurons': 256, 'module__nonlin': Tanh()}
2024-07-16 01:15:38,359 0.998695 (0.001558) with: {'batch_size': 32, 'lr': 0.01, 'max_epochs': 32, 'module__n_features': 73, 'module__n_neurons': 256, 'module__nonlin': ReLU()}
2024-07-16 01:15:38,359 0.997969 (0.001958) with: {'batch_size': 32, 'lr': 0.01, 'max_epochs': 64, 'module__n_features': 73, 'module__n_neurons': 16, 'module__nonlin': Tanh()}
2024-07-16 01:15:38,359 0.998260 (0.001344) with: {'batch_size': 32, 'lr': 0.01, 'max_epochs': 64, 'module__n_features': 73, 'module__n_neurons': 16, 'module__nonlin': ReLU()}
2024-07-16 01:15:38,359 0.998461 (0.002027) with: {'batch_size': 32, 'lr': 0.01, 'max_epochs': 64, 'module__n_features': 73, 'module__n_neurons': 32, 'module__nonlin': Tanh()}
2024-07-16 01:15:38,359 0.998526 (0.001682) with: {'batch_size': 32, 'lr': 0.01, 'max_epochs': 64, 'module__n_features': 73, 'module__n_neurons': 32, 'module__nonlin': ReLU()}
2024-07-16 01:15:38,359 0.998176 (0.002377) with: {'batch_size': 32, 'lr': 0.01, 'max_epochs': 64, 'module__n_features': 73, 'module__n_neurons': 64, 'module__nonlin': Tanh()}
2024-07-16 01:15:38,359 0.998283 (0.001404) with: {'batch_size': 32, 'lr': 0.01, 'max_epochs': 64, 'module__n_features': 73, 'module__n_neurons': 64, 'module__nonlin': ReLU()}
2024-07-16 01:15:38,359 0.998269 (0.001755) with: {'batch_size': 32, 'lr': 0.01, 'max_epochs': 64, 'module__n_features': 73, 'module__n_neurons': 128, 'module__nonlin': Tanh()}
2024-07-16 01:15:38,359 0.998866 (0.001428) with: {'batch_size': 32, 'lr': 0.01, 'max_epochs': 64, 'module__n_features': 73, 'module__n_neurons': 128, 'module__nonlin': ReLU()}
2024-07-16 01:15:38,359 0.998022 (0.002588) with: {'batch_size': 32, 'lr': 0.01, 'max_epochs': 64, 'module__n_features': 73, 'module__n_neurons': 256, 'module__nonlin': Tanh()}
2024-07-16 01:15:38,359 0.998504 (0.002257) with: {'batch_size': 32, 'lr': 0.01, 'max_epochs': 64, 'module__n_features': 73, 'module__n_neurons': 256, 'module__nonlin': ReLU()}
2024-07-16 01:15:38,359 0.998532 (0.001853) with: {'batch_size': 32, 'lr': 0.01, 'max_epochs': 128, 'module__n_features': 73, 'module__n_neurons': 16, 'module__nonlin': Tanh()}
2024-07-16 01:15:38,359 0.998488 (0.001557) with: {'batch_size': 32, 'lr': 0.01, 'max_epochs': 128, 'module__n_features': 73, 'module__n_neurons': 16, 'module__nonlin': ReLU()}
2024-07-16 01:15:38,359 0.998313 (0.002270) with: {'batch_size': 32, 'lr': 0.01, 'max_epochs': 128, 'module__n_features': 73, 'module__n_neurons': 32, 'module__nonlin': Tanh()}
2024-07-16 01:15:38,359 0.996827 (0.002729) with: {'batch_size': 32, 'lr': 0.01, 'max_epochs': 128, 'module__n_features': 73, 'module__n_neurons': 32, 'module__nonlin': ReLU()}
2024-07-16 01:15:38,359 0.998554 (0.001530) with: {'batch_size': 32, 'lr': 0.01, 'max_epochs': 128, 'module__n_features': 73, 'module__n_neurons': 64, 'module__nonlin': Tanh()}
2024-07-16 01:15:38,359 0.998473 (0.001829) with: {'batch_size': 32, 'lr': 0.01, 'max_epochs': 128, 'module__n_features': 73, 'module__n_neurons': 64, 'module__nonlin': ReLU()}
2024-07-16 01:15:38,359 0.998181 (0.001732) with: {'batch_size': 32, 'lr': 0.01, 'max_epochs': 128, 'module__n_features': 73, 'module__n_neurons': 128, 'module__nonlin': Tanh()}
2024-07-16 01:15:38,359 0.998238 (0.001638) with: {'batch_size': 32, 'lr': 0.01, 'max_epochs': 128, 'module__n_features': 73, 'module__n_neurons': 128, 'module__nonlin': ReLU()}
2024-07-16 01:15:38,359 0.998139 (0.002535) with: {'batch_size': 32, 'lr': 0.01, 'max_epochs': 128, 'module__n_features': 73, 'module__n_neurons': 256, 'module__nonlin': Tanh()}
2024-07-16 01:15:38,359 0.998467 (0.001522) with: {'batch_size': 32, 'lr': 0.01, 'max_epochs': 128, 'module__n_features': 73, 'module__n_neurons': 256, 'module__nonlin': ReLU()}
2024-07-16 01:15:38,359 0.998392 (0.001616) with: {'batch_size': 32, 'lr': 0.02, 'max_epochs': 16, 'module__n_features': 73, 'module__n_neurons': 16, 'module__nonlin': Tanh()}
2024-07-16 01:15:38,359 0.997420 (0.002564) with: {'batch_size': 32, 'lr': 0.02, 'max_epochs': 16, 'module__n_features': 73, 'module__n_neurons': 16, 'module__nonlin': ReLU()}
2024-07-16 01:15:38,359 0.998244 (0.002082) with: {'batch_size': 32, 'lr': 0.02, 'max_epochs': 16, 'module__n_features': 73, 'module__n_neurons': 32, 'module__nonlin': Tanh()}
2024-07-16 01:15:38,359 0.997633 (0.001911) with: {'batch_size': 32, 'lr': 0.02, 'max_epochs': 16, 'module__n_features': 73, 'module__n_neurons': 32, 'module__nonlin': ReLU()}
2024-07-16 01:15:38,359 0.997840 (0.001879) with: {'batch_size': 32, 'lr': 0.02, 'max_epochs': 16, 'module__n_features': 73, 'module__n_neurons': 64, 'module__nonlin': Tanh()}
2024-07-16 01:15:38,359 0.998300 (0.001671) with: {'batch_size': 32, 'lr': 0.02, 'max_epochs': 16, 'module__n_features': 73, 'module__n_neurons': 64, 'module__nonlin': ReLU()}
2024-07-16 01:15:38,359 0.997561 (0.002177) with: {'batch_size': 32, 'lr': 0.02, 'max_epochs': 16, 'module__n_features': 73, 'module__n_neurons': 128, 'module__nonlin': Tanh()}
2024-07-16 01:15:38,359 0.998598 (0.001468) with: {'batch_size': 32, 'lr': 0.02, 'max_epochs': 16, 'module__n_features': 73, 'module__n_neurons': 128, 'module__nonlin': ReLU()}
2024-07-16 01:15:38,359 0.506260 (0.251471) with: {'batch_size': 32, 'lr': 0.02, 'max_epochs': 16, 'module__n_features': 73, 'module__n_neurons': 256, 'module__nonlin': Tanh()}
2024-07-16 01:15:38,359 0.998346 (0.001766) with: {'batch_size': 32, 'lr': 0.02, 'max_epochs': 16, 'module__n_features': 73, 'module__n_neurons': 256, 'module__nonlin': ReLU()}
2024-07-16 01:15:38,359 0.997985 (0.002132) with: {'batch_size': 32, 'lr': 0.02, 'max_epochs': 32, 'module__n_features': 73, 'module__n_neurons': 16, 'module__nonlin': Tanh()}
2024-07-16 01:15:38,359 0.997955 (0.002131) with: {'batch_size': 32, 'lr': 0.02, 'max_epochs': 32, 'module__n_features': 73, 'module__n_neurons': 16, 'module__nonlin': ReLU()}
2024-07-16 01:15:38,359 0.998103 (0.002368) with: {'batch_size': 32, 'lr': 0.02, 'max_epochs': 32, 'module__n_features': 73, 'module__n_neurons': 32, 'module__nonlin': Tanh()}
2024-07-16 01:15:38,359 0.998249 (0.002021) with: {'batch_size': 32, 'lr': 0.02, 'max_epochs': 32, 'module__n_features': 73, 'module__n_neurons': 32, 'module__nonlin': ReLU()}
2024-07-16 01:15:38,359 0.998321 (0.001855) with: {'batch_size': 32, 'lr': 0.02, 'max_epochs': 32, 'module__n_features': 73, 'module__n_neurons': 64, 'module__nonlin': Tanh()}
2024-07-16 01:15:38,360 0.998771 (0.001575) with: {'batch_size': 32, 'lr': 0.02, 'max_epochs': 32, 'module__n_features': 73, 'module__n_neurons': 64, 'module__nonlin': ReLU()}
2024-07-16 01:15:38,360 0.998471 (0.001737) with: {'batch_size': 32, 'lr': 0.02, 'max_epochs': 32, 'module__n_features': 73, 'module__n_neurons': 128, 'module__nonlin': Tanh()}
2024-07-16 01:15:38,360 0.998521 (0.001767) with: {'batch_size': 32, 'lr': 0.02, 'max_epochs': 32, 'module__n_features': 73, 'module__n_neurons': 128, 'module__nonlin': ReLU()}
2024-07-16 01:15:38,360 0.579519 (0.225907) with: {'batch_size': 32, 'lr': 0.02, 'max_epochs': 32, 'module__n_features': 73, 'module__n_neurons': 256, 'module__nonlin': Tanh()}
2024-07-16 01:15:38,360 0.898678 (0.199350) with: {'batch_size': 32, 'lr': 0.02, 'max_epochs': 32, 'module__n_features': 73, 'module__n_neurons': 256, 'module__nonlin': ReLU()}
2024-07-16 01:15:38,360 0.997932 (0.002563) with: {'batch_size': 32, 'lr': 0.02, 'max_epochs': 64, 'module__n_features': 73, 'module__n_neurons': 16, 'module__nonlin': Tanh()}
2024-07-16 01:15:38,360 0.998356 (0.001579) with: {'batch_size': 32, 'lr': 0.02, 'max_epochs': 64, 'module__n_features': 73, 'module__n_neurons': 16, 'module__nonlin': ReLU()}
2024-07-16 01:15:38,360 0.998201 (0.002170) with: {'batch_size': 32, 'lr': 0.02, 'max_epochs': 64, 'module__n_features': 73, 'module__n_neurons': 32, 'module__nonlin': Tanh()}
2024-07-16 01:15:38,360 0.998492 (0.001990) with: {'batch_size': 32, 'lr': 0.02, 'max_epochs': 64, 'module__n_features': 73, 'module__n_neurons': 32, 'module__nonlin': ReLU()}
2024-07-16 01:15:38,360 0.998309 (0.001713) with: {'batch_size': 32, 'lr': 0.02, 'max_epochs': 64, 'module__n_features': 73, 'module__n_neurons': 64, 'module__nonlin': Tanh()}
2024-07-16 01:15:38,360 0.998820 (0.001751) with: {'batch_size': 32, 'lr': 0.02, 'max_epochs': 64, 'module__n_features': 73, 'module__n_neurons': 64, 'module__nonlin': ReLU()}
2024-07-16 01:15:38,360 0.997814 (0.003258) with: {'batch_size': 32, 'lr': 0.02, 'max_epochs': 64, 'module__n_features': 73, 'module__n_neurons': 128, 'module__nonlin': Tanh()}
2024-07-16 01:15:38,360 0.998532 (0.001918) with: {'batch_size': 32, 'lr': 0.02, 'max_epochs': 64, 'module__n_features': 73, 'module__n_neurons': 128, 'module__nonlin': ReLU()}
2024-07-16 01:15:38,360 0.756726 (0.300582) with: {'batch_size': 32, 'lr': 0.02, 'max_epochs': 64, 'module__n_features': 73, 'module__n_neurons': 256, 'module__nonlin': Tanh()}
2024-07-16 01:15:38,360 0.998103 (0.001826) with: {'batch_size': 32, 'lr': 0.02, 'max_epochs': 64, 'module__n_features': 73, 'module__n_neurons': 256, 'module__nonlin': ReLU()}
2024-07-16 01:15:38,360 0.998187 (0.002042) with: {'batch_size': 32, 'lr': 0.02, 'max_epochs': 128, 'module__n_features': 73, 'module__n_neurons': 16, 'module__nonlin': Tanh()}
2024-07-16 01:15:38,360 0.997139 (0.002343) with: {'batch_size': 32, 'lr': 0.02, 'max_epochs': 128, 'module__n_features': 73, 'module__n_neurons': 16, 'module__nonlin': ReLU()}
2024-07-16 01:15:38,360 0.998275 (0.002225) with: {'batch_size': 32, 'lr': 0.02, 'max_epochs': 128, 'module__n_features': 73, 'module__n_neurons': 32, 'module__nonlin': Tanh()}
2024-07-16 01:15:38,360 0.998019 (0.002662) with: {'batch_size': 32, 'lr': 0.02, 'max_epochs': 128, 'module__n_features': 73, 'module__n_neurons': 32, 'module__nonlin': ReLU()}
2024-07-16 01:15:38,360 0.998514 (0.001746) with: {'batch_size': 32, 'lr': 0.02, 'max_epochs': 128, 'module__n_features': 73, 'module__n_neurons': 64, 'module__nonlin': Tanh()}
2024-07-16 01:15:38,360 0.998221 (0.001514) with: {'batch_size': 32, 'lr': 0.02, 'max_epochs': 128, 'module__n_features': 73, 'module__n_neurons': 64, 'module__nonlin': ReLU()}
2024-07-16 01:15:38,360 0.998079 (0.002432) with: {'batch_size': 32, 'lr': 0.02, 'max_epochs': 128, 'module__n_features': 73, 'module__n_neurons': 128, 'module__nonlin': Tanh()}
2024-07-16 01:15:38,360 0.998333 (0.001972) with: {'batch_size': 32, 'lr': 0.02, 'max_epochs': 128, 'module__n_features': 73, 'module__n_neurons': 128, 'module__nonlin': ReLU()}
2024-07-16 01:15:38,360 0.898578 (0.199375) with: {'batch_size': 32, 'lr': 0.02, 'max_epochs': 128, 'module__n_features': 73, 'module__n_neurons': 256, 'module__nonlin': Tanh()}
2024-07-16 01:15:38,360 0.997579 (0.002230) with: {'batch_size': 32, 'lr': 0.02, 'max_epochs': 128, 'module__n_features': 73, 'module__n_neurons': 256, 'module__nonlin': ReLU()}
2024-07-16 01:15:38,360 0.989443 (0.001993) with: {'batch_size': 64, 'lr': 0.001, 'max_epochs': 16, 'module__n_features': 73, 'module__n_neurons': 16, 'module__nonlin': Tanh()}
2024-07-16 01:15:38,360 0.977428 (0.011086) with: {'batch_size': 64, 'lr': 0.001, 'max_epochs': 16, 'module__n_features': 73, 'module__n_neurons': 16, 'module__nonlin': ReLU()}
2024-07-16 01:15:38,360 0.994203 (0.001392) with: {'batch_size': 64, 'lr': 0.001, 'max_epochs': 16, 'module__n_features': 73, 'module__n_neurons': 32, 'module__nonlin': Tanh()}
2024-07-16 01:15:38,360 0.991392 (0.003147) with: {'batch_size': 64, 'lr': 0.001, 'max_epochs': 16, 'module__n_features': 73, 'module__n_neurons': 32, 'module__nonlin': ReLU()}
2024-07-16 01:15:38,360 0.994936 (0.001336) with: {'batch_size': 64, 'lr': 0.001, 'max_epochs': 16, 'module__n_features': 73, 'module__n_neurons': 64, 'module__nonlin': Tanh()}
2024-07-16 01:15:38,360 0.995876 (0.001716) with: {'batch_size': 64, 'lr': 0.001, 'max_epochs': 16, 'module__n_features': 73, 'module__n_neurons': 64, 'module__nonlin': ReLU()}
2024-07-16 01:15:38,360 0.995564 (0.001212) with: {'batch_size': 64, 'lr': 0.001, 'max_epochs': 16, 'module__n_features': 73, 'module__n_neurons': 128, 'module__nonlin': Tanh()}
2024-07-16 01:15:38,360 0.997813 (0.001467) with: {'batch_size': 64, 'lr': 0.001, 'max_epochs': 16, 'module__n_features': 73, 'module__n_neurons': 128, 'module__nonlin': ReLU()}
2024-07-16 01:15:38,360 0.995481 (0.001764) with: {'batch_size': 64, 'lr': 0.001, 'max_epochs': 16, 'module__n_features': 73, 'module__n_neurons': 256, 'module__nonlin': Tanh()}
2024-07-16 01:15:38,360 0.998640 (0.001066) with: {'batch_size': 64, 'lr': 0.001, 'max_epochs': 16, 'module__n_features': 73, 'module__n_neurons': 256, 'module__nonlin': ReLU()}
2024-07-16 01:15:38,360 0.994779 (0.001515) with: {'batch_size': 64, 'lr': 0.001, 'max_epochs': 32, 'module__n_features': 73, 'module__n_neurons': 16, 'module__nonlin': Tanh()}
2024-07-16 01:15:38,360 0.993955 (0.001404) with: {'batch_size': 64, 'lr': 0.001, 'max_epochs': 32, 'module__n_features': 73, 'module__n_neurons': 16, 'module__nonlin': ReLU()}
2024-07-16 01:15:38,360 0.995475 (0.001734) with: {'batch_size': 64, 'lr': 0.001, 'max_epochs': 32, 'module__n_features': 73, 'module__n_neurons': 32, 'module__nonlin': Tanh()}
2024-07-16 01:15:38,360 0.996571 (0.001176) with: {'batch_size': 64, 'lr': 0.001, 'max_epochs': 32, 'module__n_features': 73, 'module__n_neurons': 32, 'module__nonlin': ReLU()}
2024-07-16 01:15:38,360 0.995938 (0.001555) with: {'batch_size': 64, 'lr': 0.001, 'max_epochs': 32, 'module__n_features': 73, 'module__n_neurons': 64, 'module__nonlin': Tanh()}
2024-07-16 01:15:38,360 0.998304 (0.001325) with: {'batch_size': 64, 'lr': 0.001, 'max_epochs': 32, 'module__n_features': 73, 'module__n_neurons': 64, 'module__nonlin': ReLU()}
2024-07-16 01:15:38,360 0.996431 (0.001624) with: {'batch_size': 64, 'lr': 0.001, 'max_epochs': 32, 'module__n_features': 73, 'module__n_neurons': 128, 'module__nonlin': Tanh()}
2024-07-16 01:15:38,360 0.998686 (0.001338) with: {'batch_size': 64, 'lr': 0.001, 'max_epochs': 32, 'module__n_features': 73, 'module__n_neurons': 128, 'module__nonlin': ReLU()}
2024-07-16 01:15:38,360 0.996817 (0.001205) with: {'batch_size': 64, 'lr': 0.001, 'max_epochs': 32, 'module__n_features': 73, 'module__n_neurons': 256, 'module__nonlin': Tanh()}
2024-07-16 01:15:38,360 0.999038 (0.000939) with: {'batch_size': 64, 'lr': 0.001, 'max_epochs': 32, 'module__n_features': 73, 'module__n_neurons': 256, 'module__nonlin': ReLU()}
2024-07-16 01:15:38,360 0.996098 (0.001830) with: {'batch_size': 64, 'lr': 0.001, 'max_epochs': 64, 'module__n_features': 73, 'module__n_neurons': 16, 'module__nonlin': Tanh()}
2024-07-16 01:15:38,360 0.996051 (0.001454) with: {'batch_size': 64, 'lr': 0.001, 'max_epochs': 64, 'module__n_features': 73, 'module__n_neurons': 16, 'module__nonlin': ReLU()}
2024-07-16 01:15:38,360 0.996765 (0.001365) with: {'batch_size': 64, 'lr': 0.001, 'max_epochs': 64, 'module__n_features': 73, 'module__n_neurons': 32, 'module__nonlin': Tanh()}
2024-07-16 01:15:38,360 0.998674 (0.001217) with: {'batch_size': 64, 'lr': 0.001, 'max_epochs': 64, 'module__n_features': 73, 'module__n_neurons': 32, 'module__nonlin': ReLU()}
2024-07-16 01:15:38,360 0.997415 (0.001170) with: {'batch_size': 64, 'lr': 0.001, 'max_epochs': 64, 'module__n_features': 73, 'module__n_neurons': 64, 'module__nonlin': Tanh()}
2024-07-16 01:15:38,361 0.998904 (0.001004) with: {'batch_size': 64, 'lr': 0.001, 'max_epochs': 64, 'module__n_features': 73, 'module__n_neurons': 64, 'module__nonlin': ReLU()}
2024-07-16 01:15:38,361 0.997775 (0.000678) with: {'batch_size': 64, 'lr': 0.001, 'max_epochs': 64, 'module__n_features': 73, 'module__n_neurons': 128, 'module__nonlin': Tanh()}
2024-07-16 01:15:38,361 0.998349 (0.001885) with: {'batch_size': 64, 'lr': 0.001, 'max_epochs': 64, 'module__n_features': 73, 'module__n_neurons': 128, 'module__nonlin': ReLU()}
2024-07-16 01:15:38,361 0.998076 (0.001249) with: {'batch_size': 64, 'lr': 0.001, 'max_epochs': 64, 'module__n_features': 73, 'module__n_neurons': 256, 'module__nonlin': Tanh()}
2024-07-16 01:15:38,361 0.998802 (0.001275) with: {'batch_size': 64, 'lr': 0.001, 'max_epochs': 64, 'module__n_features': 73, 'module__n_neurons': 256, 'module__nonlin': ReLU()}
2024-07-16 01:15:38,361 0.997917 (0.001230) with: {'batch_size': 64, 'lr': 0.001, 'max_epochs': 128, 'module__n_features': 73, 'module__n_neurons': 16, 'module__nonlin': Tanh()}
2024-07-16 01:15:38,361 0.998601 (0.001481) with: {'batch_size': 64, 'lr': 0.001, 'max_epochs': 128, 'module__n_features': 73, 'module__n_neurons': 16, 'module__nonlin': ReLU()}
2024-07-16 01:15:38,361 0.997783 (0.001344) with: {'batch_size': 64, 'lr': 0.001, 'max_epochs': 128, 'module__n_features': 73, 'module__n_neurons': 32, 'module__nonlin': Tanh()}
2024-07-16 01:15:38,361 0.998619 (0.001159) with: {'batch_size': 64, 'lr': 0.001, 'max_epochs': 128, 'module__n_features': 73, 'module__n_neurons': 32, 'module__nonlin': ReLU()}
2024-07-16 01:15:38,361 0.998095 (0.001188) with: {'batch_size': 64, 'lr': 0.001, 'max_epochs': 128, 'module__n_features': 73, 'module__n_neurons': 64, 'module__nonlin': Tanh()}
2024-07-16 01:15:38,361 0.999007 (0.000882) with: {'batch_size': 64, 'lr': 0.001, 'max_epochs': 128, 'module__n_features': 73, 'module__n_neurons': 64, 'module__nonlin': ReLU()}
2024-07-16 01:15:38,361 0.998330 (0.001032) with: {'batch_size': 64, 'lr': 0.001, 'max_epochs': 128, 'module__n_features': 73, 'module__n_neurons': 128, 'module__nonlin': Tanh()}
2024-07-16 01:15:38,361 0.998461 (0.001491) with: {'batch_size': 64, 'lr': 0.001, 'max_epochs': 128, 'module__n_features': 73, 'module__n_neurons': 128, 'module__nonlin': ReLU()}
2024-07-16 01:15:38,361 0.998517 (0.001267) with: {'batch_size': 64, 'lr': 0.001, 'max_epochs': 128, 'module__n_features': 73, 'module__n_neurons': 256, 'module__nonlin': Tanh()}
2024-07-16 01:15:38,361 0.998506 (0.001488) with: {'batch_size': 64, 'lr': 0.001, 'max_epochs': 128, 'module__n_features': 73, 'module__n_neurons': 256, 'module__nonlin': ReLU()}
2024-07-16 01:15:38,361 0.997138 (0.001281) with: {'batch_size': 64, 'lr': 0.01, 'max_epochs': 16, 'module__n_features': 73, 'module__n_neurons': 16, 'module__nonlin': Tanh()}
2024-07-16 01:15:38,361 0.997480 (0.001851) with: {'batch_size': 64, 'lr': 0.01, 'max_epochs': 16, 'module__n_features': 73, 'module__n_neurons': 16, 'module__nonlin': ReLU()}
2024-07-16 01:15:38,361 0.997445 (0.001437) with: {'batch_size': 64, 'lr': 0.01, 'max_epochs': 16, 'module__n_features': 73, 'module__n_neurons': 32, 'module__nonlin': Tanh()}
2024-07-16 01:15:38,361 0.998232 (0.001278) with: {'batch_size': 64, 'lr': 0.01, 'max_epochs': 16, 'module__n_features': 73, 'module__n_neurons': 32, 'module__nonlin': ReLU()}
2024-07-16 01:15:38,361 0.998036 (0.001534) with: {'batch_size': 64, 'lr': 0.01, 'max_epochs': 16, 'module__n_features': 73, 'module__n_neurons': 64, 'module__nonlin': Tanh()}
2024-07-16 01:15:38,361 0.998287 (0.001588) with: {'batch_size': 64, 'lr': 0.01, 'max_epochs': 16, 'module__n_features': 73, 'module__n_neurons': 64, 'module__nonlin': ReLU()}
2024-07-16 01:15:38,361 0.998155 (0.001458) with: {'batch_size': 64, 'lr': 0.01, 'max_epochs': 16, 'module__n_features': 73, 'module__n_neurons': 128, 'module__nonlin': Tanh()}
2024-07-16 01:15:38,361 0.998583 (0.001658) with: {'batch_size': 64, 'lr': 0.01, 'max_epochs': 16, 'module__n_features': 73, 'module__n_neurons': 128, 'module__nonlin': ReLU()}
2024-07-16 01:15:38,361 0.997291 (0.001685) with: {'batch_size': 64, 'lr': 0.01, 'max_epochs': 16, 'module__n_features': 73, 'module__n_neurons': 256, 'module__nonlin': Tanh()}
2024-07-16 01:15:38,361 0.998793 (0.001264) with: {'batch_size': 64, 'lr': 0.01, 'max_epochs': 16, 'module__n_features': 73, 'module__n_neurons': 256, 'module__nonlin': ReLU()}
2024-07-16 01:15:38,361 0.998137 (0.001550) with: {'batch_size': 64, 'lr': 0.01, 'max_epochs': 32, 'module__n_features': 73, 'module__n_neurons': 16, 'module__nonlin': Tanh()}
2024-07-16 01:15:38,361 0.998450 (0.001427) with: {'batch_size': 64, 'lr': 0.01, 'max_epochs': 32, 'module__n_features': 73, 'module__n_neurons': 16, 'module__nonlin': ReLU()}
2024-07-16 01:15:38,361 0.998609 (0.001328) with: {'batch_size': 64, 'lr': 0.01, 'max_epochs': 32, 'module__n_features': 73, 'module__n_neurons': 32, 'module__nonlin': Tanh()}
2024-07-16 01:15:38,361 0.998493 (0.001599) with: {'batch_size': 64, 'lr': 0.01, 'max_epochs': 32, 'module__n_features': 73, 'module__n_neurons': 32, 'module__nonlin': ReLU()}
2024-07-16 01:15:38,361 0.997928 (0.002359) with: {'batch_size': 64, 'lr': 0.01, 'max_epochs': 32, 'module__n_features': 73, 'module__n_neurons': 64, 'module__nonlin': Tanh()}
2024-07-16 01:15:38,361 0.998260 (0.002130) with: {'batch_size': 64, 'lr': 0.01, 'max_epochs': 32, 'module__n_features': 73, 'module__n_neurons': 64, 'module__nonlin': ReLU()}
2024-07-16 01:15:38,361 0.998360 (0.002363) with: {'batch_size': 64, 'lr': 0.01, 'max_epochs': 32, 'module__n_features': 73, 'module__n_neurons': 128, 'module__nonlin': Tanh()}
2024-07-16 01:15:38,361 0.999016 (0.001201) with: {'batch_size': 64, 'lr': 0.01, 'max_epochs': 32, 'module__n_features': 73, 'module__n_neurons': 128, 'module__nonlin': ReLU()}
2024-07-16 01:15:38,361 0.998483 (0.001377) with: {'batch_size': 64, 'lr': 0.01, 'max_epochs': 32, 'module__n_features': 73, 'module__n_neurons': 256, 'module__nonlin': Tanh()}
2024-07-16 01:15:38,361 0.998673 (0.001481) with: {'batch_size': 64, 'lr': 0.01, 'max_epochs': 32, 'module__n_features': 73, 'module__n_neurons': 256, 'module__nonlin': ReLU()}
2024-07-16 01:15:38,361 0.998126 (0.001924) with: {'batch_size': 64, 'lr': 0.01, 'max_epochs': 64, 'module__n_features': 73, 'module__n_neurons': 16, 'module__nonlin': Tanh()}
2024-07-16 01:15:38,361 0.998101 (0.001576) with: {'batch_size': 64, 'lr': 0.01, 'max_epochs': 64, 'module__n_features': 73, 'module__n_neurons': 16, 'module__nonlin': ReLU()}
2024-07-16 01:15:38,361 0.998566 (0.001651) with: {'batch_size': 64, 'lr': 0.01, 'max_epochs': 64, 'module__n_features': 73, 'module__n_neurons': 32, 'module__nonlin': Tanh()}
2024-07-16 01:15:38,361 0.998737 (0.001174) with: {'batch_size': 64, 'lr': 0.01, 'max_epochs': 64, 'module__n_features': 73, 'module__n_neurons': 32, 'module__nonlin': ReLU()}
2024-07-16 01:15:38,361 0.998278 (0.002025) with: {'batch_size': 64, 'lr': 0.01, 'max_epochs': 64, 'module__n_features': 73, 'module__n_neurons': 64, 'module__nonlin': Tanh()}
2024-07-16 01:15:38,361 0.998527 (0.001545) with: {'batch_size': 64, 'lr': 0.01, 'max_epochs': 64, 'module__n_features': 73, 'module__n_neurons': 64, 'module__nonlin': ReLU()}
2024-07-16 01:15:38,361 0.998284 (0.001936) with: {'batch_size': 64, 'lr': 0.01, 'max_epochs': 64, 'module__n_features': 73, 'module__n_neurons': 128, 'module__nonlin': Tanh()}
2024-07-16 01:15:38,361 0.998913 (0.001180) with: {'batch_size': 64, 'lr': 0.01, 'max_epochs': 64, 'module__n_features': 73, 'module__n_neurons': 128, 'module__nonlin': ReLU()}
2024-07-16 01:15:38,361 0.998033 (0.002261) with: {'batch_size': 64, 'lr': 0.01, 'max_epochs': 64, 'module__n_features': 73, 'module__n_neurons': 256, 'module__nonlin': Tanh()}
2024-07-16 01:15:38,361 0.998848 (0.001304) with: {'batch_size': 64, 'lr': 0.01, 'max_epochs': 64, 'module__n_features': 73, 'module__n_neurons': 256, 'module__nonlin': ReLU()}
2024-07-16 01:15:38,361 0.998213 (0.001581) with: {'batch_size': 64, 'lr': 0.01, 'max_epochs': 128, 'module__n_features': 73, 'module__n_neurons': 16, 'module__nonlin': Tanh()}
2024-07-16 01:15:38,361 0.998975 (0.001268) with: {'batch_size': 64, 'lr': 0.01, 'max_epochs': 128, 'module__n_features': 73, 'module__n_neurons': 16, 'module__nonlin': ReLU()}
2024-07-16 01:15:38,361 0.998217 (0.002148) with: {'batch_size': 64, 'lr': 0.01, 'max_epochs': 128, 'module__n_features': 73, 'module__n_neurons': 32, 'module__nonlin': Tanh()}
2024-07-16 01:15:38,361 0.998449 (0.001183) with: {'batch_size': 64, 'lr': 0.01, 'max_epochs': 128, 'module__n_features': 73, 'module__n_neurons': 32, 'module__nonlin': ReLU()}
2024-07-16 01:15:38,361 0.998342 (0.001882) with: {'batch_size': 64, 'lr': 0.01, 'max_epochs': 128, 'module__n_features': 73, 'module__n_neurons': 64, 'module__nonlin': Tanh()}
2024-07-16 01:15:38,361 0.998202 (0.001504) with: {'batch_size': 64, 'lr': 0.01, 'max_epochs': 128, 'module__n_features': 73, 'module__n_neurons': 64, 'module__nonlin': ReLU()}
2024-07-16 01:15:38,362 0.998149 (0.002297) with: {'batch_size': 64, 'lr': 0.01, 'max_epochs': 128, 'module__n_features': 73, 'module__n_neurons': 128, 'module__nonlin': Tanh()}
2024-07-16 01:15:38,362 0.998780 (0.001428) with: {'batch_size': 64, 'lr': 0.01, 'max_epochs': 128, 'module__n_features': 73, 'module__n_neurons': 128, 'module__nonlin': ReLU()}
2024-07-16 01:15:38,362 0.997840 (0.003117) with: {'batch_size': 64, 'lr': 0.01, 'max_epochs': 128, 'module__n_features': 73, 'module__n_neurons': 256, 'module__nonlin': Tanh()}
2024-07-16 01:15:38,362 0.998426 (0.001340) with: {'batch_size': 64, 'lr': 0.01, 'max_epochs': 128, 'module__n_features': 73, 'module__n_neurons': 256, 'module__nonlin': ReLU()}
2024-07-16 01:15:38,362 0.998027 (0.001618) with: {'batch_size': 64, 'lr': 0.02, 'max_epochs': 16, 'module__n_features': 73, 'module__n_neurons': 16, 'module__nonlin': Tanh()}
2024-07-16 01:15:38,362 0.997537 (0.001243) with: {'batch_size': 64, 'lr': 0.02, 'max_epochs': 16, 'module__n_features': 73, 'module__n_neurons': 16, 'module__nonlin': ReLU()}
2024-07-16 01:15:38,362 0.998051 (0.001585) with: {'batch_size': 64, 'lr': 0.02, 'max_epochs': 16, 'module__n_features': 73, 'module__n_neurons': 32, 'module__nonlin': Tanh()}
2024-07-16 01:15:38,362 0.997805 (0.002079) with: {'batch_size': 64, 'lr': 0.02, 'max_epochs': 16, 'module__n_features': 73, 'module__n_neurons': 32, 'module__nonlin': ReLU()}
2024-07-16 01:15:38,362 0.998198 (0.002120) with: {'batch_size': 64, 'lr': 0.02, 'max_epochs': 16, 'module__n_features': 73, 'module__n_neurons': 64, 'module__nonlin': Tanh()}
2024-07-16 01:15:38,362 0.998094 (0.001849) with: {'batch_size': 64, 'lr': 0.02, 'max_epochs': 16, 'module__n_features': 73, 'module__n_neurons': 64, 'module__nonlin': ReLU()}
2024-07-16 01:15:38,362 0.996710 (0.003366) with: {'batch_size': 64, 'lr': 0.02, 'max_epochs': 16, 'module__n_features': 73, 'module__n_neurons': 128, 'module__nonlin': Tanh()}
2024-07-16 01:15:38,362 0.998119 (0.001564) with: {'batch_size': 64, 'lr': 0.02, 'max_epochs': 16, 'module__n_features': 73, 'module__n_neurons': 128, 'module__nonlin': ReLU()}
2024-07-16 01:15:38,362 0.419152 (0.273416) with: {'batch_size': 64, 'lr': 0.02, 'max_epochs': 16, 'module__n_features': 73, 'module__n_neurons': 256, 'module__nonlin': Tanh()}
2024-07-16 01:15:38,362 0.998112 (0.002290) with: {'batch_size': 64, 'lr': 0.02, 'max_epochs': 16, 'module__n_features': 73, 'module__n_neurons': 256, 'module__nonlin': ReLU()}
2024-07-16 01:15:38,362 0.997960 (0.001929) with: {'batch_size': 64, 'lr': 0.02, 'max_epochs': 32, 'module__n_features': 73, 'module__n_neurons': 16, 'module__nonlin': Tanh()}
2024-07-16 01:15:38,362 0.994800 (0.005221) with: {'batch_size': 64, 'lr': 0.02, 'max_epochs': 32, 'module__n_features': 73, 'module__n_neurons': 16, 'module__nonlin': ReLU()}
2024-07-16 01:15:38,362 0.998079 (0.002385) with: {'batch_size': 64, 'lr': 0.02, 'max_epochs': 32, 'module__n_features': 73, 'module__n_neurons': 32, 'module__nonlin': Tanh()}
2024-07-16 01:15:38,362 0.998588 (0.001323) with: {'batch_size': 64, 'lr': 0.02, 'max_epochs': 32, 'module__n_features': 73, 'module__n_neurons': 32, 'module__nonlin': ReLU()}
2024-07-16 01:15:38,362 0.997990 (0.002336) with: {'batch_size': 64, 'lr': 0.02, 'max_epochs': 32, 'module__n_features': 73, 'module__n_neurons': 64, 'module__nonlin': Tanh()}
2024-07-16 01:15:38,362 0.998425 (0.001781) with: {'batch_size': 64, 'lr': 0.02, 'max_epochs': 32, 'module__n_features': 73, 'module__n_neurons': 64, 'module__nonlin': ReLU()}
2024-07-16 01:15:38,362 0.998824 (0.001240) with: {'batch_size': 64, 'lr': 0.02, 'max_epochs': 32, 'module__n_features': 73, 'module__n_neurons': 128, 'module__nonlin': Tanh()}
2024-07-16 01:15:38,362 0.998976 (0.001118) with: {'batch_size': 64, 'lr': 0.02, 'max_epochs': 32, 'module__n_features': 73, 'module__n_neurons': 128, 'module__nonlin': ReLU()}
2024-07-16 01:15:38,362 0.508598 (0.399802) with: {'batch_size': 64, 'lr': 0.02, 'max_epochs': 32, 'module__n_features': 73, 'module__n_neurons': 256, 'module__nonlin': Tanh()}
2024-07-16 01:15:38,362 0.998465 (0.001529) with: {'batch_size': 64, 'lr': 0.02, 'max_epochs': 32, 'module__n_features': 73, 'module__n_neurons': 256, 'module__nonlin': ReLU()}
2024-07-16 01:15:38,362 0.998514 (0.001804) with: {'batch_size': 64, 'lr': 0.02, 'max_epochs': 64, 'module__n_features': 73, 'module__n_neurons': 16, 'module__nonlin': Tanh()}
2024-07-16 01:15:38,362 0.998326 (0.001874) with: {'batch_size': 64, 'lr': 0.02, 'max_epochs': 64, 'module__n_features': 73, 'module__n_neurons': 16, 'module__nonlin': ReLU()}
2024-07-16 01:15:38,362 0.998174 (0.002024) with: {'batch_size': 64, 'lr': 0.02, 'max_epochs': 64, 'module__n_features': 73, 'module__n_neurons': 32, 'module__nonlin': Tanh()}
2024-07-16 01:15:38,362 0.998784 (0.001100) with: {'batch_size': 64, 'lr': 0.02, 'max_epochs': 64, 'module__n_features': 73, 'module__n_neurons': 32, 'module__nonlin': ReLU()}
2024-07-16 01:15:38,362 0.998296 (0.001825) with: {'batch_size': 64, 'lr': 0.02, 'max_epochs': 64, 'module__n_features': 73, 'module__n_neurons': 64, 'module__nonlin': Tanh()}
2024-07-16 01:15:38,362 0.998585 (0.001672) with: {'batch_size': 64, 'lr': 0.02, 'max_epochs': 64, 'module__n_features': 73, 'module__n_neurons': 64, 'module__nonlin': ReLU()}
2024-07-16 01:15:38,362 0.997409 (0.003948) with: {'batch_size': 64, 'lr': 0.02, 'max_epochs': 64, 'module__n_features': 73, 'module__n_neurons': 128, 'module__nonlin': Tanh()}
2024-07-16 01:15:38,362 0.998337 (0.001809) with: {'batch_size': 64, 'lr': 0.02, 'max_epochs': 64, 'module__n_features': 73, 'module__n_neurons': 128, 'module__nonlin': ReLU()}
2024-07-16 01:15:38,362 0.716736 (0.296271) with: {'batch_size': 64, 'lr': 0.02, 'max_epochs': 64, 'module__n_features': 73, 'module__n_neurons': 256, 'module__nonlin': Tanh()}
2024-07-16 01:15:38,362 0.997497 (0.002232) with: {'batch_size': 64, 'lr': 0.02, 'max_epochs': 64, 'module__n_features': 73, 'module__n_neurons': 256, 'module__nonlin': ReLU()}
2024-07-16 01:15:38,362 0.998176 (0.002128) with: {'batch_size': 64, 'lr': 0.02, 'max_epochs': 128, 'module__n_features': 73, 'module__n_neurons': 16, 'module__nonlin': Tanh()}
2024-07-16 01:15:38,362 0.998007 (0.001652) with: {'batch_size': 64, 'lr': 0.02, 'max_epochs': 128, 'module__n_features': 73, 'module__n_neurons': 16, 'module__nonlin': ReLU()}
2024-07-16 01:15:38,362 0.998511 (0.001634) with: {'batch_size': 64, 'lr': 0.02, 'max_epochs': 128, 'module__n_features': 73, 'module__n_neurons': 32, 'module__nonlin': Tanh()}
2024-07-16 01:15:38,362 0.998483 (0.001703) with: {'batch_size': 64, 'lr': 0.02, 'max_epochs': 128, 'module__n_features': 73, 'module__n_neurons': 32, 'module__nonlin': ReLU()}
2024-07-16 01:15:38,362 0.998300 (0.002013) with: {'batch_size': 64, 'lr': 0.02, 'max_epochs': 128, 'module__n_features': 73, 'module__n_neurons': 64, 'module__nonlin': Tanh()}
2024-07-16 01:15:38,362 0.997983 (0.002034) with: {'batch_size': 64, 'lr': 0.02, 'max_epochs': 128, 'module__n_features': 73, 'module__n_neurons': 64, 'module__nonlin': ReLU()}
2024-07-16 01:15:38,362 0.997414 (0.002915) with: {'batch_size': 64, 'lr': 0.02, 'max_epochs': 128, 'module__n_features': 73, 'module__n_neurons': 128, 'module__nonlin': Tanh()}
2024-07-16 01:15:38,362 0.998753 (0.001333) with: {'batch_size': 64, 'lr': 0.02, 'max_epochs': 128, 'module__n_features': 73, 'module__n_neurons': 128, 'module__nonlin': ReLU()}
2024-07-16 01:15:38,362 0.655326 (0.305000) with: {'batch_size': 64, 'lr': 0.02, 'max_epochs': 128, 'module__n_features': 73, 'module__n_neurons': 256, 'module__nonlin': Tanh()}
2024-07-16 01:15:38,362 0.998137 (0.001607) with: {'batch_size': 64, 'lr': 0.02, 'max_epochs': 128, 'module__n_features': 73, 'module__n_neurons': 256, 'module__nonlin': ReLU()}
2024-07-16 01:15:38,362 0.971839 (0.007521) with: {'batch_size': 128, 'lr': 0.001, 'max_epochs': 16, 'module__n_features': 73, 'module__n_neurons': 16, 'module__nonlin': Tanh()}
2024-07-16 01:15:38,362 0.961282 (0.015036) with: {'batch_size': 128, 'lr': 0.001, 'max_epochs': 16, 'module__n_features': 73, 'module__n_neurons': 16, 'module__nonlin': ReLU()}
2024-07-16 01:15:38,362 0.988527 (0.003670) with: {'batch_size': 128, 'lr': 0.001, 'max_epochs': 16, 'module__n_features': 73, 'module__n_neurons': 32, 'module__nonlin': Tanh()}
2024-07-16 01:15:38,362 0.979599 (0.004393) with: {'batch_size': 128, 'lr': 0.001, 'max_epochs': 16, 'module__n_features': 73, 'module__n_neurons': 32, 'module__nonlin': ReLU()}
2024-07-16 01:15:38,362 0.993676 (0.001453) with: {'batch_size': 128, 'lr': 0.001, 'max_epochs': 16, 'module__n_features': 73, 'module__n_neurons': 64, 'module__nonlin': Tanh()}
2024-07-16 01:15:38,362 0.990880 (0.003649) with: {'batch_size': 128, 'lr': 0.001, 'max_epochs': 16, 'module__n_features': 73, 'module__n_neurons': 64, 'module__nonlin': ReLU()}
2024-07-16 01:15:38,363 0.995080 (0.001925) with: {'batch_size': 128, 'lr': 0.001, 'max_epochs': 16, 'module__n_features': 73, 'module__n_neurons': 128, 'module__nonlin': Tanh()}
2024-07-16 01:15:38,363 0.996288 (0.001828) with: {'batch_size': 128, 'lr': 0.001, 'max_epochs': 16, 'module__n_features': 73, 'module__n_neurons': 128, 'module__nonlin': ReLU()}
2024-07-16 01:15:38,363 0.995794 (0.001511) with: {'batch_size': 128, 'lr': 0.001, 'max_epochs': 16, 'module__n_features': 73, 'module__n_neurons': 256, 'module__nonlin': Tanh()}
2024-07-16 01:15:38,363 0.998600 (0.000821) with: {'batch_size': 128, 'lr': 0.001, 'max_epochs': 16, 'module__n_features': 73, 'module__n_neurons': 256, 'module__nonlin': ReLU()}
2024-07-16 01:15:38,363 0.992187 (0.002415) with: {'batch_size': 128, 'lr': 0.001, 'max_epochs': 32, 'module__n_features': 73, 'module__n_neurons': 16, 'module__nonlin': Tanh()}
2024-07-16 01:15:38,363 0.985216 (0.005504) with: {'batch_size': 128, 'lr': 0.001, 'max_epochs': 32, 'module__n_features': 73, 'module__n_neurons': 16, 'module__nonlin': ReLU()}
2024-07-16 01:15:38,363 0.994550 (0.001666) with: {'batch_size': 128, 'lr': 0.001, 'max_epochs': 32, 'module__n_features': 73, 'module__n_neurons': 32, 'module__nonlin': Tanh()}
2024-07-16 01:15:38,363 0.993197 (0.003327) with: {'batch_size': 128, 'lr': 0.001, 'max_epochs': 32, 'module__n_features': 73, 'module__n_neurons': 32, 'module__nonlin': ReLU()}
2024-07-16 01:15:38,363 0.995540 (0.001632) with: {'batch_size': 128, 'lr': 0.001, 'max_epochs': 32, 'module__n_features': 73, 'module__n_neurons': 64, 'module__nonlin': Tanh()}
2024-07-16 01:15:38,363 0.997197 (0.001533) with: {'batch_size': 128, 'lr': 0.001, 'max_epochs': 32, 'module__n_features': 73, 'module__n_neurons': 64, 'module__nonlin': ReLU()}
2024-07-16 01:15:38,363 0.995917 (0.001895) with: {'batch_size': 128, 'lr': 0.001, 'max_epochs': 32, 'module__n_features': 73, 'module__n_neurons': 128, 'module__nonlin': Tanh()}
2024-07-16 01:15:38,363 0.998520 (0.001386) with: {'batch_size': 128, 'lr': 0.001, 'max_epochs': 32, 'module__n_features': 73, 'module__n_neurons': 128, 'module__nonlin': ReLU()}
2024-07-16 01:15:38,363 0.996437 (0.001618) with: {'batch_size': 128, 'lr': 0.001, 'max_epochs': 32, 'module__n_features': 73, 'module__n_neurons': 256, 'module__nonlin': Tanh()}
2024-07-16 01:15:38,363 0.998879 (0.001304) with: {'batch_size': 128, 'lr': 0.001, 'max_epochs': 32, 'module__n_features': 73, 'module__n_neurons': 256, 'module__nonlin': ReLU()}
2024-07-16 01:15:38,363 0.995283 (0.001839) with: {'batch_size': 128, 'lr': 0.001, 'max_epochs': 64, 'module__n_features': 73, 'module__n_neurons': 16, 'module__nonlin': Tanh()}
2024-07-16 01:15:38,363 0.995585 (0.001703) with: {'batch_size': 128, 'lr': 0.001, 'max_epochs': 64, 'module__n_features': 73, 'module__n_neurons': 16, 'module__nonlin': ReLU()}
2024-07-16 01:15:38,363 0.995950 (0.001604) with: {'batch_size': 128, 'lr': 0.001, 'max_epochs': 64, 'module__n_features': 73, 'module__n_neurons': 32, 'module__nonlin': Tanh()}
2024-07-16 01:15:38,363 0.997773 (0.001291) with: {'batch_size': 128, 'lr': 0.001, 'max_epochs': 64, 'module__n_features': 73, 'module__n_neurons': 32, 'module__nonlin': ReLU()}
2024-07-16 01:15:38,363 0.996762 (0.001207) with: {'batch_size': 128, 'lr': 0.001, 'max_epochs': 64, 'module__n_features': 73, 'module__n_neurons': 64, 'module__nonlin': Tanh()}
2024-07-16 01:15:38,363 0.998432 (0.001514) with: {'batch_size': 128, 'lr': 0.001, 'max_epochs': 64, 'module__n_features': 73, 'module__n_neurons': 64, 'module__nonlin': ReLU()}
2024-07-16 01:15:38,363 0.997317 (0.001131) with: {'batch_size': 128, 'lr': 0.001, 'max_epochs': 64, 'module__n_features': 73, 'module__n_neurons': 128, 'module__nonlin': Tanh()}
2024-07-16 01:15:38,363 0.998328 (0.001599) with: {'batch_size': 128, 'lr': 0.001, 'max_epochs': 64, 'module__n_features': 73, 'module__n_neurons': 128, 'module__nonlin': ReLU()}
2024-07-16 01:15:38,363 0.997708 (0.000789) with: {'batch_size': 128, 'lr': 0.001, 'max_epochs': 64, 'module__n_features': 73, 'module__n_neurons': 256, 'module__nonlin': Tanh()}
2024-07-16 01:15:38,363 0.998747 (0.001329) with: {'batch_size': 128, 'lr': 0.001, 'max_epochs': 64, 'module__n_features': 73, 'module__n_neurons': 256, 'module__nonlin': ReLU()}
2024-07-16 01:15:38,363 0.996674 (0.001945) with: {'batch_size': 128, 'lr': 0.001, 'max_epochs': 128, 'module__n_features': 73, 'module__n_neurons': 16, 'module__nonlin': Tanh()}
2024-07-16 01:15:38,363 0.996589 (0.000984) with: {'batch_size': 128, 'lr': 0.001, 'max_epochs': 128, 'module__n_features': 73, 'module__n_neurons': 16, 'module__nonlin': ReLU()}
2024-07-16 01:15:38,363 0.997489 (0.001382) with: {'batch_size': 128, 'lr': 0.001, 'max_epochs': 128, 'module__n_features': 73, 'module__n_neurons': 32, 'module__nonlin': Tanh()}
2024-07-16 01:15:38,363 0.998432 (0.001515) with: {'batch_size': 128, 'lr': 0.001, 'max_epochs': 128, 'module__n_features': 73, 'module__n_neurons': 32, 'module__nonlin': ReLU()}
2024-07-16 01:15:38,363 0.998128 (0.000880) with: {'batch_size': 128, 'lr': 0.001, 'max_epochs': 128, 'module__n_features': 73, 'module__n_neurons': 64, 'module__nonlin': Tanh()}
2024-07-16 01:15:38,363 0.998555 (0.001454) with: {'batch_size': 128, 'lr': 0.001, 'max_epochs': 128, 'module__n_features': 73, 'module__n_neurons': 64, 'module__nonlin': ReLU()}
2024-07-16 01:15:38,363 0.997815 (0.000856) with: {'batch_size': 128, 'lr': 0.001, 'max_epochs': 128, 'module__n_features': 73, 'module__n_neurons': 128, 'module__nonlin': Tanh()}
2024-07-16 01:15:38,363 0.998585 (0.001465) with: {'batch_size': 128, 'lr': 0.001, 'max_epochs': 128, 'module__n_features': 73, 'module__n_neurons': 128, 'module__nonlin': ReLU()}
2024-07-16 01:15:38,363 0.997332 (0.001549) with: {'batch_size': 128, 'lr': 0.001, 'max_epochs': 128, 'module__n_features': 73, 'module__n_neurons': 256, 'module__nonlin': Tanh()}
2024-07-16 01:15:38,363 0.998731 (0.001695) with: {'batch_size': 128, 'lr': 0.001, 'max_epochs': 128, 'module__n_features': 73, 'module__n_neurons': 256, 'module__nonlin': ReLU()}
2024-07-16 01:15:38,363 0.996002 (0.001597) with: {'batch_size': 128, 'lr': 0.01, 'max_epochs': 16, 'module__n_features': 73, 'module__n_neurons': 16, 'module__nonlin': Tanh()}
2024-07-16 01:15:38,363 0.995979 (0.002365) with: {'batch_size': 128, 'lr': 0.01, 'max_epochs': 16, 'module__n_features': 73, 'module__n_neurons': 16, 'module__nonlin': ReLU()}
2024-07-16 01:15:38,363 0.996691 (0.001573) with: {'batch_size': 128, 'lr': 0.01, 'max_epochs': 16, 'module__n_features': 73, 'module__n_neurons': 32, 'module__nonlin': Tanh()}
2024-07-16 01:15:38,363 0.997366 (0.002101) with: {'batch_size': 128, 'lr': 0.01, 'max_epochs': 16, 'module__n_features': 73, 'module__n_neurons': 32, 'module__nonlin': ReLU()}
2024-07-16 01:15:38,363 0.996655 (0.001399) with: {'batch_size': 128, 'lr': 0.01, 'max_epochs': 16, 'module__n_features': 73, 'module__n_neurons': 64, 'module__nonlin': Tanh()}
2024-07-16 01:15:38,363 0.998408 (0.001468) with: {'batch_size': 128, 'lr': 0.01, 'max_epochs': 16, 'module__n_features': 73, 'module__n_neurons': 64, 'module__nonlin': ReLU()}
2024-07-16 01:15:38,363 0.996968 (0.001637) with: {'batch_size': 128, 'lr': 0.01, 'max_epochs': 16, 'module__n_features': 73, 'module__n_neurons': 128, 'module__nonlin': Tanh()}
2024-07-16 01:15:38,363 0.998539 (0.001738) with: {'batch_size': 128, 'lr': 0.01, 'max_epochs': 16, 'module__n_features': 73, 'module__n_neurons': 128, 'module__nonlin': ReLU()}
2024-07-16 01:15:38,363 0.996989 (0.001867) with: {'batch_size': 128, 'lr': 0.01, 'max_epochs': 16, 'module__n_features': 73, 'module__n_neurons': 256, 'module__nonlin': Tanh()}
2024-07-16 01:15:38,363 0.998398 (0.001513) with: {'batch_size': 128, 'lr': 0.01, 'max_epochs': 16, 'module__n_features': 73, 'module__n_neurons': 256, 'module__nonlin': ReLU()}
2024-07-16 01:15:38,363 0.997506 (0.001378) with: {'batch_size': 128, 'lr': 0.01, 'max_epochs': 32, 'module__n_features': 73, 'module__n_neurons': 16, 'module__nonlin': Tanh()}
2024-07-16 01:15:38,363 0.997020 (0.001878) with: {'batch_size': 128, 'lr': 0.01, 'max_epochs': 32, 'module__n_features': 73, 'module__n_neurons': 16, 'module__nonlin': ReLU()}
2024-07-16 01:15:38,363 0.998367 (0.001246) with: {'batch_size': 128, 'lr': 0.01, 'max_epochs': 32, 'module__n_features': 73, 'module__n_neurons': 32, 'module__nonlin': Tanh()}
2024-07-16 01:15:38,363 0.998153 (0.001498) with: {'batch_size': 128, 'lr': 0.01, 'max_epochs': 32, 'module__n_features': 73, 'module__n_neurons': 32, 'module__nonlin': ReLU()}
2024-07-16 01:15:38,363 0.998256 (0.001580) with: {'batch_size': 128, 'lr': 0.01, 'max_epochs': 32, 'module__n_features': 73, 'module__n_neurons': 64, 'module__nonlin': Tanh()}
2024-07-16 01:15:38,363 0.998450 (0.001681) with: {'batch_size': 128, 'lr': 0.01, 'max_epochs': 32, 'module__n_features': 73, 'module__n_neurons': 64, 'module__nonlin': ReLU()}
2024-07-16 01:15:38,363 0.998502 (0.001632) with: {'batch_size': 128, 'lr': 0.01, 'max_epochs': 32, 'module__n_features': 73, 'module__n_neurons': 128, 'module__nonlin': Tanh()}
2024-07-16 01:15:38,364 0.998869 (0.001441) with: {'batch_size': 128, 'lr': 0.01, 'max_epochs': 32, 'module__n_features': 73, 'module__n_neurons': 128, 'module__nonlin': ReLU()}
2024-07-16 01:15:38,364 0.997830 (0.002197) with: {'batch_size': 128, 'lr': 0.01, 'max_epochs': 32, 'module__n_features': 73, 'module__n_neurons': 256, 'module__nonlin': Tanh()}
2024-07-16 01:15:38,364 0.998272 (0.001939) with: {'batch_size': 128, 'lr': 0.01, 'max_epochs': 32, 'module__n_features': 73, 'module__n_neurons': 256, 'module__nonlin': ReLU()}
2024-07-16 01:15:38,364 0.998964 (0.001114) with: {'batch_size': 128, 'lr': 0.01, 'max_epochs': 64, 'module__n_features': 73, 'module__n_neurons': 16, 'module__nonlin': Tanh()}
2024-07-16 01:15:38,364 0.997120 (0.002966) with: {'batch_size': 128, 'lr': 0.01, 'max_epochs': 64, 'module__n_features': 73, 'module__n_neurons': 16, 'module__nonlin': ReLU()}
2024-07-16 01:15:38,364 0.997951 (0.002075) with: {'batch_size': 128, 'lr': 0.01, 'max_epochs': 64, 'module__n_features': 73, 'module__n_neurons': 32, 'module__nonlin': Tanh()}
2024-07-16 01:15:38,364 0.998196 (0.001477) with: {'batch_size': 128, 'lr': 0.01, 'max_epochs': 64, 'module__n_features': 73, 'module__n_neurons': 32, 'module__nonlin': ReLU()}
2024-07-16 01:15:38,364 0.998410 (0.001771) with: {'batch_size': 128, 'lr': 0.01, 'max_epochs': 64, 'module__n_features': 73, 'module__n_neurons': 64, 'module__nonlin': Tanh()}
2024-07-16 01:15:38,364 0.999014 (0.001115) with: {'batch_size': 128, 'lr': 0.01, 'max_epochs': 64, 'module__n_features': 73, 'module__n_neurons': 64, 'module__nonlin': ReLU()}
2024-07-16 01:15:38,364 0.998440 (0.002006) with: {'batch_size': 128, 'lr': 0.01, 'max_epochs': 64, 'module__n_features': 73, 'module__n_neurons': 128, 'module__nonlin': Tanh()}
2024-07-16 01:15:38,364 0.998306 (0.001942) with: {'batch_size': 128, 'lr': 0.01, 'max_epochs': 64, 'module__n_features': 73, 'module__n_neurons': 128, 'module__nonlin': ReLU()}
2024-07-16 01:15:38,364 0.998005 (0.002454) with: {'batch_size': 128, 'lr': 0.01, 'max_epochs': 64, 'module__n_features': 73, 'module__n_neurons': 256, 'module__nonlin': Tanh()}
2024-07-16 01:15:38,364 0.998471 (0.001838) with: {'batch_size': 128, 'lr': 0.01, 'max_epochs': 64, 'module__n_features': 73, 'module__n_neurons': 256, 'module__nonlin': ReLU()}
2024-07-16 01:15:38,364 0.998735 (0.001318) with: {'batch_size': 128, 'lr': 0.01, 'max_epochs': 128, 'module__n_features': 73, 'module__n_neurons': 16, 'module__nonlin': Tanh()}
2024-07-16 01:15:38,364 0.997666 (0.001699) with: {'batch_size': 128, 'lr': 0.01, 'max_epochs': 128, 'module__n_features': 73, 'module__n_neurons': 16, 'module__nonlin': ReLU()}
2024-07-16 01:15:38,364 0.998195 (0.002051) with: {'batch_size': 128, 'lr': 0.01, 'max_epochs': 128, 'module__n_features': 73, 'module__n_neurons': 32, 'module__nonlin': Tanh()}
2024-07-16 01:15:38,364 0.998612 (0.001495) with: {'batch_size': 128, 'lr': 0.01, 'max_epochs': 128, 'module__n_features': 73, 'module__n_neurons': 32, 'module__nonlin': ReLU()}
2024-07-16 01:15:38,364 0.998360 (0.002145) with: {'batch_size': 128, 'lr': 0.01, 'max_epochs': 128, 'module__n_features': 73, 'module__n_neurons': 64, 'module__nonlin': Tanh()}
2024-07-16 01:15:38,364 0.998272 (0.001646) with: {'batch_size': 128, 'lr': 0.01, 'max_epochs': 128, 'module__n_features': 73, 'module__n_neurons': 64, 'module__nonlin': ReLU()}
2024-07-16 01:15:38,364 0.998290 (0.001996) with: {'batch_size': 128, 'lr': 0.01, 'max_epochs': 128, 'module__n_features': 73, 'module__n_neurons': 128, 'module__nonlin': Tanh()}
2024-07-16 01:15:38,364 0.998764 (0.001504) with: {'batch_size': 128, 'lr': 0.01, 'max_epochs': 128, 'module__n_features': 73, 'module__n_neurons': 128, 'module__nonlin': ReLU()}
2024-07-16 01:15:38,364 0.998044 (0.002746) with: {'batch_size': 128, 'lr': 0.01, 'max_epochs': 128, 'module__n_features': 73, 'module__n_neurons': 256, 'module__nonlin': Tanh()}
2024-07-16 01:15:38,364 0.998791 (0.001351) with: {'batch_size': 128, 'lr': 0.01, 'max_epochs': 128, 'module__n_features': 73, 'module__n_neurons': 256, 'module__nonlin': ReLU()}
2024-07-16 01:15:38,364 0.997546 (0.001599) with: {'batch_size': 128, 'lr': 0.02, 'max_epochs': 16, 'module__n_features': 73, 'module__n_neurons': 16, 'module__nonlin': Tanh()}
2024-07-16 01:15:38,364 0.996175 (0.000667) with: {'batch_size': 128, 'lr': 0.02, 'max_epochs': 16, 'module__n_features': 73, 'module__n_neurons': 16, 'module__nonlin': ReLU()}
2024-07-16 01:15:38,364 0.997804 (0.001528) with: {'batch_size': 128, 'lr': 0.02, 'max_epochs': 16, 'module__n_features': 73, 'module__n_neurons': 32, 'module__nonlin': Tanh()}
2024-07-16 01:15:38,364 0.997907 (0.001280) with: {'batch_size': 128, 'lr': 0.02, 'max_epochs': 16, 'module__n_features': 73, 'module__n_neurons': 32, 'module__nonlin': ReLU()}
2024-07-16 01:15:38,364 0.997877 (0.001359) with: {'batch_size': 128, 'lr': 0.02, 'max_epochs': 16, 'module__n_features': 73, 'module__n_neurons': 64, 'module__nonlin': Tanh()}
2024-07-16 01:15:38,364 0.998015 (0.001819) with: {'batch_size': 128, 'lr': 0.02, 'max_epochs': 16, 'module__n_features': 73, 'module__n_neurons': 64, 'module__nonlin': ReLU()}
2024-07-16 01:15:38,364 0.996921 (0.002641) with: {'batch_size': 128, 'lr': 0.02, 'max_epochs': 16, 'module__n_features': 73, 'module__n_neurons': 128, 'module__nonlin': Tanh()}
2024-07-16 01:15:38,364 0.998551 (0.001425) with: {'batch_size': 128, 'lr': 0.02, 'max_epochs': 16, 'module__n_features': 73, 'module__n_neurons': 128, 'module__nonlin': ReLU()}
2024-07-16 01:15:38,364 0.750870 (0.253505) with: {'batch_size': 128, 'lr': 0.02, 'max_epochs': 16, 'module__n_features': 73, 'module__n_neurons': 256, 'module__nonlin': Tanh()}
2024-07-16 01:15:38,364 0.998756 (0.001156) with: {'batch_size': 128, 'lr': 0.02, 'max_epochs': 16, 'module__n_features': 73, 'module__n_neurons': 256, 'module__nonlin': ReLU()}
2024-07-16 01:15:38,364 0.998594 (0.001479) with: {'batch_size': 128, 'lr': 0.02, 'max_epochs': 32, 'module__n_features': 73, 'module__n_neurons': 16, 'module__nonlin': Tanh()}
2024-07-16 01:15:38,364 0.996626 (0.002441) with: {'batch_size': 128, 'lr': 0.02, 'max_epochs': 32, 'module__n_features': 73, 'module__n_neurons': 16, 'module__nonlin': ReLU()}
2024-07-16 01:15:38,364 0.998235 (0.001913) with: {'batch_size': 128, 'lr': 0.02, 'max_epochs': 32, 'module__n_features': 73, 'module__n_neurons': 32, 'module__nonlin': Tanh()}
2024-07-16 01:15:38,364 0.998239 (0.001771) with: {'batch_size': 128, 'lr': 0.02, 'max_epochs': 32, 'module__n_features': 73, 'module__n_neurons': 32, 'module__nonlin': ReLU()}
2024-07-16 01:15:38,364 0.998082 (0.001798) with: {'batch_size': 128, 'lr': 0.02, 'max_epochs': 32, 'module__n_features': 73, 'module__n_neurons': 64, 'module__nonlin': Tanh()}
2024-07-16 01:15:38,364 0.998037 (0.002211) with: {'batch_size': 128, 'lr': 0.02, 'max_epochs': 32, 'module__n_features': 73, 'module__n_neurons': 64, 'module__nonlin': ReLU()}
2024-07-16 01:15:38,364 0.997349 (0.002948) with: {'batch_size': 128, 'lr': 0.02, 'max_epochs': 32, 'module__n_features': 73, 'module__n_neurons': 128, 'module__nonlin': Tanh()}
2024-07-16 01:15:38,364 0.998735 (0.001324) with: {'batch_size': 128, 'lr': 0.02, 'max_epochs': 32, 'module__n_features': 73, 'module__n_neurons': 128, 'module__nonlin': ReLU()}
2024-07-16 01:15:38,364 0.714383 (0.241191) with: {'batch_size': 128, 'lr': 0.02, 'max_epochs': 32, 'module__n_features': 73, 'module__n_neurons': 256, 'module__nonlin': Tanh()}
2024-07-16 01:15:38,364 0.998385 (0.001995) with: {'batch_size': 128, 'lr': 0.02, 'max_epochs': 32, 'module__n_features': 73, 'module__n_neurons': 256, 'module__nonlin': ReLU()}
2024-07-16 01:15:38,364 0.998670 (0.001483) with: {'batch_size': 128, 'lr': 0.02, 'max_epochs': 64, 'module__n_features': 73, 'module__n_neurons': 16, 'module__nonlin': Tanh()}
2024-07-16 01:15:38,364 0.997968 (0.001975) with: {'batch_size': 128, 'lr': 0.02, 'max_epochs': 64, 'module__n_features': 73, 'module__n_neurons': 16, 'module__nonlin': ReLU()}
2024-07-16 01:15:38,364 0.998545 (0.001703) with: {'batch_size': 128, 'lr': 0.02, 'max_epochs': 64, 'module__n_features': 73, 'module__n_neurons': 32, 'module__nonlin': Tanh()}
2024-07-16 01:15:38,364 0.998474 (0.001912) with: {'batch_size': 128, 'lr': 0.02, 'max_epochs': 64, 'module__n_features': 73, 'module__n_neurons': 32, 'module__nonlin': ReLU()}
2024-07-16 01:15:38,364 0.998481 (0.001755) with: {'batch_size': 128, 'lr': 0.02, 'max_epochs': 64, 'module__n_features': 73, 'module__n_neurons': 64, 'module__nonlin': Tanh()}
2024-07-16 01:15:38,364 0.998586 (0.001287) with: {'batch_size': 128, 'lr': 0.02, 'max_epochs': 64, 'module__n_features': 73, 'module__n_neurons': 64, 'module__nonlin': ReLU()}
2024-07-16 01:15:38,364 0.997991 (0.002187) with: {'batch_size': 128, 'lr': 0.02, 'max_epochs': 64, 'module__n_features': 73, 'module__n_neurons': 128, 'module__nonlin': Tanh()}
2024-07-16 01:15:38,365 0.998625 (0.001260) with: {'batch_size': 128, 'lr': 0.02, 'max_epochs': 64, 'module__n_features': 73, 'module__n_neurons': 128, 'module__nonlin': ReLU()}
2024-07-16 01:15:38,365 0.968031 (0.055999) with: {'batch_size': 128, 'lr': 0.02, 'max_epochs': 64, 'module__n_features': 73, 'module__n_neurons': 256, 'module__nonlin': Tanh()}
2024-07-16 01:15:38,365 0.998505 (0.001917) with: {'batch_size': 128, 'lr': 0.02, 'max_epochs': 64, 'module__n_features': 73, 'module__n_neurons': 256, 'module__nonlin': ReLU()}
2024-07-16 01:15:38,365 0.998508 (0.001595) with: {'batch_size': 128, 'lr': 0.02, 'max_epochs': 128, 'module__n_features': 73, 'module__n_neurons': 16, 'module__nonlin': Tanh()}
2024-07-16 01:15:38,365 0.998407 (0.001402) with: {'batch_size': 128, 'lr': 0.02, 'max_epochs': 128, 'module__n_features': 73, 'module__n_neurons': 16, 'module__nonlin': ReLU()}
2024-07-16 01:15:38,365 0.998510 (0.001809) with: {'batch_size': 128, 'lr': 0.02, 'max_epochs': 128, 'module__n_features': 73, 'module__n_neurons': 32, 'module__nonlin': Tanh()}
2024-07-16 01:15:38,365 0.997571 (0.001503) with: {'batch_size': 128, 'lr': 0.02, 'max_epochs': 128, 'module__n_features': 73, 'module__n_neurons': 32, 'module__nonlin': ReLU()}
2024-07-16 01:15:38,365 0.998343 (0.001780) with: {'batch_size': 128, 'lr': 0.02, 'max_epochs': 128, 'module__n_features': 73, 'module__n_neurons': 64, 'module__nonlin': Tanh()}
2024-07-16 01:15:38,365 0.998686 (0.001522) with: {'batch_size': 128, 'lr': 0.02, 'max_epochs': 128, 'module__n_features': 73, 'module__n_neurons': 64, 'module__nonlin': ReLU()}
2024-07-16 01:15:38,365 0.998143 (0.001933) with: {'batch_size': 128, 'lr': 0.02, 'max_epochs': 128, 'module__n_features': 73, 'module__n_neurons': 128, 'module__nonlin': Tanh()}
2024-07-16 01:15:38,365 0.998429 (0.001662) with: {'batch_size': 128, 'lr': 0.02, 'max_epochs': 128, 'module__n_features': 73, 'module__n_neurons': 128, 'module__nonlin': ReLU()}
2024-07-16 01:15:38,365 0.919764 (0.155596) with: {'batch_size': 128, 'lr': 0.02, 'max_epochs': 128, 'module__n_features': 73, 'module__n_neurons': 256, 'module__nonlin': Tanh()}
2024-07-16 01:15:38,365 0.998248 (0.001663) with: {'batch_size': 128, 'lr': 0.02, 'max_epochs': 128, 'module__n_features': 73, 'module__n_neurons': 256, 'module__nonlin': ReLU()}
