2024-07-16 16:14:48,604 Best: 0.762017 using {'batch_size': 128, 'lr': 0.02, 'max_epochs': 128, 'module__n_features': 28, 'module__n_neurons': 128, 'module__nonlin': ReLU()}
2024-07-16 16:14:48,604 Best estimator configuration: 
 <class 'skorch.classifier.NeuralNetClassifier'>[initialized](
  module_=Module1Layer(
    (dense0): Linear(in_features=28, out_features=128, bias=True)
    (act): ReLU()
    (output): Linear(in_features=128, out_features=1, bias=True)
    (sigmoid): Sigmoid()
  ),
)
2024-07-16 16:14:48,604 0.686523 (0.005290) with: {'batch_size': 128, 'lr': 0.001, 'max_epochs': 128, 'module__n_features': 28, 'module__n_neurons': 128, 'module__nonlin': Tanh()}
2024-07-16 16:14:48,604 0.732075 (0.005941) with: {'batch_size': 128, 'lr': 0.001, 'max_epochs': 128, 'module__n_features': 28, 'module__n_neurons': 128, 'module__nonlin': ReLU()}
2024-07-16 16:14:48,604 0.687434 (0.004994) with: {'batch_size': 128, 'lr': 0.001, 'max_epochs': 128, 'module__n_features': 28, 'module__n_neurons': 256, 'module__nonlin': Tanh()}
2024-07-16 16:14:48,604 0.737372 (0.006891) with: {'batch_size': 128, 'lr': 0.001, 'max_epochs': 128, 'module__n_features': 28, 'module__n_neurons': 256, 'module__nonlin': ReLU()}
2024-07-16 16:14:48,604 0.737062 (0.008843) with: {'batch_size': 128, 'lr': 0.01, 'max_epochs': 128, 'module__n_features': 28, 'module__n_neurons': 128, 'module__nonlin': Tanh()}
2024-07-16 16:14:48,604 0.755163 (0.004592) with: {'batch_size': 128, 'lr': 0.01, 'max_epochs': 128, 'module__n_features': 28, 'module__n_neurons': 128, 'module__nonlin': ReLU()}
2024-07-16 16:14:48,604 0.739189 (0.005772) with: {'batch_size': 128, 'lr': 0.01, 'max_epochs': 128, 'module__n_features': 28, 'module__n_neurons': 256, 'module__nonlin': Tanh()}
2024-07-16 16:14:48,604 0.745073 (0.004214) with: {'batch_size': 128, 'lr': 0.01, 'max_epochs': 128, 'module__n_features': 28, 'module__n_neurons': 256, 'module__nonlin': ReLU()}
2024-07-16 16:14:48,604 0.747279 (0.006561) with: {'batch_size': 128, 'lr': 0.02, 'max_epochs': 128, 'module__n_features': 28, 'module__n_neurons': 128, 'module__nonlin': Tanh()}
2024-07-16 16:14:48,604 0.762017 (0.005173) with: {'batch_size': 128, 'lr': 0.02, 'max_epochs': 128, 'module__n_features': 28, 'module__n_neurons': 128, 'module__nonlin': ReLU()}
2024-07-16 16:14:48,604 0.748005 (0.006555) with: {'batch_size': 128, 'lr': 0.02, 'max_epochs': 128, 'module__n_features': 28, 'module__n_neurons': 256, 'module__nonlin': Tanh()}
2024-07-16 16:14:48,605 0.755963 (0.005067) with: {'batch_size': 128, 'lr': 0.02, 'max_epochs': 128, 'module__n_features': 28, 'module__n_neurons': 256, 'module__nonlin': ReLU()}
2024-07-16 18:43:07,739 Best: 0.760515 using {'batch_size': 128, 'lr': 0.001, 'max_epochs': 128, 'module__n_features': 28, 'module__n_neurons': 256, 'module__nonlin': Tanh()}
2024-07-16 18:43:07,739 Best estimator configuration: 
 <class 'skorch.classifier.NeuralNetClassifier'>[initialized](
  module_=Module2Layers(
    (dense0): Linear(in_features=28, out_features=256, bias=True)
    (act): Tanh()
    (dense1): Linear(in_features=256, out_features=256, bias=True)
    (output): Linear(in_features=256, out_features=1, bias=True)
    (sigmoid): Sigmoid()
  ),
)
2024-07-16 18:43:07,739 0.741633 (0.013109) with: {'batch_size': 128, 'lr': 0.001, 'max_epochs': 128, 'module__n_features': 28, 'module__n_neurons': 128, 'module__nonlin': Tanh()}
2024-07-16 18:43:07,739 0.751917 (0.004471) with: {'batch_size': 128, 'lr': 0.001, 'max_epochs': 128, 'module__n_features': 28, 'module__n_neurons': 128, 'module__nonlin': ReLU()}
2024-07-16 18:43:07,739 0.760515 (0.004844) with: {'batch_size': 128, 'lr': 0.001, 'max_epochs': 128, 'module__n_features': 28, 'module__n_neurons': 256, 'module__nonlin': Tanh()}
2024-07-16 18:43:07,739 0.742913 (0.003862) with: {'batch_size': 128, 'lr': 0.001, 'max_epochs': 128, 'module__n_features': 28, 'module__n_neurons': 256, 'module__nonlin': ReLU()}
2024-07-16 18:43:07,744 0.758581 (0.004593) with: {'batch_size': 128, 'lr': 0.01, 'max_epochs': 128, 'module__n_features': 28, 'module__n_neurons': 128, 'module__nonlin': Tanh()}
2024-07-16 18:43:07,744 0.709794 (0.008264) with: {'batch_size': 128, 'lr': 0.01, 'max_epochs': 128, 'module__n_features': 28, 'module__n_neurons': 128, 'module__nonlin': ReLU()}
2024-07-16 18:43:07,744 0.727979 (0.005790) with: {'batch_size': 128, 'lr': 0.01, 'max_epochs': 128, 'module__n_features': 28, 'module__n_neurons': 256, 'module__nonlin': Tanh()}
2024-07-16 18:43:07,744 0.669339 (0.007292) with: {'batch_size': 128, 'lr': 0.01, 'max_epochs': 128, 'module__n_features': 28, 'module__n_neurons': 256, 'module__nonlin': ReLU()}
2024-07-16 18:43:07,744 0.735770 (0.006739) with: {'batch_size': 128, 'lr': 0.02, 'max_epochs': 128, 'module__n_features': 28, 'module__n_neurons': 128, 'module__nonlin': Tanh()}
2024-07-16 18:43:07,744 0.752374 (0.007356) with: {'batch_size': 128, 'lr': 0.02, 'max_epochs': 128, 'module__n_features': 28, 'module__n_neurons': 128, 'module__nonlin': ReLU()}
2024-07-16 18:43:07,744 0.742862 (0.003842) with: {'batch_size': 128, 'lr': 0.02, 'max_epochs': 128, 'module__n_features': 28, 'module__n_neurons': 256, 'module__nonlin': Tanh()}
2024-07-16 18:43:07,744 0.708395 (0.008341) with: {'batch_size': 128, 'lr': 0.02, 'max_epochs': 128, 'module__n_features': 28, 'module__n_neurons': 256, 'module__nonlin': ReLU()}
2024-07-16 21:28:51,915 Best: 0.768811 using {'batch_size': 128, 'lr': 0.001, 'max_epochs': 128, 'module__n_features': 28, 'module__n_neurons': 128, 'module__nonlin': Tanh()}
2024-07-16 21:28:51,915 Best estimator configuration: 
 <class 'skorch.classifier.NeuralNetClassifier'>[initialized](
  module_=Module3Layers(
    (act): Tanh()
    (dense0): Linear(in_features=28, out_features=128, bias=True)
    (dense1): Linear(in_features=128, out_features=128, bias=True)
    (dense2): Linear(in_features=128, out_features=128, bias=True)
    (output): Linear(in_features=128, out_features=1, bias=True)
    (sigmoid): Sigmoid()
  ),
)
2024-07-16 21:28:51,915 0.768811 (0.004484) with: {'batch_size': 128, 'lr': 0.001, 'max_epochs': 128, 'module__n_features': 28, 'module__n_neurons': 128, 'module__nonlin': Tanh()}
2024-07-16 21:28:51,915 0.730075 (0.005994) with: {'batch_size': 128, 'lr': 0.001, 'max_epochs': 128, 'module__n_features': 28, 'module__n_neurons': 128, 'module__nonlin': ReLU()}
2024-07-16 21:28:51,915 0.761315 (0.004769) with: {'batch_size': 128, 'lr': 0.001, 'max_epochs': 128, 'module__n_features': 28, 'module__n_neurons': 256, 'module__nonlin': Tanh()}
2024-07-16 21:28:51,915 0.672066 (0.009911) with: {'batch_size': 128, 'lr': 0.001, 'max_epochs': 128, 'module__n_features': 28, 'module__n_neurons': 256, 'module__nonlin': ReLU()}
2024-07-16 21:28:51,915 0.706307 (0.006234) with: {'batch_size': 128, 'lr': 0.01, 'max_epochs': 128, 'module__n_features': 28, 'module__n_neurons': 128, 'module__nonlin': Tanh()}
2024-07-16 21:28:51,915 0.678145 (0.006144) with: {'batch_size': 128, 'lr': 0.01, 'max_epochs': 128, 'module__n_features': 28, 'module__n_neurons': 128, 'module__nonlin': ReLU()}
2024-07-16 21:28:51,915 0.700739 (0.007424) with: {'batch_size': 128, 'lr': 0.01, 'max_epochs': 128, 'module__n_features': 28, 'module__n_neurons': 256, 'module__nonlin': Tanh()}
2024-07-16 21:28:51,915 0.664471 (0.004922) with: {'batch_size': 128, 'lr': 0.01, 'max_epochs': 128, 'module__n_features': 28, 'module__n_neurons': 256, 'module__nonlin': ReLU()}
2024-07-16 21:28:51,915 0.747026 (0.006570) with: {'batch_size': 128, 'lr': 0.02, 'max_epochs': 128, 'module__n_features': 28, 'module__n_neurons': 128, 'module__nonlin': Tanh()}
2024-07-16 21:28:51,916 0.713043 (0.009411) with: {'batch_size': 128, 'lr': 0.02, 'max_epochs': 128, 'module__n_features': 28, 'module__n_neurons': 128, 'module__nonlin': ReLU()}
2024-07-16 21:28:51,916 0.688142 (0.094536) with: {'batch_size': 128, 'lr': 0.02, 'max_epochs': 128, 'module__n_features': 28, 'module__n_neurons': 256, 'module__nonlin': Tanh()}
2024-07-16 21:28:51,916 0.678264 (0.006897) with: {'batch_size': 128, 'lr': 0.02, 'max_epochs': 128, 'module__n_features': 28, 'module__n_neurons': 256, 'module__nonlin': ReLU()}
