2024-05-29 17:02:04,589 Best: 0.997288 using {'batch_size': 16, 'lr': 0.01, 'max_epochs': 32, 'module__n_features': 6, 'module__n_neurons': 256, 'module__nonlin': Tanh()}
2024-05-29 17:02:04,590 Best estimator configuration: 
 <class 'skorch.classifier.NeuralNetClassifier'>[initialized](
  module_=Module1Layer(
    (dense0): Linear(in_features=6, out_features=256, bias=True)
    (act): Tanh()
    (output): Linear(in_features=256, out_features=1, bias=True)
    (sigmoid): Sigmoid()
  ),
)
2024-05-29 17:02:04,590 0.548592 (0.164977) with: {'batch_size': 16, 'lr': 0.001, 'max_epochs': 16, 'module__n_features': 6, 'module__n_neurons': 16, 'module__nonlin': Tanh()}
2024-05-29 17:02:04,590 0.532804 (0.230804) with: {'batch_size': 16, 'lr': 0.001, 'max_epochs': 16, 'module__n_features': 6, 'module__n_neurons': 16, 'module__nonlin': ReLU()}
2024-05-29 17:02:04,590 0.679158 (0.076419) with: {'batch_size': 16, 'lr': 0.001, 'max_epochs': 16, 'module__n_features': 6, 'module__n_neurons': 32, 'module__nonlin': Tanh()}
2024-05-29 17:02:04,590 0.623185 (0.070240) with: {'batch_size': 16, 'lr': 0.001, 'max_epochs': 16, 'module__n_features': 6, 'module__n_neurons': 32, 'module__nonlin': ReLU()}
2024-05-29 17:02:04,590 0.766010 (0.137383) with: {'batch_size': 16, 'lr': 0.001, 'max_epochs': 16, 'module__n_features': 6, 'module__n_neurons': 64, 'module__nonlin': Tanh()}
2024-05-29 17:02:04,590 0.761937 (0.107561) with: {'batch_size': 16, 'lr': 0.001, 'max_epochs': 16, 'module__n_features': 6, 'module__n_neurons': 64, 'module__nonlin': ReLU()}
2024-05-29 17:02:04,590 0.910598 (0.041392) with: {'batch_size': 16, 'lr': 0.001, 'max_epochs': 16, 'module__n_features': 6, 'module__n_neurons': 128, 'module__nonlin': Tanh()}
2024-05-29 17:02:04,591 0.845696 (0.079505) with: {'batch_size': 16, 'lr': 0.001, 'max_epochs': 16, 'module__n_features': 6, 'module__n_neurons': 128, 'module__nonlin': ReLU()}
2024-05-29 17:02:04,591 0.944227 (0.028794) with: {'batch_size': 16, 'lr': 0.001, 'max_epochs': 16, 'module__n_features': 6, 'module__n_neurons': 256, 'module__nonlin': Tanh()}
2024-05-29 17:02:04,591 0.917774 (0.042409) with: {'batch_size': 16, 'lr': 0.001, 'max_epochs': 16, 'module__n_features': 6, 'module__n_neurons': 256, 'module__nonlin': ReLU()}
2024-05-29 17:02:04,591 0.696905 (0.117602) with: {'batch_size': 16, 'lr': 0.001, 'max_epochs': 32, 'module__n_features': 6, 'module__n_neurons': 16, 'module__nonlin': Tanh()}
2024-05-29 17:02:04,591 0.679272 (0.136390) with: {'batch_size': 16, 'lr': 0.001, 'max_epochs': 32, 'module__n_features': 6, 'module__n_neurons': 16, 'module__nonlin': ReLU()}
2024-05-29 17:02:04,591 0.842918 (0.063337) with: {'batch_size': 16, 'lr': 0.001, 'max_epochs': 32, 'module__n_features': 6, 'module__n_neurons': 32, 'module__nonlin': Tanh()}
2024-05-29 17:02:04,591 0.743646 (0.104227) with: {'batch_size': 16, 'lr': 0.001, 'max_epochs': 32, 'module__n_features': 6, 'module__n_neurons': 32, 'module__nonlin': ReLU()}
2024-05-29 17:02:04,591 0.922630 (0.035466) with: {'batch_size': 16, 'lr': 0.001, 'max_epochs': 32, 'module__n_features': 6, 'module__n_neurons': 64, 'module__nonlin': Tanh()}
2024-05-29 17:02:04,591 0.902851 (0.062542) with: {'batch_size': 16, 'lr': 0.001, 'max_epochs': 32, 'module__n_features': 6, 'module__n_neurons': 64, 'module__nonlin': ReLU()}
2024-05-29 17:02:04,591 0.936157 (0.030944) with: {'batch_size': 16, 'lr': 0.001, 'max_epochs': 32, 'module__n_features': 6, 'module__n_neurons': 128, 'module__nonlin': Tanh()}
2024-05-29 17:02:04,591 0.937006 (0.033911) with: {'batch_size': 16, 'lr': 0.001, 'max_epochs': 32, 'module__n_features': 6, 'module__n_neurons': 128, 'module__nonlin': ReLU()}
2024-05-29 17:02:04,591 0.961125 (0.028395) with: {'batch_size': 16, 'lr': 0.001, 'max_epochs': 32, 'module__n_features': 6, 'module__n_neurons': 256, 'module__nonlin': Tanh()}
2024-05-29 17:02:04,591 0.962364 (0.019093) with: {'batch_size': 16, 'lr': 0.001, 'max_epochs': 32, 'module__n_features': 6, 'module__n_neurons': 256, 'module__nonlin': ReLU()}
2024-05-29 17:02:04,594 0.858818 (0.082390) with: {'batch_size': 16, 'lr': 0.001, 'max_epochs': 64, 'module__n_features': 6, 'module__n_neurons': 16, 'module__nonlin': Tanh()}
2024-05-29 17:02:04,595 0.730435 (0.161663) with: {'batch_size': 16, 'lr': 0.001, 'max_epochs': 64, 'module__n_features': 6, 'module__n_neurons': 16, 'module__nonlin': ReLU()}
2024-05-29 17:02:04,595 0.932429 (0.029415) with: {'batch_size': 16, 'lr': 0.001, 'max_epochs': 64, 'module__n_features': 6, 'module__n_neurons': 32, 'module__nonlin': Tanh()}
2024-05-29 17:02:04,595 0.883142 (0.095225) with: {'batch_size': 16, 'lr': 0.001, 'max_epochs': 64, 'module__n_features': 6, 'module__n_neurons': 32, 'module__nonlin': ReLU()}
2024-05-29 17:02:04,595 0.946848 (0.040763) with: {'batch_size': 16, 'lr': 0.001, 'max_epochs': 64, 'module__n_features': 6, 'module__n_neurons': 64, 'module__nonlin': Tanh()}
2024-05-29 17:02:04,595 0.911032 (0.071985) with: {'batch_size': 16, 'lr': 0.001, 'max_epochs': 64, 'module__n_features': 6, 'module__n_neurons': 64, 'module__nonlin': ReLU()}
2024-05-29 17:02:04,595 0.961973 (0.025081) with: {'batch_size': 16, 'lr': 0.001, 'max_epochs': 64, 'module__n_features': 6, 'module__n_neurons': 128, 'module__nonlin': Tanh()}
2024-05-29 17:02:04,595 0.960266 (0.019657) with: {'batch_size': 16, 'lr': 0.001, 'max_epochs': 64, 'module__n_features': 6, 'module__n_neurons': 128, 'module__nonlin': ReLU()}
2024-05-29 17:02:04,595 0.982298 (0.015614) with: {'batch_size': 16, 'lr': 0.001, 'max_epochs': 64, 'module__n_features': 6, 'module__n_neurons': 256, 'module__nonlin': Tanh()}
2024-05-29 17:02:04,595 0.974619 (0.021000) with: {'batch_size': 16, 'lr': 0.001, 'max_epochs': 64, 'module__n_features': 6, 'module__n_neurons': 256, 'module__nonlin': ReLU()}
2024-05-29 17:02:04,595 0.944595 (0.022501) with: {'batch_size': 16, 'lr': 0.001, 'max_epochs': 128, 'module__n_features': 6, 'module__n_neurons': 16, 'module__nonlin': Tanh()}
2024-05-29 17:02:04,595 0.911289 (0.055577) with: {'batch_size': 16, 'lr': 0.001, 'max_epochs': 128, 'module__n_features': 6, 'module__n_neurons': 16, 'module__nonlin': ReLU()}
2024-05-29 17:02:04,595 0.954897 (0.024005) with: {'batch_size': 16, 'lr': 0.001, 'max_epochs': 128, 'module__n_features': 6, 'module__n_neurons': 32, 'module__nonlin': Tanh()}
2024-05-29 17:02:04,595 0.947575 (0.028141) with: {'batch_size': 16, 'lr': 0.001, 'max_epochs': 128, 'module__n_features': 6, 'module__n_neurons': 32, 'module__nonlin': ReLU()}
2024-05-29 17:02:04,595 0.977700 (0.015767) with: {'batch_size': 16, 'lr': 0.001, 'max_epochs': 128, 'module__n_features': 6, 'module__n_neurons': 64, 'module__nonlin': Tanh()}
2024-05-29 17:02:04,595 0.960923 (0.029127) with: {'batch_size': 16, 'lr': 0.001, 'max_epochs': 128, 'module__n_features': 6, 'module__n_neurons': 64, 'module__nonlin': ReLU()}
2024-05-29 17:02:04,595 0.989631 (0.010544) with: {'batch_size': 16, 'lr': 0.001, 'max_epochs': 128, 'module__n_features': 6, 'module__n_neurons': 128, 'module__nonlin': Tanh()}
2024-05-29 17:02:04,595 0.976985 (0.019367) with: {'batch_size': 16, 'lr': 0.001, 'max_epochs': 128, 'module__n_features': 6, 'module__n_neurons': 128, 'module__nonlin': ReLU()}
2024-05-29 17:02:04,595 0.995748 (0.002532) with: {'batch_size': 16, 'lr': 0.001, 'max_epochs': 128, 'module__n_features': 6, 'module__n_neurons': 256, 'module__nonlin': Tanh()}
2024-05-29 17:02:04,595 0.988872 (0.008889) with: {'batch_size': 16, 'lr': 0.001, 'max_epochs': 128, 'module__n_features': 6, 'module__n_neurons': 256, 'module__nonlin': ReLU()}
2024-05-29 17:02:04,595 0.930777 (0.026662) with: {'batch_size': 16, 'lr': 0.01, 'max_epochs': 16, 'module__n_features': 6, 'module__n_neurons': 16, 'module__nonlin': Tanh()}
2024-05-29 17:02:04,595 0.892537 (0.054920) with: {'batch_size': 16, 'lr': 0.01, 'max_epochs': 16, 'module__n_features': 6, 'module__n_neurons': 16, 'module__nonlin': ReLU()}
2024-05-29 17:02:04,595 0.959194 (0.022756) with: {'batch_size': 16, 'lr': 0.01, 'max_epochs': 16, 'module__n_features': 6, 'module__n_neurons': 32, 'module__nonlin': Tanh()}
2024-05-29 17:02:04,595 0.936157 (0.029636) with: {'batch_size': 16, 'lr': 0.01, 'max_epochs': 16, 'module__n_features': 6, 'module__n_neurons': 32, 'module__nonlin': ReLU()}
2024-05-29 17:02:04,595 0.971572 (0.017741) with: {'batch_size': 16, 'lr': 0.01, 'max_epochs': 16, 'module__n_features': 6, 'module__n_neurons': 64, 'module__nonlin': Tanh()}
2024-05-29 17:02:04,595 0.961929 (0.023827) with: {'batch_size': 16, 'lr': 0.01, 'max_epochs': 16, 'module__n_features': 6, 'module__n_neurons': 64, 'module__nonlin': ReLU()}
2024-05-29 17:02:04,595 0.985814 (0.013916) with: {'batch_size': 16, 'lr': 0.01, 'max_epochs': 16, 'module__n_features': 6, 'module__n_neurons': 128, 'module__nonlin': Tanh()}
2024-05-29 17:02:04,595 0.982365 (0.016654) with: {'batch_size': 16, 'lr': 0.01, 'max_epochs': 16, 'module__n_features': 6, 'module__n_neurons': 128, 'module__nonlin': ReLU()}
2024-05-29 17:02:04,595 0.993817 (0.003893) with: {'batch_size': 16, 'lr': 0.01, 'max_epochs': 16, 'module__n_features': 6, 'module__n_neurons': 256, 'module__nonlin': Tanh()}
2024-05-29 17:02:04,595 0.991551 (0.008511) with: {'batch_size': 16, 'lr': 0.01, 'max_epochs': 16, 'module__n_features': 6, 'module__n_neurons': 256, 'module__nonlin': ReLU()}
2024-05-29 17:02:04,595 0.976517 (0.019460) with: {'batch_size': 16, 'lr': 0.01, 'max_epochs': 32, 'module__n_features': 6, 'module__n_neurons': 16, 'module__nonlin': Tanh()}
2024-05-29 17:02:04,595 0.947676 (0.032061) with: {'batch_size': 16, 'lr': 0.01, 'max_epochs': 32, 'module__n_features': 6, 'module__n_neurons': 16, 'module__nonlin': ReLU()}
2024-05-29 17:02:04,595 0.985055 (0.017950) with: {'batch_size': 16, 'lr': 0.01, 'max_epochs': 32, 'module__n_features': 6, 'module__n_neurons': 32, 'module__nonlin': Tanh()}
2024-05-29 17:02:04,595 0.976539 (0.014053) with: {'batch_size': 16, 'lr': 0.01, 'max_epochs': 32, 'module__n_features': 6, 'module__n_neurons': 32, 'module__nonlin': ReLU()}
2024-05-29 17:02:04,595 0.995748 (0.002532) with: {'batch_size': 16, 'lr': 0.01, 'max_epochs': 32, 'module__n_features': 6, 'module__n_neurons': 64, 'module__nonlin': Tanh()}
2024-05-29 17:02:04,595 0.991149 (0.004884) with: {'batch_size': 16, 'lr': 0.01, 'max_epochs': 32, 'module__n_features': 6, 'module__n_neurons': 64, 'module__nonlin': ReLU()}
2024-05-29 17:02:04,595 0.996507 (0.002588) with: {'batch_size': 16, 'lr': 0.01, 'max_epochs': 32, 'module__n_features': 6, 'module__n_neurons': 128, 'module__nonlin': Tanh()}
2024-05-29 17:02:04,595 0.994587 (0.003290) with: {'batch_size': 16, 'lr': 0.01, 'max_epochs': 32, 'module__n_features': 6, 'module__n_neurons': 128, 'module__nonlin': ReLU()}
2024-05-29 17:02:04,595 0.997288 (0.001979) with: {'batch_size': 16, 'lr': 0.01, 'max_epochs': 32, 'module__n_features': 6, 'module__n_neurons': 256, 'module__nonlin': Tanh()}
2024-05-29 17:02:04,595 0.996518 (0.002244) with: {'batch_size': 16, 'lr': 0.01, 'max_epochs': 32, 'module__n_features': 6, 'module__n_neurons': 256, 'module__nonlin': ReLU()}
2024-05-29 17:02:04,595 0.994977 (0.003092) with: {'batch_size': 16, 'lr': 0.01, 'max_epochs': 64, 'module__n_features': 6, 'module__n_neurons': 16, 'module__nonlin': Tanh()}
2024-05-29 17:02:04,595 0.986874 (0.009271) with: {'batch_size': 16, 'lr': 0.01, 'max_epochs': 64, 'module__n_features': 6, 'module__n_neurons': 16, 'module__nonlin': ReLU()}
2024-05-29 17:02:04,595 0.997288 (0.001979) with: {'batch_size': 16, 'lr': 0.01, 'max_epochs': 64, 'module__n_features': 6, 'module__n_neurons': 32, 'module__nonlin': Tanh()}
2024-05-29 17:02:04,595 0.996116 (0.002140) with: {'batch_size': 16, 'lr': 0.01, 'max_epochs': 64, 'module__n_features': 6, 'module__n_neurons': 32, 'module__nonlin': ReLU()}
2024-05-29 17:02:04,596 0.996518 (0.002282) with: {'batch_size': 16, 'lr': 0.01, 'max_epochs': 64, 'module__n_features': 6, 'module__n_neurons': 64, 'module__nonlin': Tanh()}
2024-05-29 17:02:04,596 0.995736 (0.003797) with: {'batch_size': 16, 'lr': 0.01, 'max_epochs': 64, 'module__n_features': 6, 'module__n_neurons': 64, 'module__nonlin': ReLU()}
2024-05-29 17:02:04,596 0.995346 (0.004566) with: {'batch_size': 16, 'lr': 0.01, 'max_epochs': 64, 'module__n_features': 6, 'module__n_neurons': 128, 'module__nonlin': Tanh()}
2024-05-29 17:02:04,596 0.994565 (0.006114) with: {'batch_size': 16, 'lr': 0.01, 'max_epochs': 64, 'module__n_features': 6, 'module__n_neurons': 128, 'module__nonlin': ReLU()}
2024-05-29 17:02:04,596 0.994966 (0.004397) with: {'batch_size': 16, 'lr': 0.01, 'max_epochs': 64, 'module__n_features': 6, 'module__n_neurons': 256, 'module__nonlin': Tanh()}
2024-05-29 17:02:04,596 0.993806 (0.006932) with: {'batch_size': 16, 'lr': 0.01, 'max_epochs': 64, 'module__n_features': 6, 'module__n_neurons': 256, 'module__nonlin': ReLU()}
2024-05-29 17:02:04,596 0.995346 (0.004566) with: {'batch_size': 16, 'lr': 0.01, 'max_epochs': 128, 'module__n_features': 6, 'module__n_neurons': 16, 'module__nonlin': Tanh()}
2024-05-29 17:02:04,596 0.995748 (0.002877) with: {'batch_size': 16, 'lr': 0.01, 'max_epochs': 128, 'module__n_features': 6, 'module__n_neurons': 16, 'module__nonlin': ReLU()}
2024-05-29 17:02:04,596 0.995725 (0.004699) with: {'batch_size': 16, 'lr': 0.01, 'max_epochs': 128, 'module__n_features': 6, 'module__n_neurons': 32, 'module__nonlin': Tanh()}
2024-05-29 17:02:04,596 0.994966 (0.004558) with: {'batch_size': 16, 'lr': 0.01, 'max_epochs': 128, 'module__n_features': 6, 'module__n_neurons': 32, 'module__nonlin': ReLU()}
2024-05-29 17:02:04,596 0.995346 (0.005615) with: {'batch_size': 16, 'lr': 0.01, 'max_epochs': 128, 'module__n_features': 6, 'module__n_neurons': 64, 'module__nonlin': Tanh()}
2024-05-29 17:02:04,596 0.994955 (0.006381) with: {'batch_size': 16, 'lr': 0.01, 'max_epochs': 128, 'module__n_features': 6, 'module__n_neurons': 64, 'module__nonlin': ReLU()}
2024-05-29 17:02:04,596 0.995346 (0.005615) with: {'batch_size': 16, 'lr': 0.01, 'max_epochs': 128, 'module__n_features': 6, 'module__n_neurons': 128, 'module__nonlin': Tanh()}
2024-05-29 17:02:04,596 0.992645 (0.008422) with: {'batch_size': 16, 'lr': 0.01, 'max_epochs': 128, 'module__n_features': 6, 'module__n_neurons': 128, 'module__nonlin': ReLU()}
2024-05-29 17:02:04,596 0.995357 (0.005871) with: {'batch_size': 16, 'lr': 0.01, 'max_epochs': 128, 'module__n_features': 6, 'module__n_neurons': 256, 'module__nonlin': Tanh()}
2024-05-29 17:02:04,596 0.991875 (0.008233) with: {'batch_size': 16, 'lr': 0.01, 'max_epochs': 128, 'module__n_features': 6, 'module__n_neurons': 256, 'module__nonlin': ReLU()}
2024-05-29 17:02:04,596 0.972677 (0.023085) with: {'batch_size': 16, 'lr': 0.02, 'max_epochs': 16, 'module__n_features': 6, 'module__n_neurons': 16, 'module__nonlin': Tanh()}
2024-05-29 17:02:04,596 0.949762 (0.028556) with: {'batch_size': 16, 'lr': 0.02, 'max_epochs': 16, 'module__n_features': 6, 'module__n_neurons': 16, 'module__nonlin': ReLU()}
2024-05-29 17:02:04,596 0.981115 (0.012102) with: {'batch_size': 16, 'lr': 0.02, 'max_epochs': 16, 'module__n_features': 6, 'module__n_neurons': 32, 'module__nonlin': Tanh()}
2024-05-29 17:02:04,596 0.965087 (0.020325) with: {'batch_size': 16, 'lr': 0.02, 'max_epochs': 16, 'module__n_features': 6, 'module__n_neurons': 32, 'module__nonlin': ReLU()}
2024-05-29 17:02:04,596 0.994196 (0.003433) with: {'batch_size': 16, 'lr': 0.02, 'max_epochs': 16, 'module__n_features': 6, 'module__n_neurons': 64, 'module__nonlin': Tanh()}
2024-05-29 17:02:04,596 0.988426 (0.009499) with: {'batch_size': 16, 'lr': 0.02, 'max_epochs': 16, 'module__n_features': 6, 'module__n_neurons': 64, 'module__nonlin': ReLU()}
2024-05-29 17:02:04,596 0.996507 (0.001910) with: {'batch_size': 16, 'lr': 0.02, 'max_epochs': 16, 'module__n_features': 6, 'module__n_neurons': 128, 'module__nonlin': Tanh()}
2024-05-29 17:02:04,596 0.993426 (0.003740) with: {'batch_size': 16, 'lr': 0.02, 'max_epochs': 16, 'module__n_features': 6, 'module__n_neurons': 128, 'module__nonlin': ReLU()}
2024-05-29 17:02:04,596 0.996897 (0.002643) with: {'batch_size': 16, 'lr': 0.02, 'max_epochs': 16, 'module__n_features': 6, 'module__n_neurons': 256, 'module__nonlin': Tanh()}
2024-05-29 17:02:04,596 0.996127 (0.002110) with: {'batch_size': 16, 'lr': 0.02, 'max_epochs': 16, 'module__n_features': 6, 'module__n_neurons': 256, 'module__nonlin': ReLU()}
2024-05-29 17:02:04,596 0.994587 (0.003050) with: {'batch_size': 16, 'lr': 0.02, 'max_epochs': 32, 'module__n_features': 6, 'module__n_neurons': 16, 'module__nonlin': Tanh()}
2024-05-29 17:02:04,596 0.990379 (0.006690) with: {'batch_size': 16, 'lr': 0.02, 'max_epochs': 32, 'module__n_features': 6, 'module__n_neurons': 16, 'module__nonlin': ReLU()}
2024-05-29 17:02:04,596 0.996897 (0.001984) with: {'batch_size': 16, 'lr': 0.02, 'max_epochs': 32, 'module__n_features': 6, 'module__n_neurons': 32, 'module__nonlin': Tanh()}
2024-05-29 17:02:04,596 0.994989 (0.004103) with: {'batch_size': 16, 'lr': 0.02, 'max_epochs': 32, 'module__n_features': 6, 'module__n_neurons': 32, 'module__nonlin': ReLU()}
2024-05-29 17:02:04,596 0.996897 (0.002643) with: {'batch_size': 16, 'lr': 0.02, 'max_epochs': 32, 'module__n_features': 6, 'module__n_neurons': 64, 'module__nonlin': Tanh()}
2024-05-29 17:02:04,596 0.996518 (0.001468) with: {'batch_size': 16, 'lr': 0.02, 'max_epochs': 32, 'module__n_features': 6, 'module__n_neurons': 64, 'module__nonlin': ReLU()}
2024-05-29 17:02:04,596 0.996518 (0.002282) with: {'batch_size': 16, 'lr': 0.02, 'max_epochs': 32, 'module__n_features': 6, 'module__n_neurons': 128, 'module__nonlin': Tanh()}
2024-05-29 17:02:04,596 0.996127 (0.003033) with: {'batch_size': 16, 'lr': 0.02, 'max_epochs': 32, 'module__n_features': 6, 'module__n_neurons': 128, 'module__nonlin': ReLU()}
2024-05-29 17:02:04,596 0.995357 (0.003632) with: {'batch_size': 16, 'lr': 0.02, 'max_epochs': 32, 'module__n_features': 6, 'module__n_neurons': 256, 'module__nonlin': Tanh()}
2024-05-29 17:02:04,596 0.993024 (0.007488) with: {'batch_size': 16, 'lr': 0.02, 'max_epochs': 32, 'module__n_features': 6, 'module__n_neurons': 256, 'module__nonlin': ReLU()}
2024-05-29 17:02:04,596 0.995346 (0.004566) with: {'batch_size': 16, 'lr': 0.02, 'max_epochs': 64, 'module__n_features': 6, 'module__n_neurons': 16, 'module__nonlin': Tanh()}
2024-05-29 17:02:04,596 0.997288 (0.001979) with: {'batch_size': 16, 'lr': 0.02, 'max_epochs': 64, 'module__n_features': 6, 'module__n_neurons': 16, 'module__nonlin': ReLU()}
2024-05-29 17:02:04,596 0.994966 (0.004397) with: {'batch_size': 16, 'lr': 0.02, 'max_epochs': 64, 'module__n_features': 6, 'module__n_neurons': 32, 'module__nonlin': Tanh()}
2024-05-29 17:02:04,596 0.994955 (0.005339) with: {'batch_size': 16, 'lr': 0.02, 'max_epochs': 64, 'module__n_features': 6, 'module__n_neurons': 32, 'module__nonlin': ReLU()}
2024-05-29 17:02:04,596 0.995736 (0.004855) with: {'batch_size': 16, 'lr': 0.02, 'max_epochs': 64, 'module__n_features': 6, 'module__n_neurons': 64, 'module__nonlin': Tanh()}
2024-05-29 17:02:04,596 0.994955 (0.006381) with: {'batch_size': 16, 'lr': 0.02, 'max_epochs': 64, 'module__n_features': 6, 'module__n_neurons': 64, 'module__nonlin': ReLU()}
2024-05-29 17:02:04,596 0.995736 (0.004855) with: {'batch_size': 16, 'lr': 0.02, 'max_epochs': 64, 'module__n_features': 6, 'module__n_neurons': 128, 'module__nonlin': Tanh()}
2024-05-29 17:02:04,596 0.992645 (0.007364) with: {'batch_size': 16, 'lr': 0.02, 'max_epochs': 64, 'module__n_features': 6, 'module__n_neurons': 128, 'module__nonlin': ReLU()}
2024-05-29 17:02:04,596 0.995736 (0.004855) with: {'batch_size': 16, 'lr': 0.02, 'max_epochs': 64, 'module__n_features': 6, 'module__n_neurons': 256, 'module__nonlin': Tanh()}
2024-05-29 17:02:04,596 0.992254 (0.006550) with: {'batch_size': 16, 'lr': 0.02, 'max_epochs': 64, 'module__n_features': 6, 'module__n_neurons': 256, 'module__nonlin': ReLU()}
2024-05-29 17:02:04,596 0.995346 (0.005615) with: {'batch_size': 16, 'lr': 0.02, 'max_epochs': 128, 'module__n_features': 6, 'module__n_neurons': 16, 'module__nonlin': Tanh()}
2024-05-29 17:02:04,596 0.994196 (0.003282) with: {'batch_size': 16, 'lr': 0.02, 'max_epochs': 128, 'module__n_features': 6, 'module__n_neurons': 16, 'module__nonlin': ReLU()}
2024-05-29 17:02:04,596 0.995748 (0.005148) with: {'batch_size': 16, 'lr': 0.02, 'max_epochs': 128, 'module__n_features': 6, 'module__n_neurons': 32, 'module__nonlin': Tanh()}
2024-05-29 17:02:04,597 0.994966 (0.005479) with: {'batch_size': 16, 'lr': 0.02, 'max_epochs': 128, 'module__n_features': 6, 'module__n_neurons': 32, 'module__nonlin': ReLU()}
2024-05-29 17:02:04,597 0.995748 (0.005148) with: {'batch_size': 16, 'lr': 0.02, 'max_epochs': 128, 'module__n_features': 6, 'module__n_neurons': 64, 'module__nonlin': Tanh()}
2024-05-29 17:02:04,597 0.992645 (0.008336) with: {'batch_size': 16, 'lr': 0.02, 'max_epochs': 128, 'module__n_features': 6, 'module__n_neurons': 64, 'module__nonlin': ReLU()}
2024-05-29 17:02:04,597 0.995368 (0.005308) with: {'batch_size': 16, 'lr': 0.02, 'max_epochs': 128, 'module__n_features': 6, 'module__n_neurons': 128, 'module__nonlin': Tanh()}
2024-05-29 17:02:04,597 0.992645 (0.008422) with: {'batch_size': 16, 'lr': 0.02, 'max_epochs': 128, 'module__n_features': 6, 'module__n_neurons': 128, 'module__nonlin': ReLU()}
2024-05-29 17:02:04,597 0.994989 (0.005567) with: {'batch_size': 16, 'lr': 0.02, 'max_epochs': 128, 'module__n_features': 6, 'module__n_neurons': 256, 'module__nonlin': Tanh()}
2024-05-29 17:02:04,597 0.989966 (0.006912) with: {'batch_size': 16, 'lr': 0.02, 'max_epochs': 128, 'module__n_features': 6, 'module__n_neurons': 256, 'module__nonlin': ReLU()}
2024-05-29 17:02:04,597 0.382775 (0.141421) with: {'batch_size': 32, 'lr': 0.001, 'max_epochs': 16, 'module__n_features': 6, 'module__n_neurons': 16, 'module__nonlin': Tanh()}
2024-05-29 17:02:04,597 0.585915 (0.115865) with: {'batch_size': 32, 'lr': 0.001, 'max_epochs': 16, 'module__n_features': 6, 'module__n_neurons': 16, 'module__nonlin': ReLU()}
2024-05-29 17:02:04,597 0.561744 (0.171508) with: {'batch_size': 32, 'lr': 0.001, 'max_epochs': 16, 'module__n_features': 6, 'module__n_neurons': 32, 'module__nonlin': Tanh()}
2024-05-29 17:02:04,597 0.472815 (0.295680) with: {'batch_size': 32, 'lr': 0.001, 'max_epochs': 16, 'module__n_features': 6, 'module__n_neurons': 32, 'module__nonlin': ReLU()}
2024-05-29 17:02:04,597 0.706918 (0.092079) with: {'batch_size': 32, 'lr': 0.001, 'max_epochs': 16, 'module__n_features': 6, 'module__n_neurons': 64, 'module__nonlin': Tanh()}
2024-05-29 17:02:04,597 0.545267 (0.098807) with: {'batch_size': 32, 'lr': 0.001, 'max_epochs': 16, 'module__n_features': 6, 'module__n_neurons': 64, 'module__nonlin': ReLU()}
2024-05-29 17:02:04,597 0.865705 (0.086680) with: {'batch_size': 32, 'lr': 0.001, 'max_epochs': 16, 'module__n_features': 6, 'module__n_neurons': 128, 'module__nonlin': Tanh()}
2024-05-29 17:02:04,597 0.742149 (0.119285) with: {'batch_size': 32, 'lr': 0.001, 'max_epochs': 16, 'module__n_features': 6, 'module__n_neurons': 128, 'module__nonlin': ReLU()}
2024-05-29 17:02:04,597 0.942820 (0.036252) with: {'batch_size': 32, 'lr': 0.001, 'max_epochs': 16, 'module__n_features': 6, 'module__n_neurons': 256, 'module__nonlin': Tanh()}
2024-05-29 17:02:04,597 0.860203 (0.061520) with: {'batch_size': 32, 'lr': 0.001, 'max_epochs': 16, 'module__n_features': 6, 'module__n_neurons': 256, 'module__nonlin': ReLU()}
2024-05-29 17:02:04,597 0.803929 (0.071524) with: {'batch_size': 32, 'lr': 0.001, 'max_epochs': 32, 'module__n_features': 6, 'module__n_neurons': 16, 'module__nonlin': Tanh()}
2024-05-29 17:02:04,597 0.446517 (0.187416) with: {'batch_size': 32, 'lr': 0.001, 'max_epochs': 32, 'module__n_features': 6, 'module__n_neurons': 16, 'module__nonlin': ReLU()}
2024-05-29 17:02:04,597 0.674580 (0.202223) with: {'batch_size': 32, 'lr': 0.001, 'max_epochs': 32, 'module__n_features': 6, 'module__n_neurons': 32, 'module__nonlin': Tanh()}
2024-05-29 17:02:04,597 0.611182 (0.130101) with: {'batch_size': 32, 'lr': 0.001, 'max_epochs': 32, 'module__n_features': 6, 'module__n_neurons': 32, 'module__nonlin': ReLU()}
2024-05-29 17:02:04,597 0.850704 (0.086619) with: {'batch_size': 32, 'lr': 0.001, 'max_epochs': 32, 'module__n_features': 6, 'module__n_neurons': 64, 'module__nonlin': Tanh()}
2024-05-29 17:02:04,597 0.808594 (0.038899) with: {'batch_size': 32, 'lr': 0.001, 'max_epochs': 32, 'module__n_features': 6, 'module__n_neurons': 64, 'module__nonlin': ReLU()}
2024-05-29 17:02:04,597 0.926760 (0.021698) with: {'batch_size': 32, 'lr': 0.001, 'max_epochs': 32, 'module__n_features': 6, 'module__n_neurons': 128, 'module__nonlin': Tanh()}
2024-05-29 17:02:04,597 0.911368 (0.043228) with: {'batch_size': 32, 'lr': 0.001, 'max_epochs': 32, 'module__n_features': 6, 'module__n_neurons': 128, 'module__nonlin': ReLU()}
2024-05-29 17:02:04,597 0.952185 (0.018032) with: {'batch_size': 32, 'lr': 0.001, 'max_epochs': 32, 'module__n_features': 6, 'module__n_neurons': 256, 'module__nonlin': Tanh()}
2024-05-29 17:02:04,597 0.945822 (0.032389) with: {'batch_size': 32, 'lr': 0.001, 'max_epochs': 32, 'module__n_features': 6, 'module__n_neurons': 256, 'module__nonlin': ReLU()}
2024-05-29 17:02:04,597 0.804687 (0.084419) with: {'batch_size': 32, 'lr': 0.001, 'max_epochs': 64, 'module__n_features': 6, 'module__n_neurons': 16, 'module__nonlin': Tanh()}
2024-05-29 17:02:04,597 0.765999 (0.141791) with: {'batch_size': 32, 'lr': 0.001, 'max_epochs': 64, 'module__n_features': 6, 'module__n_neurons': 16, 'module__nonlin': ReLU()}
2024-05-29 17:02:04,597 0.904928 (0.051015) with: {'batch_size': 32, 'lr': 0.001, 'max_epochs': 64, 'module__n_features': 6, 'module__n_neurons': 32, 'module__nonlin': Tanh()}
2024-05-29 17:02:04,597 0.901579 (0.052689) with: {'batch_size': 32, 'lr': 0.001, 'max_epochs': 64, 'module__n_features': 6, 'module__n_neurons': 32, 'module__nonlin': ReLU()}
2024-05-29 17:02:04,597 0.905607 (0.051853) with: {'batch_size': 32, 'lr': 0.001, 'max_epochs': 64, 'module__n_features': 6, 'module__n_neurons': 64, 'module__nonlin': Tanh()}
2024-05-29 17:02:04,597 0.851116 (0.137739) with: {'batch_size': 32, 'lr': 0.001, 'max_epochs': 64, 'module__n_features': 6, 'module__n_neurons': 64, 'module__nonlin': ReLU()}
2024-05-29 17:02:04,597 0.944706 (0.030180) with: {'batch_size': 32, 'lr': 0.001, 'max_epochs': 64, 'module__n_features': 6, 'module__n_neurons': 128, 'module__nonlin': Tanh()}
2024-05-29 17:02:04,597 0.944271 (0.035783) with: {'batch_size': 32, 'lr': 0.001, 'max_epochs': 64, 'module__n_features': 6, 'module__n_neurons': 128, 'module__nonlin': ReLU()}
2024-05-29 17:02:04,597 0.972231 (0.015550) with: {'batch_size': 32, 'lr': 0.001, 'max_epochs': 64, 'module__n_features': 6, 'module__n_neurons': 256, 'module__nonlin': Tanh()}
2024-05-29 17:02:04,597 0.965635 (0.023171) with: {'batch_size': 32, 'lr': 0.001, 'max_epochs': 64, 'module__n_features': 6, 'module__n_neurons': 256, 'module__nonlin': ReLU()}
2024-05-29 17:02:04,597 0.903175 (0.045025) with: {'batch_size': 32, 'lr': 0.001, 'max_epochs': 128, 'module__n_features': 6, 'module__n_neurons': 16, 'module__nonlin': Tanh()}
2024-05-29 17:02:04,597 0.862937 (0.095608) with: {'batch_size': 32, 'lr': 0.001, 'max_epochs': 128, 'module__n_features': 6, 'module__n_neurons': 16, 'module__nonlin': ReLU()}
2024-05-29 17:02:04,597 0.929359 (0.039868) with: {'batch_size': 32, 'lr': 0.001, 'max_epochs': 128, 'module__n_features': 6, 'module__n_neurons': 32, 'module__nonlin': Tanh()}
2024-05-29 17:02:04,597 0.920230 (0.035201) with: {'batch_size': 32, 'lr': 0.001, 'max_epochs': 128, 'module__n_features': 6, 'module__n_neurons': 32, 'module__nonlin': ReLU()}
2024-05-29 17:02:04,597 0.945889 (0.036264) with: {'batch_size': 32, 'lr': 0.001, 'max_epochs': 128, 'module__n_features': 6, 'module__n_neurons': 64, 'module__nonlin': Tanh()}
2024-05-29 17:02:04,597 0.939460 (0.035606) with: {'batch_size': 32, 'lr': 0.001, 'max_epochs': 128, 'module__n_features': 6, 'module__n_neurons': 64, 'module__nonlin': ReLU()}
2024-05-29 17:02:04,597 0.980021 (0.013985) with: {'batch_size': 32, 'lr': 0.001, 'max_epochs': 128, 'module__n_features': 6, 'module__n_neurons': 128, 'module__nonlin': Tanh()}
2024-05-29 17:02:04,597 0.963112 (0.026250) with: {'batch_size': 32, 'lr': 0.001, 'max_epochs': 128, 'module__n_features': 6, 'module__n_neurons': 128, 'module__nonlin': ReLU()}
2024-05-29 17:02:04,597 0.989274 (0.010866) with: {'batch_size': 32, 'lr': 0.001, 'max_epochs': 128, 'module__n_features': 6, 'module__n_neurons': 256, 'module__nonlin': Tanh()}
2024-05-29 17:02:04,597 0.983938 (0.016677) with: {'batch_size': 32, 'lr': 0.001, 'max_epochs': 128, 'module__n_features': 6, 'module__n_neurons': 256, 'module__nonlin': ReLU()}
2024-05-29 17:02:04,597 0.888218 (0.058870) with: {'batch_size': 32, 'lr': 0.01, 'max_epochs': 16, 'module__n_features': 6, 'module__n_neurons': 16, 'module__nonlin': Tanh()}
2024-05-29 17:02:04,598 0.866585 (0.133831) with: {'batch_size': 32, 'lr': 0.01, 'max_epochs': 16, 'module__n_features': 6, 'module__n_neurons': 16, 'module__nonlin': ReLU()}
2024-05-29 17:02:04,598 0.931893 (0.034345) with: {'batch_size': 32, 'lr': 0.01, 'max_epochs': 16, 'module__n_features': 6, 'module__n_neurons': 32, 'module__nonlin': Tanh()}
2024-05-29 17:02:04,598 0.908096 (0.055654) with: {'batch_size': 32, 'lr': 0.01, 'max_epochs': 16, 'module__n_features': 6, 'module__n_neurons': 32, 'module__nonlin': ReLU()}
2024-05-29 17:02:04,598 0.953490 (0.032232) with: {'batch_size': 32, 'lr': 0.01, 'max_epochs': 16, 'module__n_features': 6, 'module__n_neurons': 64, 'module__nonlin': Tanh()}
2024-05-29 17:02:04,598 0.940933 (0.038320) with: {'batch_size': 32, 'lr': 0.01, 'max_epochs': 16, 'module__n_features': 6, 'module__n_neurons': 64, 'module__nonlin': ReLU()}
2024-05-29 17:02:04,598 0.975378 (0.017643) with: {'batch_size': 32, 'lr': 0.01, 'max_epochs': 16, 'module__n_features': 6, 'module__n_neurons': 128, 'module__nonlin': Tanh()}
2024-05-29 17:02:04,598 0.968837 (0.013798) with: {'batch_size': 32, 'lr': 0.01, 'max_epochs': 16, 'module__n_features': 6, 'module__n_neurons': 128, 'module__nonlin': ReLU()}
2024-05-29 17:02:04,598 0.985055 (0.013649) with: {'batch_size': 32, 'lr': 0.01, 'max_epochs': 16, 'module__n_features': 6, 'module__n_neurons': 256, 'module__nonlin': Tanh()}
2024-05-29 17:02:04,598 0.984675 (0.014235) with: {'batch_size': 32, 'lr': 0.01, 'max_epochs': 16, 'module__n_features': 6, 'module__n_neurons': 256, 'module__nonlin': ReLU()}
2024-05-29 17:02:04,598 0.954338 (0.033854) with: {'batch_size': 32, 'lr': 0.01, 'max_epochs': 32, 'module__n_features': 6, 'module__n_neurons': 16, 'module__nonlin': Tanh()}
2024-05-29 17:02:04,598 0.948368 (0.028791) with: {'batch_size': 32, 'lr': 0.01, 'max_epochs': 32, 'module__n_features': 6, 'module__n_neurons': 16, 'module__nonlin': ReLU()}
2024-05-29 17:02:04,598 0.972096 (0.028100) with: {'batch_size': 32, 'lr': 0.01, 'max_epochs': 32, 'module__n_features': 6, 'module__n_neurons': 32, 'module__nonlin': Tanh()}
2024-05-29 17:02:04,598 0.955555 (0.038507) with: {'batch_size': 32, 'lr': 0.01, 'max_epochs': 32, 'module__n_features': 6, 'module__n_neurons': 32, 'module__nonlin': ReLU()}
2024-05-29 17:02:04,598 0.987387 (0.014585) with: {'batch_size': 32, 'lr': 0.01, 'max_epochs': 32, 'module__n_features': 6, 'module__n_neurons': 64, 'module__nonlin': Tanh()}
2024-05-29 17:02:04,598 0.980825 (0.017332) with: {'batch_size': 32, 'lr': 0.01, 'max_epochs': 32, 'module__n_features': 6, 'module__n_neurons': 64, 'module__nonlin': ReLU()}
2024-05-29 17:02:04,598 0.994989 (0.003712) with: {'batch_size': 32, 'lr': 0.01, 'max_epochs': 32, 'module__n_features': 6, 'module__n_neurons': 128, 'module__nonlin': Tanh()}
2024-05-29 17:02:04,598 0.987756 (0.011987) with: {'batch_size': 32, 'lr': 0.01, 'max_epochs': 32, 'module__n_features': 6, 'module__n_neurons': 128, 'module__nonlin': ReLU()}
2024-05-29 17:02:04,598 0.997288 (0.001979) with: {'batch_size': 32, 'lr': 0.01, 'max_epochs': 32, 'module__n_features': 6, 'module__n_neurons': 256, 'module__nonlin': Tanh()}
2024-05-29 17:02:04,598 0.994631 (0.006031) with: {'batch_size': 32, 'lr': 0.01, 'max_epochs': 32, 'module__n_features': 6, 'module__n_neurons': 256, 'module__nonlin': ReLU()}
2024-05-29 17:02:04,598 0.985869 (0.015857) with: {'batch_size': 32, 'lr': 0.01, 'max_epochs': 64, 'module__n_features': 6, 'module__n_neurons': 16, 'module__nonlin': Tanh()}
2024-05-29 17:02:04,598 0.982320 (0.014929) with: {'batch_size': 32, 'lr': 0.01, 'max_epochs': 64, 'module__n_features': 6, 'module__n_neurons': 16, 'module__nonlin': ReLU()}
2024-05-29 17:02:04,598 0.995770 (0.002774) with: {'batch_size': 32, 'lr': 0.01, 'max_epochs': 64, 'module__n_features': 6, 'module__n_neurons': 32, 'module__nonlin': Tanh()}
2024-05-29 17:02:04,598 0.992310 (0.003130) with: {'batch_size': 32, 'lr': 0.01, 'max_epochs': 64, 'module__n_features': 6, 'module__n_neurons': 32, 'module__nonlin': ReLU()}
2024-05-29 17:02:04,598 0.997288 (0.001979) with: {'batch_size': 32, 'lr': 0.01, 'max_epochs': 64, 'module__n_features': 6, 'module__n_neurons': 64, 'module__nonlin': Tanh()}
2024-05-29 17:02:04,598 0.996518 (0.002844) with: {'batch_size': 32, 'lr': 0.01, 'max_epochs': 64, 'module__n_features': 6, 'module__n_neurons': 64, 'module__nonlin': ReLU()}
2024-05-29 17:02:04,598 0.996897 (0.002643) with: {'batch_size': 32, 'lr': 0.01, 'max_epochs': 64, 'module__n_features': 6, 'module__n_neurons': 128, 'module__nonlin': Tanh()}
2024-05-29 17:02:04,598 0.995725 (0.004850) with: {'batch_size': 32, 'lr': 0.01, 'max_epochs': 64, 'module__n_features': 6, 'module__n_neurons': 128, 'module__nonlin': ReLU()}
2024-05-29 17:02:04,598 0.996116 (0.004097) with: {'batch_size': 32, 'lr': 0.01, 'max_epochs': 64, 'module__n_features': 6, 'module__n_neurons': 256, 'module__nonlin': Tanh()}
2024-05-29 17:02:04,598 0.994576 (0.005446) with: {'batch_size': 32, 'lr': 0.01, 'max_epochs': 64, 'module__n_features': 6, 'module__n_neurons': 256, 'module__nonlin': ReLU()}
2024-05-29 17:02:04,598 0.996897 (0.002643) with: {'batch_size': 32, 'lr': 0.01, 'max_epochs': 128, 'module__n_features': 6, 'module__n_neurons': 16, 'module__nonlin': Tanh()}
2024-05-29 17:02:04,598 0.996908 (0.002305) with: {'batch_size': 32, 'lr': 0.01, 'max_epochs': 128, 'module__n_features': 6, 'module__n_neurons': 16, 'module__nonlin': ReLU()}
2024-05-29 17:02:04,598 0.995725 (0.004850) with: {'batch_size': 32, 'lr': 0.01, 'max_epochs': 128, 'module__n_features': 6, 'module__n_neurons': 32, 'module__nonlin': Tanh()}
2024-05-29 17:02:04,598 0.996116 (0.004097) with: {'batch_size': 32, 'lr': 0.01, 'max_epochs': 128, 'module__n_features': 6, 'module__n_neurons': 32, 'module__nonlin': ReLU()}
2024-05-29 17:02:04,598 0.995346 (0.004566) with: {'batch_size': 32, 'lr': 0.01, 'max_epochs': 128, 'module__n_features': 6, 'module__n_neurons': 64, 'module__nonlin': Tanh()}
2024-05-29 17:02:04,598 0.996105 (0.005928) with: {'batch_size': 32, 'lr': 0.01, 'max_epochs': 128, 'module__n_features': 6, 'module__n_neurons': 64, 'module__nonlin': ReLU()}
2024-05-29 17:02:04,598 0.996116 (0.004950) with: {'batch_size': 32, 'lr': 0.01, 'max_epochs': 128, 'module__n_features': 6, 'module__n_neurons': 128, 'module__nonlin': Tanh()}
2024-05-29 17:02:04,598 0.994576 (0.006351) with: {'batch_size': 32, 'lr': 0.01, 'max_epochs': 128, 'module__n_features': 6, 'module__n_neurons': 128, 'module__nonlin': ReLU()}
2024-05-29 17:02:04,598 0.996116 (0.005932) with: {'batch_size': 32, 'lr': 0.01, 'max_epochs': 128, 'module__n_features': 6, 'module__n_neurons': 256, 'module__nonlin': Tanh()}
2024-05-29 17:02:04,598 0.992254 (0.009092) with: {'batch_size': 32, 'lr': 0.01, 'max_epochs': 128, 'module__n_features': 6, 'module__n_neurons': 256, 'module__nonlin': ReLU()}
2024-05-29 17:02:04,598 0.946157 (0.017426) with: {'batch_size': 32, 'lr': 0.02, 'max_epochs': 16, 'module__n_features': 6, 'module__n_neurons': 16, 'module__nonlin': Tanh()}
2024-05-29 17:02:04,598 0.918912 (0.036233) with: {'batch_size': 32, 'lr': 0.02, 'max_epochs': 16, 'module__n_features': 6, 'module__n_neurons': 16, 'module__nonlin': ReLU()}
2024-05-29 17:02:04,598 0.954014 (0.040206) with: {'batch_size': 32, 'lr': 0.02, 'max_epochs': 16, 'module__n_features': 6, 'module__n_neurons': 32, 'module__nonlin': Tanh()}
2024-05-29 17:02:04,598 0.951895 (0.025965) with: {'batch_size': 32, 'lr': 0.02, 'max_epochs': 16, 'module__n_features': 6, 'module__n_neurons': 32, 'module__nonlin': ReLU()}
2024-05-29 17:02:04,598 0.982331 (0.016546) with: {'batch_size': 32, 'lr': 0.02, 'max_epochs': 16, 'module__n_features': 6, 'module__n_neurons': 64, 'module__nonlin': Tanh()}
2024-05-29 17:02:04,598 0.973547 (0.021689) with: {'batch_size': 32, 'lr': 0.02, 'max_epochs': 16, 'module__n_features': 6, 'module__n_neurons': 64, 'module__nonlin': ReLU()}
2024-05-29 17:02:04,598 0.990033 (0.010385) with: {'batch_size': 32, 'lr': 0.02, 'max_epochs': 16, 'module__n_features': 6, 'module__n_neurons': 128, 'module__nonlin': Tanh()}
2024-05-29 17:02:04,598 0.985077 (0.013642) with: {'batch_size': 32, 'lr': 0.02, 'max_epochs': 16, 'module__n_features': 6, 'module__n_neurons': 128, 'module__nonlin': ReLU()}
2024-05-29 17:02:04,598 0.994230 (0.005075) with: {'batch_size': 32, 'lr': 0.02, 'max_epochs': 16, 'module__n_features': 6, 'module__n_neurons': 256, 'module__nonlin': Tanh()}
2024-05-29 17:02:04,598 0.993471 (0.006624) with: {'batch_size': 32, 'lr': 0.02, 'max_epochs': 16, 'module__n_features': 6, 'module__n_neurons': 256, 'module__nonlin': ReLU()}
2024-05-29 17:02:04,599 0.986952 (0.009206) with: {'batch_size': 32, 'lr': 0.02, 'max_epochs': 32, 'module__n_features': 6, 'module__n_neurons': 16, 'module__nonlin': Tanh()}
2024-05-29 17:02:04,599 0.962921 (0.037999) with: {'batch_size': 32, 'lr': 0.02, 'max_epochs': 32, 'module__n_features': 6, 'module__n_neurons': 16, 'module__nonlin': ReLU()}
2024-05-29 17:02:04,599 0.990412 (0.010703) with: {'batch_size': 32, 'lr': 0.02, 'max_epochs': 32, 'module__n_features': 6, 'module__n_neurons': 32, 'module__nonlin': Tanh()}
2024-05-29 17:02:04,599 0.986249 (0.015938) with: {'batch_size': 32, 'lr': 0.02, 'max_epochs': 32, 'module__n_features': 6, 'module__n_neurons': 32, 'module__nonlin': ReLU()}
2024-05-29 17:02:04,599 0.996897 (0.002643) with: {'batch_size': 32, 'lr': 0.02, 'max_epochs': 32, 'module__n_features': 6, 'module__n_neurons': 64, 'module__nonlin': Tanh()}
2024-05-29 17:02:04,599 0.995379 (0.003906) with: {'batch_size': 32, 'lr': 0.02, 'max_epochs': 32, 'module__n_features': 6, 'module__n_neurons': 64, 'module__nonlin': ReLU()}
2024-05-29 17:02:04,599 0.996897 (0.002643) with: {'batch_size': 32, 'lr': 0.02, 'max_epochs': 32, 'module__n_features': 6, 'module__n_neurons': 128, 'module__nonlin': Tanh()}
2024-05-29 17:02:04,599 0.996897 (0.002643) with: {'batch_size': 32, 'lr': 0.02, 'max_epochs': 32, 'module__n_features': 6, 'module__n_neurons': 128, 'module__nonlin': ReLU()}
2024-05-29 17:02:04,599 0.996897 (0.002643) with: {'batch_size': 32, 'lr': 0.02, 'max_epochs': 32, 'module__n_features': 6, 'module__n_neurons': 256, 'module__nonlin': Tanh()}
2024-05-29 17:02:04,599 0.994966 (0.004558) with: {'batch_size': 32, 'lr': 0.02, 'max_epochs': 32, 'module__n_features': 6, 'module__n_neurons': 256, 'module__nonlin': ReLU()}
2024-05-29 17:02:04,599 0.997288 (0.001979) with: {'batch_size': 32, 'lr': 0.02, 'max_epochs': 64, 'module__n_features': 6, 'module__n_neurons': 16, 'module__nonlin': Tanh()}
2024-05-29 17:02:04,599 0.996160 (0.003970) with: {'batch_size': 32, 'lr': 0.02, 'max_epochs': 64, 'module__n_features': 6, 'module__n_neurons': 16, 'module__nonlin': ReLU()}
2024-05-29 17:02:04,599 0.996897 (0.002643) with: {'batch_size': 32, 'lr': 0.02, 'max_epochs': 64, 'module__n_features': 6, 'module__n_neurons': 32, 'module__nonlin': Tanh()}
2024-05-29 17:02:04,599 0.996897 (0.002643) with: {'batch_size': 32, 'lr': 0.02, 'max_epochs': 64, 'module__n_features': 6, 'module__n_neurons': 32, 'module__nonlin': ReLU()}
2024-05-29 17:02:04,599 0.995346 (0.004566) with: {'batch_size': 32, 'lr': 0.02, 'max_epochs': 64, 'module__n_features': 6, 'module__n_neurons': 64, 'module__nonlin': Tanh()}
2024-05-29 17:02:04,599 0.994955 (0.005339) with: {'batch_size': 32, 'lr': 0.02, 'max_epochs': 64, 'module__n_features': 6, 'module__n_neurons': 64, 'module__nonlin': ReLU()}
2024-05-29 17:02:04,599 0.995736 (0.004855) with: {'batch_size': 32, 'lr': 0.02, 'max_epochs': 64, 'module__n_features': 6, 'module__n_neurons': 128, 'module__nonlin': Tanh()}
2024-05-29 17:02:04,599 0.994576 (0.006351) with: {'batch_size': 32, 'lr': 0.02, 'max_epochs': 64, 'module__n_features': 6, 'module__n_neurons': 128, 'module__nonlin': ReLU()}
2024-05-29 17:02:04,599 0.996116 (0.004950) with: {'batch_size': 32, 'lr': 0.02, 'max_epochs': 64, 'module__n_features': 6, 'module__n_neurons': 256, 'module__nonlin': Tanh()}
2024-05-29 17:02:04,599 0.994185 (0.007000) with: {'batch_size': 32, 'lr': 0.02, 'max_epochs': 64, 'module__n_features': 6, 'module__n_neurons': 256, 'module__nonlin': ReLU()}
2024-05-29 17:02:04,599 0.996116 (0.004950) with: {'batch_size': 32, 'lr': 0.02, 'max_epochs': 128, 'module__n_features': 6, 'module__n_neurons': 16, 'module__nonlin': Tanh()}
2024-05-29 17:02:04,599 0.996116 (0.004097) with: {'batch_size': 32, 'lr': 0.02, 'max_epochs': 128, 'module__n_features': 6, 'module__n_neurons': 16, 'module__nonlin': ReLU()}
2024-05-29 17:02:04,599 0.996116 (0.005932) with: {'batch_size': 32, 'lr': 0.02, 'max_epochs': 128, 'module__n_features': 6, 'module__n_neurons': 32, 'module__nonlin': Tanh()}
2024-05-29 17:02:04,599 0.995357 (0.004878) with: {'batch_size': 32, 'lr': 0.02, 'max_epochs': 128, 'module__n_features': 6, 'module__n_neurons': 32, 'module__nonlin': ReLU()}
2024-05-29 17:02:04,599 0.996116 (0.005932) with: {'batch_size': 32, 'lr': 0.02, 'max_epochs': 128, 'module__n_features': 6, 'module__n_neurons': 64, 'module__nonlin': Tanh()}
2024-05-29 17:02:04,599 0.994185 (0.007102) with: {'batch_size': 32, 'lr': 0.02, 'max_epochs': 128, 'module__n_features': 6, 'module__n_neurons': 64, 'module__nonlin': ReLU()}
2024-05-29 17:02:04,599 0.996116 (0.005932) with: {'batch_size': 32, 'lr': 0.02, 'max_epochs': 128, 'module__n_features': 6, 'module__n_neurons': 128, 'module__nonlin': Tanh()}
2024-05-29 17:02:04,599 0.994587 (0.006470) with: {'batch_size': 32, 'lr': 0.02, 'max_epochs': 128, 'module__n_features': 6, 'module__n_neurons': 128, 'module__nonlin': ReLU()}
2024-05-29 17:02:04,599 0.996507 (0.005160) with: {'batch_size': 32, 'lr': 0.02, 'max_epochs': 128, 'module__n_features': 6, 'module__n_neurons': 256, 'module__nonlin': Tanh()}
2024-05-29 17:02:04,599 0.992265 (0.008467) with: {'batch_size': 32, 'lr': 0.02, 'max_epochs': 128, 'module__n_features': 6, 'module__n_neurons': 256, 'module__nonlin': ReLU()}
2024-05-29 17:02:04,599 0.371021 (0.135814) with: {'batch_size': 64, 'lr': 0.001, 'max_epochs': 16, 'module__n_features': 6, 'module__n_neurons': 16, 'module__nonlin': Tanh()}
2024-05-29 17:02:04,599 0.357630 (0.161673) with: {'batch_size': 64, 'lr': 0.001, 'max_epochs': 16, 'module__n_features': 6, 'module__n_neurons': 16, 'module__nonlin': ReLU()}
2024-05-29 17:02:04,599 0.277970 (0.149147) with: {'batch_size': 64, 'lr': 0.001, 'max_epochs': 16, 'module__n_features': 6, 'module__n_neurons': 32, 'module__nonlin': Tanh()}
2024-05-29 17:02:04,599 0.600617 (0.142255) with: {'batch_size': 64, 'lr': 0.001, 'max_epochs': 16, 'module__n_features': 6, 'module__n_neurons': 32, 'module__nonlin': ReLU()}
2024-05-29 17:02:04,599 0.683949 (0.158745) with: {'batch_size': 64, 'lr': 0.001, 'max_epochs': 16, 'module__n_features': 6, 'module__n_neurons': 64, 'module__nonlin': Tanh()}
2024-05-29 17:02:04,599 0.555864 (0.163575) with: {'batch_size': 64, 'lr': 0.001, 'max_epochs': 16, 'module__n_features': 6, 'module__n_neurons': 64, 'module__nonlin': ReLU()}
2024-05-29 17:02:04,599 0.800740 (0.050000) with: {'batch_size': 64, 'lr': 0.001, 'max_epochs': 16, 'module__n_features': 6, 'module__n_neurons': 128, 'module__nonlin': Tanh()}
2024-05-29 17:02:04,599 0.735173 (0.117563) with: {'batch_size': 64, 'lr': 0.001, 'max_epochs': 16, 'module__n_features': 6, 'module__n_neurons': 128, 'module__nonlin': ReLU()}
2024-05-29 17:02:04,599 0.915062 (0.032553) with: {'batch_size': 64, 'lr': 0.001, 'max_epochs': 16, 'module__n_features': 6, 'module__n_neurons': 256, 'module__nonlin': Tanh()}
2024-05-29 17:02:04,599 0.871017 (0.123194) with: {'batch_size': 64, 'lr': 0.001, 'max_epochs': 16, 'module__n_features': 6, 'module__n_neurons': 256, 'module__nonlin': ReLU()}
2024-05-29 17:02:04,599 0.646616 (0.094976) with: {'batch_size': 64, 'lr': 0.001, 'max_epochs': 32, 'module__n_features': 6, 'module__n_neurons': 16, 'module__nonlin': Tanh()}
2024-05-29 17:02:04,599 0.700711 (0.130663) with: {'batch_size': 64, 'lr': 0.001, 'max_epochs': 32, 'module__n_features': 6, 'module__n_neurons': 16, 'module__nonlin': ReLU()}
2024-05-29 17:02:04,599 0.652075 (0.204199) with: {'batch_size': 64, 'lr': 0.001, 'max_epochs': 32, 'module__n_features': 6, 'module__n_neurons': 32, 'module__nonlin': Tanh()}
2024-05-29 17:02:04,599 0.584101 (0.117518) with: {'batch_size': 64, 'lr': 0.001, 'max_epochs': 32, 'module__n_features': 6, 'module__n_neurons': 32, 'module__nonlin': ReLU()}
2024-05-29 17:02:04,599 0.842365 (0.105854) with: {'batch_size': 64, 'lr': 0.001, 'max_epochs': 32, 'module__n_features': 6, 'module__n_neurons': 64, 'module__nonlin': Tanh()}
2024-05-29 17:02:04,599 0.772873 (0.157206) with: {'batch_size': 64, 'lr': 0.001, 'max_epochs': 32, 'module__n_features': 6, 'module__n_neurons': 64, 'module__nonlin': ReLU()}
2024-05-29 17:02:04,599 0.909348 (0.043839) with: {'batch_size': 64, 'lr': 0.001, 'max_epochs': 32, 'module__n_features': 6, 'module__n_neurons': 128, 'module__nonlin': Tanh()}
2024-05-29 17:02:04,599 0.885806 (0.078143) with: {'batch_size': 64, 'lr': 0.001, 'max_epochs': 32, 'module__n_features': 6, 'module__n_neurons': 128, 'module__nonlin': ReLU()}
2024-05-29 17:02:04,599 0.949249 (0.041463) with: {'batch_size': 64, 'lr': 0.001, 'max_epochs': 32, 'module__n_features': 6, 'module__n_neurons': 256, 'module__nonlin': Tanh()}
2024-05-29 17:02:04,599 0.941850 (0.043814) with: {'batch_size': 64, 'lr': 0.001, 'max_epochs': 32, 'module__n_features': 6, 'module__n_neurons': 256, 'module__nonlin': ReLU()}
2024-05-29 17:02:04,600 0.668008 (0.184965) with: {'batch_size': 64, 'lr': 0.001, 'max_epochs': 64, 'module__n_features': 6, 'module__n_neurons': 16, 'module__nonlin': Tanh()}
2024-05-29 17:02:04,600 0.664300 (0.205386) with: {'batch_size': 64, 'lr': 0.001, 'max_epochs': 64, 'module__n_features': 6, 'module__n_neurons': 16, 'module__nonlin': ReLU()}
2024-05-29 17:02:04,600 0.832357 (0.080946) with: {'batch_size': 64, 'lr': 0.001, 'max_epochs': 64, 'module__n_features': 6, 'module__n_neurons': 32, 'module__nonlin': Tanh()}
2024-05-29 17:02:04,600 0.816285 (0.091429) with: {'batch_size': 64, 'lr': 0.001, 'max_epochs': 64, 'module__n_features': 6, 'module__n_neurons': 32, 'module__nonlin': ReLU()}
2024-05-29 17:02:04,600 0.915944 (0.030477) with: {'batch_size': 64, 'lr': 0.001, 'max_epochs': 64, 'module__n_features': 6, 'module__n_neurons': 64, 'module__nonlin': Tanh()}
2024-05-29 17:02:04,600 0.901155 (0.049390) with: {'batch_size': 64, 'lr': 0.001, 'max_epochs': 64, 'module__n_features': 6, 'module__n_neurons': 64, 'module__nonlin': ReLU()}
2024-05-29 17:02:04,600 0.965790 (0.027120) with: {'batch_size': 64, 'lr': 0.001, 'max_epochs': 64, 'module__n_features': 6, 'module__n_neurons': 128, 'module__nonlin': Tanh()}
2024-05-29 17:02:04,600 0.939730 (0.037390) with: {'batch_size': 64, 'lr': 0.001, 'max_epochs': 64, 'module__n_features': 6, 'module__n_neurons': 128, 'module__nonlin': ReLU()}
2024-05-29 17:02:04,600 0.967677 (0.024673) with: {'batch_size': 64, 'lr': 0.001, 'max_epochs': 64, 'module__n_features': 6, 'module__n_neurons': 256, 'module__nonlin': Tanh()}
2024-05-29 17:02:04,600 0.959898 (0.019503) with: {'batch_size': 64, 'lr': 0.001, 'max_epochs': 64, 'module__n_features': 6, 'module__n_neurons': 256, 'module__nonlin': ReLU()}
2024-05-29 17:02:04,600 0.938501 (0.039524) with: {'batch_size': 64, 'lr': 0.001, 'max_epochs': 128, 'module__n_features': 6, 'module__n_neurons': 16, 'module__nonlin': Tanh()}
2024-05-29 17:02:04,600 0.809657 (0.078717) with: {'batch_size': 64, 'lr': 0.001, 'max_epochs': 128, 'module__n_features': 6, 'module__n_neurons': 16, 'module__nonlin': ReLU()}
2024-05-29 17:02:04,600 0.928780 (0.030447) with: {'batch_size': 64, 'lr': 0.001, 'max_epochs': 128, 'module__n_features': 6, 'module__n_neurons': 32, 'module__nonlin': Tanh()}
2024-05-29 17:02:04,600 0.915632 (0.047574) with: {'batch_size': 64, 'lr': 0.001, 'max_epochs': 128, 'module__n_features': 6, 'module__n_neurons': 32, 'module__nonlin': ReLU()}
2024-05-29 17:02:04,600 0.952900 (0.028546) with: {'batch_size': 64, 'lr': 0.001, 'max_epochs': 128, 'module__n_features': 6, 'module__n_neurons': 64, 'module__nonlin': Tanh()}
2024-05-29 17:02:04,600 0.937038 (0.042897) with: {'batch_size': 64, 'lr': 0.001, 'max_epochs': 128, 'module__n_features': 6, 'module__n_neurons': 64, 'module__nonlin': ReLU()}
2024-05-29 17:02:04,600 0.961840 (0.029416) with: {'batch_size': 64, 'lr': 0.001, 'max_epochs': 128, 'module__n_features': 6, 'module__n_neurons': 128, 'module__nonlin': Tanh()}
2024-05-29 17:02:04,600 0.968447 (0.023055) with: {'batch_size': 64, 'lr': 0.001, 'max_epochs': 128, 'module__n_features': 6, 'module__n_neurons': 128, 'module__nonlin': ReLU()}
2024-05-29 17:02:04,600 0.983437 (0.014789) with: {'batch_size': 64, 'lr': 0.001, 'max_epochs': 128, 'module__n_features': 6, 'module__n_neurons': 256, 'module__nonlin': Tanh()}
2024-05-29 17:02:04,600 0.977331 (0.019236) with: {'batch_size': 64, 'lr': 0.001, 'max_epochs': 128, 'module__n_features': 6, 'module__n_neurons': 256, 'module__nonlin': ReLU()}
2024-05-29 17:02:04,600 0.897652 (0.066474) with: {'batch_size': 64, 'lr': 0.01, 'max_epochs': 16, 'module__n_features': 6, 'module__n_neurons': 16, 'module__nonlin': Tanh()}
2024-05-29 17:02:04,600 0.888374 (0.064100) with: {'batch_size': 64, 'lr': 0.01, 'max_epochs': 16, 'module__n_features': 6, 'module__n_neurons': 16, 'module__nonlin': ReLU()}
2024-05-29 17:02:04,600 0.938467 (0.040899) with: {'batch_size': 64, 'lr': 0.01, 'max_epochs': 16, 'module__n_features': 6, 'module__n_neurons': 32, 'module__nonlin': Tanh()}
2024-05-29 17:02:04,600 0.918020 (0.051594) with: {'batch_size': 64, 'lr': 0.01, 'max_epochs': 16, 'module__n_features': 6, 'module__n_neurons': 32, 'module__nonlin': ReLU()}
2024-05-29 17:02:04,600 0.957230 (0.028941) with: {'batch_size': 64, 'lr': 0.01, 'max_epochs': 16, 'module__n_features': 6, 'module__n_neurons': 64, 'module__nonlin': Tanh()}
2024-05-29 17:02:04,600 0.926569 (0.042101) with: {'batch_size': 64, 'lr': 0.01, 'max_epochs': 16, 'module__n_features': 6, 'module__n_neurons': 64, 'module__nonlin': ReLU()}
2024-05-29 17:02:04,600 0.967342 (0.027611) with: {'batch_size': 64, 'lr': 0.01, 'max_epochs': 16, 'module__n_features': 6, 'module__n_neurons': 128, 'module__nonlin': Tanh()}
2024-05-29 17:02:04,600 0.952933 (0.031385) with: {'batch_size': 64, 'lr': 0.01, 'max_epochs': 16, 'module__n_features': 6, 'module__n_neurons': 128, 'module__nonlin': ReLU()}
2024-05-29 17:02:04,600 0.979218 (0.016066) with: {'batch_size': 64, 'lr': 0.01, 'max_epochs': 16, 'module__n_features': 6, 'module__n_neurons': 256, 'module__nonlin': Tanh()}
2024-05-29 17:02:04,600 0.979619 (0.016483) with: {'batch_size': 64, 'lr': 0.01, 'max_epochs': 16, 'module__n_features': 6, 'module__n_neurons': 256, 'module__nonlin': ReLU()}
2024-05-29 17:02:04,600 0.949808 (0.029268) with: {'batch_size': 64, 'lr': 0.01, 'max_epochs': 32, 'module__n_features': 6, 'module__n_neurons': 16, 'module__nonlin': Tanh()}
2024-05-29 17:02:04,600 0.904971 (0.061891) with: {'batch_size': 64, 'lr': 0.01, 'max_epochs': 32, 'module__n_features': 6, 'module__n_neurons': 16, 'module__nonlin': ReLU()}
2024-05-29 17:02:04,600 0.966449 (0.020096) with: {'batch_size': 64, 'lr': 0.01, 'max_epochs': 32, 'module__n_features': 6, 'module__n_neurons': 32, 'module__nonlin': Tanh()}
2024-05-29 17:02:04,600 0.950053 (0.028595) with: {'batch_size': 64, 'lr': 0.01, 'max_epochs': 32, 'module__n_features': 6, 'module__n_neurons': 32, 'module__nonlin': ReLU()}
2024-05-29 17:02:04,600 0.983861 (0.011497) with: {'batch_size': 64, 'lr': 0.01, 'max_epochs': 32, 'module__n_features': 6, 'module__n_neurons': 64, 'module__nonlin': Tanh()}
2024-05-29 17:02:04,600 0.975411 (0.016853) with: {'batch_size': 64, 'lr': 0.01, 'max_epochs': 32, 'module__n_features': 6, 'module__n_neurons': 64, 'module__nonlin': ReLU()}
2024-05-29 17:02:04,600 0.992299 (0.006338) with: {'batch_size': 64, 'lr': 0.01, 'max_epochs': 32, 'module__n_features': 6, 'module__n_neurons': 128, 'module__nonlin': Tanh()}
2024-05-29 17:02:04,600 0.991897 (0.005551) with: {'batch_size': 64, 'lr': 0.01, 'max_epochs': 32, 'module__n_features': 6, 'module__n_neurons': 128, 'module__nonlin': ReLU()}
2024-05-29 17:02:04,600 0.994598 (0.002515) with: {'batch_size': 64, 'lr': 0.01, 'max_epochs': 32, 'module__n_features': 6, 'module__n_neurons': 256, 'module__nonlin': Tanh()}
2024-05-29 17:02:04,600 0.994587 (0.003290) with: {'batch_size': 64, 'lr': 0.01, 'max_epochs': 32, 'module__n_features': 6, 'module__n_neurons': 256, 'module__nonlin': ReLU()}
2024-05-29 17:02:04,600 0.987343 (0.010107) with: {'batch_size': 64, 'lr': 0.01, 'max_epochs': 64, 'module__n_features': 6, 'module__n_neurons': 16, 'module__nonlin': Tanh()}
2024-05-29 17:02:04,600 0.973314 (0.020170) with: {'batch_size': 64, 'lr': 0.01, 'max_epochs': 64, 'module__n_features': 6, 'module__n_neurons': 16, 'module__nonlin': ReLU()}
2024-05-29 17:02:04,600 0.994598 (0.002802) with: {'batch_size': 64, 'lr': 0.01, 'max_epochs': 64, 'module__n_features': 6, 'module__n_neurons': 32, 'module__nonlin': Tanh()}
2024-05-29 17:02:04,600 0.993013 (0.004549) with: {'batch_size': 64, 'lr': 0.01, 'max_epochs': 64, 'module__n_features': 6, 'module__n_neurons': 32, 'module__nonlin': ReLU()}
2024-05-29 17:02:04,600 0.996138 (0.001723) with: {'batch_size': 64, 'lr': 0.01, 'max_epochs': 64, 'module__n_features': 6, 'module__n_neurons': 64, 'module__nonlin': Tanh()}
2024-05-29 17:02:04,600 0.994989 (0.002565) with: {'batch_size': 64, 'lr': 0.01, 'max_epochs': 64, 'module__n_features': 6, 'module__n_neurons': 64, 'module__nonlin': ReLU()}
2024-05-29 17:02:04,600 0.996919 (0.000921) with: {'batch_size': 64, 'lr': 0.01, 'max_epochs': 64, 'module__n_features': 6, 'module__n_neurons': 128, 'module__nonlin': Tanh()}
2024-05-29 17:02:04,600 0.996138 (0.001723) with: {'batch_size': 64, 'lr': 0.01, 'max_epochs': 64, 'module__n_features': 6, 'module__n_neurons': 128, 'module__nonlin': ReLU()}
2024-05-29 17:02:04,600 0.996138 (0.002140) with: {'batch_size': 64, 'lr': 0.01, 'max_epochs': 64, 'module__n_features': 6, 'module__n_neurons': 256, 'module__nonlin': Tanh()}
2024-05-29 17:02:04,601 0.994977 (0.002650) with: {'batch_size': 64, 'lr': 0.01, 'max_epochs': 64, 'module__n_features': 6, 'module__n_neurons': 256, 'module__nonlin': ReLU()}
2024-05-29 17:02:04,601 0.996518 (0.001468) with: {'batch_size': 64, 'lr': 0.01, 'max_epochs': 128, 'module__n_features': 6, 'module__n_neurons': 16, 'module__nonlin': Tanh()}
2024-05-29 17:02:04,601 0.996507 (0.002588) with: {'batch_size': 64, 'lr': 0.01, 'max_epochs': 128, 'module__n_features': 6, 'module__n_neurons': 16, 'module__nonlin': ReLU()}
2024-05-29 17:02:04,601 0.996138 (0.002140) with: {'batch_size': 64, 'lr': 0.01, 'max_epochs': 128, 'module__n_features': 6, 'module__n_neurons': 32, 'module__nonlin': Tanh()}
2024-05-29 17:02:04,601 0.995357 (0.002663) with: {'batch_size': 64, 'lr': 0.01, 'max_epochs': 128, 'module__n_features': 6, 'module__n_neurons': 32, 'module__nonlin': ReLU()}
2024-05-29 17:02:04,601 0.995357 (0.003632) with: {'batch_size': 64, 'lr': 0.01, 'max_epochs': 128, 'module__n_features': 6, 'module__n_neurons': 64, 'module__nonlin': Tanh()}
2024-05-29 17:02:04,601 0.995357 (0.003632) with: {'batch_size': 64, 'lr': 0.01, 'max_epochs': 128, 'module__n_features': 6, 'module__n_neurons': 64, 'module__nonlin': ReLU()}
2024-05-29 17:02:04,601 0.995346 (0.004566) with: {'batch_size': 64, 'lr': 0.01, 'max_epochs': 128, 'module__n_features': 6, 'module__n_neurons': 128, 'module__nonlin': Tanh()}
2024-05-29 17:02:04,601 0.993415 (0.005622) with: {'batch_size': 64, 'lr': 0.01, 'max_epochs': 128, 'module__n_features': 6, 'module__n_neurons': 128, 'module__nonlin': ReLU()}
2024-05-29 17:02:04,601 0.995736 (0.004855) with: {'batch_size': 64, 'lr': 0.01, 'max_epochs': 128, 'module__n_features': 6, 'module__n_neurons': 256, 'module__nonlin': Tanh()}
2024-05-29 17:02:04,601 0.993024 (0.007488) with: {'batch_size': 64, 'lr': 0.01, 'max_epochs': 128, 'module__n_features': 6, 'module__n_neurons': 256, 'module__nonlin': ReLU()}
2024-05-29 17:02:04,601 0.933267 (0.031535) with: {'batch_size': 64, 'lr': 0.02, 'max_epochs': 16, 'module__n_features': 6, 'module__n_neurons': 16, 'module__nonlin': Tanh()}
2024-05-29 17:02:04,601 0.893141 (0.046837) with: {'batch_size': 64, 'lr': 0.02, 'max_epochs': 16, 'module__n_features': 6, 'module__n_neurons': 16, 'module__nonlin': ReLU()}
2024-05-29 17:02:04,601 0.953792 (0.028592) with: {'batch_size': 64, 'lr': 0.02, 'max_epochs': 16, 'module__n_features': 6, 'module__n_neurons': 32, 'module__nonlin': Tanh()}
2024-05-29 17:02:04,601 0.944886 (0.043241) with: {'batch_size': 64, 'lr': 0.02, 'max_epochs': 16, 'module__n_features': 6, 'module__n_neurons': 32, 'module__nonlin': ReLU()}
2024-05-29 17:02:04,601 0.973023 (0.018999) with: {'batch_size': 64, 'lr': 0.02, 'max_epochs': 16, 'module__n_features': 6, 'module__n_neurons': 64, 'module__nonlin': Tanh()}
2024-05-29 17:02:04,601 0.966560 (0.020054) with: {'batch_size': 64, 'lr': 0.02, 'max_epochs': 16, 'module__n_features': 6, 'module__n_neurons': 64, 'module__nonlin': ReLU()}
2024-05-29 17:02:04,601 0.983392 (0.012737) with: {'batch_size': 64, 'lr': 0.02, 'max_epochs': 16, 'module__n_features': 6, 'module__n_neurons': 128, 'module__nonlin': Tanh()}
2024-05-29 17:02:04,601 0.975434 (0.021048) with: {'batch_size': 64, 'lr': 0.02, 'max_epochs': 16, 'module__n_features': 6, 'module__n_neurons': 128, 'module__nonlin': ReLU()}
2024-05-29 17:02:04,601 0.989263 (0.011001) with: {'batch_size': 64, 'lr': 0.02, 'max_epochs': 16, 'module__n_features': 6, 'module__n_neurons': 256, 'module__nonlin': Tanh()}
2024-05-29 17:02:04,601 0.988481 (0.011974) with: {'batch_size': 64, 'lr': 0.02, 'max_epochs': 16, 'module__n_features': 6, 'module__n_neurons': 256, 'module__nonlin': ReLU()}
2024-05-29 17:02:04,601 0.978916 (0.022187) with: {'batch_size': 64, 'lr': 0.02, 'max_epochs': 32, 'module__n_features': 6, 'module__n_neurons': 16, 'module__nonlin': Tanh()}
2024-05-29 17:02:04,601 0.958970 (0.029389) with: {'batch_size': 64, 'lr': 0.02, 'max_epochs': 32, 'module__n_features': 6, 'module__n_neurons': 16, 'module__nonlin': ReLU()}
2024-05-29 17:02:04,601 0.993047 (0.004443) with: {'batch_size': 64, 'lr': 0.02, 'max_epochs': 32, 'module__n_features': 6, 'module__n_neurons': 32, 'module__nonlin': Tanh()}
2024-05-29 17:02:04,601 0.985791 (0.014648) with: {'batch_size': 64, 'lr': 0.02, 'max_epochs': 32, 'module__n_features': 6, 'module__n_neurons': 32, 'module__nonlin': ReLU()}
2024-05-29 17:02:04,601 0.995346 (0.002328) with: {'batch_size': 64, 'lr': 0.02, 'max_epochs': 32, 'module__n_features': 6, 'module__n_neurons': 64, 'module__nonlin': Tanh()}
2024-05-29 17:02:04,601 0.993426 (0.004128) with: {'batch_size': 64, 'lr': 0.02, 'max_epochs': 32, 'module__n_features': 6, 'module__n_neurons': 64, 'module__nonlin': ReLU()}
2024-05-29 17:02:04,601 0.996138 (0.001236) with: {'batch_size': 64, 'lr': 0.02, 'max_epochs': 32, 'module__n_features': 6, 'module__n_neurons': 128, 'module__nonlin': Tanh()}
2024-05-29 17:02:04,601 0.996908 (0.000953) with: {'batch_size': 64, 'lr': 0.02, 'max_epochs': 32, 'module__n_features': 6, 'module__n_neurons': 128, 'module__nonlin': ReLU()}
2024-05-29 17:02:04,601 0.996529 (0.000761) with: {'batch_size': 64, 'lr': 0.02, 'max_epochs': 32, 'module__n_features': 6, 'module__n_neurons': 256, 'module__nonlin': Tanh()}
2024-05-29 17:02:04,601 0.996138 (0.001236) with: {'batch_size': 64, 'lr': 0.02, 'max_epochs': 32, 'module__n_features': 6, 'module__n_neurons': 256, 'module__nonlin': ReLU()}
2024-05-29 17:02:04,601 0.996127 (0.001760) with: {'batch_size': 64, 'lr': 0.02, 'max_epochs': 64, 'module__n_features': 6, 'module__n_neurons': 16, 'module__nonlin': Tanh()}
2024-05-29 17:02:04,601 0.994587 (0.003290) with: {'batch_size': 64, 'lr': 0.02, 'max_epochs': 64, 'module__n_features': 6, 'module__n_neurons': 16, 'module__nonlin': ReLU()}
2024-05-29 17:02:04,601 0.996138 (0.002140) with: {'batch_size': 64, 'lr': 0.02, 'max_epochs': 64, 'module__n_features': 6, 'module__n_neurons': 32, 'module__nonlin': Tanh()}
2024-05-29 17:02:04,601 0.996518 (0.001468) with: {'batch_size': 64, 'lr': 0.02, 'max_epochs': 64, 'module__n_features': 6, 'module__n_neurons': 32, 'module__nonlin': ReLU()}
2024-05-29 17:02:04,601 0.995357 (0.003632) with: {'batch_size': 64, 'lr': 0.02, 'max_epochs': 64, 'module__n_features': 6, 'module__n_neurons': 64, 'module__nonlin': Tanh()}
2024-05-29 17:02:04,601 0.995736 (0.002883) with: {'batch_size': 64, 'lr': 0.02, 'max_epochs': 64, 'module__n_features': 6, 'module__n_neurons': 64, 'module__nonlin': ReLU()}
2024-05-29 17:02:04,601 0.995357 (0.003632) with: {'batch_size': 64, 'lr': 0.02, 'max_epochs': 64, 'module__n_features': 6, 'module__n_neurons': 128, 'module__nonlin': Tanh()}
2024-05-29 17:02:04,601 0.994174 (0.005939) with: {'batch_size': 64, 'lr': 0.02, 'max_epochs': 64, 'module__n_features': 6, 'module__n_neurons': 128, 'module__nonlin': ReLU()}
2024-05-29 17:02:04,601 0.995357 (0.003632) with: {'batch_size': 64, 'lr': 0.02, 'max_epochs': 64, 'module__n_features': 6, 'module__n_neurons': 256, 'module__nonlin': Tanh()}
2024-05-29 17:02:04,601 0.993806 (0.004861) with: {'batch_size': 64, 'lr': 0.02, 'max_epochs': 64, 'module__n_features': 6, 'module__n_neurons': 256, 'module__nonlin': ReLU()}
2024-05-29 17:02:04,601 0.995357 (0.003632) with: {'batch_size': 64, 'lr': 0.02, 'max_epochs': 128, 'module__n_features': 6, 'module__n_neurons': 16, 'module__nonlin': Tanh()}
2024-05-29 17:02:04,601 0.995736 (0.003797) with: {'batch_size': 64, 'lr': 0.02, 'max_epochs': 128, 'module__n_features': 6, 'module__n_neurons': 16, 'module__nonlin': ReLU()}
2024-05-29 17:02:04,601 0.995736 (0.003797) with: {'batch_size': 64, 'lr': 0.02, 'max_epochs': 128, 'module__n_features': 6, 'module__n_neurons': 32, 'module__nonlin': Tanh()}
2024-05-29 17:02:04,601 0.994955 (0.005339) with: {'batch_size': 64, 'lr': 0.02, 'max_epochs': 128, 'module__n_features': 6, 'module__n_neurons': 32, 'module__nonlin': ReLU()}
2024-05-29 17:02:04,601 0.995736 (0.004855) with: {'batch_size': 64, 'lr': 0.02, 'max_epochs': 128, 'module__n_features': 6, 'module__n_neurons': 64, 'module__nonlin': Tanh()}
2024-05-29 17:02:04,601 0.993404 (0.006508) with: {'batch_size': 64, 'lr': 0.02, 'max_epochs': 128, 'module__n_features': 6, 'module__n_neurons': 64, 'module__nonlin': ReLU()}
2024-05-29 17:02:04,601 0.994966 (0.005608) with: {'batch_size': 64, 'lr': 0.02, 'max_epochs': 128, 'module__n_features': 6, 'module__n_neurons': 128, 'module__nonlin': Tanh()}
2024-05-29 17:02:04,601 0.993817 (0.006107) with: {'batch_size': 64, 'lr': 0.02, 'max_epochs': 128, 'module__n_features': 6, 'module__n_neurons': 128, 'module__nonlin': ReLU()}
2024-05-29 17:02:04,601 0.994966 (0.005608) with: {'batch_size': 64, 'lr': 0.02, 'max_epochs': 128, 'module__n_features': 6, 'module__n_neurons': 256, 'module__nonlin': Tanh()}
2024-05-29 17:02:04,602 0.993035 (0.006726) with: {'batch_size': 64, 'lr': 0.02, 'max_epochs': 128, 'module__n_features': 6, 'module__n_neurons': 256, 'module__nonlin': ReLU()}
2024-05-29 17:02:04,602 0.320660 (0.181858) with: {'batch_size': 128, 'lr': 0.001, 'max_epochs': 16, 'module__n_features': 6, 'module__n_neurons': 16, 'module__nonlin': Tanh()}
2024-05-29 17:02:04,602 0.561367 (0.170531) with: {'batch_size': 128, 'lr': 0.001, 'max_epochs': 16, 'module__n_features': 6, 'module__n_neurons': 16, 'module__nonlin': ReLU()}
2024-05-29 17:02:04,602 0.441084 (0.160250) with: {'batch_size': 128, 'lr': 0.001, 'max_epochs': 16, 'module__n_features': 6, 'module__n_neurons': 32, 'module__nonlin': Tanh()}
2024-05-29 17:02:04,602 0.469660 (0.226142) with: {'batch_size': 128, 'lr': 0.001, 'max_epochs': 16, 'module__n_features': 6, 'module__n_neurons': 32, 'module__nonlin': ReLU()}
2024-05-29 17:02:04,602 0.668543 (0.199495) with: {'batch_size': 128, 'lr': 0.001, 'max_epochs': 16, 'module__n_features': 6, 'module__n_neurons': 64, 'module__nonlin': Tanh()}
2024-05-29 17:02:04,602 0.460590 (0.084876) with: {'batch_size': 128, 'lr': 0.001, 'max_epochs': 16, 'module__n_features': 6, 'module__n_neurons': 64, 'module__nonlin': ReLU()}
2024-05-29 17:02:04,602 0.779338 (0.113793) with: {'batch_size': 128, 'lr': 0.001, 'max_epochs': 16, 'module__n_features': 6, 'module__n_neurons': 128, 'module__nonlin': Tanh()}
2024-05-29 17:02:04,602 0.521600 (0.109680) with: {'batch_size': 128, 'lr': 0.001, 'max_epochs': 16, 'module__n_features': 6, 'module__n_neurons': 128, 'module__nonlin': ReLU()}
2024-05-29 17:02:04,602 0.883332 (0.049380) with: {'batch_size': 128, 'lr': 0.001, 'max_epochs': 16, 'module__n_features': 6, 'module__n_neurons': 256, 'module__nonlin': Tanh()}
2024-05-29 17:02:04,602 0.604054 (0.160034) with: {'batch_size': 128, 'lr': 0.001, 'max_epochs': 16, 'module__n_features': 6, 'module__n_neurons': 256, 'module__nonlin': ReLU()}
2024-05-29 17:02:04,602 0.418580 (0.096863) with: {'batch_size': 128, 'lr': 0.001, 'max_epochs': 32, 'module__n_features': 6, 'module__n_neurons': 16, 'module__nonlin': Tanh()}
2024-05-29 17:02:04,602 0.444228 (0.142682) with: {'batch_size': 128, 'lr': 0.001, 'max_epochs': 32, 'module__n_features': 6, 'module__n_neurons': 16, 'module__nonlin': ReLU()}
2024-05-29 17:02:04,602 0.625540 (0.266021) with: {'batch_size': 128, 'lr': 0.001, 'max_epochs': 32, 'module__n_features': 6, 'module__n_neurons': 32, 'module__nonlin': Tanh()}
2024-05-29 17:02:04,602 0.373669 (0.213186) with: {'batch_size': 128, 'lr': 0.001, 'max_epochs': 32, 'module__n_features': 6, 'module__n_neurons': 32, 'module__nonlin': ReLU()}
2024-05-29 17:02:04,602 0.806776 (0.096845) with: {'batch_size': 128, 'lr': 0.001, 'max_epochs': 32, 'module__n_features': 6, 'module__n_neurons': 64, 'module__nonlin': Tanh()}
2024-05-29 17:02:04,602 0.689202 (0.111573) with: {'batch_size': 128, 'lr': 0.001, 'max_epochs': 32, 'module__n_features': 6, 'module__n_neurons': 64, 'module__nonlin': ReLU()}
2024-05-29 17:02:04,602 0.906268 (0.037098) with: {'batch_size': 128, 'lr': 0.001, 'max_epochs': 32, 'module__n_features': 6, 'module__n_neurons': 128, 'module__nonlin': Tanh()}
2024-05-29 17:02:04,602 0.787513 (0.080393) with: {'batch_size': 128, 'lr': 0.001, 'max_epochs': 32, 'module__n_features': 6, 'module__n_neurons': 128, 'module__nonlin': ReLU()}
2024-05-29 17:02:04,602 0.925130 (0.041581) with: {'batch_size': 128, 'lr': 0.001, 'max_epochs': 32, 'module__n_features': 6, 'module__n_neurons': 256, 'module__nonlin': Tanh()}
2024-05-29 17:02:04,602 0.909693 (0.056743) with: {'batch_size': 128, 'lr': 0.001, 'max_epochs': 32, 'module__n_features': 6, 'module__n_neurons': 256, 'module__nonlin': ReLU()}
2024-05-29 17:02:04,602 0.656153 (0.098439) with: {'batch_size': 128, 'lr': 0.001, 'max_epochs': 64, 'module__n_features': 6, 'module__n_neurons': 16, 'module__nonlin': Tanh()}
2024-05-29 17:02:04,602 0.656565 (0.228951) with: {'batch_size': 128, 'lr': 0.001, 'max_epochs': 64, 'module__n_features': 6, 'module__n_neurons': 16, 'module__nonlin': ReLU()}
2024-05-29 17:02:04,602 0.694817 (0.190727) with: {'batch_size': 128, 'lr': 0.001, 'max_epochs': 64, 'module__n_features': 6, 'module__n_neurons': 32, 'module__nonlin': Tanh()}
2024-05-29 17:02:04,602 0.782855 (0.109526) with: {'batch_size': 128, 'lr': 0.001, 'max_epochs': 64, 'module__n_features': 6, 'module__n_neurons': 32, 'module__nonlin': ReLU()}
2024-05-29 17:02:04,602 0.920141 (0.043118) with: {'batch_size': 128, 'lr': 0.001, 'max_epochs': 64, 'module__n_features': 6, 'module__n_neurons': 64, 'module__nonlin': Tanh()}
2024-05-29 17:02:04,602 0.844029 (0.103693) with: {'batch_size': 128, 'lr': 0.001, 'max_epochs': 64, 'module__n_features': 6, 'module__n_neurons': 64, 'module__nonlin': ReLU()}
2024-05-29 17:02:04,602 0.942832 (0.037362) with: {'batch_size': 128, 'lr': 0.001, 'max_epochs': 64, 'module__n_features': 6, 'module__n_neurons': 128, 'module__nonlin': Tanh()}
2024-05-29 17:02:04,602 0.919427 (0.054150) with: {'batch_size': 128, 'lr': 0.001, 'max_epochs': 64, 'module__n_features': 6, 'module__n_neurons': 128, 'module__nonlin': ReLU()}
2024-05-29 17:02:04,602 0.968893 (0.014967) with: {'batch_size': 128, 'lr': 0.001, 'max_epochs': 64, 'module__n_features': 6, 'module__n_neurons': 256, 'module__nonlin': Tanh()}
2024-05-29 17:02:04,602 0.947487 (0.035721) with: {'batch_size': 128, 'lr': 0.001, 'max_epochs': 64, 'module__n_features': 6, 'module__n_neurons': 256, 'module__nonlin': ReLU()}
2024-05-29 17:02:04,602 0.871043 (0.055918) with: {'batch_size': 128, 'lr': 0.001, 'max_epochs': 128, 'module__n_features': 6, 'module__n_neurons': 16, 'module__nonlin': Tanh()}
2024-05-29 17:02:04,602 0.767736 (0.065615) with: {'batch_size': 128, 'lr': 0.001, 'max_epochs': 128, 'module__n_features': 6, 'module__n_neurons': 16, 'module__nonlin': ReLU()}
2024-05-29 17:02:04,602 0.907641 (0.061293) with: {'batch_size': 128, 'lr': 0.001, 'max_epochs': 128, 'module__n_features': 6, 'module__n_neurons': 32, 'module__nonlin': Tanh()}
2024-05-29 17:02:04,602 0.877549 (0.039808) with: {'batch_size': 128, 'lr': 0.001, 'max_epochs': 128, 'module__n_features': 6, 'module__n_neurons': 32, 'module__nonlin': ReLU()}
2024-05-29 17:02:04,602 0.932621 (0.051844) with: {'batch_size': 128, 'lr': 0.001, 'max_epochs': 128, 'module__n_features': 6, 'module__n_neurons': 64, 'module__nonlin': Tanh()}
2024-05-29 17:02:04,602 0.928321 (0.038519) with: {'batch_size': 128, 'lr': 0.001, 'max_epochs': 128, 'module__n_features': 6, 'module__n_neurons': 64, 'module__nonlin': ReLU()}
2024-05-29 17:02:04,602 0.961482 (0.013969) with: {'batch_size': 128, 'lr': 0.001, 'max_epochs': 128, 'module__n_features': 6, 'module__n_neurons': 128, 'module__nonlin': Tanh()}
2024-05-29 17:02:04,602 0.957765 (0.032417) with: {'batch_size': 128, 'lr': 0.001, 'max_epochs': 128, 'module__n_features': 6, 'module__n_neurons': 128, 'module__nonlin': ReLU()}
2024-05-29 17:02:04,602 0.981160 (0.014535) with: {'batch_size': 128, 'lr': 0.001, 'max_epochs': 128, 'module__n_features': 6, 'module__n_neurons': 256, 'module__nonlin': Tanh()}
2024-05-29 17:02:04,602 0.974295 (0.020716) with: {'batch_size': 128, 'lr': 0.001, 'max_epochs': 128, 'module__n_features': 6, 'module__n_neurons': 256, 'module__nonlin': ReLU()}
2024-05-29 17:02:04,602 0.864386 (0.132883) with: {'batch_size': 128, 'lr': 0.01, 'max_epochs': 16, 'module__n_features': 6, 'module__n_neurons': 16, 'module__nonlin': Tanh()}
2024-05-29 17:02:04,602 0.656913 (0.230734) with: {'batch_size': 128, 'lr': 0.01, 'max_epochs': 16, 'module__n_features': 6, 'module__n_neurons': 16, 'module__nonlin': ReLU()}
2024-05-29 17:02:04,602 0.927250 (0.028327) with: {'batch_size': 128, 'lr': 0.01, 'max_epochs': 16, 'module__n_features': 6, 'module__n_neurons': 32, 'module__nonlin': Tanh()}
2024-05-29 17:02:04,602 0.853250 (0.077334) with: {'batch_size': 128, 'lr': 0.01, 'max_epochs': 16, 'module__n_features': 6, 'module__n_neurons': 32, 'module__nonlin': ReLU()}
2024-05-29 17:02:04,602 0.931525 (0.034861) with: {'batch_size': 128, 'lr': 0.01, 'max_epochs': 16, 'module__n_features': 6, 'module__n_neurons': 64, 'module__nonlin': Tanh()}
2024-05-29 17:02:04,602 0.905129 (0.051040) with: {'batch_size': 128, 'lr': 0.01, 'max_epochs': 16, 'module__n_features': 6, 'module__n_neurons': 64, 'module__nonlin': ReLU()}
2024-05-29 17:02:04,602 0.954953 (0.027885) with: {'batch_size': 128, 'lr': 0.01, 'max_epochs': 16, 'module__n_features': 6, 'module__n_neurons': 128, 'module__nonlin': Tanh()}
2024-05-29 17:02:04,602 0.960087 (0.026461) with: {'batch_size': 128, 'lr': 0.01, 'max_epochs': 16, 'module__n_features': 6, 'module__n_neurons': 128, 'module__nonlin': ReLU()}
2024-05-29 17:02:04,602 0.975456 (0.019525) with: {'batch_size': 128, 'lr': 0.01, 'max_epochs': 16, 'module__n_features': 6, 'module__n_neurons': 256, 'module__nonlin': Tanh()}
2024-05-29 17:02:04,603 0.970367 (0.016524) with: {'batch_size': 128, 'lr': 0.01, 'max_epochs': 16, 'module__n_features': 6, 'module__n_neurons': 256, 'module__nonlin': ReLU()}
2024-05-29 17:02:04,603 0.920084 (0.048460) with: {'batch_size': 128, 'lr': 0.01, 'max_epochs': 32, 'module__n_features': 6, 'module__n_neurons': 16, 'module__nonlin': Tanh()}
2024-05-29 17:02:04,603 0.907573 (0.052561) with: {'batch_size': 128, 'lr': 0.01, 'max_epochs': 32, 'module__n_features': 6, 'module__n_neurons': 16, 'module__nonlin': ReLU()}
2024-05-29 17:02:04,603 0.943925 (0.039678) with: {'batch_size': 128, 'lr': 0.01, 'max_epochs': 32, 'module__n_features': 6, 'module__n_neurons': 32, 'module__nonlin': Tanh()}
2024-05-29 17:02:04,603 0.947687 (0.043256) with: {'batch_size': 128, 'lr': 0.01, 'max_epochs': 32, 'module__n_features': 6, 'module__n_neurons': 32, 'module__nonlin': ReLU()}
2024-05-29 17:02:04,603 0.954573 (0.023519) with: {'batch_size': 128, 'lr': 0.01, 'max_epochs': 32, 'module__n_features': 6, 'module__n_neurons': 64, 'module__nonlin': Tanh()}
2024-05-29 17:02:04,603 0.958033 (0.033637) with: {'batch_size': 128, 'lr': 0.01, 'max_epochs': 32, 'module__n_features': 6, 'module__n_neurons': 64, 'module__nonlin': ReLU()}
2024-05-29 17:02:04,603 0.983526 (0.014126) with: {'batch_size': 128, 'lr': 0.01, 'max_epochs': 32, 'module__n_features': 6, 'module__n_neurons': 128, 'module__nonlin': Tanh()}
2024-05-29 17:02:04,603 0.976617 (0.019320) with: {'batch_size': 128, 'lr': 0.01, 'max_epochs': 32, 'module__n_features': 6, 'module__n_neurons': 128, 'module__nonlin': ReLU()}
2024-05-29 17:02:04,603 0.987354 (0.010780) with: {'batch_size': 128, 'lr': 0.01, 'max_epochs': 32, 'module__n_features': 6, 'module__n_neurons': 256, 'module__nonlin': Tanh()}
2024-05-29 17:02:04,603 0.989252 (0.005645) with: {'batch_size': 128, 'lr': 0.01, 'max_epochs': 32, 'module__n_features': 6, 'module__n_neurons': 256, 'module__nonlin': ReLU()}
2024-05-29 17:02:04,603 0.966762 (0.028679) with: {'batch_size': 128, 'lr': 0.01, 'max_epochs': 64, 'module__n_features': 6, 'module__n_neurons': 16, 'module__nonlin': Tanh()}
2024-05-29 17:02:04,603 0.957297 (0.020166) with: {'batch_size': 128, 'lr': 0.01, 'max_epochs': 64, 'module__n_features': 6, 'module__n_neurons': 16, 'module__nonlin': ReLU()}
2024-05-29 17:02:04,603 0.983102 (0.014129) with: {'batch_size': 128, 'lr': 0.01, 'max_epochs': 64, 'module__n_features': 6, 'module__n_neurons': 32, 'module__nonlin': Tanh()}
2024-05-29 17:02:04,603 0.969998 (0.019869) with: {'batch_size': 128, 'lr': 0.01, 'max_epochs': 64, 'module__n_features': 6, 'module__n_neurons': 32, 'module__nonlin': ReLU()}
2024-05-29 17:02:04,603 0.989620 (0.006720) with: {'batch_size': 128, 'lr': 0.01, 'max_epochs': 64, 'module__n_features': 6, 'module__n_neurons': 64, 'module__nonlin': Tanh()}
2024-05-29 17:02:04,603 0.989263 (0.005502) with: {'batch_size': 128, 'lr': 0.01, 'max_epochs': 64, 'module__n_features': 6, 'module__n_neurons': 64, 'module__nonlin': ReLU()}
2024-05-29 17:02:04,603 0.994989 (0.000904) with: {'batch_size': 128, 'lr': 0.01, 'max_epochs': 64, 'module__n_features': 6, 'module__n_neurons': 128, 'module__nonlin': Tanh()}
2024-05-29 17:02:04,603 0.992712 (0.003420) with: {'batch_size': 128, 'lr': 0.01, 'max_epochs': 64, 'module__n_features': 6, 'module__n_neurons': 128, 'module__nonlin': ReLU()}
2024-05-29 17:02:04,603 0.994977 (0.000959) with: {'batch_size': 128, 'lr': 0.01, 'max_epochs': 64, 'module__n_features': 6, 'module__n_neurons': 256, 'module__nonlin': Tanh()}
2024-05-29 17:02:04,603 0.993437 (0.002916) with: {'batch_size': 128, 'lr': 0.01, 'max_epochs': 64, 'module__n_features': 6, 'module__n_neurons': 256, 'module__nonlin': ReLU()}
2024-05-29 17:02:04,603 0.995346 (0.002635) with: {'batch_size': 128, 'lr': 0.01, 'max_epochs': 128, 'module__n_features': 6, 'module__n_neurons': 16, 'module__nonlin': Tanh()}
2024-05-29 17:02:04,603 0.993459 (0.005686) with: {'batch_size': 128, 'lr': 0.01, 'max_epochs': 128, 'module__n_features': 6, 'module__n_neurons': 16, 'module__nonlin': ReLU()}
2024-05-29 17:02:04,603 0.994977 (0.000959) with: {'batch_size': 128, 'lr': 0.01, 'max_epochs': 128, 'module__n_features': 6, 'module__n_neurons': 32, 'module__nonlin': Tanh()}
2024-05-29 17:02:04,603 0.994977 (0.000959) with: {'batch_size': 128, 'lr': 0.01, 'max_epochs': 128, 'module__n_features': 6, 'module__n_neurons': 32, 'module__nonlin': ReLU()}
2024-05-29 17:02:04,603 0.994196 (0.002161) with: {'batch_size': 128, 'lr': 0.01, 'max_epochs': 128, 'module__n_features': 6, 'module__n_neurons': 64, 'module__nonlin': Tanh()}
2024-05-29 17:02:04,603 0.993415 (0.003647) with: {'batch_size': 128, 'lr': 0.01, 'max_epochs': 128, 'module__n_features': 6, 'module__n_neurons': 64, 'module__nonlin': ReLU()}
2024-05-29 17:02:04,603 0.993806 (0.002894) with: {'batch_size': 128, 'lr': 0.01, 'max_epochs': 128, 'module__n_features': 6, 'module__n_neurons': 128, 'module__nonlin': Tanh()}
2024-05-29 17:02:04,603 0.993047 (0.004722) with: {'batch_size': 128, 'lr': 0.01, 'max_epochs': 128, 'module__n_features': 6, 'module__n_neurons': 128, 'module__nonlin': ReLU()}
2024-05-29 17:02:04,603 0.994587 (0.003367) with: {'batch_size': 128, 'lr': 0.01, 'max_epochs': 128, 'module__n_features': 6, 'module__n_neurons': 256, 'module__nonlin': Tanh()}
2024-05-29 17:02:04,603 0.991864 (0.007866) with: {'batch_size': 128, 'lr': 0.01, 'max_epochs': 128, 'module__n_features': 6, 'module__n_neurons': 256, 'module__nonlin': ReLU()}
2024-05-29 17:02:04,603 0.935834 (0.035321) with: {'batch_size': 128, 'lr': 0.02, 'max_epochs': 16, 'module__n_features': 6, 'module__n_neurons': 16, 'module__nonlin': Tanh()}
2024-05-29 17:02:04,603 0.906155 (0.038526) with: {'batch_size': 128, 'lr': 0.02, 'max_epochs': 16, 'module__n_features': 6, 'module__n_neurons': 16, 'module__nonlin': ReLU()}
2024-05-29 17:02:04,603 0.939350 (0.044920) with: {'batch_size': 128, 'lr': 0.02, 'max_epochs': 16, 'module__n_features': 6, 'module__n_neurons': 32, 'module__nonlin': Tanh()}
2024-05-29 17:02:04,603 0.924795 (0.058217) with: {'batch_size': 128, 'lr': 0.02, 'max_epochs': 16, 'module__n_features': 6, 'module__n_neurons': 32, 'module__nonlin': ReLU()}
2024-05-29 17:02:04,603 0.958100 (0.025777) with: {'batch_size': 128, 'lr': 0.02, 'max_epochs': 16, 'module__n_features': 6, 'module__n_neurons': 64, 'module__nonlin': Tanh()}
2024-05-29 17:02:04,603 0.959394 (0.035887) with: {'batch_size': 128, 'lr': 0.02, 'max_epochs': 16, 'module__n_features': 6, 'module__n_neurons': 64, 'module__nonlin': ReLU()}
2024-05-29 17:02:04,603 0.975087 (0.023810) with: {'batch_size': 128, 'lr': 0.02, 'max_epochs': 16, 'module__n_features': 6, 'module__n_neurons': 128, 'module__nonlin': Tanh()}
2024-05-29 17:02:04,603 0.965400 (0.016794) with: {'batch_size': 128, 'lr': 0.02, 'max_epochs': 16, 'module__n_features': 6, 'module__n_neurons': 128, 'module__nonlin': ReLU()}
2024-05-29 17:02:04,603 0.980021 (0.012849) with: {'batch_size': 128, 'lr': 0.02, 'max_epochs': 16, 'module__n_features': 6, 'module__n_neurons': 256, 'module__nonlin': Tanh()}
2024-05-29 17:02:04,603 0.978916 (0.018296) with: {'batch_size': 128, 'lr': 0.02, 'max_epochs': 16, 'module__n_features': 6, 'module__n_neurons': 256, 'module__nonlin': ReLU()}
2024-05-29 17:02:04,603 0.967084 (0.022324) with: {'batch_size': 128, 'lr': 0.02, 'max_epochs': 32, 'module__n_features': 6, 'module__n_neurons': 16, 'module__nonlin': Tanh()}
2024-05-29 17:02:04,603 0.953535 (0.029688) with: {'batch_size': 128, 'lr': 0.02, 'max_epochs': 32, 'module__n_features': 6, 'module__n_neurons': 16, 'module__nonlin': ReLU()}
2024-05-29 17:02:04,603 0.966594 (0.031745) with: {'batch_size': 128, 'lr': 0.02, 'max_epochs': 32, 'module__n_features': 6, 'module__n_neurons': 32, 'module__nonlin': Tanh()}
2024-05-29 17:02:04,603 0.965277 (0.023562) with: {'batch_size': 128, 'lr': 0.02, 'max_epochs': 32, 'module__n_features': 6, 'module__n_neurons': 32, 'module__nonlin': ReLU()}
2024-05-29 17:02:04,603 0.987745 (0.014976) with: {'batch_size': 128, 'lr': 0.02, 'max_epochs': 32, 'module__n_features': 6, 'module__n_neurons': 64, 'module__nonlin': Tanh()}
2024-05-29 17:02:04,603 0.983503 (0.010570) with: {'batch_size': 128, 'lr': 0.02, 'max_epochs': 32, 'module__n_features': 6, 'module__n_neurons': 64, 'module__nonlin': ReLU()}
2024-05-29 17:02:04,603 0.991941 (0.005508) with: {'batch_size': 128, 'lr': 0.02, 'max_epochs': 32, 'module__n_features': 6, 'module__n_neurons': 128, 'module__nonlin': Tanh()}
2024-05-29 17:02:04,603 0.990401 (0.004880) with: {'batch_size': 128, 'lr': 0.02, 'max_epochs': 32, 'module__n_features': 6, 'module__n_neurons': 128, 'module__nonlin': ReLU()}
2024-05-29 17:02:04,603 0.992310 (0.003746) with: {'batch_size': 128, 'lr': 0.02, 'max_epochs': 32, 'module__n_features': 6, 'module__n_neurons': 256, 'module__nonlin': Tanh()}
2024-05-29 17:02:04,604 0.993471 (0.002790) with: {'batch_size': 128, 'lr': 0.02, 'max_epochs': 32, 'module__n_features': 6, 'module__n_neurons': 256, 'module__nonlin': ReLU()}
2024-05-29 17:02:04,604 0.992321 (0.005719) with: {'batch_size': 128, 'lr': 0.02, 'max_epochs': 64, 'module__n_features': 6, 'module__n_neurons': 16, 'module__nonlin': Tanh()}
2024-05-29 17:02:04,604 0.988113 (0.010226) with: {'batch_size': 128, 'lr': 0.02, 'max_epochs': 64, 'module__n_features': 6, 'module__n_neurons': 16, 'module__nonlin': ReLU()}
2024-05-29 17:02:04,604 0.995368 (0.000937) with: {'batch_size': 128, 'lr': 0.02, 'max_epochs': 64, 'module__n_features': 6, 'module__n_neurons': 32, 'module__nonlin': Tanh()}
2024-05-29 17:02:04,604 0.994989 (0.000904) with: {'batch_size': 128, 'lr': 0.02, 'max_epochs': 64, 'module__n_features': 6, 'module__n_neurons': 32, 'module__nonlin': ReLU()}
2024-05-29 17:02:04,604 0.994977 (0.000959) with: {'batch_size': 128, 'lr': 0.02, 'max_epochs': 64, 'module__n_features': 6, 'module__n_neurons': 64, 'module__nonlin': Tanh()}
2024-05-29 17:02:04,604 0.993828 (0.002217) with: {'batch_size': 128, 'lr': 0.02, 'max_epochs': 64, 'module__n_features': 6, 'module__n_neurons': 64, 'module__nonlin': ReLU()}
2024-05-29 17:02:04,604 0.994196 (0.002161) with: {'batch_size': 128, 'lr': 0.02, 'max_epochs': 64, 'module__n_features': 6, 'module__n_neurons': 128, 'module__nonlin': Tanh()}
2024-05-29 17:02:04,604 0.993024 (0.004410) with: {'batch_size': 128, 'lr': 0.02, 'max_epochs': 64, 'module__n_features': 6, 'module__n_neurons': 128, 'module__nonlin': ReLU()}
2024-05-29 17:02:04,604 0.994196 (0.002161) with: {'batch_size': 128, 'lr': 0.02, 'max_epochs': 64, 'module__n_features': 6, 'module__n_neurons': 256, 'module__nonlin': Tanh()}
2024-05-29 17:02:04,604 0.991875 (0.005992) with: {'batch_size': 128, 'lr': 0.02, 'max_epochs': 64, 'module__n_features': 6, 'module__n_neurons': 256, 'module__nonlin': ReLU()}
2024-05-29 17:02:04,604 0.994977 (0.000959) with: {'batch_size': 128, 'lr': 0.02, 'max_epochs': 128, 'module__n_features': 6, 'module__n_neurons': 16, 'module__nonlin': Tanh()}
2024-05-29 17:02:04,604 0.994196 (0.002161) with: {'batch_size': 128, 'lr': 0.02, 'max_epochs': 128, 'module__n_features': 6, 'module__n_neurons': 16, 'module__nonlin': ReLU()}
2024-05-29 17:02:04,604 0.994977 (0.003623) with: {'batch_size': 128, 'lr': 0.02, 'max_epochs': 128, 'module__n_features': 6, 'module__n_neurons': 32, 'module__nonlin': Tanh()}
2024-05-29 17:02:04,604 0.993817 (0.002272) with: {'batch_size': 128, 'lr': 0.02, 'max_epochs': 128, 'module__n_features': 6, 'module__n_neurons': 32, 'module__nonlin': ReLU()}
2024-05-29 17:02:04,604 0.994989 (0.004185) with: {'batch_size': 128, 'lr': 0.02, 'max_epochs': 128, 'module__n_features': 6, 'module__n_neurons': 64, 'module__nonlin': Tanh()}
2024-05-29 17:02:04,604 0.992634 (0.006123) with: {'batch_size': 128, 'lr': 0.02, 'max_epochs': 128, 'module__n_features': 6, 'module__n_neurons': 64, 'module__nonlin': ReLU()}
2024-05-29 17:02:04,604 0.994989 (0.004185) with: {'batch_size': 128, 'lr': 0.02, 'max_epochs': 128, 'module__n_features': 6, 'module__n_neurons': 128, 'module__nonlin': Tanh()}
2024-05-29 17:02:04,604 0.993024 (0.007488) with: {'batch_size': 128, 'lr': 0.02, 'max_epochs': 128, 'module__n_features': 6, 'module__n_neurons': 128, 'module__nonlin': ReLU()}
2024-05-29 17:02:04,604 0.994989 (0.004185) with: {'batch_size': 128, 'lr': 0.02, 'max_epochs': 128, 'module__n_features': 6, 'module__n_neurons': 256, 'module__nonlin': Tanh()}
2024-05-29 17:02:04,604 0.991886 (0.008323) with: {'batch_size': 128, 'lr': 0.02, 'max_epochs': 128, 'module__n_features': 6, 'module__n_neurons': 256, 'module__nonlin': ReLU()}
