2024-06-02 15:57:51,481 Best: 0.998482 using {'batch_size': 16, 'lr': 0.01, 'max_epochs': 128, 'module__n_features': 6, 'module__n_neurons': 256, 'module__nonlin': Tanh()}
2024-06-02 15:57:51,482 Best estimator configuration: 
 <class 'skorch.classifier.NeuralNetClassifier'>[initialized](
  module_=Module2Layers(
    (dense0): Linear(in_features=6, out_features=256, bias=True)
    (act): Tanh()
    (dense1): Linear(in_features=256, out_features=256, bias=True)
    (output): Linear(in_features=256, out_features=1, bias=True)
    (sigmoid): Sigmoid()
  ),
)
2024-06-02 15:57:51,482 0.640599 (0.102552) with: {'batch_size': 16, 'lr': 0.001, 'max_epochs': 16, 'module__n_features': 6, 'module__n_neurons': 16, 'module__nonlin': Tanh()}
2024-06-02 15:57:51,482 0.608614 (0.189098) with: {'batch_size': 16, 'lr': 0.001, 'max_epochs': 16, 'module__n_features': 6, 'module__n_neurons': 16, 'module__nonlin': ReLU()}
2024-06-02 15:57:51,482 0.879045 (0.081350) with: {'batch_size': 16, 'lr': 0.001, 'max_epochs': 16, 'module__n_features': 6, 'module__n_neurons': 32, 'module__nonlin': Tanh()}
2024-06-02 15:57:51,482 0.789297 (0.101012) with: {'batch_size': 16, 'lr': 0.001, 'max_epochs': 16, 'module__n_features': 6, 'module__n_neurons': 32, 'module__nonlin': ReLU()}
2024-06-02 15:57:51,482 0.951124 (0.029352) with: {'batch_size': 16, 'lr': 0.001, 'max_epochs': 16, 'module__n_features': 6, 'module__n_neurons': 64, 'module__nonlin': Tanh()}
2024-06-02 15:57:51,482 0.909024 (0.063771) with: {'batch_size': 16, 'lr': 0.001, 'max_epochs': 16, 'module__n_features': 6, 'module__n_neurons': 64, 'module__nonlin': ReLU()}
2024-06-02 15:57:51,482 0.983113 (0.013408) with: {'batch_size': 16, 'lr': 0.001, 'max_epochs': 16, 'module__n_features': 6, 'module__n_neurons': 128, 'module__nonlin': Tanh()}
2024-06-02 15:57:51,482 0.972331 (0.024156) with: {'batch_size': 16, 'lr': 0.001, 'max_epochs': 16, 'module__n_features': 6, 'module__n_neurons': 128, 'module__nonlin': ReLU()}
2024-06-02 15:57:51,482 0.993850 (0.004686) with: {'batch_size': 16, 'lr': 0.001, 'max_epochs': 16, 'module__n_features': 6, 'module__n_neurons': 256, 'module__nonlin': Tanh()}
2024-06-02 15:57:51,482 0.983459 (0.013628) with: {'batch_size': 16, 'lr': 0.001, 'max_epochs': 16, 'module__n_features': 6, 'module__n_neurons': 256, 'module__nonlin': ReLU()}
2024-06-02 15:57:51,482 0.817925 (0.063915) with: {'batch_size': 16, 'lr': 0.001, 'max_epochs': 32, 'module__n_features': 6, 'module__n_neurons': 16, 'module__nonlin': Tanh()}
2024-06-02 15:57:51,482 0.795430 (0.141554) with: {'batch_size': 16, 'lr': 0.001, 'max_epochs': 32, 'module__n_features': 6, 'module__n_neurons': 16, 'module__nonlin': ReLU()}
2024-06-02 15:57:51,482 0.947552 (0.037456) with: {'batch_size': 16, 'lr': 0.001, 'max_epochs': 32, 'module__n_features': 6, 'module__n_neurons': 32, 'module__nonlin': Tanh()}
2024-06-02 15:57:51,482 0.909356 (0.063807) with: {'batch_size': 16, 'lr': 0.001, 'max_epochs': 32, 'module__n_features': 6, 'module__n_neurons': 32, 'module__nonlin': ReLU()}
2024-06-02 15:57:51,482 0.987298 (0.009848) with: {'batch_size': 16, 'lr': 0.001, 'max_epochs': 32, 'module__n_features': 6, 'module__n_neurons': 64, 'module__nonlin': Tanh()}
2024-06-02 15:57:51,482 0.963435 (0.028078) with: {'batch_size': 16, 'lr': 0.001, 'max_epochs': 32, 'module__n_features': 6, 'module__n_neurons': 64, 'module__nonlin': ReLU()}
2024-06-02 15:57:51,482 0.996138 (0.002401) with: {'batch_size': 16, 'lr': 0.001, 'max_epochs': 32, 'module__n_features': 6, 'module__n_neurons': 128, 'module__nonlin': Tanh()}
2024-06-02 15:57:51,482 0.986974 (0.011669) with: {'batch_size': 16, 'lr': 0.001, 'max_epochs': 32, 'module__n_features': 6, 'module__n_neurons': 128, 'module__nonlin': ReLU()}
2024-06-02 15:57:51,482 0.996518 (0.002282) with: {'batch_size': 16, 'lr': 0.001, 'max_epochs': 32, 'module__n_features': 6, 'module__n_neurons': 256, 'module__nonlin': Tanh()}
2024-06-02 15:57:51,486 0.993058 (0.001938) with: {'batch_size': 16, 'lr': 0.001, 'max_epochs': 32, 'module__n_features': 6, 'module__n_neurons': 256, 'module__nonlin': ReLU()}
2024-06-02 15:57:51,486 0.934895 (0.063259) with: {'batch_size': 16, 'lr': 0.001, 'max_epochs': 64, 'module__n_features': 6, 'module__n_neurons': 16, 'module__nonlin': Tanh()}
2024-06-02 15:57:51,486 0.881166 (0.063501) with: {'batch_size': 16, 'lr': 0.001, 'max_epochs': 64, 'module__n_features': 6, 'module__n_neurons': 16, 'module__nonlin': ReLU()}
2024-06-02 15:57:51,486 0.986595 (0.010814) with: {'batch_size': 16, 'lr': 0.001, 'max_epochs': 64, 'module__n_features': 6, 'module__n_neurons': 32, 'module__nonlin': Tanh()}
2024-06-02 15:57:51,486 0.979553 (0.006958) with: {'batch_size': 16, 'lr': 0.001, 'max_epochs': 64, 'module__n_features': 6, 'module__n_neurons': 32, 'module__nonlin': ReLU()}
2024-06-02 15:57:51,487 0.995736 (0.002853) with: {'batch_size': 16, 'lr': 0.001, 'max_epochs': 64, 'module__n_features': 6, 'module__n_neurons': 64, 'module__nonlin': Tanh()}
2024-06-02 15:57:51,487 0.984196 (0.014858) with: {'batch_size': 16, 'lr': 0.001, 'max_epochs': 64, 'module__n_features': 6, 'module__n_neurons': 64, 'module__nonlin': ReLU()}
2024-06-02 15:57:51,487 0.994955 (0.005339) with: {'batch_size': 16, 'lr': 0.001, 'max_epochs': 64, 'module__n_features': 6, 'module__n_neurons': 128, 'module__nonlin': Tanh()}
2024-06-02 15:57:51,487 0.993035 (0.005165) with: {'batch_size': 16, 'lr': 0.001, 'max_epochs': 64, 'module__n_features': 6, 'module__n_neurons': 128, 'module__nonlin': ReLU()}
2024-06-02 15:57:51,487 0.995736 (0.004855) with: {'batch_size': 16, 'lr': 0.001, 'max_epochs': 64, 'module__n_features': 6, 'module__n_neurons': 256, 'module__nonlin': Tanh()}
2024-06-02 15:57:51,487 0.991864 (0.009852) with: {'batch_size': 16, 'lr': 0.001, 'max_epochs': 64, 'module__n_features': 6, 'module__n_neurons': 256, 'module__nonlin': ReLU()}
2024-06-02 15:57:51,487 0.986595 (0.016414) with: {'batch_size': 16, 'lr': 0.001, 'max_epochs': 128, 'module__n_features': 6, 'module__n_neurons': 16, 'module__nonlin': Tanh()}
2024-06-02 15:57:51,487 0.952809 (0.042934) with: {'batch_size': 16, 'lr': 0.001, 'max_epochs': 128, 'module__n_features': 6, 'module__n_neurons': 16, 'module__nonlin': ReLU()}
2024-06-02 15:57:51,487 0.996507 (0.002588) with: {'batch_size': 16, 'lr': 0.001, 'max_epochs': 128, 'module__n_features': 6, 'module__n_neurons': 32, 'module__nonlin': Tanh()}
2024-06-02 15:57:51,487 0.993471 (0.003051) with: {'batch_size': 16, 'lr': 0.001, 'max_epochs': 128, 'module__n_features': 6, 'module__n_neurons': 32, 'module__nonlin': ReLU()}
2024-06-02 15:57:51,487 0.995725 (0.005724) with: {'batch_size': 16, 'lr': 0.001, 'max_epochs': 128, 'module__n_features': 6, 'module__n_neurons': 64, 'module__nonlin': Tanh()}
2024-06-02 15:57:51,487 0.993806 (0.004861) with: {'batch_size': 16, 'lr': 0.001, 'max_epochs': 128, 'module__n_features': 6, 'module__n_neurons': 64, 'module__nonlin': ReLU()}
2024-06-02 15:57:51,487 0.996127 (0.005098) with: {'batch_size': 16, 'lr': 0.001, 'max_epochs': 128, 'module__n_features': 6, 'module__n_neurons': 128, 'module__nonlin': Tanh()}
2024-06-02 15:57:51,487 0.993035 (0.007680) with: {'batch_size': 16, 'lr': 0.001, 'max_epochs': 128, 'module__n_features': 6, 'module__n_neurons': 128, 'module__nonlin': ReLU()}
2024-06-02 15:57:51,487 0.995748 (0.005148) with: {'batch_size': 16, 'lr': 0.001, 'max_epochs': 128, 'module__n_features': 6, 'module__n_neurons': 256, 'module__nonlin': Tanh()}
2024-06-02 15:57:51,487 0.990703 (0.011298) with: {'batch_size': 16, 'lr': 0.001, 'max_epochs': 128, 'module__n_features': 6, 'module__n_neurons': 256, 'module__nonlin': ReLU()}
2024-06-02 15:57:51,487 0.988470 (0.010086) with: {'batch_size': 16, 'lr': 0.01, 'max_epochs': 16, 'module__n_features': 6, 'module__n_neurons': 16, 'module__nonlin': Tanh()}
2024-06-02 15:57:51,487 0.970456 (0.021121) with: {'batch_size': 16, 'lr': 0.01, 'max_epochs': 16, 'module__n_features': 6, 'module__n_neurons': 16, 'module__nonlin': ReLU()}
2024-06-02 15:57:51,487 0.996897 (0.002643) with: {'batch_size': 16, 'lr': 0.01, 'max_epochs': 16, 'module__n_features': 6, 'module__n_neurons': 32, 'module__nonlin': Tanh()}
2024-06-02 15:57:51,487 0.983492 (0.017898) with: {'batch_size': 16, 'lr': 0.01, 'max_epochs': 16, 'module__n_features': 6, 'module__n_neurons': 32, 'module__nonlin': ReLU()}
2024-06-02 15:57:51,487 0.995357 (0.003632) with: {'batch_size': 16, 'lr': 0.01, 'max_epochs': 16, 'module__n_features': 6, 'module__n_neurons': 64, 'module__nonlin': Tanh()}
2024-06-02 15:57:51,487 0.993839 (0.002219) with: {'batch_size': 16, 'lr': 0.01, 'max_epochs': 16, 'module__n_features': 6, 'module__n_neurons': 64, 'module__nonlin': ReLU()}
2024-06-02 15:57:51,487 0.994966 (0.004558) with: {'batch_size': 16, 'lr': 0.01, 'max_epochs': 16, 'module__n_features': 6, 'module__n_neurons': 128, 'module__nonlin': Tanh()}
2024-06-02 15:57:51,487 0.990714 (0.007363) with: {'batch_size': 16, 'lr': 0.01, 'max_epochs': 16, 'module__n_features': 6, 'module__n_neurons': 128, 'module__nonlin': ReLU()}
2024-06-02 15:57:51,487 0.994598 (0.005262) with: {'batch_size': 16, 'lr': 0.01, 'max_epochs': 16, 'module__n_features': 6, 'module__n_neurons': 256, 'module__nonlin': Tanh()}
2024-06-02 15:57:51,487 0.988392 (0.010487) with: {'batch_size': 16, 'lr': 0.01, 'max_epochs': 16, 'module__n_features': 6, 'module__n_neurons': 256, 'module__nonlin': ReLU()}
2024-06-02 15:57:51,487 0.995346 (0.004566) with: {'batch_size': 16, 'lr': 0.01, 'max_epochs': 32, 'module__n_features': 6, 'module__n_neurons': 16, 'module__nonlin': Tanh()}
2024-06-02 15:57:51,487 0.993794 (0.005286) with: {'batch_size': 16, 'lr': 0.01, 'max_epochs': 32, 'module__n_features': 6, 'module__n_neurons': 16, 'module__nonlin': ReLU()}
2024-06-02 15:57:51,487 0.996127 (0.005098) with: {'batch_size': 16, 'lr': 0.01, 'max_epochs': 32, 'module__n_features': 6, 'module__n_neurons': 32, 'module__nonlin': Tanh()}
2024-06-02 15:57:51,487 0.993448 (0.005130) with: {'batch_size': 16, 'lr': 0.01, 'max_epochs': 32, 'module__n_features': 6, 'module__n_neurons': 32, 'module__nonlin': ReLU()}
2024-06-02 15:57:51,487 0.995368 (0.005308) with: {'batch_size': 16, 'lr': 0.01, 'max_epochs': 32, 'module__n_features': 6, 'module__n_neurons': 64, 'module__nonlin': Tanh()}
2024-06-02 15:57:51,487 0.988046 (0.007898) with: {'batch_size': 16, 'lr': 0.01, 'max_epochs': 32, 'module__n_features': 6, 'module__n_neurons': 64, 'module__nonlin': ReLU()}
2024-06-02 15:57:51,487 0.994218 (0.006484) with: {'batch_size': 16, 'lr': 0.01, 'max_epochs': 32, 'module__n_features': 6, 'module__n_neurons': 128, 'module__nonlin': Tanh()}
2024-06-02 15:57:51,487 0.990758 (0.007626) with: {'batch_size': 16, 'lr': 0.01, 'max_epochs': 32, 'module__n_features': 6, 'module__n_neurons': 128, 'module__nonlin': ReLU()}
2024-06-02 15:57:51,487 0.995748 (0.005148) with: {'batch_size': 16, 'lr': 0.01, 'max_epochs': 32, 'module__n_features': 6, 'module__n_neurons': 256, 'module__nonlin': Tanh()}
2024-06-02 15:57:51,487 0.988794 (0.007462) with: {'batch_size': 16, 'lr': 0.01, 'max_epochs': 32, 'module__n_features': 6, 'module__n_neurons': 256, 'module__nonlin': ReLU()}
2024-06-02 15:57:51,487 0.995748 (0.005148) with: {'batch_size': 16, 'lr': 0.01, 'max_epochs': 64, 'module__n_features': 6, 'module__n_neurons': 16, 'module__nonlin': Tanh()}
2024-06-02 15:57:51,487 0.993393 (0.009468) with: {'batch_size': 16, 'lr': 0.01, 'max_epochs': 64, 'module__n_features': 6, 'module__n_neurons': 16, 'module__nonlin': ReLU()}
2024-06-02 15:57:51,487 0.995368 (0.005308) with: {'batch_size': 16, 'lr': 0.01, 'max_epochs': 64, 'module__n_features': 6, 'module__n_neurons': 32, 'module__nonlin': Tanh()}
2024-06-02 15:57:51,487 0.992310 (0.007033) with: {'batch_size': 16, 'lr': 0.01, 'max_epochs': 64, 'module__n_features': 6, 'module__n_neurons': 32, 'module__nonlin': ReLU()}
2024-06-02 15:57:51,487 0.995368 (0.005308) with: {'batch_size': 16, 'lr': 0.01, 'max_epochs': 64, 'module__n_features': 6, 'module__n_neurons': 64, 'module__nonlin': Tanh()}
2024-06-02 15:57:51,487 0.991919 (0.006257) with: {'batch_size': 16, 'lr': 0.01, 'max_epochs': 64, 'module__n_features': 6, 'module__n_neurons': 64, 'module__nonlin': ReLU()}
2024-06-02 15:57:51,488 0.995368 (0.005308) with: {'batch_size': 16, 'lr': 0.01, 'max_epochs': 64, 'module__n_features': 6, 'module__n_neurons': 128, 'module__nonlin': Tanh()}
2024-06-02 15:57:51,488 0.984497 (0.011963) with: {'batch_size': 16, 'lr': 0.01, 'max_epochs': 64, 'module__n_features': 6, 'module__n_neurons': 128, 'module__nonlin': ReLU()}
2024-06-02 15:57:51,488 0.994977 (0.005987) with: {'batch_size': 16, 'lr': 0.01, 'max_epochs': 64, 'module__n_features': 6, 'module__n_neurons': 256, 'module__nonlin': Tanh()}
2024-06-02 15:57:51,488 0.986093 (0.010626) with: {'batch_size': 16, 'lr': 0.01, 'max_epochs': 64, 'module__n_features': 6, 'module__n_neurons': 256, 'module__nonlin': ReLU()}
2024-06-02 15:57:51,488 0.995368 (0.005308) with: {'batch_size': 16, 'lr': 0.01, 'max_epochs': 128, 'module__n_features': 6, 'module__n_neurons': 16, 'module__nonlin': Tanh()}
2024-06-02 15:57:51,488 0.989207 (0.009748) with: {'batch_size': 16, 'lr': 0.01, 'max_epochs': 128, 'module__n_features': 6, 'module__n_neurons': 16, 'module__nonlin': ReLU()}
2024-06-02 15:57:51,488 0.995748 (0.005552) with: {'batch_size': 16, 'lr': 0.01, 'max_epochs': 128, 'module__n_features': 6, 'module__n_neurons': 32, 'module__nonlin': Tanh()}
2024-06-02 15:57:51,488 0.992700 (0.004600) with: {'batch_size': 16, 'lr': 0.01, 'max_epochs': 128, 'module__n_features': 6, 'module__n_neurons': 32, 'module__nonlin': ReLU()}
2024-06-02 15:57:51,488 0.995748 (0.005552) with: {'batch_size': 16, 'lr': 0.01, 'max_epochs': 128, 'module__n_features': 6, 'module__n_neurons': 64, 'module__nonlin': Tanh()}
2024-06-02 15:57:51,488 0.990758 (0.006767) with: {'batch_size': 16, 'lr': 0.01, 'max_epochs': 128, 'module__n_features': 6, 'module__n_neurons': 64, 'module__nonlin': ReLU()}
2024-06-02 15:57:51,488 0.995368 (0.005308) with: {'batch_size': 16, 'lr': 0.01, 'max_epochs': 128, 'module__n_features': 6, 'module__n_neurons': 128, 'module__nonlin': Tanh()}
2024-06-02 15:57:51,488 0.987243 (0.009469) with: {'batch_size': 16, 'lr': 0.01, 'max_epochs': 128, 'module__n_features': 6, 'module__n_neurons': 128, 'module__nonlin': ReLU()}
2024-06-02 15:57:51,488 0.998482 (0.002213) with: {'batch_size': 16, 'lr': 0.01, 'max_epochs': 128, 'module__n_features': 6, 'module__n_neurons': 256, 'module__nonlin': Tanh()}
2024-06-02 15:57:51,488 0.987667 (0.010197) with: {'batch_size': 16, 'lr': 0.01, 'max_epochs': 128, 'module__n_features': 6, 'module__n_neurons': 256, 'module__nonlin': ReLU()}
2024-06-02 15:57:51,488 0.996897 (0.002643) with: {'batch_size': 16, 'lr': 0.02, 'max_epochs': 16, 'module__n_features': 6, 'module__n_neurons': 16, 'module__nonlin': Tanh()}
2024-06-02 15:57:51,488 0.984597 (0.013094) with: {'batch_size': 16, 'lr': 0.02, 'max_epochs': 16, 'module__n_features': 6, 'module__n_neurons': 16, 'module__nonlin': ReLU()}
2024-06-02 15:57:51,488 0.996518 (0.002282) with: {'batch_size': 16, 'lr': 0.02, 'max_epochs': 16, 'module__n_features': 6, 'module__n_neurons': 32, 'module__nonlin': Tanh()}
2024-06-02 15:57:51,488 0.993883 (0.004977) with: {'batch_size': 16, 'lr': 0.02, 'max_epochs': 16, 'module__n_features': 6, 'module__n_neurons': 32, 'module__nonlin': ReLU()}
2024-06-02 15:57:51,488 0.994587 (0.004355) with: {'batch_size': 16, 'lr': 0.02, 'max_epochs': 16, 'module__n_features': 6, 'module__n_neurons': 64, 'module__nonlin': Tanh()}
2024-06-02 15:57:51,488 0.989944 (0.007146) with: {'batch_size': 16, 'lr': 0.02, 'max_epochs': 16, 'module__n_features': 6, 'module__n_neurons': 64, 'module__nonlin': ReLU()}
2024-06-02 15:57:51,488 0.994207 (0.004907) with: {'batch_size': 16, 'lr': 0.02, 'max_epochs': 16, 'module__n_features': 6, 'module__n_neurons': 128, 'module__nonlin': Tanh()}
2024-06-02 15:57:51,488 0.991127 (0.006797) with: {'batch_size': 16, 'lr': 0.02, 'max_epochs': 16, 'module__n_features': 6, 'module__n_neurons': 128, 'module__nonlin': ReLU()}
2024-06-02 15:57:51,488 0.993415 (0.004739) with: {'batch_size': 16, 'lr': 0.02, 'max_epochs': 16, 'module__n_features': 6, 'module__n_neurons': 256, 'module__nonlin': Tanh()}
2024-06-02 15:57:51,488 0.988772 (0.009538) with: {'batch_size': 16, 'lr': 0.02, 'max_epochs': 16, 'module__n_features': 6, 'module__n_neurons': 256, 'module__nonlin': ReLU()}
2024-06-02 15:57:51,488 0.994966 (0.005608) with: {'batch_size': 16, 'lr': 0.02, 'max_epochs': 32, 'module__n_features': 6, 'module__n_neurons': 16, 'module__nonlin': Tanh()}
2024-06-02 15:57:51,488 0.988772 (0.012681) with: {'batch_size': 16, 'lr': 0.02, 'max_epochs': 32, 'module__n_features': 6, 'module__n_neurons': 16, 'module__nonlin': ReLU()}
2024-06-02 15:57:51,488 0.994218 (0.006484) with: {'batch_size': 16, 'lr': 0.02, 'max_epochs': 32, 'module__n_features': 6, 'module__n_neurons': 32, 'module__nonlin': Tanh()}
2024-06-02 15:57:51,488 0.991506 (0.007459) with: {'batch_size': 16, 'lr': 0.02, 'max_epochs': 32, 'module__n_features': 6, 'module__n_neurons': 32, 'module__nonlin': ReLU()}
2024-06-02 15:57:51,488 0.994218 (0.006484) with: {'batch_size': 16, 'lr': 0.02, 'max_epochs': 32, 'module__n_features': 6, 'module__n_neurons': 64, 'module__nonlin': Tanh()}
2024-06-02 15:57:51,488 0.986506 (0.008439) with: {'batch_size': 16, 'lr': 0.02, 'max_epochs': 32, 'module__n_features': 6, 'module__n_neurons': 64, 'module__nonlin': ReLU()}
2024-06-02 15:57:51,488 0.994218 (0.006484) with: {'batch_size': 16, 'lr': 0.02, 'max_epochs': 32, 'module__n_features': 6, 'module__n_neurons': 128, 'module__nonlin': Tanh()}
2024-06-02 15:57:51,488 0.986495 (0.010344) with: {'batch_size': 16, 'lr': 0.02, 'max_epochs': 32, 'module__n_features': 6, 'module__n_neurons': 128, 'module__nonlin': ReLU()}
2024-06-02 15:57:51,488 0.993013 (0.007384) with: {'batch_size': 16, 'lr': 0.02, 'max_epochs': 32, 'module__n_features': 6, 'module__n_neurons': 256, 'module__nonlin': Tanh()}
2024-06-02 15:57:51,488 0.983448 (0.011792) with: {'batch_size': 16, 'lr': 0.02, 'max_epochs': 32, 'module__n_features': 6, 'module__n_neurons': 256, 'module__nonlin': ReLU()}
2024-06-02 15:57:51,488 0.994609 (0.005404) with: {'batch_size': 16, 'lr': 0.02, 'max_epochs': 64, 'module__n_features': 6, 'module__n_neurons': 16, 'module__nonlin': Tanh()}
2024-06-02 15:57:51,488 0.994230 (0.005735) with: {'batch_size': 16, 'lr': 0.02, 'max_epochs': 64, 'module__n_features': 6, 'module__n_neurons': 16, 'module__nonlin': ReLU()}
2024-06-02 15:57:51,488 0.994609 (0.005404) with: {'batch_size': 16, 'lr': 0.02, 'max_epochs': 64, 'module__n_features': 6, 'module__n_neurons': 32, 'module__nonlin': Tanh()}
2024-06-02 15:57:51,488 0.992310 (0.006104) with: {'batch_size': 16, 'lr': 0.02, 'max_epochs': 64, 'module__n_features': 6, 'module__n_neurons': 32, 'module__nonlin': ReLU()}
2024-06-02 15:57:51,488 0.993828 (0.004819) with: {'batch_size': 16, 'lr': 0.02, 'max_epochs': 64, 'module__n_features': 6, 'module__n_neurons': 64, 'module__nonlin': Tanh()}
2024-06-02 15:57:51,488 0.987633 (0.008713) with: {'batch_size': 16, 'lr': 0.02, 'max_epochs': 64, 'module__n_features': 6, 'module__n_neurons': 64, 'module__nonlin': ReLU()}
2024-06-02 15:57:51,488 0.993828 (0.005384) with: {'batch_size': 16, 'lr': 0.02, 'max_epochs': 64, 'module__n_features': 6, 'module__n_neurons': 128, 'module__nonlin': Tanh()}
2024-06-02 15:57:51,488 0.984564 (0.010744) with: {'batch_size': 16, 'lr': 0.02, 'max_epochs': 64, 'module__n_features': 6, 'module__n_neurons': 128, 'module__nonlin': ReLU()}
2024-06-02 15:57:51,488 0.992254 (0.009171) with: {'batch_size': 16, 'lr': 0.02, 'max_epochs': 64, 'module__n_features': 6, 'module__n_neurons': 256, 'module__nonlin': Tanh()}
2024-06-02 15:57:51,488 0.982600 (0.012413) with: {'batch_size': 16, 'lr': 0.02, 'max_epochs': 64, 'module__n_features': 6, 'module__n_neurons': 256, 'module__nonlin': ReLU()}
2024-06-02 15:57:51,488 0.995368 (0.005825) with: {'batch_size': 16, 'lr': 0.02, 'max_epochs': 128, 'module__n_features': 6, 'module__n_neurons': 16, 'module__nonlin': Tanh()}
2024-06-02 15:57:51,488 0.991138 (0.008675) with: {'batch_size': 16, 'lr': 0.02, 'max_epochs': 128, 'module__n_features': 6, 'module__n_neurons': 16, 'module__nonlin': ReLU()}
2024-06-02 15:57:51,488 0.995748 (0.005552) with: {'batch_size': 16, 'lr': 0.02, 'max_epochs': 128, 'module__n_features': 6, 'module__n_neurons': 32, 'module__nonlin': Tanh()}
2024-06-02 15:57:51,488 0.989252 (0.009085) with: {'batch_size': 16, 'lr': 0.02, 'max_epochs': 128, 'module__n_features': 6, 'module__n_neurons': 32, 'module__nonlin': ReLU()}
2024-06-02 15:57:51,489 0.994966 (0.005608) with: {'batch_size': 16, 'lr': 0.02, 'max_epochs': 128, 'module__n_features': 6, 'module__n_neurons': 64, 'module__nonlin': Tanh()}
2024-06-02 15:57:51,489 0.988057 (0.010422) with: {'batch_size': 16, 'lr': 0.02, 'max_epochs': 128, 'module__n_features': 6, 'module__n_neurons': 64, 'module__nonlin': ReLU()}
2024-06-02 15:57:51,489 0.994207 (0.006853) with: {'batch_size': 16, 'lr': 0.02, 'max_epochs': 128, 'module__n_features': 6, 'module__n_neurons': 128, 'module__nonlin': Tanh()}
2024-06-02 15:57:51,489 0.984932 (0.015619) with: {'batch_size': 16, 'lr': 0.02, 'max_epochs': 128, 'module__n_features': 6, 'module__n_neurons': 128, 'module__nonlin': ReLU()}
2024-06-02 15:57:51,489 0.993806 (0.004861) with: {'batch_size': 16, 'lr': 0.02, 'max_epochs': 128, 'module__n_features': 6, 'module__n_neurons': 256, 'module__nonlin': Tanh()}
2024-06-02 15:57:51,489 0.986886 (0.011898) with: {'batch_size': 16, 'lr': 0.02, 'max_epochs': 128, 'module__n_features': 6, 'module__n_neurons': 256, 'module__nonlin': ReLU()}
2024-06-02 15:57:51,489 0.742770 (0.178045) with: {'batch_size': 32, 'lr': 0.001, 'max_epochs': 16, 'module__n_features': 6, 'module__n_neurons': 16, 'module__nonlin': Tanh()}
2024-06-02 15:57:51,489 0.547716 (0.174962) with: {'batch_size': 32, 'lr': 0.001, 'max_epochs': 16, 'module__n_features': 6, 'module__n_neurons': 16, 'module__nonlin': ReLU()}
2024-06-02 15:57:51,489 0.880717 (0.070969) with: {'batch_size': 32, 'lr': 0.001, 'max_epochs': 16, 'module__n_features': 6, 'module__n_neurons': 32, 'module__nonlin': Tanh()}
2024-06-02 15:57:51,489 0.621573 (0.141290) with: {'batch_size': 32, 'lr': 0.001, 'max_epochs': 16, 'module__n_features': 6, 'module__n_neurons': 32, 'module__nonlin': ReLU()}
2024-06-02 15:57:51,489 0.939360 (0.027494) with: {'batch_size': 32, 'lr': 0.001, 'max_epochs': 16, 'module__n_features': 6, 'module__n_neurons': 64, 'module__nonlin': Tanh()}
2024-06-02 15:57:51,489 0.891121 (0.068833) with: {'batch_size': 32, 'lr': 0.001, 'max_epochs': 16, 'module__n_features': 6, 'module__n_neurons': 64, 'module__nonlin': ReLU()}
2024-06-02 15:57:51,489 0.959418 (0.032345) with: {'batch_size': 32, 'lr': 0.001, 'max_epochs': 16, 'module__n_features': 6, 'module__n_neurons': 128, 'module__nonlin': Tanh()}
2024-06-02 15:57:51,489 0.930498 (0.044966) with: {'batch_size': 32, 'lr': 0.001, 'max_epochs': 16, 'module__n_features': 6, 'module__n_neurons': 128, 'module__nonlin': ReLU()}
2024-06-02 15:57:51,489 0.985434 (0.016000) with: {'batch_size': 32, 'lr': 0.001, 'max_epochs': 16, 'module__n_features': 6, 'module__n_neurons': 256, 'module__nonlin': Tanh()}
2024-06-02 15:57:51,489 0.968413 (0.020488) with: {'batch_size': 32, 'lr': 0.001, 'max_epochs': 16, 'module__n_features': 6, 'module__n_neurons': 256, 'module__nonlin': ReLU()}
2024-06-02 15:57:51,489 0.899670 (0.055553) with: {'batch_size': 32, 'lr': 0.001, 'max_epochs': 32, 'module__n_features': 6, 'module__n_neurons': 16, 'module__nonlin': Tanh()}
2024-06-02 15:57:51,489 0.588615 (0.316761) with: {'batch_size': 32, 'lr': 0.001, 'max_epochs': 32, 'module__n_features': 6, 'module__n_neurons': 16, 'module__nonlin': ReLU()}
2024-06-02 15:57:51,489 0.940274 (0.044909) with: {'batch_size': 32, 'lr': 0.001, 'max_epochs': 32, 'module__n_features': 6, 'module__n_neurons': 32, 'module__nonlin': Tanh()}
2024-06-02 15:57:51,489 0.857747 (0.109705) with: {'batch_size': 32, 'lr': 0.001, 'max_epochs': 32, 'module__n_features': 6, 'module__n_neurons': 32, 'module__nonlin': ReLU()}
2024-06-02 15:57:51,489 0.966203 (0.014219) with: {'batch_size': 32, 'lr': 0.001, 'max_epochs': 32, 'module__n_features': 6, 'module__n_neurons': 64, 'module__nonlin': Tanh()}
2024-06-02 15:57:51,489 0.948401 (0.035720) with: {'batch_size': 32, 'lr': 0.001, 'max_epochs': 32, 'module__n_features': 6, 'module__n_neurons': 64, 'module__nonlin': ReLU()}
2024-06-02 15:57:51,489 0.990412 (0.010703) with: {'batch_size': 32, 'lr': 0.001, 'max_epochs': 32, 'module__n_features': 6, 'module__n_neurons': 128, 'module__nonlin': Tanh()}
2024-06-02 15:57:51,489 0.971962 (0.023830) with: {'batch_size': 32, 'lr': 0.001, 'max_epochs': 32, 'module__n_features': 6, 'module__n_neurons': 128, 'module__nonlin': ReLU()}
2024-06-02 15:57:51,489 0.997288 (0.001979) with: {'batch_size': 32, 'lr': 0.001, 'max_epochs': 32, 'module__n_features': 6, 'module__n_neurons': 256, 'module__nonlin': Tanh()}
2024-06-02 15:57:51,489 0.992321 (0.004757) with: {'batch_size': 32, 'lr': 0.001, 'max_epochs': 32, 'module__n_features': 6, 'module__n_neurons': 256, 'module__nonlin': ReLU()}
2024-06-02 15:57:51,489 0.868717 (0.113837) with: {'batch_size': 32, 'lr': 0.001, 'max_epochs': 64, 'module__n_features': 6, 'module__n_neurons': 16, 'module__nonlin': Tanh()}
2024-06-02 15:57:51,489 0.882950 (0.062720) with: {'batch_size': 32, 'lr': 0.001, 'max_epochs': 64, 'module__n_features': 6, 'module__n_neurons': 16, 'module__nonlin': ReLU()}
2024-06-02 15:57:51,489 0.953824 (0.040214) with: {'batch_size': 32, 'lr': 0.001, 'max_epochs': 64, 'module__n_features': 6, 'module__n_neurons': 32, 'module__nonlin': Tanh()}
2024-06-02 15:57:51,489 0.948770 (0.041826) with: {'batch_size': 32, 'lr': 0.001, 'max_epochs': 64, 'module__n_features': 6, 'module__n_neurons': 32, 'module__nonlin': ReLU()}
2024-06-02 15:57:51,489 0.988492 (0.009630) with: {'batch_size': 32, 'lr': 0.001, 'max_epochs': 64, 'module__n_features': 6, 'module__n_neurons': 64, 'module__nonlin': Tanh()}
2024-06-02 15:57:51,489 0.973647 (0.021433) with: {'batch_size': 32, 'lr': 0.001, 'max_epochs': 64, 'module__n_features': 6, 'module__n_neurons': 64, 'module__nonlin': ReLU()}
2024-06-02 15:57:51,489 0.996897 (0.002643) with: {'batch_size': 32, 'lr': 0.001, 'max_epochs': 64, 'module__n_features': 6, 'module__n_neurons': 128, 'module__nonlin': Tanh()}
2024-06-02 15:57:51,489 0.995759 (0.003270) with: {'batch_size': 32, 'lr': 0.001, 'max_epochs': 64, 'module__n_features': 6, 'module__n_neurons': 128, 'module__nonlin': ReLU()}
2024-06-02 15:57:51,489 0.995335 (0.005480) with: {'batch_size': 32, 'lr': 0.001, 'max_epochs': 64, 'module__n_features': 6, 'module__n_neurons': 256, 'module__nonlin': Tanh()}
2024-06-02 15:57:51,489 0.992243 (0.009975) with: {'batch_size': 32, 'lr': 0.001, 'max_epochs': 64, 'module__n_features': 6, 'module__n_neurons': 256, 'module__nonlin': ReLU()}
2024-06-02 15:57:51,489 0.974228 (0.015843) with: {'batch_size': 32, 'lr': 0.001, 'max_epochs': 128, 'module__n_features': 6, 'module__n_neurons': 16, 'module__nonlin': Tanh()}
2024-06-02 15:57:51,489 0.914882 (0.057126) with: {'batch_size': 32, 'lr': 0.001, 'max_epochs': 128, 'module__n_features': 6, 'module__n_neurons': 16, 'module__nonlin': ReLU()}
2024-06-02 15:57:51,489 0.987421 (0.016581) with: {'batch_size': 32, 'lr': 0.001, 'max_epochs': 128, 'module__n_features': 6, 'module__n_neurons': 32, 'module__nonlin': Tanh()}
2024-06-02 15:57:51,489 0.971170 (0.019995) with: {'batch_size': 32, 'lr': 0.001, 'max_epochs': 128, 'module__n_features': 6, 'module__n_neurons': 32, 'module__nonlin': ReLU()}
2024-06-02 15:57:51,489 0.995346 (0.004566) with: {'batch_size': 32, 'lr': 0.001, 'max_epochs': 128, 'module__n_features': 6, 'module__n_neurons': 64, 'module__nonlin': Tanh()}
2024-06-02 15:57:51,489 0.991495 (0.002890) with: {'batch_size': 32, 'lr': 0.001, 'max_epochs': 128, 'module__n_features': 6, 'module__n_neurons': 64, 'module__nonlin': ReLU()}
2024-06-02 15:57:51,489 0.995725 (0.006706) with: {'batch_size': 32, 'lr': 0.001, 'max_epochs': 128, 'module__n_features': 6, 'module__n_neurons': 128, 'module__nonlin': Tanh()}
2024-06-02 15:57:51,489 0.991071 (0.009559) with: {'batch_size': 32, 'lr': 0.001, 'max_epochs': 128, 'module__n_features': 6, 'module__n_neurons': 128, 'module__nonlin': ReLU()}
2024-06-02 15:57:51,489 0.996116 (0.005932) with: {'batch_size': 32, 'lr': 0.001, 'max_epochs': 128, 'module__n_features': 6, 'module__n_neurons': 256, 'module__nonlin': Tanh()}
2024-06-02 15:57:51,489 0.991127 (0.009362) with: {'batch_size': 32, 'lr': 0.001, 'max_epochs': 128, 'module__n_features': 6, 'module__n_neurons': 256, 'module__nonlin': ReLU()}
2024-06-02 15:57:51,489 0.963134 (0.016553) with: {'batch_size': 32, 'lr': 0.01, 'max_epochs': 16, 'module__n_features': 6, 'module__n_neurons': 16, 'module__nonlin': Tanh()}
2024-06-02 15:57:51,489 0.955077 (0.044507) with: {'batch_size': 32, 'lr': 0.01, 'max_epochs': 16, 'module__n_features': 6, 'module__n_neurons': 16, 'module__nonlin': ReLU()}
2024-06-02 15:57:51,490 0.993102 (0.006164) with: {'batch_size': 32, 'lr': 0.01, 'max_epochs': 16, 'module__n_features': 6, 'module__n_neurons': 32, 'module__nonlin': Tanh()}
2024-06-02 15:57:51,490 0.976583 (0.016699) with: {'batch_size': 32, 'lr': 0.01, 'max_epochs': 16, 'module__n_features': 6, 'module__n_neurons': 32, 'module__nonlin': ReLU()}
2024-06-02 15:57:51,490 0.995346 (0.004566) with: {'batch_size': 32, 'lr': 0.01, 'max_epochs': 16, 'module__n_features': 6, 'module__n_neurons': 64, 'module__nonlin': Tanh()}
2024-06-02 15:57:51,490 0.988080 (0.008643) with: {'batch_size': 32, 'lr': 0.01, 'max_epochs': 16, 'module__n_features': 6, 'module__n_neurons': 64, 'module__nonlin': ReLU()}
2024-06-02 15:57:51,490 0.995346 (0.005615) with: {'batch_size': 32, 'lr': 0.01, 'max_epochs': 16, 'module__n_features': 6, 'module__n_neurons': 128, 'module__nonlin': Tanh()}
2024-06-02 15:57:51,490 0.994185 (0.005780) with: {'batch_size': 32, 'lr': 0.01, 'max_epochs': 16, 'module__n_features': 6, 'module__n_neurons': 128, 'module__nonlin': ReLU()}
2024-06-02 15:57:51,490 0.994955 (0.006381) with: {'batch_size': 32, 'lr': 0.01, 'max_epochs': 16, 'module__n_features': 6, 'module__n_neurons': 256, 'module__nonlin': Tanh()}
2024-06-02 15:57:51,490 0.992656 (0.007560) with: {'batch_size': 32, 'lr': 0.01, 'max_epochs': 16, 'module__n_features': 6, 'module__n_neurons': 256, 'module__nonlin': ReLU()}
2024-06-02 15:57:51,490 0.993872 (0.007614) with: {'batch_size': 32, 'lr': 0.01, 'max_epochs': 32, 'module__n_features': 6, 'module__n_neurons': 16, 'module__nonlin': Tanh()}
2024-06-02 15:57:51,490 0.987008 (0.012095) with: {'batch_size': 32, 'lr': 0.01, 'max_epochs': 32, 'module__n_features': 6, 'module__n_neurons': 16, 'module__nonlin': ReLU()}
2024-06-02 15:57:51,490 0.995335 (0.005610) with: {'batch_size': 32, 'lr': 0.01, 'max_epochs': 32, 'module__n_features': 6, 'module__n_neurons': 32, 'module__nonlin': Tanh()}
2024-06-02 15:57:51,490 0.991953 (0.004824) with: {'batch_size': 32, 'lr': 0.01, 'max_epochs': 32, 'module__n_features': 6, 'module__n_neurons': 32, 'module__nonlin': ReLU()}
2024-06-02 15:57:51,490 0.996116 (0.005932) with: {'batch_size': 32, 'lr': 0.01, 'max_epochs': 32, 'module__n_features': 6, 'module__n_neurons': 64, 'module__nonlin': Tanh()}
2024-06-02 15:57:51,490 0.993794 (0.007859) with: {'batch_size': 32, 'lr': 0.01, 'max_epochs': 32, 'module__n_features': 6, 'module__n_neurons': 64, 'module__nonlin': ReLU()}
2024-06-02 15:57:51,490 0.996507 (0.005160) with: {'batch_size': 32, 'lr': 0.01, 'max_epochs': 32, 'module__n_features': 6, 'module__n_neurons': 128, 'module__nonlin': Tanh()}
2024-06-02 15:57:51,490 0.991886 (0.006792) with: {'batch_size': 32, 'lr': 0.01, 'max_epochs': 32, 'module__n_features': 6, 'module__n_neurons': 128, 'module__nonlin': ReLU()}
2024-06-02 15:57:51,490 0.996116 (0.005932) with: {'batch_size': 32, 'lr': 0.01, 'max_epochs': 32, 'module__n_features': 6, 'module__n_neurons': 256, 'module__nonlin': Tanh()}
2024-06-02 15:57:51,490 0.988794 (0.011937) with: {'batch_size': 32, 'lr': 0.01, 'max_epochs': 32, 'module__n_features': 6, 'module__n_neurons': 256, 'module__nonlin': ReLU()}
2024-06-02 15:57:51,490 0.995725 (0.006706) with: {'batch_size': 32, 'lr': 0.01, 'max_epochs': 64, 'module__n_features': 6, 'module__n_neurons': 16, 'module__nonlin': Tanh()}
2024-06-02 15:57:51,490 0.994207 (0.004445) with: {'batch_size': 32, 'lr': 0.01, 'max_epochs': 64, 'module__n_features': 6, 'module__n_neurons': 16, 'module__nonlin': ReLU()}
2024-06-02 15:57:51,490 0.996507 (0.005160) with: {'batch_size': 32, 'lr': 0.01, 'max_epochs': 64, 'module__n_features': 6, 'module__n_neurons': 32, 'module__nonlin': Tanh()}
2024-06-02 15:57:51,490 0.991116 (0.007055) with: {'batch_size': 32, 'lr': 0.01, 'max_epochs': 64, 'module__n_features': 6, 'module__n_neurons': 32, 'module__nonlin': ReLU()}
2024-06-02 15:57:51,490 0.995748 (0.005148) with: {'batch_size': 32, 'lr': 0.01, 'max_epochs': 64, 'module__n_features': 6, 'module__n_neurons': 64, 'module__nonlin': Tanh()}
2024-06-02 15:57:51,490 0.991919 (0.005523) with: {'batch_size': 32, 'lr': 0.01, 'max_epochs': 64, 'module__n_features': 6, 'module__n_neurons': 64, 'module__nonlin': ReLU()}
2024-06-02 15:57:51,490 0.995748 (0.005148) with: {'batch_size': 32, 'lr': 0.01, 'max_epochs': 64, 'module__n_features': 6, 'module__n_neurons': 128, 'module__nonlin': Tanh()}
2024-06-02 15:57:51,490 0.991116 (0.008148) with: {'batch_size': 32, 'lr': 0.01, 'max_epochs': 64, 'module__n_features': 6, 'module__n_neurons': 128, 'module__nonlin': ReLU()}
2024-06-02 15:57:51,490 0.995748 (0.005148) with: {'batch_size': 32, 'lr': 0.01, 'max_epochs': 64, 'module__n_features': 6, 'module__n_neurons': 256, 'module__nonlin': Tanh()}
2024-06-02 15:57:51,490 0.989185 (0.009287) with: {'batch_size': 32, 'lr': 0.01, 'max_epochs': 64, 'module__n_features': 6, 'module__n_neurons': 256, 'module__nonlin': ReLU()}
2024-06-02 15:57:51,490 0.995748 (0.005148) with: {'batch_size': 32, 'lr': 0.01, 'max_epochs': 128, 'module__n_features': 6, 'module__n_neurons': 16, 'module__nonlin': Tanh()}
2024-06-02 15:57:51,490 0.993426 (0.007969) with: {'batch_size': 32, 'lr': 0.01, 'max_epochs': 128, 'module__n_features': 6, 'module__n_neurons': 16, 'module__nonlin': ReLU()}
2024-06-02 15:57:51,490 0.995748 (0.005148) with: {'batch_size': 32, 'lr': 0.01, 'max_epochs': 128, 'module__n_features': 6, 'module__n_neurons': 32, 'module__nonlin': Tanh()}
2024-06-02 15:57:51,490 0.995011 (0.004320) with: {'batch_size': 32, 'lr': 0.01, 'max_epochs': 128, 'module__n_features': 6, 'module__n_neurons': 32, 'module__nonlin': ReLU()}
2024-06-02 15:57:51,490 0.995368 (0.005308) with: {'batch_size': 32, 'lr': 0.01, 'max_epochs': 128, 'module__n_features': 6, 'module__n_neurons': 64, 'module__nonlin': Tanh()}
2024-06-02 15:57:51,490 0.991506 (0.007835) with: {'batch_size': 32, 'lr': 0.01, 'max_epochs': 128, 'module__n_features': 6, 'module__n_neurons': 64, 'module__nonlin': ReLU()}
2024-06-02 15:57:51,490 0.995368 (0.005308) with: {'batch_size': 32, 'lr': 0.01, 'max_epochs': 128, 'module__n_features': 6, 'module__n_neurons': 128, 'module__nonlin': Tanh()}
2024-06-02 15:57:51,490 0.989977 (0.009319) with: {'batch_size': 32, 'lr': 0.01, 'max_epochs': 128, 'module__n_features': 6, 'module__n_neurons': 128, 'module__nonlin': ReLU()}
2024-06-02 15:57:51,490 0.995368 (0.005308) with: {'batch_size': 32, 'lr': 0.01, 'max_epochs': 128, 'module__n_features': 6, 'module__n_neurons': 256, 'module__nonlin': Tanh()}
2024-06-02 15:57:51,490 0.989218 (0.011265) with: {'batch_size': 32, 'lr': 0.01, 'max_epochs': 128, 'module__n_features': 6, 'module__n_neurons': 256, 'module__nonlin': ReLU()}
2024-06-02 15:57:51,490 0.996540 (0.003257) with: {'batch_size': 32, 'lr': 0.02, 'max_epochs': 16, 'module__n_features': 6, 'module__n_neurons': 16, 'module__nonlin': Tanh()}
2024-06-02 15:57:51,490 0.954427 (0.029503) with: {'batch_size': 32, 'lr': 0.02, 'max_epochs': 16, 'module__n_features': 6, 'module__n_neurons': 16, 'module__nonlin': ReLU()}
2024-06-02 15:57:51,490 0.994576 (0.006237) with: {'batch_size': 32, 'lr': 0.02, 'max_epochs': 16, 'module__n_features': 6, 'module__n_neurons': 32, 'module__nonlin': Tanh()}
2024-06-02 15:57:51,490 0.987745 (0.008126) with: {'batch_size': 32, 'lr': 0.02, 'max_epochs': 16, 'module__n_features': 6, 'module__n_neurons': 32, 'module__nonlin': ReLU()}
2024-06-02 15:57:51,490 0.996116 (0.004950) with: {'batch_size': 32, 'lr': 0.02, 'max_epochs': 16, 'module__n_features': 6, 'module__n_neurons': 64, 'module__nonlin': Tanh()}
2024-06-02 15:57:51,490 0.991105 (0.008624) with: {'batch_size': 32, 'lr': 0.02, 'max_epochs': 16, 'module__n_features': 6, 'module__n_neurons': 64, 'module__nonlin': ReLU()}
2024-06-02 15:57:51,490 0.995736 (0.004855) with: {'batch_size': 32, 'lr': 0.02, 'max_epochs': 16, 'module__n_features': 6, 'module__n_neurons': 128, 'module__nonlin': Tanh()}
2024-06-02 15:57:51,490 0.991506 (0.007459) with: {'batch_size': 32, 'lr': 0.02, 'max_epochs': 16, 'module__n_features': 6, 'module__n_neurons': 128, 'module__nonlin': ReLU()}
2024-06-02 15:57:51,490 0.996116 (0.004950) with: {'batch_size': 32, 'lr': 0.02, 'max_epochs': 16, 'module__n_features': 6, 'module__n_neurons': 256, 'module__nonlin': Tanh()}
2024-06-02 15:57:51,490 0.990368 (0.007759) with: {'batch_size': 32, 'lr': 0.02, 'max_epochs': 16, 'module__n_features': 6, 'module__n_neurons': 256, 'module__nonlin': ReLU()}
2024-06-02 15:57:51,491 0.996507 (0.005160) with: {'batch_size': 32, 'lr': 0.02, 'max_epochs': 32, 'module__n_features': 6, 'module__n_neurons': 16, 'module__nonlin': Tanh()}
2024-06-02 15:57:51,491 0.996507 (0.004348) with: {'batch_size': 32, 'lr': 0.02, 'max_epochs': 32, 'module__n_features': 6, 'module__n_neurons': 16, 'module__nonlin': ReLU()}
2024-06-02 15:57:51,491 0.996507 (0.005160) with: {'batch_size': 32, 'lr': 0.02, 'max_epochs': 32, 'module__n_features': 6, 'module__n_neurons': 32, 'module__nonlin': Tanh()}
2024-06-02 15:57:51,491 0.993437 (0.006123) with: {'batch_size': 32, 'lr': 0.02, 'max_epochs': 32, 'module__n_features': 6, 'module__n_neurons': 32, 'module__nonlin': ReLU()}
2024-06-02 15:57:51,491 0.995748 (0.005148) with: {'batch_size': 32, 'lr': 0.02, 'max_epochs': 32, 'module__n_features': 6, 'module__n_neurons': 64, 'module__nonlin': Tanh()}
2024-06-02 15:57:51,491 0.992276 (0.007610) with: {'batch_size': 32, 'lr': 0.02, 'max_epochs': 32, 'module__n_features': 6, 'module__n_neurons': 64, 'module__nonlin': ReLU()}
2024-06-02 15:57:51,491 0.996127 (0.005098) with: {'batch_size': 32, 'lr': 0.02, 'max_epochs': 32, 'module__n_features': 6, 'module__n_neurons': 128, 'module__nonlin': Tanh()}
2024-06-02 15:57:51,491 0.991149 (0.008202) with: {'batch_size': 32, 'lr': 0.02, 'max_epochs': 32, 'module__n_features': 6, 'module__n_neurons': 128, 'module__nonlin': ReLU()}
2024-06-02 15:57:51,491 0.995357 (0.005871) with: {'batch_size': 32, 'lr': 0.02, 'max_epochs': 32, 'module__n_features': 6, 'module__n_neurons': 256, 'module__nonlin': Tanh()}
2024-06-02 15:57:51,491 0.987633 (0.008795) with: {'batch_size': 32, 'lr': 0.02, 'max_epochs': 32, 'module__n_features': 6, 'module__n_neurons': 256, 'module__nonlin': ReLU()}
2024-06-02 15:57:51,491 0.996507 (0.005160) with: {'batch_size': 32, 'lr': 0.02, 'max_epochs': 64, 'module__n_features': 6, 'module__n_neurons': 16, 'module__nonlin': Tanh()}
2024-06-02 15:57:51,491 0.993459 (0.006201) with: {'batch_size': 32, 'lr': 0.02, 'max_epochs': 64, 'module__n_features': 6, 'module__n_neurons': 16, 'module__nonlin': ReLU()}
2024-06-02 15:57:51,491 0.995748 (0.005148) with: {'batch_size': 32, 'lr': 0.02, 'max_epochs': 64, 'module__n_features': 6, 'module__n_neurons': 32, 'module__nonlin': Tanh()}
2024-06-02 15:57:51,491 0.987276 (0.009012) with: {'batch_size': 32, 'lr': 0.02, 'max_epochs': 64, 'module__n_features': 6, 'module__n_neurons': 32, 'module__nonlin': ReLU()}
2024-06-02 15:57:51,491 0.995748 (0.005148) with: {'batch_size': 32, 'lr': 0.02, 'max_epochs': 64, 'module__n_features': 6, 'module__n_neurons': 64, 'module__nonlin': Tanh()}
2024-06-02 15:57:51,491 0.988426 (0.007685) with: {'batch_size': 32, 'lr': 0.02, 'max_epochs': 64, 'module__n_features': 6, 'module__n_neurons': 64, 'module__nonlin': ReLU()}
2024-06-02 15:57:51,491 0.995748 (0.005148) with: {'batch_size': 32, 'lr': 0.02, 'max_epochs': 64, 'module__n_features': 6, 'module__n_neurons': 128, 'module__nonlin': Tanh()}
2024-06-02 15:57:51,491 0.989185 (0.011221) with: {'batch_size': 32, 'lr': 0.02, 'max_epochs': 64, 'module__n_features': 6, 'module__n_neurons': 128, 'module__nonlin': ReLU()}
2024-06-02 15:57:51,491 0.995748 (0.005148) with: {'batch_size': 32, 'lr': 0.02, 'max_epochs': 64, 'module__n_features': 6, 'module__n_neurons': 256, 'module__nonlin': Tanh()}
2024-06-02 15:57:51,491 0.988794 (0.009109) with: {'batch_size': 32, 'lr': 0.02, 'max_epochs': 64, 'module__n_features': 6, 'module__n_neurons': 256, 'module__nonlin': ReLU()}
2024-06-02 15:57:51,491 0.995748 (0.005148) with: {'batch_size': 32, 'lr': 0.02, 'max_epochs': 128, 'module__n_features': 6, 'module__n_neurons': 16, 'module__nonlin': Tanh()}
2024-06-02 15:57:51,491 0.991551 (0.004915) with: {'batch_size': 32, 'lr': 0.02, 'max_epochs': 128, 'module__n_features': 6, 'module__n_neurons': 16, 'module__nonlin': ReLU()}
2024-06-02 15:57:51,491 0.995748 (0.005552) with: {'batch_size': 32, 'lr': 0.02, 'max_epochs': 128, 'module__n_features': 6, 'module__n_neurons': 32, 'module__nonlin': Tanh()}
2024-06-02 15:57:51,491 0.988828 (0.010090) with: {'batch_size': 32, 'lr': 0.02, 'max_epochs': 128, 'module__n_features': 6, 'module__n_neurons': 32, 'module__nonlin': ReLU()}
2024-06-02 15:57:51,491 0.995748 (0.005552) with: {'batch_size': 32, 'lr': 0.02, 'max_epochs': 128, 'module__n_features': 6, 'module__n_neurons': 64, 'module__nonlin': Tanh()}
2024-06-02 15:57:51,491 0.988426 (0.008270) with: {'batch_size': 32, 'lr': 0.02, 'max_epochs': 128, 'module__n_features': 6, 'module__n_neurons': 64, 'module__nonlin': ReLU()}
2024-06-02 15:57:51,491 0.995748 (0.005148) with: {'batch_size': 32, 'lr': 0.02, 'max_epochs': 128, 'module__n_features': 6, 'module__n_neurons': 128, 'module__nonlin': Tanh()}
2024-06-02 15:57:51,491 0.991529 (0.007218) with: {'batch_size': 32, 'lr': 0.02, 'max_epochs': 128, 'module__n_features': 6, 'module__n_neurons': 128, 'module__nonlin': ReLU()}
2024-06-02 15:57:51,491 0.995748 (0.005006) with: {'batch_size': 32, 'lr': 0.02, 'max_epochs': 128, 'module__n_features': 6, 'module__n_neurons': 256, 'module__nonlin': Tanh()}
2024-06-02 15:57:51,491 0.987667 (0.012924) with: {'batch_size': 32, 'lr': 0.02, 'max_epochs': 128, 'module__n_features': 6, 'module__n_neurons': 256, 'module__nonlin': ReLU()}
2024-06-02 15:57:51,491 0.596112 (0.133376) with: {'batch_size': 64, 'lr': 0.001, 'max_epochs': 16, 'module__n_features': 6, 'module__n_neurons': 16, 'module__nonlin': Tanh()}
2024-06-02 15:57:51,491 0.367440 (0.240740) with: {'batch_size': 64, 'lr': 0.001, 'max_epochs': 16, 'module__n_features': 6, 'module__n_neurons': 16, 'module__nonlin': ReLU()}
2024-06-02 15:57:51,491 0.619914 (0.122540) with: {'batch_size': 64, 'lr': 0.001, 'max_epochs': 16, 'module__n_features': 6, 'module__n_neurons': 32, 'module__nonlin': Tanh()}
2024-06-02 15:57:51,491 0.488753 (0.150113) with: {'batch_size': 64, 'lr': 0.001, 'max_epochs': 16, 'module__n_features': 6, 'module__n_neurons': 32, 'module__nonlin': ReLU()}
2024-06-02 15:57:51,491 0.941526 (0.017326) with: {'batch_size': 64, 'lr': 0.001, 'max_epochs': 16, 'module__n_features': 6, 'module__n_neurons': 64, 'module__nonlin': Tanh()}
2024-06-02 15:57:51,491 0.721742 (0.175375) with: {'batch_size': 64, 'lr': 0.001, 'max_epochs': 16, 'module__n_features': 6, 'module__n_neurons': 64, 'module__nonlin': ReLU()}
2024-06-02 15:57:51,491 0.949429 (0.043116) with: {'batch_size': 64, 'lr': 0.001, 'max_epochs': 16, 'module__n_features': 6, 'module__n_neurons': 128, 'module__nonlin': Tanh()}
2024-06-02 15:57:51,491 0.942431 (0.026966) with: {'batch_size': 64, 'lr': 0.001, 'max_epochs': 16, 'module__n_features': 6, 'module__n_neurons': 128, 'module__nonlin': ReLU()}
2024-06-02 15:57:51,491 0.977353 (0.019676) with: {'batch_size': 64, 'lr': 0.001, 'max_epochs': 16, 'module__n_features': 6, 'module__n_neurons': 256, 'module__nonlin': Tanh()}
2024-06-02 15:57:51,491 0.953914 (0.032802) with: {'batch_size': 64, 'lr': 0.001, 'max_epochs': 16, 'module__n_features': 6, 'module__n_neurons': 256, 'module__nonlin': ReLU()}
2024-06-02 15:57:51,491 0.783907 (0.176465) with: {'batch_size': 64, 'lr': 0.001, 'max_epochs': 32, 'module__n_features': 6, 'module__n_neurons': 16, 'module__nonlin': Tanh()}
2024-06-02 15:57:51,491 0.555584 (0.215095) with: {'batch_size': 64, 'lr': 0.001, 'max_epochs': 32, 'module__n_features': 6, 'module__n_neurons': 16, 'module__nonlin': ReLU()}
2024-06-02 15:57:51,491 0.899134 (0.060823) with: {'batch_size': 64, 'lr': 0.001, 'max_epochs': 32, 'module__n_features': 6, 'module__n_neurons': 32, 'module__nonlin': Tanh()}
2024-06-02 15:57:51,491 0.668677 (0.175842) with: {'batch_size': 64, 'lr': 0.001, 'max_epochs': 32, 'module__n_features': 6, 'module__n_neurons': 32, 'module__nonlin': ReLU()}
2024-06-02 15:57:51,491 0.956438 (0.034582) with: {'batch_size': 64, 'lr': 0.001, 'max_epochs': 32, 'module__n_features': 6, 'module__n_neurons': 64, 'module__nonlin': Tanh()}
2024-06-02 15:57:51,491 0.923935 (0.055503) with: {'batch_size': 64, 'lr': 0.001, 'max_epochs': 32, 'module__n_features': 6, 'module__n_neurons': 64, 'module__nonlin': ReLU()}
2024-06-02 15:57:51,491 0.974173 (0.022282) with: {'batch_size': 64, 'lr': 0.001, 'max_epochs': 32, 'module__n_features': 6, 'module__n_neurons': 128, 'module__nonlin': Tanh()}
2024-06-02 15:57:51,491 0.964552 (0.021967) with: {'batch_size': 64, 'lr': 0.001, 'max_epochs': 32, 'module__n_features': 6, 'module__n_neurons': 128, 'module__nonlin': ReLU()}
2024-06-02 15:57:51,492 0.995748 (0.000805) with: {'batch_size': 64, 'lr': 0.001, 'max_epochs': 32, 'module__n_features': 6, 'module__n_neurons': 256, 'module__nonlin': Tanh()}
2024-06-02 15:57:51,492 0.989598 (0.005505) with: {'batch_size': 64, 'lr': 0.001, 'max_epochs': 32, 'module__n_features': 6, 'module__n_neurons': 256, 'module__nonlin': ReLU()}
2024-06-02 15:57:51,492 0.848704 (0.162750) with: {'batch_size': 64, 'lr': 0.001, 'max_epochs': 64, 'module__n_features': 6, 'module__n_neurons': 16, 'module__nonlin': Tanh()}
2024-06-02 15:57:51,492 0.788074 (0.070003) with: {'batch_size': 64, 'lr': 0.001, 'max_epochs': 64, 'module__n_features': 6, 'module__n_neurons': 16, 'module__nonlin': ReLU()}
2024-06-02 15:57:51,492 0.942977 (0.024276) with: {'batch_size': 64, 'lr': 0.001, 'max_epochs': 64, 'module__n_features': 6, 'module__n_neurons': 32, 'module__nonlin': Tanh()}
2024-06-02 15:57:51,492 0.920187 (0.055768) with: {'batch_size': 64, 'lr': 0.001, 'max_epochs': 64, 'module__n_features': 6, 'module__n_neurons': 32, 'module__nonlin': ReLU()}
2024-06-02 15:57:51,492 0.986082 (0.008782) with: {'batch_size': 64, 'lr': 0.001, 'max_epochs': 64, 'module__n_features': 6, 'module__n_neurons': 64, 'module__nonlin': Tanh()}
2024-06-02 15:57:51,492 0.973068 (0.023118) with: {'batch_size': 64, 'lr': 0.001, 'max_epochs': 64, 'module__n_features': 6, 'module__n_neurons': 64, 'module__nonlin': ReLU()}
2024-06-02 15:57:51,492 0.995736 (0.002293) with: {'batch_size': 64, 'lr': 0.001, 'max_epochs': 64, 'module__n_features': 6, 'module__n_neurons': 128, 'module__nonlin': Tanh()}
2024-06-02 15:57:51,492 0.990792 (0.006719) with: {'batch_size': 64, 'lr': 0.001, 'max_epochs': 64, 'module__n_features': 6, 'module__n_neurons': 128, 'module__nonlin': ReLU()}
2024-06-02 15:57:51,492 0.995357 (0.003632) with: {'batch_size': 64, 'lr': 0.001, 'max_epochs': 64, 'module__n_features': 6, 'module__n_neurons': 256, 'module__nonlin': Tanh()}
2024-06-02 15:57:51,492 0.993437 (0.002916) with: {'batch_size': 64, 'lr': 0.001, 'max_epochs': 64, 'module__n_features': 6, 'module__n_neurons': 256, 'module__nonlin': ReLU()}
2024-06-02 15:57:51,492 0.955623 (0.026604) with: {'batch_size': 64, 'lr': 0.001, 'max_epochs': 128, 'module__n_features': 6, 'module__n_neurons': 16, 'module__nonlin': Tanh()}
2024-06-02 15:57:51,492 0.929918 (0.049214) with: {'batch_size': 64, 'lr': 0.001, 'max_epochs': 128, 'module__n_features': 6, 'module__n_neurons': 16, 'module__nonlin': ReLU()}
2024-06-02 15:57:51,492 0.987310 (0.011840) with: {'batch_size': 64, 'lr': 0.001, 'max_epochs': 128, 'module__n_features': 6, 'module__n_neurons': 32, 'module__nonlin': Tanh()}
2024-06-02 15:57:51,492 0.977577 (0.009512) with: {'batch_size': 64, 'lr': 0.001, 'max_epochs': 128, 'module__n_features': 6, 'module__n_neurons': 32, 'module__nonlin': ReLU()}
2024-06-02 15:57:51,492 0.997299 (0.000940) with: {'batch_size': 64, 'lr': 0.001, 'max_epochs': 128, 'module__n_features': 6, 'module__n_neurons': 64, 'module__nonlin': Tanh()}
2024-06-02 15:57:51,492 0.995011 (0.004417) with: {'batch_size': 64, 'lr': 0.001, 'max_epochs': 128, 'module__n_features': 6, 'module__n_neurons': 64, 'module__nonlin': ReLU()}
2024-06-02 15:57:51,492 0.995736 (0.004855) with: {'batch_size': 64, 'lr': 0.001, 'max_epochs': 128, 'module__n_features': 6, 'module__n_neurons': 128, 'module__nonlin': Tanh()}
2024-06-02 15:57:51,492 0.988772 (0.007576) with: {'batch_size': 64, 'lr': 0.001, 'max_epochs': 128, 'module__n_features': 6, 'module__n_neurons': 128, 'module__nonlin': ReLU()}
2024-06-02 15:57:51,492 0.994576 (0.006351) with: {'batch_size': 64, 'lr': 0.001, 'max_epochs': 128, 'module__n_features': 6, 'module__n_neurons': 256, 'module__nonlin': Tanh()}
2024-06-02 15:57:51,492 0.990747 (0.009341) with: {'batch_size': 64, 'lr': 0.001, 'max_epochs': 128, 'module__n_features': 6, 'module__n_neurons': 256, 'module__nonlin': ReLU()}
2024-06-02 15:57:51,492 0.947441 (0.049650) with: {'batch_size': 64, 'lr': 0.01, 'max_epochs': 16, 'module__n_features': 6, 'module__n_neurons': 16, 'module__nonlin': Tanh()}
2024-06-02 15:57:51,492 0.886521 (0.065932) with: {'batch_size': 64, 'lr': 0.01, 'max_epochs': 16, 'module__n_features': 6, 'module__n_neurons': 16, 'module__nonlin': ReLU()}
2024-06-02 15:57:51,492 0.974073 (0.016029) with: {'batch_size': 64, 'lr': 0.01, 'max_epochs': 16, 'module__n_features': 6, 'module__n_neurons': 32, 'module__nonlin': Tanh()}
2024-06-02 15:57:51,492 0.953379 (0.029213) with: {'batch_size': 64, 'lr': 0.01, 'max_epochs': 16, 'module__n_features': 6, 'module__n_neurons': 32, 'module__nonlin': ReLU()}
2024-06-02 15:57:51,492 0.995748 (0.002532) with: {'batch_size': 64, 'lr': 0.01, 'max_epochs': 16, 'module__n_features': 6, 'module__n_neurons': 64, 'module__nonlin': Tanh()}
2024-06-02 15:57:51,492 0.986974 (0.009182) with: {'batch_size': 64, 'lr': 0.01, 'max_epochs': 16, 'module__n_features': 6, 'module__n_neurons': 64, 'module__nonlin': ReLU()}
2024-06-02 15:57:51,492 0.995759 (0.001433) with: {'batch_size': 64, 'lr': 0.01, 'max_epochs': 16, 'module__n_features': 6, 'module__n_neurons': 128, 'module__nonlin': Tanh()}
2024-06-02 15:57:51,492 0.994218 (0.002998) with: {'batch_size': 64, 'lr': 0.01, 'max_epochs': 16, 'module__n_features': 6, 'module__n_neurons': 128, 'module__nonlin': ReLU()}
2024-06-02 15:57:51,492 0.994230 (0.002384) with: {'batch_size': 64, 'lr': 0.01, 'max_epochs': 16, 'module__n_features': 6, 'module__n_neurons': 256, 'module__nonlin': Tanh()}
2024-06-02 15:57:51,492 0.989966 (0.007545) with: {'batch_size': 64, 'lr': 0.01, 'max_epochs': 16, 'module__n_features': 6, 'module__n_neurons': 256, 'module__nonlin': ReLU()}
2024-06-02 15:57:51,492 0.995725 (0.002595) with: {'batch_size': 64, 'lr': 0.01, 'max_epochs': 32, 'module__n_features': 6, 'module__n_neurons': 16, 'module__nonlin': Tanh()}
2024-06-02 15:57:51,492 0.969797 (0.022658) with: {'batch_size': 64, 'lr': 0.01, 'max_epochs': 32, 'module__n_features': 6, 'module__n_neurons': 16, 'module__nonlin': ReLU()}
2024-06-02 15:57:51,492 0.996138 (0.002140) with: {'batch_size': 64, 'lr': 0.01, 'max_epochs': 32, 'module__n_features': 6, 'module__n_neurons': 32, 'module__nonlin': Tanh()}
2024-06-02 15:57:51,492 0.996518 (0.002244) with: {'batch_size': 64, 'lr': 0.01, 'max_epochs': 32, 'module__n_features': 6, 'module__n_neurons': 32, 'module__nonlin': ReLU()}
2024-06-02 15:57:51,492 0.995346 (0.005615) with: {'batch_size': 64, 'lr': 0.01, 'max_epochs': 32, 'module__n_features': 6, 'module__n_neurons': 64, 'module__nonlin': Tanh()}
2024-06-02 15:57:51,492 0.993839 (0.004454) with: {'batch_size': 64, 'lr': 0.01, 'max_epochs': 32, 'module__n_features': 6, 'module__n_neurons': 64, 'module__nonlin': ReLU()}
2024-06-02 15:57:51,492 0.994955 (0.006381) with: {'batch_size': 64, 'lr': 0.01, 'max_epochs': 32, 'module__n_features': 6, 'module__n_neurons': 128, 'module__nonlin': Tanh()}
2024-06-02 15:57:51,492 0.993426 (0.007969) with: {'batch_size': 64, 'lr': 0.01, 'max_epochs': 32, 'module__n_features': 6, 'module__n_neurons': 128, 'module__nonlin': ReLU()}
2024-06-02 15:57:51,492 0.996127 (0.004102) with: {'batch_size': 64, 'lr': 0.01, 'max_epochs': 32, 'module__n_features': 6, 'module__n_neurons': 256, 'module__nonlin': Tanh()}
2024-06-02 15:57:51,492 0.989151 (0.013474) with: {'batch_size': 64, 'lr': 0.01, 'max_epochs': 32, 'module__n_features': 6, 'module__n_neurons': 256, 'module__nonlin': ReLU()}
2024-06-02 15:57:51,492 0.995736 (0.004855) with: {'batch_size': 64, 'lr': 0.01, 'max_epochs': 64, 'module__n_features': 6, 'module__n_neurons': 16, 'module__nonlin': Tanh()}
2024-06-02 15:57:51,492 0.993013 (0.004586) with: {'batch_size': 64, 'lr': 0.01, 'max_epochs': 64, 'module__n_features': 6, 'module__n_neurons': 16, 'module__nonlin': ReLU()}
2024-06-02 15:57:51,492 0.995357 (0.005871) with: {'batch_size': 64, 'lr': 0.01, 'max_epochs': 64, 'module__n_features': 6, 'module__n_neurons': 32, 'module__nonlin': Tanh()}
2024-06-02 15:57:51,492 0.991116 (0.007873) with: {'batch_size': 64, 'lr': 0.01, 'max_epochs': 64, 'module__n_features': 6, 'module__n_neurons': 32, 'module__nonlin': ReLU()}
2024-06-02 15:57:51,492 0.995748 (0.005148) with: {'batch_size': 64, 'lr': 0.01, 'max_epochs': 64, 'module__n_features': 6, 'module__n_neurons': 64, 'module__nonlin': Tanh()}
2024-06-02 15:57:51,492 0.990346 (0.009943) with: {'batch_size': 64, 'lr': 0.01, 'max_epochs': 64, 'module__n_features': 6, 'module__n_neurons': 64, 'module__nonlin': ReLU()}
2024-06-02 15:57:51,493 0.995748 (0.005148) with: {'batch_size': 64, 'lr': 0.01, 'max_epochs': 64, 'module__n_features': 6, 'module__n_neurons': 128, 'module__nonlin': Tanh()}
2024-06-02 15:57:51,493 0.992299 (0.006710) with: {'batch_size': 64, 'lr': 0.01, 'max_epochs': 64, 'module__n_features': 6, 'module__n_neurons': 128, 'module__nonlin': ReLU()}
2024-06-02 15:57:51,493 0.995748 (0.005148) with: {'batch_size': 64, 'lr': 0.01, 'max_epochs': 64, 'module__n_features': 6, 'module__n_neurons': 256, 'module__nonlin': Tanh()}
2024-06-02 15:57:51,493 0.990714 (0.010452) with: {'batch_size': 64, 'lr': 0.01, 'max_epochs': 64, 'module__n_features': 6, 'module__n_neurons': 256, 'module__nonlin': ReLU()}
2024-06-02 15:57:51,493 0.995748 (0.005148) with: {'batch_size': 64, 'lr': 0.01, 'max_epochs': 128, 'module__n_features': 6, 'module__n_neurons': 16, 'module__nonlin': Tanh()}
2024-06-02 15:57:51,493 0.992288 (0.006863) with: {'batch_size': 64, 'lr': 0.01, 'max_epochs': 128, 'module__n_features': 6, 'module__n_neurons': 16, 'module__nonlin': ReLU()}
2024-06-02 15:57:51,493 0.995368 (0.005029) with: {'batch_size': 64, 'lr': 0.01, 'max_epochs': 128, 'module__n_features': 6, 'module__n_neurons': 32, 'module__nonlin': Tanh()}
2024-06-02 15:57:51,493 0.991506 (0.007263) with: {'batch_size': 64, 'lr': 0.01, 'max_epochs': 128, 'module__n_features': 6, 'module__n_neurons': 32, 'module__nonlin': ReLU()}
2024-06-02 15:57:51,493 0.995748 (0.005148) with: {'batch_size': 64, 'lr': 0.01, 'max_epochs': 128, 'module__n_features': 6, 'module__n_neurons': 64, 'module__nonlin': Tanh()}
2024-06-02 15:57:51,493 0.990368 (0.008687) with: {'batch_size': 64, 'lr': 0.01, 'max_epochs': 128, 'module__n_features': 6, 'module__n_neurons': 64, 'module__nonlin': ReLU()}
2024-06-02 15:57:51,493 0.995368 (0.005308) with: {'batch_size': 64, 'lr': 0.01, 'max_epochs': 128, 'module__n_features': 6, 'module__n_neurons': 128, 'module__nonlin': Tanh()}
2024-06-02 15:57:51,493 0.990736 (0.010615) with: {'batch_size': 64, 'lr': 0.01, 'max_epochs': 128, 'module__n_features': 6, 'module__n_neurons': 128, 'module__nonlin': ReLU()}
2024-06-02 15:57:51,493 0.995368 (0.005308) with: {'batch_size': 64, 'lr': 0.01, 'max_epochs': 128, 'module__n_features': 6, 'module__n_neurons': 256, 'module__nonlin': Tanh()}
2024-06-02 15:57:51,493 0.989587 (0.008118) with: {'batch_size': 64, 'lr': 0.01, 'max_epochs': 128, 'module__n_features': 6, 'module__n_neurons': 256, 'module__nonlin': ReLU()}
2024-06-02 15:57:51,493 0.976528 (0.022455) with: {'batch_size': 64, 'lr': 0.02, 'max_epochs': 16, 'module__n_features': 6, 'module__n_neurons': 16, 'module__nonlin': Tanh()}
2024-06-02 15:57:51,493 0.971962 (0.028358) with: {'batch_size': 64, 'lr': 0.02, 'max_epochs': 16, 'module__n_features': 6, 'module__n_neurons': 16, 'module__nonlin': ReLU()}
2024-06-02 15:57:51,493 0.995736 (0.003797) with: {'batch_size': 64, 'lr': 0.02, 'max_epochs': 16, 'module__n_features': 6, 'module__n_neurons': 32, 'module__nonlin': Tanh()}
2024-06-02 15:57:51,493 0.992700 (0.003655) with: {'batch_size': 64, 'lr': 0.02, 'max_epochs': 16, 'module__n_features': 6, 'module__n_neurons': 32, 'module__nonlin': ReLU()}
2024-06-02 15:57:51,493 0.995357 (0.003826) with: {'batch_size': 64, 'lr': 0.02, 'max_epochs': 16, 'module__n_features': 6, 'module__n_neurons': 64, 'module__nonlin': Tanh()}
2024-06-02 15:57:51,493 0.993828 (0.002571) with: {'batch_size': 64, 'lr': 0.02, 'max_epochs': 16, 'module__n_features': 6, 'module__n_neurons': 64, 'module__nonlin': ReLU()}
2024-06-02 15:57:51,493 0.994587 (0.002288) with: {'batch_size': 64, 'lr': 0.02, 'max_epochs': 16, 'module__n_features': 6, 'module__n_neurons': 128, 'module__nonlin': Tanh()}
2024-06-02 15:57:51,493 0.989564 (0.006847) with: {'batch_size': 64, 'lr': 0.02, 'max_epochs': 16, 'module__n_features': 6, 'module__n_neurons': 128, 'module__nonlin': ReLU()}
2024-06-02 15:57:51,493 0.994576 (0.006351) with: {'batch_size': 64, 'lr': 0.02, 'max_epochs': 16, 'module__n_features': 6, 'module__n_neurons': 256, 'module__nonlin': Tanh()}
2024-06-02 15:57:51,493 0.989999 (0.007010) with: {'batch_size': 64, 'lr': 0.02, 'max_epochs': 16, 'module__n_features': 6, 'module__n_neurons': 256, 'module__nonlin': ReLU()}
2024-06-02 15:57:51,493 0.995357 (0.004728) with: {'batch_size': 64, 'lr': 0.02, 'max_epochs': 32, 'module__n_features': 6, 'module__n_neurons': 16, 'module__nonlin': Tanh()}
2024-06-02 15:57:51,493 0.995346 (0.002940) with: {'batch_size': 64, 'lr': 0.02, 'max_epochs': 32, 'module__n_features': 6, 'module__n_neurons': 16, 'module__nonlin': ReLU()}
2024-06-02 15:57:51,493 0.994576 (0.006351) with: {'batch_size': 64, 'lr': 0.02, 'max_epochs': 32, 'module__n_features': 6, 'module__n_neurons': 32, 'module__nonlin': Tanh()}
2024-06-02 15:57:51,493 0.992288 (0.006863) with: {'batch_size': 64, 'lr': 0.02, 'max_epochs': 32, 'module__n_features': 6, 'module__n_neurons': 32, 'module__nonlin': ReLU()}
2024-06-02 15:57:51,493 0.994977 (0.005987) with: {'batch_size': 64, 'lr': 0.02, 'max_epochs': 32, 'module__n_features': 6, 'module__n_neurons': 64, 'module__nonlin': Tanh()}
2024-06-02 15:57:51,493 0.991886 (0.009281) with: {'batch_size': 64, 'lr': 0.02, 'max_epochs': 32, 'module__n_features': 6, 'module__n_neurons': 64, 'module__nonlin': ReLU()}
2024-06-02 15:57:51,493 0.995736 (0.004855) with: {'batch_size': 64, 'lr': 0.02, 'max_epochs': 32, 'module__n_features': 6, 'module__n_neurons': 128, 'module__nonlin': Tanh()}
2024-06-02 15:57:51,493 0.990323 (0.011456) with: {'batch_size': 64, 'lr': 0.02, 'max_epochs': 32, 'module__n_features': 6, 'module__n_neurons': 128, 'module__nonlin': ReLU()}
2024-06-02 15:57:51,493 0.995736 (0.004855) with: {'batch_size': 64, 'lr': 0.02, 'max_epochs': 32, 'module__n_features': 6, 'module__n_neurons': 256, 'module__nonlin': Tanh()}
2024-06-02 15:57:51,493 0.990357 (0.009139) with: {'batch_size': 64, 'lr': 0.02, 'max_epochs': 32, 'module__n_features': 6, 'module__n_neurons': 256, 'module__nonlin': ReLU()}
2024-06-02 15:57:51,493 0.995748 (0.005148) with: {'batch_size': 64, 'lr': 0.02, 'max_epochs': 64, 'module__n_features': 6, 'module__n_neurons': 16, 'module__nonlin': Tanh()}
2024-06-02 15:57:51,493 0.994966 (0.004567) with: {'batch_size': 64, 'lr': 0.02, 'max_epochs': 64, 'module__n_features': 6, 'module__n_neurons': 16, 'module__nonlin': ReLU()}
2024-06-02 15:57:51,493 0.995368 (0.005308) with: {'batch_size': 64, 'lr': 0.02, 'max_epochs': 64, 'module__n_features': 6, 'module__n_neurons': 32, 'module__nonlin': Tanh()}
2024-06-02 15:57:51,493 0.991908 (0.005259) with: {'batch_size': 64, 'lr': 0.02, 'max_epochs': 64, 'module__n_features': 6, 'module__n_neurons': 32, 'module__nonlin': ReLU()}
2024-06-02 15:57:51,493 0.995368 (0.005308) with: {'batch_size': 64, 'lr': 0.02, 'max_epochs': 64, 'module__n_features': 6, 'module__n_neurons': 64, 'module__nonlin': Tanh()}
2024-06-02 15:57:51,493 0.991506 (0.007835) with: {'batch_size': 64, 'lr': 0.02, 'max_epochs': 64, 'module__n_features': 6, 'module__n_neurons': 64, 'module__nonlin': ReLU()}
2024-06-02 15:57:51,493 0.995368 (0.005308) with: {'batch_size': 64, 'lr': 0.02, 'max_epochs': 64, 'module__n_features': 6, 'module__n_neurons': 128, 'module__nonlin': Tanh()}
2024-06-02 15:57:51,493 0.990714 (0.010520) with: {'batch_size': 64, 'lr': 0.02, 'max_epochs': 64, 'module__n_features': 6, 'module__n_neurons': 128, 'module__nonlin': ReLU()}
2024-06-02 15:57:51,493 0.995368 (0.005308) with: {'batch_size': 64, 'lr': 0.02, 'max_epochs': 64, 'module__n_features': 6, 'module__n_neurons': 256, 'module__nonlin': Tanh()}
2024-06-02 15:57:51,493 0.991138 (0.009159) with: {'batch_size': 64, 'lr': 0.02, 'max_epochs': 64, 'module__n_features': 6, 'module__n_neurons': 256, 'module__nonlin': ReLU()}
2024-06-02 15:57:51,493 0.994989 (0.005165) with: {'batch_size': 64, 'lr': 0.02, 'max_epochs': 128, 'module__n_features': 6, 'module__n_neurons': 16, 'module__nonlin': Tanh()}
2024-06-02 15:57:51,493 0.993850 (0.003283) with: {'batch_size': 64, 'lr': 0.02, 'max_epochs': 128, 'module__n_features': 6, 'module__n_neurons': 16, 'module__nonlin': ReLU()}
2024-06-02 15:57:51,493 0.995379 (0.004530) with: {'batch_size': 64, 'lr': 0.02, 'max_epochs': 128, 'module__n_features': 6, 'module__n_neurons': 32, 'module__nonlin': Tanh()}
2024-06-02 15:57:51,493 0.989587 (0.007847) with: {'batch_size': 64, 'lr': 0.02, 'max_epochs': 128, 'module__n_features': 6, 'module__n_neurons': 32, 'module__nonlin': ReLU()}
2024-06-02 15:57:51,493 0.996138 (0.004445) with: {'batch_size': 64, 'lr': 0.02, 'max_epochs': 128, 'module__n_features': 6, 'module__n_neurons': 64, 'module__nonlin': Tanh()}
2024-06-02 15:57:51,494 0.989955 (0.007656) with: {'batch_size': 64, 'lr': 0.02, 'max_epochs': 128, 'module__n_features': 6, 'module__n_neurons': 64, 'module__nonlin': ReLU()}
2024-06-02 15:57:51,494 0.996138 (0.004445) with: {'batch_size': 64, 'lr': 0.02, 'max_epochs': 128, 'module__n_features': 6, 'module__n_neurons': 128, 'module__nonlin': Tanh()}
2024-06-02 15:57:51,494 0.989575 (0.010785) with: {'batch_size': 64, 'lr': 0.02, 'max_epochs': 128, 'module__n_features': 6, 'module__n_neurons': 128, 'module__nonlin': ReLU()}
2024-06-02 15:57:51,494 0.994989 (0.005165) with: {'batch_size': 64, 'lr': 0.02, 'max_epochs': 128, 'module__n_features': 6, 'module__n_neurons': 256, 'module__nonlin': Tanh()}
2024-06-02 15:57:51,494 0.987232 (0.010598) with: {'batch_size': 64, 'lr': 0.02, 'max_epochs': 128, 'module__n_features': 6, 'module__n_neurons': 256, 'module__nonlin': ReLU()}
2024-06-02 15:57:51,494 0.372949 (0.176789) with: {'batch_size': 128, 'lr': 0.001, 'max_epochs': 16, 'module__n_features': 6, 'module__n_neurons': 16, 'module__nonlin': Tanh()}
2024-06-02 15:57:51,494 0.553128 (0.122764) with: {'batch_size': 128, 'lr': 0.001, 'max_epochs': 16, 'module__n_features': 6, 'module__n_neurons': 16, 'module__nonlin': ReLU()}
2024-06-02 15:57:51,494 0.754398 (0.112308) with: {'batch_size': 128, 'lr': 0.001, 'max_epochs': 16, 'module__n_features': 6, 'module__n_neurons': 32, 'module__nonlin': Tanh()}
2024-06-02 15:57:51,494 0.452144 (0.163602) with: {'batch_size': 128, 'lr': 0.001, 'max_epochs': 16, 'module__n_features': 6, 'module__n_neurons': 32, 'module__nonlin': ReLU()}
2024-06-02 15:57:51,494 0.880072 (0.088934) with: {'batch_size': 128, 'lr': 0.001, 'max_epochs': 16, 'module__n_features': 6, 'module__n_neurons': 64, 'module__nonlin': Tanh()}
2024-06-02 15:57:51,494 0.724005 (0.058097) with: {'batch_size': 128, 'lr': 0.001, 'max_epochs': 16, 'module__n_features': 6, 'module__n_neurons': 64, 'module__nonlin': ReLU()}
2024-06-02 15:57:51,494 0.912630 (0.055009) with: {'batch_size': 128, 'lr': 0.001, 'max_epochs': 16, 'module__n_features': 6, 'module__n_neurons': 128, 'module__nonlin': Tanh()}
2024-06-02 15:57:51,494 0.894292 (0.049948) with: {'batch_size': 128, 'lr': 0.001, 'max_epochs': 16, 'module__n_features': 6, 'module__n_neurons': 128, 'module__nonlin': ReLU()}
2024-06-02 15:57:51,494 0.974273 (0.012841) with: {'batch_size': 128, 'lr': 0.001, 'max_epochs': 16, 'module__n_features': 6, 'module__n_neurons': 256, 'module__nonlin': Tanh()}
2024-06-02 15:57:51,494 0.954786 (0.024519) with: {'batch_size': 128, 'lr': 0.001, 'max_epochs': 16, 'module__n_features': 6, 'module__n_neurons': 256, 'module__nonlin': ReLU()}
2024-06-02 15:57:51,494 0.676060 (0.145307) with: {'batch_size': 128, 'lr': 0.001, 'max_epochs': 32, 'module__n_features': 6, 'module__n_neurons': 16, 'module__nonlin': Tanh()}
2024-06-02 15:57:51,494 0.462845 (0.181482) with: {'batch_size': 128, 'lr': 0.001, 'max_epochs': 32, 'module__n_features': 6, 'module__n_neurons': 16, 'module__nonlin': ReLU()}
2024-06-02 15:57:51,494 0.844304 (0.156803) with: {'batch_size': 128, 'lr': 0.001, 'max_epochs': 32, 'module__n_features': 6, 'module__n_neurons': 32, 'module__nonlin': Tanh()}
2024-06-02 15:57:51,494 0.714876 (0.092368) with: {'batch_size': 128, 'lr': 0.001, 'max_epochs': 32, 'module__n_features': 6, 'module__n_neurons': 32, 'module__nonlin': ReLU()}
2024-06-02 15:57:51,494 0.938725 (0.051181) with: {'batch_size': 128, 'lr': 0.001, 'max_epochs': 32, 'module__n_features': 6, 'module__n_neurons': 64, 'module__nonlin': Tanh()}
2024-06-02 15:57:51,494 0.894949 (0.046451) with: {'batch_size': 128, 'lr': 0.001, 'max_epochs': 32, 'module__n_features': 6, 'module__n_neurons': 64, 'module__nonlin': ReLU()}
2024-06-02 15:57:51,494 0.955812 (0.033365) with: {'batch_size': 128, 'lr': 0.001, 'max_epochs': 32, 'module__n_features': 6, 'module__n_neurons': 128, 'module__nonlin': Tanh()}
2024-06-02 15:57:51,494 0.952128 (0.032454) with: {'batch_size': 128, 'lr': 0.001, 'max_epochs': 32, 'module__n_features': 6, 'module__n_neurons': 128, 'module__nonlin': ReLU()}
2024-06-02 15:57:51,494 0.988113 (0.009429) with: {'batch_size': 128, 'lr': 0.001, 'max_epochs': 32, 'module__n_features': 6, 'module__n_neurons': 256, 'module__nonlin': Tanh()}
2024-06-02 15:57:51,494 0.967732 (0.026194) with: {'batch_size': 128, 'lr': 0.001, 'max_epochs': 32, 'module__n_features': 6, 'module__n_neurons': 256, 'module__nonlin': ReLU()}
2024-06-02 15:57:51,494 0.828593 (0.099618) with: {'batch_size': 128, 'lr': 0.001, 'max_epochs': 64, 'module__n_features': 6, 'module__n_neurons': 16, 'module__nonlin': Tanh()}
2024-06-02 15:57:51,494 0.594135 (0.222540) with: {'batch_size': 128, 'lr': 0.001, 'max_epochs': 64, 'module__n_features': 6, 'module__n_neurons': 16, 'module__nonlin': ReLU()}
2024-06-02 15:57:51,494 0.917640 (0.041619) with: {'batch_size': 128, 'lr': 0.001, 'max_epochs': 64, 'module__n_features': 6, 'module__n_neurons': 32, 'module__nonlin': Tanh()}
2024-06-02 15:57:51,494 0.883878 (0.053078) with: {'batch_size': 128, 'lr': 0.001, 'max_epochs': 64, 'module__n_features': 6, 'module__n_neurons': 32, 'module__nonlin': ReLU()}
2024-06-02 15:57:51,494 0.957152 (0.035134) with: {'batch_size': 128, 'lr': 0.001, 'max_epochs': 64, 'module__n_features': 6, 'module__n_neurons': 64, 'module__nonlin': Tanh()}
2024-06-02 15:57:51,494 0.969541 (0.018593) with: {'batch_size': 128, 'lr': 0.001, 'max_epochs': 64, 'module__n_features': 6, 'module__n_neurons': 64, 'module__nonlin': ReLU()}
2024-06-02 15:57:51,494 0.993437 (0.003085) with: {'batch_size': 128, 'lr': 0.001, 'max_epochs': 64, 'module__n_features': 6, 'module__n_neurons': 128, 'module__nonlin': Tanh()}
2024-06-02 15:57:51,494 0.981930 (0.012853) with: {'batch_size': 128, 'lr': 0.001, 'max_epochs': 64, 'module__n_features': 6, 'module__n_neurons': 128, 'module__nonlin': ReLU()}
2024-06-02 15:57:51,494 0.994977 (0.000959) with: {'batch_size': 128, 'lr': 0.001, 'max_epochs': 64, 'module__n_features': 6, 'module__n_neurons': 256, 'module__nonlin': Tanh()}
2024-06-02 15:57:51,494 0.990781 (0.003817) with: {'batch_size': 128, 'lr': 0.001, 'max_epochs': 64, 'module__n_features': 6, 'module__n_neurons': 256, 'module__nonlin': ReLU()}
2024-06-02 15:57:51,494 0.967666 (0.015707) with: {'batch_size': 128, 'lr': 0.001, 'max_epochs': 128, 'module__n_features': 6, 'module__n_neurons': 16, 'module__nonlin': Tanh()}
2024-06-02 15:57:51,494 0.939661 (0.053257) with: {'batch_size': 128, 'lr': 0.001, 'max_epochs': 128, 'module__n_features': 6, 'module__n_neurons': 16, 'module__nonlin': ReLU()}
2024-06-02 15:57:51,494 0.975076 (0.025056) with: {'batch_size': 128, 'lr': 0.001, 'max_epochs': 128, 'module__n_features': 6, 'module__n_neurons': 32, 'module__nonlin': Tanh()}
2024-06-02 15:57:51,494 0.969396 (0.025262) with: {'batch_size': 128, 'lr': 0.001, 'max_epochs': 128, 'module__n_features': 6, 'module__n_neurons': 32, 'module__nonlin': ReLU()}
2024-06-02 15:57:51,494 0.992712 (0.003625) with: {'batch_size': 128, 'lr': 0.001, 'max_epochs': 128, 'module__n_features': 6, 'module__n_neurons': 64, 'module__nonlin': Tanh()}
2024-06-02 15:57:51,494 0.986963 (0.007746) with: {'batch_size': 128, 'lr': 0.001, 'max_epochs': 128, 'module__n_features': 6, 'module__n_neurons': 64, 'module__nonlin': ReLU()}
2024-06-02 15:57:51,494 0.993806 (0.003805) with: {'batch_size': 128, 'lr': 0.001, 'max_epochs': 128, 'module__n_features': 6, 'module__n_neurons': 128, 'module__nonlin': Tanh()}
2024-06-02 15:57:51,494 0.988392 (0.006680) with: {'batch_size': 128, 'lr': 0.001, 'max_epochs': 128, 'module__n_features': 6, 'module__n_neurons': 128, 'module__nonlin': ReLU()}
2024-06-02 15:57:51,494 0.995368 (0.004361) with: {'batch_size': 128, 'lr': 0.001, 'max_epochs': 128, 'module__n_features': 6, 'module__n_neurons': 256, 'module__nonlin': Tanh()}
2024-06-02 15:57:51,494 0.989140 (0.009327) with: {'batch_size': 128, 'lr': 0.001, 'max_epochs': 128, 'module__n_features': 6, 'module__n_neurons': 256, 'module__nonlin': ReLU()}
2024-06-02 15:57:51,494 0.898119 (0.070450) with: {'batch_size': 128, 'lr': 0.01, 'max_epochs': 16, 'module__n_features': 6, 'module__n_neurons': 16, 'module__nonlin': Tanh()}
2024-06-02 15:57:51,494 0.921939 (0.057050) with: {'batch_size': 128, 'lr': 0.01, 'max_epochs': 16, 'module__n_features': 6, 'module__n_neurons': 16, 'module__nonlin': ReLU()}
2024-06-02 15:57:51,494 0.953748 (0.038007) with: {'batch_size': 128, 'lr': 0.01, 'max_epochs': 16, 'module__n_features': 6, 'module__n_neurons': 32, 'module__nonlin': Tanh()}
2024-06-02 15:57:51,495 0.897606 (0.054466) with: {'batch_size': 128, 'lr': 0.01, 'max_epochs': 16, 'module__n_features': 6, 'module__n_neurons': 32, 'module__nonlin': ReLU()}
2024-06-02 15:57:51,495 0.985434 (0.010148) with: {'batch_size': 128, 'lr': 0.01, 'max_epochs': 16, 'module__n_features': 6, 'module__n_neurons': 64, 'module__nonlin': Tanh()}
2024-06-02 15:57:51,495 0.971148 (0.020297) with: {'batch_size': 128, 'lr': 0.01, 'max_epochs': 16, 'module__n_features': 6, 'module__n_neurons': 64, 'module__nonlin': ReLU()}
2024-06-02 15:57:51,495 0.990435 (0.012564) with: {'batch_size': 128, 'lr': 0.01, 'max_epochs': 16, 'module__n_features': 6, 'module__n_neurons': 128, 'module__nonlin': Tanh()}
2024-06-02 15:57:51,495 0.991529 (0.001855) with: {'batch_size': 128, 'lr': 0.01, 'max_epochs': 16, 'module__n_features': 6, 'module__n_neurons': 128, 'module__nonlin': ReLU()}
2024-06-02 15:57:51,495 0.982678 (0.014524) with: {'batch_size': 128, 'lr': 0.01, 'max_epochs': 16, 'module__n_features': 6, 'module__n_neurons': 256, 'module__nonlin': Tanh()}
2024-06-02 15:57:51,495 0.988069 (0.004377) with: {'batch_size': 128, 'lr': 0.01, 'max_epochs': 16, 'module__n_features': 6, 'module__n_neurons': 256, 'module__nonlin': ReLU()}
2024-06-02 15:57:51,495 0.978135 (0.016218) with: {'batch_size': 128, 'lr': 0.01, 'max_epochs': 32, 'module__n_features': 6, 'module__n_neurons': 16, 'module__nonlin': Tanh()}
2024-06-02 15:57:51,495 0.950343 (0.029006) with: {'batch_size': 128, 'lr': 0.01, 'max_epochs': 32, 'module__n_features': 6, 'module__n_neurons': 16, 'module__nonlin': ReLU()}
2024-06-02 15:57:51,495 0.994230 (0.002039) with: {'batch_size': 128, 'lr': 0.01, 'max_epochs': 32, 'module__n_features': 6, 'module__n_neurons': 32, 'module__nonlin': Tanh()}
2024-06-02 15:57:51,495 0.979988 (0.012952) with: {'batch_size': 128, 'lr': 0.01, 'max_epochs': 32, 'module__n_features': 6, 'module__n_neurons': 32, 'module__nonlin': ReLU()}
2024-06-02 15:57:51,495 0.993415 (0.004575) with: {'batch_size': 128, 'lr': 0.01, 'max_epochs': 32, 'module__n_features': 6, 'module__n_neurons': 64, 'module__nonlin': Tanh()}
2024-06-02 15:57:51,495 0.993839 (0.002199) with: {'batch_size': 128, 'lr': 0.01, 'max_epochs': 32, 'module__n_features': 6, 'module__n_neurons': 64, 'module__nonlin': ReLU()}
2024-06-02 15:57:51,495 0.992634 (0.005178) with: {'batch_size': 128, 'lr': 0.01, 'max_epochs': 32, 'module__n_features': 6, 'module__n_neurons': 128, 'module__nonlin': Tanh()}
2024-06-02 15:57:51,495 0.990703 (0.010448) with: {'batch_size': 128, 'lr': 0.01, 'max_epochs': 32, 'module__n_features': 6, 'module__n_neurons': 128, 'module__nonlin': ReLU()}
2024-06-02 15:57:51,495 0.993024 (0.004410) with: {'batch_size': 128, 'lr': 0.01, 'max_epochs': 32, 'module__n_features': 6, 'module__n_neurons': 256, 'module__nonlin': Tanh()}
2024-06-02 15:57:51,495 0.990323 (0.008122) with: {'batch_size': 128, 'lr': 0.01, 'max_epochs': 32, 'module__n_features': 6, 'module__n_neurons': 256, 'module__nonlin': ReLU()}
2024-06-02 15:57:51,495 0.994587 (0.002288) with: {'batch_size': 128, 'lr': 0.01, 'max_epochs': 64, 'module__n_features': 6, 'module__n_neurons': 16, 'module__nonlin': Tanh()}
2024-06-02 15:57:51,495 0.986986 (0.008092) with: {'batch_size': 128, 'lr': 0.01, 'max_epochs': 64, 'module__n_features': 6, 'module__n_neurons': 16, 'module__nonlin': ReLU()}
2024-06-02 15:57:51,495 0.994598 (0.004834) with: {'batch_size': 128, 'lr': 0.01, 'max_epochs': 64, 'module__n_features': 6, 'module__n_neurons': 32, 'module__nonlin': Tanh()}
2024-06-02 15:57:51,495 0.989955 (0.007351) with: {'batch_size': 128, 'lr': 0.01, 'max_epochs': 64, 'module__n_features': 6, 'module__n_neurons': 32, 'module__nonlin': ReLU()}
2024-06-02 15:57:51,495 0.995748 (0.004165) with: {'batch_size': 128, 'lr': 0.01, 'max_epochs': 64, 'module__n_features': 6, 'module__n_neurons': 64, 'module__nonlin': Tanh()}
2024-06-02 15:57:51,495 0.991886 (0.007251) with: {'batch_size': 128, 'lr': 0.01, 'max_epochs': 64, 'module__n_features': 6, 'module__n_neurons': 64, 'module__nonlin': ReLU()}
2024-06-02 15:57:51,495 0.996138 (0.003482) with: {'batch_size': 128, 'lr': 0.01, 'max_epochs': 64, 'module__n_features': 6, 'module__n_neurons': 128, 'module__nonlin': Tanh()}
2024-06-02 15:57:51,495 0.989955 (0.008580) with: {'batch_size': 128, 'lr': 0.01, 'max_epochs': 64, 'module__n_features': 6, 'module__n_neurons': 128, 'module__nonlin': ReLU()}
2024-06-02 15:57:51,495 0.996138 (0.003482) with: {'batch_size': 128, 'lr': 0.01, 'max_epochs': 64, 'module__n_features': 6, 'module__n_neurons': 256, 'module__nonlin': Tanh()}
2024-06-02 15:57:51,495 0.988381 (0.012539) with: {'batch_size': 128, 'lr': 0.01, 'max_epochs': 64, 'module__n_features': 6, 'module__n_neurons': 256, 'module__nonlin': ReLU()}
2024-06-02 15:57:51,495 0.996138 (0.003482) with: {'batch_size': 128, 'lr': 0.01, 'max_epochs': 128, 'module__n_features': 6, 'module__n_neurons': 16, 'module__nonlin': Tanh()}
2024-06-02 15:57:51,495 0.991093 (0.006396) with: {'batch_size': 128, 'lr': 0.01, 'max_epochs': 128, 'module__n_features': 6, 'module__n_neurons': 16, 'module__nonlin': ReLU()}
2024-06-02 15:57:51,495 0.996149 (0.003689) with: {'batch_size': 128, 'lr': 0.01, 'max_epochs': 128, 'module__n_features': 6, 'module__n_neurons': 32, 'module__nonlin': Tanh()}
2024-06-02 15:57:51,495 0.993850 (0.003719) with: {'batch_size': 128, 'lr': 0.01, 'max_epochs': 128, 'module__n_features': 6, 'module__n_neurons': 32, 'module__nonlin': ReLU()}
2024-06-02 15:57:51,495 0.996149 (0.004061) with: {'batch_size': 128, 'lr': 0.01, 'max_epochs': 128, 'module__n_features': 6, 'module__n_neurons': 64, 'module__nonlin': Tanh()}
2024-06-02 15:57:51,495 0.989553 (0.009220) with: {'batch_size': 128, 'lr': 0.01, 'max_epochs': 128, 'module__n_features': 6, 'module__n_neurons': 64, 'module__nonlin': ReLU()}
2024-06-02 15:57:51,495 0.996529 (0.003772) with: {'batch_size': 128, 'lr': 0.01, 'max_epochs': 128, 'module__n_features': 6, 'module__n_neurons': 128, 'module__nonlin': Tanh()}
2024-06-02 15:57:51,495 0.989174 (0.011087) with: {'batch_size': 128, 'lr': 0.01, 'max_epochs': 128, 'module__n_features': 6, 'module__n_neurons': 128, 'module__nonlin': ReLU()}
2024-06-02 15:57:51,495 0.996529 (0.003772) with: {'batch_size': 128, 'lr': 0.01, 'max_epochs': 128, 'module__n_features': 6, 'module__n_neurons': 256, 'module__nonlin': Tanh()}
2024-06-02 15:57:51,495 0.990323 (0.010274) with: {'batch_size': 128, 'lr': 0.01, 'max_epochs': 128, 'module__n_features': 6, 'module__n_neurons': 256, 'module__nonlin': ReLU()}
2024-06-02 15:57:51,495 0.973771 (0.022470) with: {'batch_size': 128, 'lr': 0.02, 'max_epochs': 16, 'module__n_features': 6, 'module__n_neurons': 16, 'module__nonlin': Tanh()}
2024-06-02 15:57:51,495 0.946505 (0.064211) with: {'batch_size': 128, 'lr': 0.02, 'max_epochs': 16, 'module__n_features': 6, 'module__n_neurons': 16, 'module__nonlin': ReLU()}
2024-06-02 15:57:51,495 0.988504 (0.009628) with: {'batch_size': 128, 'lr': 0.02, 'max_epochs': 16, 'module__n_features': 6, 'module__n_neurons': 32, 'module__nonlin': Tanh()}
2024-06-02 15:57:51,495 0.992321 (0.004328) with: {'batch_size': 128, 'lr': 0.02, 'max_epochs': 16, 'module__n_features': 6, 'module__n_neurons': 32, 'module__nonlin': ReLU()}
2024-06-02 15:57:51,495 0.983492 (0.010075) with: {'batch_size': 128, 'lr': 0.02, 'max_epochs': 16, 'module__n_features': 6, 'module__n_neurons': 64, 'module__nonlin': Tanh()}
2024-06-02 15:57:51,495 0.981561 (0.010345) with: {'batch_size': 128, 'lr': 0.02, 'max_epochs': 16, 'module__n_features': 6, 'module__n_neurons': 64, 'module__nonlin': ReLU()}
2024-06-02 15:57:51,495 0.988135 (0.009572) with: {'batch_size': 128, 'lr': 0.02, 'max_epochs': 16, 'module__n_features': 6, 'module__n_neurons': 128, 'module__nonlin': Tanh()}
2024-06-02 15:57:51,495 0.989598 (0.003513) with: {'batch_size': 128, 'lr': 0.02, 'max_epochs': 16, 'module__n_features': 6, 'module__n_neurons': 128, 'module__nonlin': ReLU()}
2024-06-02 15:57:51,495 0.990044 (0.008386) with: {'batch_size': 128, 'lr': 0.02, 'max_epochs': 16, 'module__n_features': 6, 'module__n_neurons': 256, 'module__nonlin': Tanh()}
2024-06-02 15:57:51,495 0.976394 (0.023658) with: {'batch_size': 128, 'lr': 0.02, 'max_epochs': 16, 'module__n_features': 6, 'module__n_neurons': 256, 'module__nonlin': ReLU()}
2024-06-02 15:57:51,495 0.996138 (0.001723) with: {'batch_size': 128, 'lr': 0.02, 'max_epochs': 32, 'module__n_features': 6, 'module__n_neurons': 16, 'module__nonlin': Tanh()}
2024-06-02 15:57:51,495 0.986919 (0.005140) with: {'batch_size': 128, 'lr': 0.02, 'max_epochs': 32, 'module__n_features': 6, 'module__n_neurons': 16, 'module__nonlin': ReLU()}
2024-06-02 15:57:51,496 0.994565 (0.007149) with: {'batch_size': 128, 'lr': 0.02, 'max_epochs': 32, 'module__n_features': 6, 'module__n_neurons': 32, 'module__nonlin': Tanh()}
2024-06-02 15:57:51,496 0.991082 (0.008275) with: {'batch_size': 128, 'lr': 0.02, 'max_epochs': 32, 'module__n_features': 6, 'module__n_neurons': 32, 'module__nonlin': ReLU()}
2024-06-02 15:57:51,496 0.994174 (0.007000) with: {'batch_size': 128, 'lr': 0.02, 'max_epochs': 32, 'module__n_features': 6, 'module__n_neurons': 64, 'module__nonlin': Tanh()}
2024-06-02 15:57:51,496 0.990357 (0.007991) with: {'batch_size': 128, 'lr': 0.02, 'max_epochs': 32, 'module__n_features': 6, 'module__n_neurons': 64, 'module__nonlin': ReLU()}
2024-06-02 15:57:51,496 0.993404 (0.007685) with: {'batch_size': 128, 'lr': 0.02, 'max_epochs': 32, 'module__n_features': 6, 'module__n_neurons': 128, 'module__nonlin': Tanh()}
2024-06-02 15:57:51,496 0.989163 (0.009795) with: {'batch_size': 128, 'lr': 0.02, 'max_epochs': 32, 'module__n_features': 6, 'module__n_neurons': 128, 'module__nonlin': ReLU()}
2024-06-02 15:57:51,496 0.994185 (0.007102) with: {'batch_size': 128, 'lr': 0.02, 'max_epochs': 32, 'module__n_features': 6, 'module__n_neurons': 256, 'module__nonlin': Tanh()}
2024-06-02 15:57:51,496 0.988750 (0.012094) with: {'batch_size': 128, 'lr': 0.02, 'max_epochs': 32, 'module__n_features': 6, 'module__n_neurons': 256, 'module__nonlin': ReLU()}
2024-06-02 15:57:51,496 0.995748 (0.004165) with: {'batch_size': 128, 'lr': 0.02, 'max_epochs': 64, 'module__n_features': 6, 'module__n_neurons': 16, 'module__nonlin': Tanh()}
2024-06-02 15:57:51,496 0.992667 (0.004681) with: {'batch_size': 128, 'lr': 0.02, 'max_epochs': 64, 'module__n_features': 6, 'module__n_neurons': 16, 'module__nonlin': ReLU()}
2024-06-02 15:57:51,496 0.996138 (0.003482) with: {'batch_size': 128, 'lr': 0.02, 'max_epochs': 64, 'module__n_features': 6, 'module__n_neurons': 32, 'module__nonlin': Tanh()}
2024-06-02 15:57:51,496 0.991506 (0.005449) with: {'batch_size': 128, 'lr': 0.02, 'max_epochs': 64, 'module__n_features': 6, 'module__n_neurons': 32, 'module__nonlin': ReLU()}
2024-06-02 15:57:51,496 0.996138 (0.003482) with: {'batch_size': 128, 'lr': 0.02, 'max_epochs': 64, 'module__n_features': 6, 'module__n_neurons': 64, 'module__nonlin': Tanh()}
2024-06-02 15:57:51,496 0.991484 (0.009787) with: {'batch_size': 128, 'lr': 0.02, 'max_epochs': 64, 'module__n_features': 6, 'module__n_neurons': 64, 'module__nonlin': ReLU()}
2024-06-02 15:57:51,496 0.996138 (0.003482) with: {'batch_size': 128, 'lr': 0.02, 'max_epochs': 64, 'module__n_features': 6, 'module__n_neurons': 128, 'module__nonlin': Tanh()}
2024-06-02 15:57:51,496 0.992678 (0.006431) with: {'batch_size': 128, 'lr': 0.02, 'max_epochs': 64, 'module__n_features': 6, 'module__n_neurons': 128, 'module__nonlin': ReLU()}
2024-06-02 15:57:51,496 0.996529 (0.003772) with: {'batch_size': 128, 'lr': 0.02, 'max_epochs': 64, 'module__n_features': 6, 'module__n_neurons': 256, 'module__nonlin': Tanh()}
2024-06-02 15:57:51,496 0.989174 (0.011087) with: {'batch_size': 128, 'lr': 0.02, 'max_epochs': 64, 'module__n_features': 6, 'module__n_neurons': 256, 'module__nonlin': ReLU()}
2024-06-02 15:57:51,496 0.996529 (0.003772) with: {'batch_size': 128, 'lr': 0.02, 'max_epochs': 128, 'module__n_features': 6, 'module__n_neurons': 16, 'module__nonlin': Tanh()}
2024-06-02 15:57:51,496 0.995759 (0.004340) with: {'batch_size': 128, 'lr': 0.02, 'max_epochs': 128, 'module__n_features': 6, 'module__n_neurons': 16, 'module__nonlin': ReLU()}
2024-06-02 15:57:51,496 0.995379 (0.004530) with: {'batch_size': 128, 'lr': 0.02, 'max_epochs': 128, 'module__n_features': 6, 'module__n_neurons': 32, 'module__nonlin': Tanh()}
2024-06-02 15:57:51,496 0.992265 (0.007317) with: {'batch_size': 128, 'lr': 0.02, 'max_epochs': 128, 'module__n_features': 6, 'module__n_neurons': 32, 'module__nonlin': ReLU()}
2024-06-02 15:57:51,496 0.995379 (0.004530) with: {'batch_size': 128, 'lr': 0.02, 'max_epochs': 128, 'module__n_features': 6, 'module__n_neurons': 64, 'module__nonlin': Tanh()}
2024-06-02 15:57:51,496 0.988381 (0.012539) with: {'batch_size': 128, 'lr': 0.02, 'max_epochs': 128, 'module__n_features': 6, 'module__n_neurons': 64, 'module__nonlin': ReLU()}
2024-06-02 15:57:51,496 0.995379 (0.004530) with: {'batch_size': 128, 'lr': 0.02, 'max_epochs': 128, 'module__n_features': 6, 'module__n_neurons': 128, 'module__nonlin': Tanh()}
2024-06-02 15:57:51,496 0.989174 (0.011407) with: {'batch_size': 128, 'lr': 0.02, 'max_epochs': 128, 'module__n_features': 6, 'module__n_neurons': 128, 'module__nonlin': ReLU()}
2024-06-02 15:57:51,496 0.995770 (0.003947) with: {'batch_size': 128, 'lr': 0.02, 'max_epochs': 128, 'module__n_features': 6, 'module__n_neurons': 256, 'module__nonlin': Tanh()}
2024-06-02 15:57:51,496 0.987678 (0.010290) with: {'batch_size': 128, 'lr': 0.02, 'max_epochs': 128, 'module__n_features': 6, 'module__n_neurons': 256, 'module__nonlin': ReLU()}
