2024-05-31 16:17:24,671 Best: 0.997288 using {'batch_size': 16, 'lr': 0.01, 'max_epochs': 16, 'module__n_features': 6, 'module__n_neurons': 32, 'module__nonlin': Tanh()}
2024-05-31 16:17:24,672 Best estimator configuration: 
 <class 'skorch.classifier.NeuralNetClassifier'>[initialized](
  module_=Module2Layers(
    (dense0): Linear(in_features=6, out_features=32, bias=True)
    (act): Tanh()
    (dense1): Linear(in_features=32, out_features=32, bias=True)
    (output): Linear(in_features=32, out_features=1, bias=True)
    (sigmoid): Sigmoid()
  ),
)
2024-05-31 16:17:24,672 0.695656 (0.038503) with: {'batch_size': 16, 'lr': 0.001, 'max_epochs': 16, 'module__n_features': 6, 'module__n_neurons': 16, 'module__nonlin': Tanh()}
2024-05-31 16:17:24,672 0.420778 (0.202324) with: {'batch_size': 16, 'lr': 0.001, 'max_epochs': 16, 'module__n_features': 6, 'module__n_neurons': 16, 'module__nonlin': ReLU()}
2024-05-31 16:17:24,672 0.913410 (0.038721) with: {'batch_size': 16, 'lr': 0.001, 'max_epochs': 16, 'module__n_features': 6, 'module__n_neurons': 32, 'module__nonlin': Tanh()}
2024-05-31 16:17:24,672 0.739340 (0.145712) with: {'batch_size': 16, 'lr': 0.001, 'max_epochs': 16, 'module__n_features': 6, 'module__n_neurons': 32, 'module__nonlin': ReLU()}
2024-05-31 16:17:24,672 0.931603 (0.032166) with: {'batch_size': 16, 'lr': 0.001, 'max_epochs': 16, 'module__n_features': 6, 'module__n_neurons': 64, 'module__nonlin': Tanh()}
2024-05-31 16:17:24,672 0.940643 (0.039847) with: {'batch_size': 16, 'lr': 0.001, 'max_epochs': 16, 'module__n_features': 6, 'module__n_neurons': 64, 'module__nonlin': ReLU()}
2024-05-31 16:17:24,672 0.983470 (0.015343) with: {'batch_size': 16, 'lr': 0.001, 'max_epochs': 16, 'module__n_features': 6, 'module__n_neurons': 128, 'module__nonlin': Tanh()}
2024-05-31 16:17:24,672 0.957654 (0.029337) with: {'batch_size': 16, 'lr': 0.001, 'max_epochs': 16, 'module__n_features': 6, 'module__n_neurons': 128, 'module__nonlin': ReLU()}
2024-05-31 16:17:24,672 0.995736 (0.002572) with: {'batch_size': 16, 'lr': 0.001, 'max_epochs': 16, 'module__n_features': 6, 'module__n_neurons': 256, 'module__nonlin': Tanh()}
2024-05-31 16:17:24,672 0.981941 (0.012860) with: {'batch_size': 16, 'lr': 0.001, 'max_epochs': 16, 'module__n_features': 6, 'module__n_neurons': 256, 'module__nonlin': ReLU()}
2024-05-31 16:17:24,672 0.867033 (0.073953) with: {'batch_size': 16, 'lr': 0.001, 'max_epochs': 32, 'module__n_features': 6, 'module__n_neurons': 16, 'module__nonlin': Tanh()}
2024-05-31 16:17:24,672 0.831340 (0.098783) with: {'batch_size': 16, 'lr': 0.001, 'max_epochs': 32, 'module__n_features': 6, 'module__n_neurons': 16, 'module__nonlin': ReLU()}
2024-05-31 16:17:24,672 0.933646 (0.058253) with: {'batch_size': 16, 'lr': 0.001, 'max_epochs': 32, 'module__n_features': 6, 'module__n_neurons': 32, 'module__nonlin': Tanh()}
2024-05-31 16:17:24,672 0.903586 (0.089830) with: {'batch_size': 16, 'lr': 0.001, 'max_epochs': 32, 'module__n_features': 6, 'module__n_neurons': 32, 'module__nonlin': ReLU()}
2024-05-31 16:17:24,672 0.979597 (0.017251) with: {'batch_size': 16, 'lr': 0.001, 'max_epochs': 32, 'module__n_features': 6, 'module__n_neurons': 64, 'module__nonlin': Tanh()}
2024-05-31 16:17:24,672 0.943088 (0.025045) with: {'batch_size': 16, 'lr': 0.001, 'max_epochs': 32, 'module__n_features': 6, 'module__n_neurons': 64, 'module__nonlin': ReLU()}
2024-05-31 16:17:24,672 0.994207 (0.003807) with: {'batch_size': 16, 'lr': 0.001, 'max_epochs': 32, 'module__n_features': 6, 'module__n_neurons': 128, 'module__nonlin': Tanh()}
2024-05-31 16:17:24,672 0.988894 (0.012628) with: {'batch_size': 16, 'lr': 0.001, 'max_epochs': 32, 'module__n_features': 6, 'module__n_neurons': 128, 'module__nonlin': ReLU()}
2024-05-31 16:17:24,672 0.996127 (0.003033) with: {'batch_size': 16, 'lr': 0.001, 'max_epochs': 32, 'module__n_features': 6, 'module__n_neurons': 256, 'module__nonlin': Tanh()}
2024-05-31 16:17:24,676 0.995346 (0.002635) with: {'batch_size': 16, 'lr': 0.001, 'max_epochs': 32, 'module__n_features': 6, 'module__n_neurons': 256, 'module__nonlin': ReLU()}
2024-05-31 16:17:24,676 0.949351 (0.029488) with: {'batch_size': 16, 'lr': 0.001, 'max_epochs': 64, 'module__n_features': 6, 'module__n_neurons': 16, 'module__nonlin': Tanh()}
2024-05-31 16:17:24,676 0.945822 (0.028108) with: {'batch_size': 16, 'lr': 0.001, 'max_epochs': 64, 'module__n_features': 6, 'module__n_neurons': 16, 'module__nonlin': ReLU()}
2024-05-31 16:17:24,676 0.985044 (0.015805) with: {'batch_size': 16, 'lr': 0.001, 'max_epochs': 64, 'module__n_features': 6, 'module__n_neurons': 32, 'module__nonlin': Tanh()}
2024-05-31 16:17:24,676 0.953535 (0.027690) with: {'batch_size': 16, 'lr': 0.001, 'max_epochs': 64, 'module__n_features': 6, 'module__n_neurons': 32, 'module__nonlin': ReLU()}
2024-05-31 16:17:24,676 0.995736 (0.003345) with: {'batch_size': 16, 'lr': 0.001, 'max_epochs': 64, 'module__n_features': 6, 'module__n_neurons': 64, 'module__nonlin': Tanh()}
2024-05-31 16:17:24,676 0.990390 (0.009283) with: {'batch_size': 16, 'lr': 0.001, 'max_epochs': 64, 'module__n_features': 6, 'module__n_neurons': 64, 'module__nonlin': ReLU()}
2024-05-31 16:17:24,676 0.995346 (0.004566) with: {'batch_size': 16, 'lr': 0.001, 'max_epochs': 64, 'module__n_features': 6, 'module__n_neurons': 128, 'module__nonlin': Tanh()}
2024-05-31 16:17:24,676 0.993459 (0.002817) with: {'batch_size': 16, 'lr': 0.001, 'max_epochs': 64, 'module__n_features': 6, 'module__n_neurons': 128, 'module__nonlin': ReLU()}
2024-05-31 16:17:24,676 0.995346 (0.005615) with: {'batch_size': 16, 'lr': 0.001, 'max_epochs': 64, 'module__n_features': 6, 'module__n_neurons': 256, 'module__nonlin': Tanh()}
2024-05-31 16:17:24,676 0.992243 (0.008119) with: {'batch_size': 16, 'lr': 0.001, 'max_epochs': 64, 'module__n_features': 6, 'module__n_neurons': 256, 'module__nonlin': ReLU()}
2024-05-31 16:17:24,676 0.981684 (0.028018) with: {'batch_size': 16, 'lr': 0.001, 'max_epochs': 128, 'module__n_features': 6, 'module__n_neurons': 16, 'module__nonlin': Tanh()}
2024-05-31 16:17:24,676 0.941804 (0.074446) with: {'batch_size': 16, 'lr': 0.001, 'max_epochs': 128, 'module__n_features': 6, 'module__n_neurons': 16, 'module__nonlin': ReLU()}
2024-05-31 16:17:24,676 0.996518 (0.002282) with: {'batch_size': 16, 'lr': 0.001, 'max_epochs': 128, 'module__n_features': 6, 'module__n_neurons': 32, 'module__nonlin': Tanh()}
2024-05-31 16:17:24,676 0.986573 (0.012027) with: {'batch_size': 16, 'lr': 0.001, 'max_epochs': 128, 'module__n_features': 6, 'module__n_neurons': 32, 'module__nonlin': ReLU()}
2024-05-31 16:17:24,676 0.996116 (0.004950) with: {'batch_size': 16, 'lr': 0.001, 'max_epochs': 128, 'module__n_features': 6, 'module__n_neurons': 64, 'module__nonlin': Tanh()}
2024-05-31 16:17:24,676 0.996908 (0.002305) with: {'batch_size': 16, 'lr': 0.001, 'max_epochs': 128, 'module__n_features': 6, 'module__n_neurons': 64, 'module__nonlin': ReLU()}
2024-05-31 16:17:24,676 0.996127 (0.005098) with: {'batch_size': 16, 'lr': 0.001, 'max_epochs': 128, 'module__n_features': 6, 'module__n_neurons': 128, 'module__nonlin': Tanh()}
2024-05-31 16:17:24,676 0.993024 (0.005891) with: {'batch_size': 16, 'lr': 0.001, 'max_epochs': 128, 'module__n_features': 6, 'module__n_neurons': 128, 'module__nonlin': ReLU()}
2024-05-31 16:17:24,676 0.995748 (0.005148) with: {'batch_size': 16, 'lr': 0.001, 'max_epochs': 128, 'module__n_features': 6, 'module__n_neurons': 256, 'module__nonlin': Tanh()}
2024-05-31 16:17:24,676 0.989185 (0.009287) with: {'batch_size': 16, 'lr': 0.001, 'max_epochs': 128, 'module__n_features': 6, 'module__n_neurons': 256, 'module__nonlin': ReLU()}
2024-05-31 16:17:24,677 0.993415 (0.005438) with: {'batch_size': 16, 'lr': 0.01, 'max_epochs': 16, 'module__n_features': 6, 'module__n_neurons': 16, 'module__nonlin': Tanh()}
2024-05-31 16:17:24,677 0.971505 (0.015651) with: {'batch_size': 16, 'lr': 0.01, 'max_epochs': 16, 'module__n_features': 6, 'module__n_neurons': 16, 'module__nonlin': ReLU()}
2024-05-31 16:17:24,677 0.997288 (0.001979) with: {'batch_size': 16, 'lr': 0.01, 'max_epochs': 16, 'module__n_features': 6, 'module__n_neurons': 32, 'module__nonlin': Tanh()}
2024-05-31 16:17:24,677 0.989118 (0.009781) with: {'batch_size': 16, 'lr': 0.01, 'max_epochs': 16, 'module__n_features': 6, 'module__n_neurons': 32, 'module__nonlin': ReLU()}
2024-05-31 16:17:24,677 0.994977 (0.003623) with: {'batch_size': 16, 'lr': 0.01, 'max_epochs': 16, 'module__n_features': 6, 'module__n_neurons': 64, 'module__nonlin': Tanh()}
2024-05-31 16:17:24,677 0.991506 (0.006354) with: {'batch_size': 16, 'lr': 0.01, 'max_epochs': 16, 'module__n_features': 6, 'module__n_neurons': 64, 'module__nonlin': ReLU()}
2024-05-31 16:17:24,677 0.995357 (0.004878) with: {'batch_size': 16, 'lr': 0.01, 'max_epochs': 16, 'module__n_features': 6, 'module__n_neurons': 128, 'module__nonlin': Tanh()}
2024-05-31 16:17:24,677 0.988024 (0.007658) with: {'batch_size': 16, 'lr': 0.01, 'max_epochs': 16, 'module__n_features': 6, 'module__n_neurons': 128, 'module__nonlin': ReLU()}
2024-05-31 16:17:24,677 0.994598 (0.005262) with: {'batch_size': 16, 'lr': 0.01, 'max_epochs': 16, 'module__n_features': 6, 'module__n_neurons': 256, 'module__nonlin': Tanh()}
2024-05-31 16:17:24,677 0.990714 (0.008606) with: {'batch_size': 16, 'lr': 0.01, 'max_epochs': 16, 'module__n_features': 6, 'module__n_neurons': 256, 'module__nonlin': ReLU()}
2024-05-31 16:17:24,677 0.995725 (0.004850) with: {'batch_size': 16, 'lr': 0.01, 'max_epochs': 32, 'module__n_features': 6, 'module__n_neurons': 16, 'module__nonlin': Tanh()}
2024-05-31 16:17:24,677 0.989229 (0.006591) with: {'batch_size': 16, 'lr': 0.01, 'max_epochs': 32, 'module__n_features': 6, 'module__n_neurons': 16, 'module__nonlin': ReLU()}
2024-05-31 16:17:24,677 0.995346 (0.005615) with: {'batch_size': 16, 'lr': 0.01, 'max_epochs': 32, 'module__n_features': 6, 'module__n_neurons': 32, 'module__nonlin': Tanh()}
2024-05-31 16:17:24,677 0.995725 (0.002889) with: {'batch_size': 16, 'lr': 0.01, 'max_epochs': 32, 'module__n_features': 6, 'module__n_neurons': 32, 'module__nonlin': ReLU()}
2024-05-31 16:17:24,677 0.994598 (0.005262) with: {'batch_size': 16, 'lr': 0.01, 'max_epochs': 32, 'module__n_features': 6, 'module__n_neurons': 64, 'module__nonlin': Tanh()}
2024-05-31 16:17:24,677 0.990725 (0.007761) with: {'batch_size': 16, 'lr': 0.01, 'max_epochs': 32, 'module__n_features': 6, 'module__n_neurons': 64, 'module__nonlin': ReLU()}
2024-05-31 16:17:24,677 0.994989 (0.005567) with: {'batch_size': 16, 'lr': 0.01, 'max_epochs': 32, 'module__n_features': 6, 'module__n_neurons': 128, 'module__nonlin': Tanh()}
2024-05-31 16:17:24,677 0.991517 (0.007011) with: {'batch_size': 16, 'lr': 0.01, 'max_epochs': 32, 'module__n_features': 6, 'module__n_neurons': 128, 'module__nonlin': ReLU()}
2024-05-31 16:17:24,677 0.994598 (0.006194) with: {'batch_size': 16, 'lr': 0.01, 'max_epochs': 32, 'module__n_features': 6, 'module__n_neurons': 256, 'module__nonlin': Tanh()}
2024-05-31 16:17:24,677 0.986874 (0.011463) with: {'batch_size': 16, 'lr': 0.01, 'max_epochs': 32, 'module__n_features': 6, 'module__n_neurons': 256, 'module__nonlin': ReLU()}
2024-05-31 16:17:24,677 0.995748 (0.005148) with: {'batch_size': 16, 'lr': 0.01, 'max_epochs': 64, 'module__n_features': 6, 'module__n_neurons': 16, 'module__nonlin': Tanh()}
2024-05-31 16:17:24,677 0.991093 (0.005065) with: {'batch_size': 16, 'lr': 0.01, 'max_epochs': 64, 'module__n_features': 6, 'module__n_neurons': 16, 'module__nonlin': ReLU()}
2024-05-31 16:17:24,677 0.995368 (0.005308) with: {'batch_size': 16, 'lr': 0.01, 'max_epochs': 64, 'module__n_features': 6, 'module__n_neurons': 32, 'module__nonlin': Tanh()}
2024-05-31 16:17:24,677 0.993058 (0.005700) with: {'batch_size': 16, 'lr': 0.01, 'max_epochs': 64, 'module__n_features': 6, 'module__n_neurons': 32, 'module__nonlin': ReLU()}
2024-05-31 16:17:24,677 0.994609 (0.005404) with: {'batch_size': 16, 'lr': 0.01, 'max_epochs': 64, 'module__n_features': 6, 'module__n_neurons': 64, 'module__nonlin': Tanh()}
2024-05-31 16:17:24,677 0.988828 (0.008261) with: {'batch_size': 16, 'lr': 0.01, 'max_epochs': 64, 'module__n_features': 6, 'module__n_neurons': 64, 'module__nonlin': ReLU()}
2024-05-31 16:17:24,677 0.995748 (0.005148) with: {'batch_size': 16, 'lr': 0.01, 'max_epochs': 64, 'module__n_features': 6, 'module__n_neurons': 128, 'module__nonlin': Tanh()}
2024-05-31 16:17:24,677 0.987622 (0.010392) with: {'batch_size': 16, 'lr': 0.01, 'max_epochs': 64, 'module__n_features': 6, 'module__n_neurons': 128, 'module__nonlin': ReLU()}
2024-05-31 16:17:24,677 0.995357 (0.005871) with: {'batch_size': 16, 'lr': 0.01, 'max_epochs': 64, 'module__n_features': 6, 'module__n_neurons': 256, 'module__nonlin': Tanh()}
2024-05-31 16:17:24,677 0.990357 (0.010023) with: {'batch_size': 16, 'lr': 0.01, 'max_epochs': 64, 'module__n_features': 6, 'module__n_neurons': 256, 'module__nonlin': ReLU()}
2024-05-31 16:17:24,677 0.995368 (0.005308) with: {'batch_size': 16, 'lr': 0.01, 'max_epochs': 128, 'module__n_features': 6, 'module__n_neurons': 16, 'module__nonlin': Tanh()}
2024-05-31 16:17:24,677 0.993069 (0.006579) with: {'batch_size': 16, 'lr': 0.01, 'max_epochs': 128, 'module__n_features': 6, 'module__n_neurons': 16, 'module__nonlin': ReLU()}
2024-05-31 16:17:24,677 0.995368 (0.005825) with: {'batch_size': 16, 'lr': 0.01, 'max_epochs': 128, 'module__n_features': 6, 'module__n_neurons': 32, 'module__nonlin': Tanh()}
2024-05-31 16:17:24,677 0.988426 (0.008270) with: {'batch_size': 16, 'lr': 0.01, 'max_epochs': 128, 'module__n_features': 6, 'module__n_neurons': 32, 'module__nonlin': ReLU()}
2024-05-31 16:17:24,677 0.995748 (0.005552) with: {'batch_size': 16, 'lr': 0.01, 'max_epochs': 128, 'module__n_features': 6, 'module__n_neurons': 64, 'module__nonlin': Tanh()}
2024-05-31 16:17:24,677 0.989910 (0.010094) with: {'batch_size': 16, 'lr': 0.01, 'max_epochs': 128, 'module__n_features': 6, 'module__n_neurons': 64, 'module__nonlin': ReLU()}
2024-05-31 16:17:24,677 0.994609 (0.005404) with: {'batch_size': 16, 'lr': 0.01, 'max_epochs': 128, 'module__n_features': 6, 'module__n_neurons': 128, 'module__nonlin': Tanh()}
2024-05-31 16:17:24,677 0.990334 (0.007627) with: {'batch_size': 16, 'lr': 0.01, 'max_epochs': 128, 'module__n_features': 6, 'module__n_neurons': 128, 'module__nonlin': ReLU()}
2024-05-31 16:17:24,677 0.995725 (0.006706) with: {'batch_size': 16, 'lr': 0.01, 'max_epochs': 128, 'module__n_features': 6, 'module__n_neurons': 256, 'module__nonlin': Tanh()}
2024-05-31 16:17:24,677 0.987645 (0.011863) with: {'batch_size': 16, 'lr': 0.01, 'max_epochs': 128, 'module__n_features': 6, 'module__n_neurons': 256, 'module__nonlin': ReLU()}
2024-05-31 16:17:24,677 0.996897 (0.002643) with: {'batch_size': 16, 'lr': 0.02, 'max_epochs': 16, 'module__n_features': 6, 'module__n_neurons': 16, 'module__nonlin': Tanh()}
2024-05-31 16:17:24,677 0.988091 (0.007575) with: {'batch_size': 16, 'lr': 0.02, 'max_epochs': 16, 'module__n_features': 6, 'module__n_neurons': 16, 'module__nonlin': ReLU()}
2024-05-31 16:17:24,677 0.994977 (0.003623) with: {'batch_size': 16, 'lr': 0.02, 'max_epochs': 16, 'module__n_features': 6, 'module__n_neurons': 32, 'module__nonlin': Tanh()}
2024-05-31 16:17:24,677 0.989933 (0.006130) with: {'batch_size': 16, 'lr': 0.02, 'max_epochs': 16, 'module__n_features': 6, 'module__n_neurons': 32, 'module__nonlin': ReLU()}
2024-05-31 16:17:24,677 0.994977 (0.004001) with: {'batch_size': 16, 'lr': 0.02, 'max_epochs': 16, 'module__n_features': 6, 'module__n_neurons': 64, 'module__nonlin': Tanh()}
2024-05-31 16:17:24,677 0.989587 (0.006200) with: {'batch_size': 16, 'lr': 0.02, 'max_epochs': 16, 'module__n_features': 6, 'module__n_neurons': 64, 'module__nonlin': ReLU()}
2024-05-31 16:17:24,677 0.994207 (0.004907) with: {'batch_size': 16, 'lr': 0.02, 'max_epochs': 16, 'module__n_features': 6, 'module__n_neurons': 128, 'module__nonlin': Tanh()}
2024-05-31 16:17:24,677 0.989955 (0.007229) with: {'batch_size': 16, 'lr': 0.02, 'max_epochs': 16, 'module__n_features': 6, 'module__n_neurons': 128, 'module__nonlin': ReLU()}
2024-05-31 16:17:24,678 0.993828 (0.004658) with: {'batch_size': 16, 'lr': 0.02, 'max_epochs': 16, 'module__n_features': 6, 'module__n_neurons': 256, 'module__nonlin': Tanh()}
2024-05-31 16:17:24,678 0.988013 (0.010518) with: {'batch_size': 16, 'lr': 0.02, 'max_epochs': 16, 'module__n_features': 6, 'module__n_neurons': 256, 'module__nonlin': ReLU()}
2024-05-31 16:17:24,678 0.994977 (0.005016) with: {'batch_size': 16, 'lr': 0.02, 'max_epochs': 32, 'module__n_features': 6, 'module__n_neurons': 16, 'module__nonlin': Tanh()}
2024-05-31 16:17:24,678 0.993426 (0.004881) with: {'batch_size': 16, 'lr': 0.02, 'max_epochs': 32, 'module__n_features': 6, 'module__n_neurons': 16, 'module__nonlin': ReLU()}
2024-05-31 16:17:24,678 0.993828 (0.006176) with: {'batch_size': 16, 'lr': 0.02, 'max_epochs': 32, 'module__n_features': 6, 'module__n_neurons': 32, 'module__nonlin': Tanh()}
2024-05-31 16:17:24,678 0.993850 (0.004088) with: {'batch_size': 16, 'lr': 0.02, 'max_epochs': 32, 'module__n_features': 6, 'module__n_neurons': 32, 'module__nonlin': ReLU()}
2024-05-31 16:17:24,678 0.993437 (0.006792) with: {'batch_size': 16, 'lr': 0.02, 'max_epochs': 32, 'module__n_features': 6, 'module__n_neurons': 64, 'module__nonlin': Tanh()}
2024-05-31 16:17:24,678 0.986562 (0.010740) with: {'batch_size': 16, 'lr': 0.02, 'max_epochs': 32, 'module__n_features': 6, 'module__n_neurons': 64, 'module__nonlin': ReLU()}
2024-05-31 16:17:24,678 0.994609 (0.005913) with: {'batch_size': 16, 'lr': 0.02, 'max_epochs': 32, 'module__n_features': 6, 'module__n_neurons': 128, 'module__nonlin': Tanh()}
2024-05-31 16:17:24,678 0.987611 (0.012445) with: {'batch_size': 16, 'lr': 0.02, 'max_epochs': 32, 'module__n_features': 6, 'module__n_neurons': 128, 'module__nonlin': ReLU()}
2024-05-31 16:17:24,678 0.993058 (0.005700) with: {'batch_size': 16, 'lr': 0.02, 'max_epochs': 32, 'module__n_features': 6, 'module__n_neurons': 256, 'module__nonlin': Tanh()}
2024-05-31 16:17:24,678 0.985714 (0.012055) with: {'batch_size': 16, 'lr': 0.02, 'max_epochs': 32, 'module__n_features': 6, 'module__n_neurons': 256, 'module__nonlin': ReLU()}
2024-05-31 16:17:24,678 0.994989 (0.005567) with: {'batch_size': 16, 'lr': 0.02, 'max_epochs': 64, 'module__n_features': 6, 'module__n_neurons': 16, 'module__nonlin': Tanh()}
2024-05-31 16:17:24,678 0.992288 (0.006146) with: {'batch_size': 16, 'lr': 0.02, 'max_epochs': 64, 'module__n_features': 6, 'module__n_neurons': 16, 'module__nonlin': ReLU()}
2024-05-31 16:17:24,678 0.994230 (0.005735) with: {'batch_size': 16, 'lr': 0.02, 'max_epochs': 64, 'module__n_features': 6, 'module__n_neurons': 32, 'module__nonlin': Tanh()}
2024-05-31 16:17:24,678 0.991116 (0.005456) with: {'batch_size': 16, 'lr': 0.02, 'max_epochs': 64, 'module__n_features': 6, 'module__n_neurons': 32, 'module__nonlin': ReLU()}
2024-05-31 16:17:24,678 0.995748 (0.005148) with: {'batch_size': 16, 'lr': 0.02, 'max_epochs': 64, 'module__n_features': 6, 'module__n_neurons': 64, 'module__nonlin': Tanh()}
2024-05-31 16:17:24,678 0.987298 (0.008591) with: {'batch_size': 16, 'lr': 0.02, 'max_epochs': 64, 'module__n_features': 6, 'module__n_neurons': 64, 'module__nonlin': ReLU()}
2024-05-31 16:17:24,678 0.993437 (0.005954) with: {'batch_size': 16, 'lr': 0.02, 'max_epochs': 64, 'module__n_features': 6, 'module__n_neurons': 128, 'module__nonlin': Tanh()}
2024-05-31 16:17:24,678 0.984955 (0.011846) with: {'batch_size': 16, 'lr': 0.02, 'max_epochs': 64, 'module__n_features': 6, 'module__n_neurons': 128, 'module__nonlin': ReLU()}
2024-05-31 16:17:24,678 0.991830 (0.009696) with: {'batch_size': 16, 'lr': 0.02, 'max_epochs': 64, 'module__n_features': 6, 'module__n_neurons': 256, 'module__nonlin': Tanh()}
2024-05-31 16:17:24,678 0.985714 (0.009745) with: {'batch_size': 16, 'lr': 0.02, 'max_epochs': 64, 'module__n_features': 6, 'module__n_neurons': 256, 'module__nonlin': ReLU()}
2024-05-31 16:17:24,678 0.995748 (0.005552) with: {'batch_size': 16, 'lr': 0.02, 'max_epochs': 128, 'module__n_features': 6, 'module__n_neurons': 16, 'module__nonlin': Tanh()}
2024-05-31 16:17:24,678 0.988437 (0.011559) with: {'batch_size': 16, 'lr': 0.02, 'max_epochs': 128, 'module__n_features': 6, 'module__n_neurons': 16, 'module__nonlin': ReLU()}
2024-05-31 16:17:24,678 0.995748 (0.005552) with: {'batch_size': 16, 'lr': 0.02, 'max_epochs': 128, 'module__n_features': 6, 'module__n_neurons': 32, 'module__nonlin': Tanh()}
2024-05-31 16:17:24,678 0.993069 (0.004980) with: {'batch_size': 16, 'lr': 0.02, 'max_epochs': 128, 'module__n_features': 6, 'module__n_neurons': 32, 'module__nonlin': ReLU()}
2024-05-31 16:17:24,678 0.993013 (0.010389) with: {'batch_size': 16, 'lr': 0.02, 'max_epochs': 128, 'module__n_features': 6, 'module__n_neurons': 64, 'module__nonlin': Tanh()}
2024-05-31 16:17:24,678 0.989587 (0.009973) with: {'batch_size': 16, 'lr': 0.02, 'max_epochs': 128, 'module__n_features': 6, 'module__n_neurons': 64, 'module__nonlin': ReLU()}
2024-05-31 16:17:24,678 0.993024 (0.008614) with: {'batch_size': 16, 'lr': 0.02, 'max_epochs': 128, 'module__n_features': 6, 'module__n_neurons': 128, 'module__nonlin': Tanh()}
2024-05-31 16:17:24,678 0.985725 (0.010024) with: {'batch_size': 16, 'lr': 0.02, 'max_epochs': 128, 'module__n_features': 6, 'module__n_neurons': 128, 'module__nonlin': ReLU()}
2024-05-31 16:17:24,678 0.993024 (0.008446) with: {'batch_size': 16, 'lr': 0.02, 'max_epochs': 128, 'module__n_features': 6, 'module__n_neurons': 256, 'module__nonlin': Tanh()}
2024-05-31 16:17:24,678 0.985736 (0.011214) with: {'batch_size': 16, 'lr': 0.02, 'max_epochs': 128, 'module__n_features': 6, 'module__n_neurons': 256, 'module__nonlin': ReLU()}
2024-05-31 16:17:24,678 0.731173 (0.181158) with: {'batch_size': 32, 'lr': 0.001, 'max_epochs': 16, 'module__n_features': 6, 'module__n_neurons': 16, 'module__nonlin': Tanh()}
2024-05-31 16:17:24,678 0.463352 (0.214179) with: {'batch_size': 32, 'lr': 0.001, 'max_epochs': 16, 'module__n_features': 6, 'module__n_neurons': 16, 'module__nonlin': ReLU()}
2024-05-31 16:17:24,678 0.779753 (0.136552) with: {'batch_size': 32, 'lr': 0.001, 'max_epochs': 16, 'module__n_features': 6, 'module__n_neurons': 32, 'module__nonlin': Tanh()}
2024-05-31 16:17:24,678 0.664702 (0.121374) with: {'batch_size': 32, 'lr': 0.001, 'max_epochs': 16, 'module__n_features': 6, 'module__n_neurons': 32, 'module__nonlin': ReLU()}
2024-05-31 16:17:24,678 0.901310 (0.045655) with: {'batch_size': 32, 'lr': 0.001, 'max_epochs': 16, 'module__n_features': 6, 'module__n_neurons': 64, 'module__nonlin': Tanh()}
2024-05-31 16:17:24,678 0.872739 (0.069560) with: {'batch_size': 32, 'lr': 0.001, 'max_epochs': 16, 'module__n_features': 6, 'module__n_neurons': 64, 'module__nonlin': ReLU()}
2024-05-31 16:17:24,678 0.971416 (0.023759) with: {'batch_size': 32, 'lr': 0.001, 'max_epochs': 16, 'module__n_features': 6, 'module__n_neurons': 128, 'module__nonlin': Tanh()}
2024-05-31 16:17:24,678 0.928611 (0.071453) with: {'batch_size': 32, 'lr': 0.001, 'max_epochs': 16, 'module__n_features': 6, 'module__n_neurons': 128, 'module__nonlin': ReLU()}
2024-05-31 16:17:24,678 0.985412 (0.013249) with: {'batch_size': 32, 'lr': 0.001, 'max_epochs': 16, 'module__n_features': 6, 'module__n_neurons': 256, 'module__nonlin': Tanh()}
2024-05-31 16:17:24,678 0.969250 (0.015809) with: {'batch_size': 32, 'lr': 0.001, 'max_epochs': 16, 'module__n_features': 6, 'module__n_neurons': 256, 'module__nonlin': ReLU()}
2024-05-31 16:17:24,678 0.768470 (0.084210) with: {'batch_size': 32, 'lr': 0.001, 'max_epochs': 32, 'module__n_features': 6, 'module__n_neurons': 16, 'module__nonlin': Tanh()}
2024-05-31 16:17:24,678 0.589378 (0.153708) with: {'batch_size': 32, 'lr': 0.001, 'max_epochs': 32, 'module__n_features': 6, 'module__n_neurons': 16, 'module__nonlin': ReLU()}
2024-05-31 16:17:24,678 0.886400 (0.088460) with: {'batch_size': 32, 'lr': 0.001, 'max_epochs': 32, 'module__n_features': 6, 'module__n_neurons': 32, 'module__nonlin': Tanh()}
2024-05-31 16:17:24,678 0.920241 (0.017548) with: {'batch_size': 32, 'lr': 0.001, 'max_epochs': 32, 'module__n_features': 6, 'module__n_neurons': 32, 'module__nonlin': ReLU()}
2024-05-31 16:17:24,678 0.965925 (0.023731) with: {'batch_size': 32, 'lr': 0.001, 'max_epochs': 32, 'module__n_features': 6, 'module__n_neurons': 64, 'module__nonlin': Tanh()}
2024-05-31 16:17:24,678 0.940622 (0.038099) with: {'batch_size': 32, 'lr': 0.001, 'max_epochs': 32, 'module__n_features': 6, 'module__n_neurons': 64, 'module__nonlin': ReLU()}
2024-05-31 16:17:24,678 0.988504 (0.010556) with: {'batch_size': 32, 'lr': 0.001, 'max_epochs': 32, 'module__n_features': 6, 'module__n_neurons': 128, 'module__nonlin': Tanh()}
2024-05-31 16:17:24,678 0.970791 (0.020173) with: {'batch_size': 32, 'lr': 0.001, 'max_epochs': 32, 'module__n_features': 6, 'module__n_neurons': 128, 'module__nonlin': ReLU()}
2024-05-31 16:17:24,679 0.997288 (0.001979) with: {'batch_size': 32, 'lr': 0.001, 'max_epochs': 32, 'module__n_features': 6, 'module__n_neurons': 256, 'module__nonlin': Tanh()}
2024-05-31 16:17:24,679 0.992299 (0.003150) with: {'batch_size': 32, 'lr': 0.001, 'max_epochs': 32, 'module__n_features': 6, 'module__n_neurons': 256, 'module__nonlin': ReLU()}
2024-05-31 16:17:24,679 0.897806 (0.061709) with: {'batch_size': 32, 'lr': 0.001, 'max_epochs': 64, 'module__n_features': 6, 'module__n_neurons': 16, 'module__nonlin': Tanh()}
2024-05-31 16:17:24,679 0.839117 (0.124632) with: {'batch_size': 32, 'lr': 0.001, 'max_epochs': 64, 'module__n_features': 6, 'module__n_neurons': 16, 'module__nonlin': ReLU()}
2024-05-31 16:17:24,679 0.949271 (0.023419) with: {'batch_size': 32, 'lr': 0.001, 'max_epochs': 64, 'module__n_features': 6, 'module__n_neurons': 32, 'module__nonlin': Tanh()}
2024-05-31 16:17:24,679 0.940108 (0.026017) with: {'batch_size': 32, 'lr': 0.001, 'max_epochs': 64, 'module__n_features': 6, 'module__n_neurons': 32, 'module__nonlin': ReLU()}
2024-05-31 16:17:24,679 0.989296 (0.013681) with: {'batch_size': 32, 'lr': 0.001, 'max_epochs': 64, 'module__n_features': 6, 'module__n_neurons': 64, 'module__nonlin': Tanh()}
2024-05-31 16:17:24,679 0.963380 (0.019896) with: {'batch_size': 32, 'lr': 0.001, 'max_epochs': 64, 'module__n_features': 6, 'module__n_neurons': 64, 'module__nonlin': ReLU()}
2024-05-31 16:17:24,679 0.997288 (0.001979) with: {'batch_size': 32, 'lr': 0.001, 'max_epochs': 64, 'module__n_features': 6, 'module__n_neurons': 128, 'module__nonlin': Tanh()}
2024-05-31 16:17:24,679 0.993069 (0.005693) with: {'batch_size': 32, 'lr': 0.001, 'max_epochs': 64, 'module__n_features': 6, 'module__n_neurons': 128, 'module__nonlin': ReLU()}
2024-05-31 16:17:24,679 0.995725 (0.004699) with: {'batch_size': 32, 'lr': 0.001, 'max_epochs': 64, 'module__n_features': 6, 'module__n_neurons': 256, 'module__nonlin': Tanh()}
2024-05-31 16:17:24,679 0.993058 (0.006233) with: {'batch_size': 32, 'lr': 0.001, 'max_epochs': 64, 'module__n_features': 6, 'module__n_neurons': 256, 'module__nonlin': ReLU()}
2024-05-31 16:17:24,679 0.967062 (0.032430) with: {'batch_size': 32, 'lr': 0.001, 'max_epochs': 128, 'module__n_features': 6, 'module__n_neurons': 16, 'module__nonlin': Tanh()}
2024-05-31 16:17:24,679 0.919794 (0.038326) with: {'batch_size': 32, 'lr': 0.001, 'max_epochs': 128, 'module__n_features': 6, 'module__n_neurons': 16, 'module__nonlin': ReLU()}
2024-05-31 16:17:24,679 0.991930 (0.007985) with: {'batch_size': 32, 'lr': 0.001, 'max_epochs': 128, 'module__n_features': 6, 'module__n_neurons': 32, 'module__nonlin': Tanh()}
2024-05-31 16:17:24,679 0.976572 (0.014409) with: {'batch_size': 32, 'lr': 0.001, 'max_epochs': 128, 'module__n_features': 6, 'module__n_neurons': 32, 'module__nonlin': ReLU()}
2024-05-31 16:17:24,679 0.995725 (0.004850) with: {'batch_size': 32, 'lr': 0.001, 'max_epochs': 128, 'module__n_features': 6, 'module__n_neurons': 64, 'module__nonlin': Tanh()}
2024-05-31 16:17:24,679 0.992678 (0.005537) with: {'batch_size': 32, 'lr': 0.001, 'max_epochs': 128, 'module__n_features': 6, 'module__n_neurons': 64, 'module__nonlin': ReLU()}
2024-05-31 16:17:24,679 0.995725 (0.005724) with: {'batch_size': 32, 'lr': 0.001, 'max_epochs': 128, 'module__n_features': 6, 'module__n_neurons': 128, 'module__nonlin': Tanh()}
2024-05-31 16:17:24,679 0.993415 (0.005888) with: {'batch_size': 32, 'lr': 0.001, 'max_epochs': 128, 'module__n_features': 6, 'module__n_neurons': 128, 'module__nonlin': ReLU()}
2024-05-31 16:17:24,679 0.996127 (0.005098) with: {'batch_size': 32, 'lr': 0.001, 'max_epochs': 128, 'module__n_features': 6, 'module__n_neurons': 256, 'module__nonlin': Tanh()}
2024-05-31 16:17:24,679 0.992645 (0.008336) with: {'batch_size': 32, 'lr': 0.001, 'max_epochs': 128, 'module__n_features': 6, 'module__n_neurons': 256, 'module__nonlin': ReLU()}
2024-05-31 16:17:24,679 0.942953 (0.044834) with: {'batch_size': 32, 'lr': 0.01, 'max_epochs': 16, 'module__n_features': 6, 'module__n_neurons': 16, 'module__nonlin': Tanh()}
2024-05-31 16:17:24,679 0.924537 (0.045336) with: {'batch_size': 32, 'lr': 0.01, 'max_epochs': 16, 'module__n_features': 6, 'module__n_neurons': 16, 'module__nonlin': ReLU()}
2024-05-31 16:17:24,679 0.994598 (0.003678) with: {'batch_size': 32, 'lr': 0.01, 'max_epochs': 16, 'module__n_features': 6, 'module__n_neurons': 32, 'module__nonlin': Tanh()}
2024-05-31 16:17:24,679 0.980478 (0.014093) with: {'batch_size': 32, 'lr': 0.01, 'max_epochs': 16, 'module__n_features': 6, 'module__n_neurons': 32, 'module__nonlin': ReLU()}
2024-05-31 16:17:24,679 0.995346 (0.004566) with: {'batch_size': 32, 'lr': 0.01, 'max_epochs': 16, 'module__n_features': 6, 'module__n_neurons': 64, 'module__nonlin': Tanh()}
2024-05-31 16:17:24,679 0.989307 (0.012759) with: {'batch_size': 32, 'lr': 0.01, 'max_epochs': 16, 'module__n_features': 6, 'module__n_neurons': 64, 'module__nonlin': ReLU()}
2024-05-31 16:17:24,679 0.994955 (0.005339) with: {'batch_size': 32, 'lr': 0.01, 'max_epochs': 16, 'module__n_features': 6, 'module__n_neurons': 128, 'module__nonlin': Tanh()}
2024-05-31 16:17:24,679 0.991506 (0.007157) with: {'batch_size': 32, 'lr': 0.01, 'max_epochs': 16, 'module__n_features': 6, 'module__n_neurons': 128, 'module__nonlin': ReLU()}
2024-05-31 16:17:24,679 0.994955 (0.006381) with: {'batch_size': 32, 'lr': 0.01, 'max_epochs': 16, 'module__n_features': 6, 'module__n_neurons': 256, 'module__nonlin': Tanh()}
2024-05-31 16:17:24,679 0.993806 (0.006932) with: {'batch_size': 32, 'lr': 0.01, 'max_epochs': 16, 'module__n_features': 6, 'module__n_neurons': 256, 'module__nonlin': ReLU()}
2024-05-31 16:17:24,679 0.997288 (0.001979) with: {'batch_size': 32, 'lr': 0.01, 'max_epochs': 32, 'module__n_features': 6, 'module__n_neurons': 16, 'module__nonlin': Tanh()}
2024-05-31 16:17:24,679 0.987209 (0.009309) with: {'batch_size': 32, 'lr': 0.01, 'max_epochs': 32, 'module__n_features': 6, 'module__n_neurons': 16, 'module__nonlin': ReLU()}
2024-05-31 16:17:24,679 0.995736 (0.004855) with: {'batch_size': 32, 'lr': 0.01, 'max_epochs': 32, 'module__n_features': 6, 'module__n_neurons': 32, 'module__nonlin': Tanh()}
2024-05-31 16:17:24,679 0.995390 (0.004736) with: {'batch_size': 32, 'lr': 0.01, 'max_epochs': 32, 'module__n_features': 6, 'module__n_neurons': 32, 'module__nonlin': ReLU()}
2024-05-31 16:17:24,679 0.996116 (0.005932) with: {'batch_size': 32, 'lr': 0.01, 'max_epochs': 32, 'module__n_features': 6, 'module__n_neurons': 64, 'module__nonlin': Tanh()}
2024-05-31 16:17:24,679 0.993024 (0.006837) with: {'batch_size': 32, 'lr': 0.01, 'max_epochs': 32, 'module__n_features': 6, 'module__n_neurons': 64, 'module__nonlin': ReLU()}
2024-05-31 16:17:24,679 0.996127 (0.005098) with: {'batch_size': 32, 'lr': 0.01, 'max_epochs': 32, 'module__n_features': 6, 'module__n_neurons': 128, 'module__nonlin': Tanh()}
2024-05-31 16:17:24,679 0.991149 (0.007212) with: {'batch_size': 32, 'lr': 0.01, 'max_epochs': 32, 'module__n_features': 6, 'module__n_neurons': 128, 'module__nonlin': ReLU()}
2024-05-31 16:17:24,679 0.996116 (0.005932) with: {'batch_size': 32, 'lr': 0.01, 'max_epochs': 32, 'module__n_features': 6, 'module__n_neurons': 256, 'module__nonlin': Tanh()}
2024-05-31 16:17:24,679 0.989575 (0.009373) with: {'batch_size': 32, 'lr': 0.01, 'max_epochs': 32, 'module__n_features': 6, 'module__n_neurons': 256, 'module__nonlin': ReLU()}
2024-05-31 16:17:24,679 0.996116 (0.005932) with: {'batch_size': 32, 'lr': 0.01, 'max_epochs': 64, 'module__n_features': 6, 'module__n_neurons': 16, 'module__nonlin': Tanh()}
2024-05-31 16:17:24,679 0.995759 (0.003708) with: {'batch_size': 32, 'lr': 0.01, 'max_epochs': 64, 'module__n_features': 6, 'module__n_neurons': 16, 'module__nonlin': ReLU()}
2024-05-31 16:17:24,679 0.996127 (0.005098) with: {'batch_size': 32, 'lr': 0.01, 'max_epochs': 64, 'module__n_features': 6, 'module__n_neurons': 32, 'module__nonlin': Tanh()}
2024-05-31 16:17:24,679 0.992254 (0.007221) with: {'batch_size': 32, 'lr': 0.01, 'max_epochs': 64, 'module__n_features': 6, 'module__n_neurons': 32, 'module__nonlin': ReLU()}
2024-05-31 16:17:24,679 0.995748 (0.005148) with: {'batch_size': 32, 'lr': 0.01, 'max_epochs': 64, 'module__n_features': 6, 'module__n_neurons': 64, 'module__nonlin': Tanh()}
2024-05-31 16:17:24,679 0.993069 (0.006579) with: {'batch_size': 32, 'lr': 0.01, 'max_epochs': 64, 'module__n_features': 6, 'module__n_neurons': 64, 'module__nonlin': ReLU()}
2024-05-31 16:17:24,679 0.995748 (0.005148) with: {'batch_size': 32, 'lr': 0.01, 'max_epochs': 64, 'module__n_features': 6, 'module__n_neurons': 128, 'module__nonlin': Tanh()}
2024-05-31 16:17:24,680 0.990703 (0.007376) with: {'batch_size': 32, 'lr': 0.01, 'max_epochs': 64, 'module__n_features': 6, 'module__n_neurons': 128, 'module__nonlin': ReLU()}
2024-05-31 16:17:24,680 0.995748 (0.005148) with: {'batch_size': 32, 'lr': 0.01, 'max_epochs': 64, 'module__n_features': 6, 'module__n_neurons': 256, 'module__nonlin': Tanh()}
2024-05-31 16:17:24,680 0.988805 (0.009418) with: {'batch_size': 32, 'lr': 0.01, 'max_epochs': 64, 'module__n_features': 6, 'module__n_neurons': 256, 'module__nonlin': ReLU()}
2024-05-31 16:17:24,680 0.995748 (0.005148) with: {'batch_size': 32, 'lr': 0.01, 'max_epochs': 128, 'module__n_features': 6, 'module__n_neurons': 16, 'module__nonlin': Tanh()}
2024-05-31 16:17:24,680 0.995379 (0.003590) with: {'batch_size': 32, 'lr': 0.01, 'max_epochs': 128, 'module__n_features': 6, 'module__n_neurons': 16, 'module__nonlin': ReLU()}
2024-05-31 16:17:24,680 0.995368 (0.005308) with: {'batch_size': 32, 'lr': 0.01, 'max_epochs': 128, 'module__n_features': 6, 'module__n_neurons': 32, 'module__nonlin': Tanh()}
2024-05-31 16:17:24,680 0.992689 (0.004282) with: {'batch_size': 32, 'lr': 0.01, 'max_epochs': 128, 'module__n_features': 6, 'module__n_neurons': 32, 'module__nonlin': ReLU()}
2024-05-31 16:17:24,680 0.995748 (0.005552) with: {'batch_size': 32, 'lr': 0.01, 'max_epochs': 128, 'module__n_features': 6, 'module__n_neurons': 64, 'module__nonlin': Tanh()}
2024-05-31 16:17:24,680 0.990770 (0.007480) with: {'batch_size': 32, 'lr': 0.01, 'max_epochs': 128, 'module__n_features': 6, 'module__n_neurons': 64, 'module__nonlin': ReLU()}
2024-05-31 16:17:24,680 0.995748 (0.005148) with: {'batch_size': 32, 'lr': 0.01, 'max_epochs': 128, 'module__n_features': 6, 'module__n_neurons': 128, 'module__nonlin': Tanh()}
2024-05-31 16:17:24,680 0.988783 (0.012633) with: {'batch_size': 32, 'lr': 0.01, 'max_epochs': 128, 'module__n_features': 6, 'module__n_neurons': 128, 'module__nonlin': ReLU()}
2024-05-31 16:17:24,680 0.995357 (0.005871) with: {'batch_size': 32, 'lr': 0.01, 'max_epochs': 128, 'module__n_features': 6, 'module__n_neurons': 256, 'module__nonlin': Tanh()}
2024-05-31 16:17:24,680 0.989609 (0.009284) with: {'batch_size': 32, 'lr': 0.01, 'max_epochs': 128, 'module__n_features': 6, 'module__n_neurons': 256, 'module__nonlin': ReLU()}
2024-05-31 16:17:24,680 0.994966 (0.002883) with: {'batch_size': 32, 'lr': 0.02, 'max_epochs': 16, 'module__n_features': 6, 'module__n_neurons': 16, 'module__nonlin': Tanh()}
2024-05-31 16:17:24,680 0.957921 (0.030564) with: {'batch_size': 32, 'lr': 0.02, 'max_epochs': 16, 'module__n_features': 6, 'module__n_neurons': 16, 'module__nonlin': ReLU()}
2024-05-31 16:17:24,680 0.994576 (0.005166) with: {'batch_size': 32, 'lr': 0.02, 'max_epochs': 16, 'module__n_features': 6, 'module__n_neurons': 32, 'module__nonlin': Tanh()}
2024-05-31 16:17:24,680 0.993806 (0.003737) with: {'batch_size': 32, 'lr': 0.02, 'max_epochs': 16, 'module__n_features': 6, 'module__n_neurons': 32, 'module__nonlin': ReLU()}
2024-05-31 16:17:24,680 0.995346 (0.005615) with: {'batch_size': 32, 'lr': 0.02, 'max_epochs': 16, 'module__n_features': 6, 'module__n_neurons': 64, 'module__nonlin': Tanh()}
2024-05-31 16:17:24,680 0.993393 (0.009468) with: {'batch_size': 32, 'lr': 0.02, 'max_epochs': 16, 'module__n_features': 6, 'module__n_neurons': 64, 'module__nonlin': ReLU()}
2024-05-31 16:17:24,680 0.995346 (0.005615) with: {'batch_size': 32, 'lr': 0.02, 'max_epochs': 16, 'module__n_features': 6, 'module__n_neurons': 128, 'module__nonlin': Tanh()}
2024-05-31 16:17:24,680 0.991517 (0.007653) with: {'batch_size': 32, 'lr': 0.02, 'max_epochs': 16, 'module__n_features': 6, 'module__n_neurons': 128, 'module__nonlin': ReLU()}
2024-05-31 16:17:24,680 0.996116 (0.005932) with: {'batch_size': 32, 'lr': 0.02, 'max_epochs': 16, 'module__n_features': 6, 'module__n_neurons': 256, 'module__nonlin': Tanh()}
2024-05-31 16:17:24,680 0.991897 (0.005704) with: {'batch_size': 32, 'lr': 0.02, 'max_epochs': 16, 'module__n_features': 6, 'module__n_neurons': 256, 'module__nonlin': ReLU()}
2024-05-31 16:17:24,680 0.995346 (0.006613) with: {'batch_size': 32, 'lr': 0.02, 'max_epochs': 32, 'module__n_features': 6, 'module__n_neurons': 16, 'module__nonlin': Tanh()}
2024-05-31 16:17:24,680 0.994576 (0.003134) with: {'batch_size': 32, 'lr': 0.02, 'max_epochs': 32, 'module__n_features': 6, 'module__n_neurons': 16, 'module__nonlin': ReLU()}
2024-05-31 16:17:24,680 0.996507 (0.005160) with: {'batch_size': 32, 'lr': 0.02, 'max_epochs': 32, 'module__n_features': 6, 'module__n_neurons': 32, 'module__nonlin': Tanh()}
2024-05-31 16:17:24,680 0.992288 (0.006021) with: {'batch_size': 32, 'lr': 0.02, 'max_epochs': 32, 'module__n_features': 6, 'module__n_neurons': 32, 'module__nonlin': ReLU()}
2024-05-31 16:17:24,680 0.995748 (0.005148) with: {'batch_size': 32, 'lr': 0.02, 'max_epochs': 32, 'module__n_features': 6, 'module__n_neurons': 64, 'module__nonlin': Tanh()}
2024-05-31 16:17:24,680 0.988772 (0.012513) with: {'batch_size': 32, 'lr': 0.02, 'max_epochs': 32, 'module__n_features': 6, 'module__n_neurons': 64, 'module__nonlin': ReLU()}
2024-05-31 16:17:24,680 0.995748 (0.005148) with: {'batch_size': 32, 'lr': 0.02, 'max_epochs': 32, 'module__n_features': 6, 'module__n_neurons': 128, 'module__nonlin': Tanh()}
2024-05-31 16:17:24,680 0.989185 (0.011475) with: {'batch_size': 32, 'lr': 0.02, 'max_epochs': 32, 'module__n_features': 6, 'module__n_neurons': 128, 'module__nonlin': ReLU()}
2024-05-31 16:17:24,680 0.995357 (0.005871) with: {'batch_size': 32, 'lr': 0.02, 'max_epochs': 32, 'module__n_features': 6, 'module__n_neurons': 256, 'module__nonlin': Tanh()}
2024-05-31 16:17:24,680 0.989587 (0.009973) with: {'batch_size': 32, 'lr': 0.02, 'max_epochs': 32, 'module__n_features': 6, 'module__n_neurons': 256, 'module__nonlin': ReLU()}
2024-05-31 16:17:24,680 0.995748 (0.005148) with: {'batch_size': 32, 'lr': 0.02, 'max_epochs': 64, 'module__n_features': 6, 'module__n_neurons': 16, 'module__nonlin': Tanh()}
2024-05-31 16:17:24,680 0.995357 (0.005871) with: {'batch_size': 32, 'lr': 0.02, 'max_epochs': 64, 'module__n_features': 6, 'module__n_neurons': 16, 'module__nonlin': ReLU()}
2024-05-31 16:17:24,680 0.995748 (0.005148) with: {'batch_size': 32, 'lr': 0.02, 'max_epochs': 64, 'module__n_features': 6, 'module__n_neurons': 32, 'module__nonlin': Tanh()}
2024-05-31 16:17:24,680 0.991171 (0.008078) with: {'batch_size': 32, 'lr': 0.02, 'max_epochs': 64, 'module__n_features': 6, 'module__n_neurons': 32, 'module__nonlin': ReLU()}
2024-05-31 16:17:24,680 0.995748 (0.005148) with: {'batch_size': 32, 'lr': 0.02, 'max_epochs': 64, 'module__n_features': 6, 'module__n_neurons': 64, 'module__nonlin': Tanh()}
2024-05-31 16:17:24,680 0.992299 (0.007665) with: {'batch_size': 32, 'lr': 0.02, 'max_epochs': 64, 'module__n_features': 6, 'module__n_neurons': 64, 'module__nonlin': ReLU()}
2024-05-31 16:17:24,680 0.995748 (0.005148) with: {'batch_size': 32, 'lr': 0.02, 'max_epochs': 64, 'module__n_features': 6, 'module__n_neurons': 128, 'module__nonlin': Tanh()}
2024-05-31 16:17:24,680 0.988057 (0.009999) with: {'batch_size': 32, 'lr': 0.02, 'max_epochs': 64, 'module__n_features': 6, 'module__n_neurons': 128, 'module__nonlin': ReLU()}
2024-05-31 16:17:24,680 0.995748 (0.005148) with: {'batch_size': 32, 'lr': 0.02, 'max_epochs': 64, 'module__n_features': 6, 'module__n_neurons': 256, 'module__nonlin': Tanh()}
2024-05-31 16:17:24,680 0.988816 (0.009571) with: {'batch_size': 32, 'lr': 0.02, 'max_epochs': 64, 'module__n_features': 6, 'module__n_neurons': 256, 'module__nonlin': ReLU()}
2024-05-31 16:17:24,680 0.995368 (0.005308) with: {'batch_size': 32, 'lr': 0.02, 'max_epochs': 128, 'module__n_features': 6, 'module__n_neurons': 16, 'module__nonlin': Tanh()}
2024-05-31 16:17:24,680 0.993783 (0.007767) with: {'batch_size': 32, 'lr': 0.02, 'max_epochs': 128, 'module__n_features': 6, 'module__n_neurons': 16, 'module__nonlin': ReLU()}
2024-05-31 16:17:24,680 0.996127 (0.005373) with: {'batch_size': 32, 'lr': 0.02, 'max_epochs': 128, 'module__n_features': 6, 'module__n_neurons': 32, 'module__nonlin': Tanh()}
2024-05-31 16:17:24,680 0.990792 (0.007966) with: {'batch_size': 32, 'lr': 0.02, 'max_epochs': 128, 'module__n_features': 6, 'module__n_neurons': 32, 'module__nonlin': ReLU()}
2024-05-31 16:17:24,680 0.995748 (0.005552) with: {'batch_size': 32, 'lr': 0.02, 'max_epochs': 128, 'module__n_features': 6, 'module__n_neurons': 64, 'module__nonlin': Tanh()}
2024-05-31 16:17:24,680 0.989207 (0.008021) with: {'batch_size': 32, 'lr': 0.02, 'max_epochs': 128, 'module__n_features': 6, 'module__n_neurons': 64, 'module__nonlin': ReLU()}
2024-05-31 16:17:24,681 0.995368 (0.005308) with: {'batch_size': 32, 'lr': 0.02, 'max_epochs': 128, 'module__n_features': 6, 'module__n_neurons': 128, 'module__nonlin': Tanh()}
2024-05-31 16:17:24,681 0.986473 (0.010050) with: {'batch_size': 32, 'lr': 0.02, 'max_epochs': 128, 'module__n_features': 6, 'module__n_neurons': 128, 'module__nonlin': ReLU()}
2024-05-31 16:17:24,681 0.995748 (0.005006) with: {'batch_size': 32, 'lr': 0.02, 'max_epochs': 128, 'module__n_features': 6, 'module__n_neurons': 256, 'module__nonlin': Tanh()}
2024-05-31 16:17:24,681 0.987645 (0.008236) with: {'batch_size': 32, 'lr': 0.02, 'max_epochs': 128, 'module__n_features': 6, 'module__n_neurons': 256, 'module__nonlin': ReLU()}
2024-05-31 16:17:24,681 0.501555 (0.238545) with: {'batch_size': 64, 'lr': 0.001, 'max_epochs': 16, 'module__n_features': 6, 'module__n_neurons': 16, 'module__nonlin': Tanh()}
2024-05-31 16:17:24,681 0.445928 (0.283136) with: {'batch_size': 64, 'lr': 0.001, 'max_epochs': 16, 'module__n_features': 6, 'module__n_neurons': 16, 'module__nonlin': ReLU()}
2024-05-31 16:17:24,681 0.826071 (0.086868) with: {'batch_size': 64, 'lr': 0.001, 'max_epochs': 16, 'module__n_features': 6, 'module__n_neurons': 32, 'module__nonlin': Tanh()}
2024-05-31 16:17:24,681 0.595517 (0.065705) with: {'batch_size': 64, 'lr': 0.001, 'max_epochs': 16, 'module__n_features': 6, 'module__n_neurons': 32, 'module__nonlin': ReLU()}
2024-05-31 16:17:24,681 0.947810 (0.017933) with: {'batch_size': 64, 'lr': 0.001, 'max_epochs': 16, 'module__n_features': 6, 'module__n_neurons': 64, 'module__nonlin': Tanh()}
2024-05-31 16:17:24,681 0.656227 (0.148827) with: {'batch_size': 64, 'lr': 0.001, 'max_epochs': 16, 'module__n_features': 6, 'module__n_neurons': 64, 'module__nonlin': ReLU()}
2024-05-31 16:17:24,681 0.958335 (0.029085) with: {'batch_size': 64, 'lr': 0.001, 'max_epochs': 16, 'module__n_features': 6, 'module__n_neurons': 128, 'module__nonlin': Tanh()}
2024-05-31 16:17:24,681 0.929415 (0.046913) with: {'batch_size': 64, 'lr': 0.001, 'max_epochs': 16, 'module__n_features': 6, 'module__n_neurons': 128, 'module__nonlin': ReLU()}
2024-05-31 16:17:24,681 0.977677 (0.018062) with: {'batch_size': 64, 'lr': 0.001, 'max_epochs': 16, 'module__n_features': 6, 'module__n_neurons': 256, 'module__nonlin': Tanh()}
2024-05-31 16:17:24,681 0.968514 (0.027795) with: {'batch_size': 64, 'lr': 0.001, 'max_epochs': 16, 'module__n_features': 6, 'module__n_neurons': 256, 'module__nonlin': ReLU()}
2024-05-31 16:17:24,681 0.617495 (0.235569) with: {'batch_size': 64, 'lr': 0.001, 'max_epochs': 32, 'module__n_features': 6, 'module__n_neurons': 16, 'module__nonlin': Tanh()}
2024-05-31 16:17:24,681 0.503326 (0.255101) with: {'batch_size': 64, 'lr': 0.001, 'max_epochs': 32, 'module__n_features': 6, 'module__n_neurons': 16, 'module__nonlin': ReLU()}
2024-05-31 16:17:24,681 0.914930 (0.056686) with: {'batch_size': 64, 'lr': 0.001, 'max_epochs': 32, 'module__n_features': 6, 'module__n_neurons': 32, 'module__nonlin': Tanh()}
2024-05-31 16:17:24,681 0.849111 (0.049749) with: {'batch_size': 64, 'lr': 0.001, 'max_epochs': 32, 'module__n_features': 6, 'module__n_neurons': 32, 'module__nonlin': ReLU()}
2024-05-31 16:17:24,681 0.960533 (0.038101) with: {'batch_size': 64, 'lr': 0.001, 'max_epochs': 32, 'module__n_features': 6, 'module__n_neurons': 64, 'module__nonlin': Tanh()}
2024-05-31 16:17:24,681 0.932206 (0.033234) with: {'batch_size': 64, 'lr': 0.001, 'max_epochs': 32, 'module__n_features': 6, 'module__n_neurons': 64, 'module__nonlin': ReLU()}
2024-05-31 16:17:24,681 0.985367 (0.011884) with: {'batch_size': 64, 'lr': 0.001, 'max_epochs': 32, 'module__n_features': 6, 'module__n_neurons': 128, 'module__nonlin': Tanh()}
2024-05-31 16:17:24,681 0.965589 (0.029856) with: {'batch_size': 64, 'lr': 0.001, 'max_epochs': 32, 'module__n_features': 6, 'module__n_neurons': 128, 'module__nonlin': ReLU()}
2024-05-31 16:17:24,681 0.996127 (0.002739) with: {'batch_size': 64, 'lr': 0.001, 'max_epochs': 32, 'module__n_features': 6, 'module__n_neurons': 256, 'module__nonlin': Tanh()}
2024-05-31 16:17:24,681 0.986908 (0.008461) with: {'batch_size': 64, 'lr': 0.001, 'max_epochs': 32, 'module__n_features': 6, 'module__n_neurons': 256, 'module__nonlin': ReLU()}
2024-05-31 16:17:24,681 0.867414 (0.095408) with: {'batch_size': 64, 'lr': 0.001, 'max_epochs': 64, 'module__n_features': 6, 'module__n_neurons': 16, 'module__nonlin': Tanh()}
2024-05-31 16:17:24,681 0.819410 (0.105887) with: {'batch_size': 64, 'lr': 0.001, 'max_epochs': 64, 'module__n_features': 6, 'module__n_neurons': 16, 'module__nonlin': ReLU()}
2024-05-31 16:17:24,681 0.940254 (0.029695) with: {'batch_size': 64, 'lr': 0.001, 'max_epochs': 64, 'module__n_features': 6, 'module__n_neurons': 32, 'module__nonlin': Tanh()}
2024-05-31 16:17:24,681 0.933657 (0.017250) with: {'batch_size': 64, 'lr': 0.001, 'max_epochs': 64, 'module__n_features': 6, 'module__n_neurons': 32, 'module__nonlin': ReLU()}
2024-05-31 16:17:24,681 0.985345 (0.004865) with: {'batch_size': 64, 'lr': 0.001, 'max_epochs': 64, 'module__n_features': 6, 'module__n_neurons': 64, 'module__nonlin': Tanh()}
2024-05-31 16:17:24,681 0.973849 (0.015192) with: {'batch_size': 64, 'lr': 0.001, 'max_epochs': 64, 'module__n_features': 6, 'module__n_neurons': 64, 'module__nonlin': ReLU()}
2024-05-31 16:17:24,681 0.995736 (0.001486) with: {'batch_size': 64, 'lr': 0.001, 'max_epochs': 64, 'module__n_features': 6, 'module__n_neurons': 128, 'module__nonlin': Tanh()}
2024-05-31 16:17:24,681 0.990781 (0.005099) with: {'batch_size': 64, 'lr': 0.001, 'max_epochs': 64, 'module__n_features': 6, 'module__n_neurons': 128, 'module__nonlin': ReLU()}
2024-05-31 16:17:24,681 0.995357 (0.003632) with: {'batch_size': 64, 'lr': 0.001, 'max_epochs': 64, 'module__n_features': 6, 'module__n_neurons': 256, 'module__nonlin': Tanh()}
2024-05-31 16:17:24,681 0.994207 (0.001238) with: {'batch_size': 64, 'lr': 0.001, 'max_epochs': 64, 'module__n_features': 6, 'module__n_neurons': 256, 'module__nonlin': ReLU()}
2024-05-31 16:17:24,681 0.955767 (0.023929) with: {'batch_size': 64, 'lr': 0.001, 'max_epochs': 128, 'module__n_features': 6, 'module__n_neurons': 16, 'module__nonlin': Tanh()}
2024-05-31 16:17:24,681 0.905633 (0.088594) with: {'batch_size': 64, 'lr': 0.001, 'max_epochs': 128, 'module__n_features': 6, 'module__n_neurons': 16, 'module__nonlin': ReLU()}
2024-05-31 16:17:24,681 0.984218 (0.015814) with: {'batch_size': 64, 'lr': 0.001, 'max_epochs': 128, 'module__n_features': 6, 'module__n_neurons': 32, 'module__nonlin': Tanh()}
2024-05-31 16:17:24,681 0.965311 (0.028396) with: {'batch_size': 64, 'lr': 0.001, 'max_epochs': 128, 'module__n_features': 6, 'module__n_neurons': 32, 'module__nonlin': ReLU()}
2024-05-31 16:17:24,681 0.996529 (0.001451) with: {'batch_size': 64, 'lr': 0.001, 'max_epochs': 128, 'module__n_features': 6, 'module__n_neurons': 64, 'module__nonlin': Tanh()}
2024-05-31 16:17:24,681 0.991540 (0.005548) with: {'batch_size': 64, 'lr': 0.001, 'max_epochs': 128, 'module__n_features': 6, 'module__n_neurons': 64, 'module__nonlin': ReLU()}
2024-05-31 16:17:24,681 0.995346 (0.004566) with: {'batch_size': 64, 'lr': 0.001, 'max_epochs': 128, 'module__n_features': 6, 'module__n_neurons': 128, 'module__nonlin': Tanh()}
2024-05-31 16:17:24,681 0.992265 (0.007212) with: {'batch_size': 64, 'lr': 0.001, 'max_epochs': 128, 'module__n_features': 6, 'module__n_neurons': 128, 'module__nonlin': ReLU()}
2024-05-31 16:17:24,681 0.994966 (0.005608) with: {'batch_size': 64, 'lr': 0.001, 'max_epochs': 128, 'module__n_features': 6, 'module__n_neurons': 256, 'module__nonlin': Tanh()}
2024-05-31 16:17:24,681 0.992265 (0.008295) with: {'batch_size': 64, 'lr': 0.001, 'max_epochs': 128, 'module__n_features': 6, 'module__n_neurons': 256, 'module__nonlin': ReLU()}
2024-05-31 16:17:24,681 0.974976 (0.008115) with: {'batch_size': 64, 'lr': 0.01, 'max_epochs': 16, 'module__n_features': 6, 'module__n_neurons': 16, 'module__nonlin': Tanh()}
2024-05-31 16:17:24,681 0.945645 (0.024904) with: {'batch_size': 64, 'lr': 0.01, 'max_epochs': 16, 'module__n_features': 6, 'module__n_neurons': 16, 'module__nonlin': ReLU()}
2024-05-31 16:17:24,681 0.986093 (0.009628) with: {'batch_size': 64, 'lr': 0.01, 'max_epochs': 16, 'module__n_features': 6, 'module__n_neurons': 32, 'module__nonlin': Tanh()}
2024-05-31 16:17:24,681 0.970635 (0.026904) with: {'batch_size': 64, 'lr': 0.01, 'max_epochs': 16, 'module__n_features': 6, 'module__n_neurons': 32, 'module__nonlin': ReLU()}
2024-05-31 16:17:24,681 0.995000 (0.002562) with: {'batch_size': 64, 'lr': 0.01, 'max_epochs': 16, 'module__n_features': 6, 'module__n_neurons': 64, 'module__nonlin': Tanh()}
2024-05-31 16:17:24,682 0.992299 (0.005216) with: {'batch_size': 64, 'lr': 0.01, 'max_epochs': 16, 'module__n_features': 6, 'module__n_neurons': 64, 'module__nonlin': ReLU()}
2024-05-31 16:17:24,682 0.995759 (0.001433) with: {'batch_size': 64, 'lr': 0.01, 'max_epochs': 16, 'module__n_features': 6, 'module__n_neurons': 128, 'module__nonlin': Tanh()}
2024-05-31 16:17:24,682 0.994977 (0.000959) with: {'batch_size': 64, 'lr': 0.01, 'max_epochs': 16, 'module__n_features': 6, 'module__n_neurons': 128, 'module__nonlin': ReLU()}
2024-05-31 16:17:24,682 0.996138 (0.001236) with: {'batch_size': 64, 'lr': 0.01, 'max_epochs': 16, 'module__n_features': 6, 'module__n_neurons': 256, 'module__nonlin': Tanh()}
2024-05-31 16:17:24,682 0.991105 (0.004570) with: {'batch_size': 64, 'lr': 0.01, 'max_epochs': 16, 'module__n_features': 6, 'module__n_neurons': 256, 'module__nonlin': ReLU()}
2024-05-31 16:17:24,682 0.994989 (0.003712) with: {'batch_size': 64, 'lr': 0.01, 'max_epochs': 32, 'module__n_features': 6, 'module__n_neurons': 16, 'module__nonlin': Tanh()}
2024-05-31 16:17:24,682 0.978771 (0.014893) with: {'batch_size': 64, 'lr': 0.01, 'max_epochs': 32, 'module__n_features': 6, 'module__n_neurons': 16, 'module__nonlin': ReLU()}
2024-05-31 16:17:24,682 0.995736 (0.003797) with: {'batch_size': 64, 'lr': 0.01, 'max_epochs': 32, 'module__n_features': 6, 'module__n_neurons': 32, 'module__nonlin': Tanh()}
2024-05-31 16:17:24,682 0.993850 (0.005916) with: {'batch_size': 64, 'lr': 0.01, 'max_epochs': 32, 'module__n_features': 6, 'module__n_neurons': 32, 'module__nonlin': ReLU()}
2024-05-31 16:17:24,682 0.995736 (0.004855) with: {'batch_size': 64, 'lr': 0.01, 'max_epochs': 32, 'module__n_features': 6, 'module__n_neurons': 64, 'module__nonlin': Tanh()}
2024-05-31 16:17:24,682 0.991484 (0.008802) with: {'batch_size': 64, 'lr': 0.01, 'max_epochs': 32, 'module__n_features': 6, 'module__n_neurons': 64, 'module__nonlin': ReLU()}
2024-05-31 16:17:24,682 0.995346 (0.005615) with: {'batch_size': 64, 'lr': 0.01, 'max_epochs': 32, 'module__n_features': 6, 'module__n_neurons': 128, 'module__nonlin': Tanh()}
2024-05-31 16:17:24,682 0.991864 (0.009925) with: {'batch_size': 64, 'lr': 0.01, 'max_epochs': 32, 'module__n_features': 6, 'module__n_neurons': 128, 'module__nonlin': ReLU()}
2024-05-31 16:17:24,682 0.995346 (0.005615) with: {'batch_size': 64, 'lr': 0.01, 'max_epochs': 32, 'module__n_features': 6, 'module__n_neurons': 256, 'module__nonlin': Tanh()}
2024-05-31 16:17:24,682 0.989196 (0.009361) with: {'batch_size': 64, 'lr': 0.01, 'max_epochs': 32, 'module__n_features': 6, 'module__n_neurons': 256, 'module__nonlin': ReLU()}
2024-05-31 16:17:24,682 0.994576 (0.005166) with: {'batch_size': 64, 'lr': 0.01, 'max_epochs': 64, 'module__n_features': 6, 'module__n_neurons': 16, 'module__nonlin': Tanh()}
2024-05-31 16:17:24,682 0.994966 (0.003421) with: {'batch_size': 64, 'lr': 0.01, 'max_epochs': 64, 'module__n_features': 6, 'module__n_neurons': 16, 'module__nonlin': ReLU()}
2024-05-31 16:17:24,682 0.994966 (0.005608) with: {'batch_size': 64, 'lr': 0.01, 'max_epochs': 64, 'module__n_features': 6, 'module__n_neurons': 32, 'module__nonlin': Tanh()}
2024-05-31 16:17:24,682 0.991864 (0.006002) with: {'batch_size': 64, 'lr': 0.01, 'max_epochs': 64, 'module__n_features': 6, 'module__n_neurons': 32, 'module__nonlin': ReLU()}
2024-05-31 16:17:24,682 0.995748 (0.005148) with: {'batch_size': 64, 'lr': 0.01, 'max_epochs': 64, 'module__n_features': 6, 'module__n_neurons': 64, 'module__nonlin': Tanh()}
2024-05-31 16:17:24,682 0.991082 (0.011380) with: {'batch_size': 64, 'lr': 0.01, 'max_epochs': 64, 'module__n_features': 6, 'module__n_neurons': 64, 'module__nonlin': ReLU()}
2024-05-31 16:17:24,682 0.995748 (0.005148) with: {'batch_size': 64, 'lr': 0.01, 'max_epochs': 64, 'module__n_features': 6, 'module__n_neurons': 128, 'module__nonlin': Tanh()}
2024-05-31 16:17:24,682 0.990334 (0.010418) with: {'batch_size': 64, 'lr': 0.01, 'max_epochs': 64, 'module__n_features': 6, 'module__n_neurons': 128, 'module__nonlin': ReLU()}
2024-05-31 16:17:24,682 0.995748 (0.005148) with: {'batch_size': 64, 'lr': 0.01, 'max_epochs': 64, 'module__n_features': 6, 'module__n_neurons': 256, 'module__nonlin': Tanh()}
2024-05-31 16:17:24,682 0.989955 (0.009441) with: {'batch_size': 64, 'lr': 0.01, 'max_epochs': 64, 'module__n_features': 6, 'module__n_neurons': 256, 'module__nonlin': ReLU()}
2024-05-31 16:17:24,682 0.995748 (0.005148) with: {'batch_size': 64, 'lr': 0.01, 'max_epochs': 128, 'module__n_features': 6, 'module__n_neurons': 16, 'module__nonlin': Tanh()}
2024-05-31 16:17:24,682 0.993459 (0.005964) with: {'batch_size': 64, 'lr': 0.01, 'max_epochs': 128, 'module__n_features': 6, 'module__n_neurons': 16, 'module__nonlin': ReLU()}
2024-05-31 16:17:24,682 0.995748 (0.005148) with: {'batch_size': 64, 'lr': 0.01, 'max_epochs': 128, 'module__n_features': 6, 'module__n_neurons': 32, 'module__nonlin': Tanh()}
2024-05-31 16:17:24,682 0.990736 (0.010058) with: {'batch_size': 64, 'lr': 0.01, 'max_epochs': 128, 'module__n_features': 6, 'module__n_neurons': 32, 'module__nonlin': ReLU()}
2024-05-31 16:17:24,682 0.994989 (0.005165) with: {'batch_size': 64, 'lr': 0.01, 'max_epochs': 128, 'module__n_features': 6, 'module__n_neurons': 64, 'module__nonlin': Tanh()}
2024-05-31 16:17:24,682 0.987611 (0.009943) with: {'batch_size': 64, 'lr': 0.01, 'max_epochs': 128, 'module__n_features': 6, 'module__n_neurons': 64, 'module__nonlin': ReLU()}
2024-05-31 16:17:24,682 0.995368 (0.005308) with: {'batch_size': 64, 'lr': 0.01, 'max_epochs': 128, 'module__n_features': 6, 'module__n_neurons': 128, 'module__nonlin': Tanh()}
2024-05-31 16:17:24,682 0.991149 (0.008876) with: {'batch_size': 64, 'lr': 0.01, 'max_epochs': 128, 'module__n_features': 6, 'module__n_neurons': 128, 'module__nonlin': ReLU()}
2024-05-31 16:17:24,682 0.995748 (0.005148) with: {'batch_size': 64, 'lr': 0.01, 'max_epochs': 128, 'module__n_features': 6, 'module__n_neurons': 256, 'module__nonlin': Tanh()}
2024-05-31 16:17:24,682 0.989218 (0.008544) with: {'batch_size': 64, 'lr': 0.01, 'max_epochs': 128, 'module__n_features': 6, 'module__n_neurons': 256, 'module__nonlin': ReLU()}
2024-05-31 16:17:24,682 0.967275 (0.031753) with: {'batch_size': 64, 'lr': 0.02, 'max_epochs': 16, 'module__n_features': 6, 'module__n_neurons': 16, 'module__nonlin': Tanh()}
2024-05-31 16:17:24,682 0.977622 (0.015721) with: {'batch_size': 64, 'lr': 0.02, 'max_epochs': 16, 'module__n_features': 6, 'module__n_neurons': 16, 'module__nonlin': ReLU()}
2024-05-31 16:17:24,682 0.996529 (0.001421) with: {'batch_size': 64, 'lr': 0.02, 'max_epochs': 16, 'module__n_features': 6, 'module__n_neurons': 32, 'module__nonlin': Tanh()}
2024-05-31 16:17:24,682 0.991138 (0.002849) with: {'batch_size': 64, 'lr': 0.02, 'max_epochs': 16, 'module__n_features': 6, 'module__n_neurons': 32, 'module__nonlin': ReLU()}
2024-05-31 16:17:24,682 0.996919 (0.001513) with: {'batch_size': 64, 'lr': 0.02, 'max_epochs': 16, 'module__n_features': 6, 'module__n_neurons': 64, 'module__nonlin': Tanh()}
2024-05-31 16:17:24,682 0.994230 (0.003163) with: {'batch_size': 64, 'lr': 0.02, 'max_epochs': 16, 'module__n_features': 6, 'module__n_neurons': 64, 'module__nonlin': ReLU()}
2024-05-31 16:17:24,682 0.994977 (0.003623) with: {'batch_size': 64, 'lr': 0.02, 'max_epochs': 16, 'module__n_features': 6, 'module__n_neurons': 128, 'module__nonlin': Tanh()}
2024-05-31 16:17:24,682 0.991484 (0.009787) with: {'batch_size': 64, 'lr': 0.02, 'max_epochs': 16, 'module__n_features': 6, 'module__n_neurons': 128, 'module__nonlin': ReLU()}
2024-05-31 16:17:24,682 0.995357 (0.003826) with: {'batch_size': 64, 'lr': 0.02, 'max_epochs': 16, 'module__n_features': 6, 'module__n_neurons': 256, 'module__nonlin': Tanh()}
2024-05-31 16:17:24,682 0.989151 (0.008370) with: {'batch_size': 64, 'lr': 0.02, 'max_epochs': 16, 'module__n_features': 6, 'module__n_neurons': 256, 'module__nonlin': ReLU()}
2024-05-31 16:17:24,682 0.994955 (0.005339) with: {'batch_size': 64, 'lr': 0.02, 'max_epochs': 32, 'module__n_features': 6, 'module__n_neurons': 16, 'module__nonlin': Tanh()}
2024-05-31 16:17:24,682 0.989631 (0.010969) with: {'batch_size': 64, 'lr': 0.02, 'max_epochs': 32, 'module__n_features': 6, 'module__n_neurons': 16, 'module__nonlin': ReLU()}
2024-05-31 16:17:24,682 0.995346 (0.005615) with: {'batch_size': 64, 'lr': 0.02, 'max_epochs': 32, 'module__n_features': 6, 'module__n_neurons': 32, 'module__nonlin': Tanh()}
2024-05-31 16:17:24,682 0.992634 (0.009209) with: {'batch_size': 64, 'lr': 0.02, 'max_epochs': 32, 'module__n_features': 6, 'module__n_neurons': 32, 'module__nonlin': ReLU()}
2024-05-31 16:17:24,683 0.995357 (0.004878) with: {'batch_size': 64, 'lr': 0.02, 'max_epochs': 32, 'module__n_features': 6, 'module__n_neurons': 64, 'module__nonlin': Tanh()}
2024-05-31 16:17:24,683 0.989520 (0.011716) with: {'batch_size': 64, 'lr': 0.02, 'max_epochs': 32, 'module__n_features': 6, 'module__n_neurons': 64, 'module__nonlin': ReLU()}
2024-05-31 16:17:24,683 0.994966 (0.005608) with: {'batch_size': 64, 'lr': 0.02, 'max_epochs': 32, 'module__n_features': 6, 'module__n_neurons': 128, 'module__nonlin': Tanh()}
2024-05-31 16:17:24,683 0.991127 (0.009362) with: {'batch_size': 64, 'lr': 0.02, 'max_epochs': 32, 'module__n_features': 6, 'module__n_neurons': 128, 'module__nonlin': ReLU()}
2024-05-31 16:17:24,683 0.995357 (0.005871) with: {'batch_size': 64, 'lr': 0.02, 'max_epochs': 32, 'module__n_features': 6, 'module__n_neurons': 256, 'module__nonlin': Tanh()}
2024-05-31 16:17:24,683 0.989564 (0.010713) with: {'batch_size': 64, 'lr': 0.02, 'max_epochs': 32, 'module__n_features': 6, 'module__n_neurons': 256, 'module__nonlin': ReLU()}
2024-05-31 16:17:24,683 0.995368 (0.005308) with: {'batch_size': 64, 'lr': 0.02, 'max_epochs': 64, 'module__n_features': 6, 'module__n_neurons': 16, 'module__nonlin': Tanh()}
2024-05-31 16:17:24,683 0.995748 (0.003988) with: {'batch_size': 64, 'lr': 0.02, 'max_epochs': 64, 'module__n_features': 6, 'module__n_neurons': 16, 'module__nonlin': ReLU()}
2024-05-31 16:17:24,683 0.995368 (0.005308) with: {'batch_size': 64, 'lr': 0.02, 'max_epochs': 64, 'module__n_features': 6, 'module__n_neurons': 32, 'module__nonlin': Tanh()}
2024-05-31 16:17:24,683 0.992254 (0.005401) with: {'batch_size': 64, 'lr': 0.02, 'max_epochs': 64, 'module__n_features': 6, 'module__n_neurons': 32, 'module__nonlin': ReLU()}
2024-05-31 16:17:24,683 0.995368 (0.005308) with: {'batch_size': 64, 'lr': 0.02, 'max_epochs': 64, 'module__n_features': 6, 'module__n_neurons': 64, 'module__nonlin': Tanh()}
2024-05-31 16:17:24,683 0.991864 (0.009925) with: {'batch_size': 64, 'lr': 0.02, 'max_epochs': 64, 'module__n_features': 6, 'module__n_neurons': 64, 'module__nonlin': ReLU()}
2024-05-31 16:17:24,683 0.995368 (0.005029) with: {'batch_size': 64, 'lr': 0.02, 'max_epochs': 64, 'module__n_features': 6, 'module__n_neurons': 128, 'module__nonlin': Tanh()}
2024-05-31 16:17:24,683 0.990323 (0.011202) with: {'batch_size': 64, 'lr': 0.02, 'max_epochs': 64, 'module__n_features': 6, 'module__n_neurons': 128, 'module__nonlin': ReLU()}
2024-05-31 16:17:24,683 0.995368 (0.005308) with: {'batch_size': 64, 'lr': 0.02, 'max_epochs': 64, 'module__n_features': 6, 'module__n_neurons': 256, 'module__nonlin': Tanh()}
2024-05-31 16:17:24,683 0.989966 (0.011115) with: {'batch_size': 64, 'lr': 0.02, 'max_epochs': 64, 'module__n_features': 6, 'module__n_neurons': 256, 'module__nonlin': ReLU()}
2024-05-31 16:17:24,683 0.995368 (0.005308) with: {'batch_size': 64, 'lr': 0.02, 'max_epochs': 128, 'module__n_features': 6, 'module__n_neurons': 16, 'module__nonlin': Tanh()}
2024-05-31 16:17:24,683 0.993471 (0.006043) with: {'batch_size': 64, 'lr': 0.02, 'max_epochs': 128, 'module__n_features': 6, 'module__n_neurons': 16, 'module__nonlin': ReLU()}
2024-05-31 16:17:24,683 0.994989 (0.005165) with: {'batch_size': 64, 'lr': 0.02, 'max_epochs': 128, 'module__n_features': 6, 'module__n_neurons': 32, 'module__nonlin': Tanh()}
2024-05-31 16:17:24,683 0.991082 (0.006864) with: {'batch_size': 64, 'lr': 0.02, 'max_epochs': 128, 'module__n_features': 6, 'module__n_neurons': 32, 'module__nonlin': ReLU()}
2024-05-31 16:17:24,683 0.995379 (0.004530) with: {'batch_size': 64, 'lr': 0.02, 'max_epochs': 128, 'module__n_features': 6, 'module__n_neurons': 64, 'module__nonlin': Tanh()}
2024-05-31 16:17:24,683 0.991127 (0.007642) with: {'batch_size': 64, 'lr': 0.02, 'max_epochs': 128, 'module__n_features': 6, 'module__n_neurons': 64, 'module__nonlin': ReLU()}
2024-05-31 16:17:24,683 0.995759 (0.004660) with: {'batch_size': 64, 'lr': 0.02, 'max_epochs': 128, 'module__n_features': 6, 'module__n_neurons': 128, 'module__nonlin': Tanh()}
2024-05-31 16:17:24,683 0.989988 (0.010354) with: {'batch_size': 64, 'lr': 0.02, 'max_epochs': 128, 'module__n_features': 6, 'module__n_neurons': 128, 'module__nonlin': ReLU()}
2024-05-31 16:17:24,683 0.995759 (0.004340) with: {'batch_size': 64, 'lr': 0.02, 'max_epochs': 128, 'module__n_features': 6, 'module__n_neurons': 256, 'module__nonlin': Tanh()}
2024-05-31 16:17:24,683 0.990725 (0.010731) with: {'batch_size': 64, 'lr': 0.02, 'max_epochs': 128, 'module__n_features': 6, 'module__n_neurons': 256, 'module__nonlin': ReLU()}
2024-05-31 16:17:24,683 0.456796 (0.171673) with: {'batch_size': 128, 'lr': 0.001, 'max_epochs': 16, 'module__n_features': 6, 'module__n_neurons': 16, 'module__nonlin': Tanh()}
2024-05-31 16:17:24,683 0.597999 (0.217545) with: {'batch_size': 128, 'lr': 0.001, 'max_epochs': 16, 'module__n_features': 6, 'module__n_neurons': 16, 'module__nonlin': ReLU()}
2024-05-31 16:17:24,683 0.695817 (0.251037) with: {'batch_size': 128, 'lr': 0.001, 'max_epochs': 16, 'module__n_features': 6, 'module__n_neurons': 32, 'module__nonlin': Tanh()}
2024-05-31 16:17:24,683 0.450574 (0.240623) with: {'batch_size': 128, 'lr': 0.001, 'max_epochs': 16, 'module__n_features': 6, 'module__n_neurons': 32, 'module__nonlin': ReLU()}
2024-05-31 16:17:24,683 0.912094 (0.079696) with: {'batch_size': 128, 'lr': 0.001, 'max_epochs': 16, 'module__n_features': 6, 'module__n_neurons': 64, 'module__nonlin': Tanh()}
2024-05-31 16:17:24,683 0.737131 (0.120620) with: {'batch_size': 128, 'lr': 0.001, 'max_epochs': 16, 'module__n_features': 6, 'module__n_neurons': 64, 'module__nonlin': ReLU()}
2024-05-31 16:17:24,683 0.943601 (0.037463) with: {'batch_size': 128, 'lr': 0.001, 'max_epochs': 16, 'module__n_features': 6, 'module__n_neurons': 128, 'module__nonlin': Tanh()}
2024-05-31 16:17:24,683 0.902293 (0.031168) with: {'batch_size': 128, 'lr': 0.001, 'max_epochs': 16, 'module__n_features': 6, 'module__n_neurons': 128, 'module__nonlin': ReLU()}
2024-05-31 16:17:24,683 0.968760 (0.017855) with: {'batch_size': 128, 'lr': 0.001, 'max_epochs': 16, 'module__n_features': 6, 'module__n_neurons': 256, 'module__nonlin': Tanh()}
2024-05-31 16:17:24,683 0.963726 (0.019023) with: {'batch_size': 128, 'lr': 0.001, 'max_epochs': 16, 'module__n_features': 6, 'module__n_neurons': 256, 'module__nonlin': ReLU()}
2024-05-31 16:17:24,683 0.564089 (0.265753) with: {'batch_size': 128, 'lr': 0.001, 'max_epochs': 32, 'module__n_features': 6, 'module__n_neurons': 16, 'module__nonlin': Tanh()}
2024-05-31 16:17:24,683 0.537681 (0.194296) with: {'batch_size': 128, 'lr': 0.001, 'max_epochs': 32, 'module__n_features': 6, 'module__n_neurons': 16, 'module__nonlin': ReLU()}
2024-05-31 16:17:24,683 0.893711 (0.054283) with: {'batch_size': 128, 'lr': 0.001, 'max_epochs': 32, 'module__n_features': 6, 'module__n_neurons': 32, 'module__nonlin': Tanh()}
2024-05-31 16:17:24,683 0.681502 (0.063560) with: {'batch_size': 128, 'lr': 0.001, 'max_epochs': 32, 'module__n_features': 6, 'module__n_neurons': 32, 'module__nonlin': ReLU()}
2024-05-31 16:17:24,683 0.913377 (0.053747) with: {'batch_size': 128, 'lr': 0.001, 'max_epochs': 32, 'module__n_features': 6, 'module__n_neurons': 64, 'module__nonlin': Tanh()}
2024-05-31 16:17:24,683 0.873039 (0.060495) with: {'batch_size': 128, 'lr': 0.001, 'max_epochs': 32, 'module__n_features': 6, 'module__n_neurons': 64, 'module__nonlin': ReLU()}
2024-05-31 16:17:24,683 0.965868 (0.028229) with: {'batch_size': 128, 'lr': 0.001, 'max_epochs': 32, 'module__n_features': 6, 'module__n_neurons': 128, 'module__nonlin': Tanh()}
2024-05-31 16:17:24,683 0.946224 (0.027424) with: {'batch_size': 128, 'lr': 0.001, 'max_epochs': 32, 'module__n_features': 6, 'module__n_neurons': 128, 'module__nonlin': ReLU()}
2024-05-31 16:17:24,683 0.986897 (0.004766) with: {'batch_size': 128, 'lr': 0.001, 'max_epochs': 32, 'module__n_features': 6, 'module__n_neurons': 256, 'module__nonlin': Tanh()}
2024-05-31 16:17:24,683 0.979240 (0.011400) with: {'batch_size': 128, 'lr': 0.001, 'max_epochs': 32, 'module__n_features': 6, 'module__n_neurons': 256, 'module__nonlin': ReLU()}
2024-05-31 16:17:24,683 0.900531 (0.056495) with: {'batch_size': 128, 'lr': 0.001, 'max_epochs': 64, 'module__n_features': 6, 'module__n_neurons': 16, 'module__nonlin': Tanh()}
2024-05-31 16:17:24,683 0.700661 (0.164394) with: {'batch_size': 128, 'lr': 0.001, 'max_epochs': 64, 'module__n_features': 6, 'module__n_neurons': 16, 'module__nonlin': ReLU()}
2024-05-31 16:17:24,683 0.952866 (0.019877) with: {'batch_size': 128, 'lr': 0.001, 'max_epochs': 64, 'module__n_features': 6, 'module__n_neurons': 32, 'module__nonlin': Tanh()}
2024-05-31 16:17:24,683 0.923111 (0.048109) with: {'batch_size': 128, 'lr': 0.001, 'max_epochs': 64, 'module__n_features': 6, 'module__n_neurons': 32, 'module__nonlin': ReLU()}
2024-05-31 16:17:24,684 0.974675 (0.017859) with: {'batch_size': 128, 'lr': 0.001, 'max_epochs': 64, 'module__n_features': 6, 'module__n_neurons': 64, 'module__nonlin': Tanh()}
2024-05-31 16:17:24,684 0.950632 (0.041562) with: {'batch_size': 128, 'lr': 0.001, 'max_epochs': 64, 'module__n_features': 6, 'module__n_neurons': 64, 'module__nonlin': ReLU()}
2024-05-31 16:17:24,684 0.989631 (0.008417) with: {'batch_size': 128, 'lr': 0.001, 'max_epochs': 64, 'module__n_features': 6, 'module__n_neurons': 128, 'module__nonlin': Tanh()}
2024-05-31 16:17:24,684 0.975422 (0.014581) with: {'batch_size': 128, 'lr': 0.001, 'max_epochs': 64, 'module__n_features': 6, 'module__n_neurons': 128, 'module__nonlin': ReLU()}
2024-05-31 16:17:24,684 0.994977 (0.000959) with: {'batch_size': 128, 'lr': 0.001, 'max_epochs': 64, 'module__n_features': 6, 'module__n_neurons': 256, 'module__nonlin': Tanh()}
2024-05-31 16:17:24,684 0.990401 (0.004269) with: {'batch_size': 128, 'lr': 0.001, 'max_epochs': 64, 'module__n_features': 6, 'module__n_neurons': 256, 'module__nonlin': ReLU()}
2024-05-31 16:17:24,684 0.939260 (0.052868) with: {'batch_size': 128, 'lr': 0.001, 'max_epochs': 128, 'module__n_features': 6, 'module__n_neurons': 16, 'module__nonlin': Tanh()}
2024-05-31 16:17:24,684 0.859469 (0.081103) with: {'batch_size': 128, 'lr': 0.001, 'max_epochs': 128, 'module__n_features': 6, 'module__n_neurons': 16, 'module__nonlin': ReLU()}
2024-05-31 16:17:24,684 0.968458 (0.022959) with: {'batch_size': 128, 'lr': 0.001, 'max_epochs': 128, 'module__n_features': 6, 'module__n_neurons': 32, 'module__nonlin': Tanh()}
2024-05-31 16:17:24,684 0.949427 (0.032037) with: {'batch_size': 128, 'lr': 0.001, 'max_epochs': 128, 'module__n_features': 6, 'module__n_neurons': 32, 'module__nonlin': ReLU()}
2024-05-31 16:17:24,684 0.994207 (0.000082) with: {'batch_size': 128, 'lr': 0.001, 'max_epochs': 128, 'module__n_features': 6, 'module__n_neurons': 64, 'module__nonlin': Tanh()}
2024-05-31 16:17:24,684 0.986974 (0.008531) with: {'batch_size': 128, 'lr': 0.001, 'max_epochs': 128, 'module__n_features': 6, 'module__n_neurons': 64, 'module__nonlin': ReLU()}
2024-05-31 16:17:24,684 0.994587 (0.003367) with: {'batch_size': 128, 'lr': 0.001, 'max_epochs': 128, 'module__n_features': 6, 'module__n_neurons': 128, 'module__nonlin': Tanh()}
2024-05-31 16:17:24,684 0.993850 (0.002162) with: {'batch_size': 128, 'lr': 0.001, 'max_epochs': 128, 'module__n_features': 6, 'module__n_neurons': 128, 'module__nonlin': ReLU()}
2024-05-31 16:17:24,684 0.994598 (0.004834) with: {'batch_size': 128, 'lr': 0.001, 'max_epochs': 128, 'module__n_features': 6, 'module__n_neurons': 256, 'module__nonlin': Tanh()}
2024-05-31 16:17:24,684 0.989163 (0.007501) with: {'batch_size': 128, 'lr': 0.001, 'max_epochs': 128, 'module__n_features': 6, 'module__n_neurons': 256, 'module__nonlin': ReLU()}
2024-05-31 16:17:24,684 0.959050 (0.015726) with: {'batch_size': 128, 'lr': 0.01, 'max_epochs': 16, 'module__n_features': 6, 'module__n_neurons': 16, 'module__nonlin': Tanh()}
2024-05-31 16:17:24,684 0.955658 (0.026827) with: {'batch_size': 128, 'lr': 0.01, 'max_epochs': 16, 'module__n_features': 6, 'module__n_neurons': 16, 'module__nonlin': ReLU()}
2024-05-31 16:17:24,684 0.959496 (0.038544) with: {'batch_size': 128, 'lr': 0.01, 'max_epochs': 16, 'module__n_features': 6, 'module__n_neurons': 32, 'module__nonlin': Tanh()}
2024-05-31 16:17:24,684 0.932975 (0.049330) with: {'batch_size': 128, 'lr': 0.01, 'max_epochs': 16, 'module__n_features': 6, 'module__n_neurons': 32, 'module__nonlin': ReLU()}
2024-05-31 16:17:24,684 0.980724 (0.016137) with: {'batch_size': 128, 'lr': 0.01, 'max_epochs': 16, 'module__n_features': 6, 'module__n_neurons': 64, 'module__nonlin': Tanh()}
2024-05-31 16:17:24,684 0.965489 (0.026168) with: {'batch_size': 128, 'lr': 0.01, 'max_epochs': 16, 'module__n_features': 6, 'module__n_neurons': 64, 'module__nonlin': ReLU()}
2024-05-31 16:17:24,684 0.985791 (0.011641) with: {'batch_size': 128, 'lr': 0.01, 'max_epochs': 16, 'module__n_features': 6, 'module__n_neurons': 128, 'module__nonlin': Tanh()}
2024-05-31 16:17:24,684 0.987733 (0.006661) with: {'batch_size': 128, 'lr': 0.01, 'max_epochs': 16, 'module__n_features': 6, 'module__n_neurons': 128, 'module__nonlin': ReLU()}
2024-05-31 16:17:24,684 0.980858 (0.017094) with: {'batch_size': 128, 'lr': 0.01, 'max_epochs': 16, 'module__n_features': 6, 'module__n_neurons': 256, 'module__nonlin': Tanh()}
2024-05-31 16:17:24,684 0.984273 (0.010447) with: {'batch_size': 128, 'lr': 0.01, 'max_epochs': 16, 'module__n_features': 6, 'module__n_neurons': 256, 'module__nonlin': ReLU()}
2024-05-31 16:17:24,684 0.970500 (0.034214) with: {'batch_size': 128, 'lr': 0.01, 'max_epochs': 32, 'module__n_features': 6, 'module__n_neurons': 16, 'module__nonlin': Tanh()}
2024-05-31 16:17:24,684 0.962632 (0.014807) with: {'batch_size': 128, 'lr': 0.01, 'max_epochs': 32, 'module__n_features': 6, 'module__n_neurons': 16, 'module__nonlin': ReLU()}
2024-05-31 16:17:24,684 0.993080 (0.004227) with: {'batch_size': 128, 'lr': 0.01, 'max_epochs': 32, 'module__n_features': 6, 'module__n_neurons': 32, 'module__nonlin': Tanh()}
2024-05-31 16:17:24,684 0.986550 (0.005136) with: {'batch_size': 128, 'lr': 0.01, 'max_epochs': 32, 'module__n_features': 6, 'module__n_neurons': 32, 'module__nonlin': ReLU()}
2024-05-31 16:17:24,684 0.993806 (0.005166) with: {'batch_size': 128, 'lr': 0.01, 'max_epochs': 32, 'module__n_features': 6, 'module__n_neurons': 64, 'module__nonlin': Tanh()}
2024-05-31 16:17:24,684 0.992299 (0.004397) with: {'batch_size': 128, 'lr': 0.01, 'max_epochs': 32, 'module__n_features': 6, 'module__n_neurons': 64, 'module__nonlin': ReLU()}
2024-05-31 16:17:24,684 0.992634 (0.006247) with: {'batch_size': 128, 'lr': 0.01, 'max_epochs': 32, 'module__n_features': 6, 'module__n_neurons': 128, 'module__nonlin': Tanh()}
2024-05-31 16:17:24,684 0.991116 (0.006115) with: {'batch_size': 128, 'lr': 0.01, 'max_epochs': 32, 'module__n_features': 6, 'module__n_neurons': 128, 'module__nonlin': ReLU()}
2024-05-31 16:17:24,684 0.993024 (0.004410) with: {'batch_size': 128, 'lr': 0.01, 'max_epochs': 32, 'module__n_features': 6, 'module__n_neurons': 256, 'module__nonlin': Tanh()}
2024-05-31 16:17:24,684 0.990714 (0.008341) with: {'batch_size': 128, 'lr': 0.01, 'max_epochs': 32, 'module__n_features': 6, 'module__n_neurons': 256, 'module__nonlin': ReLU()}
2024-05-31 16:17:24,684 0.993806 (0.004861) with: {'batch_size': 128, 'lr': 0.01, 'max_epochs': 64, 'module__n_features': 6, 'module__n_neurons': 16, 'module__nonlin': Tanh()}
2024-05-31 16:17:24,684 0.995011 (0.002841) with: {'batch_size': 128, 'lr': 0.01, 'max_epochs': 64, 'module__n_features': 6, 'module__n_neurons': 16, 'module__nonlin': ReLU()}
2024-05-31 16:17:24,684 0.994966 (0.005608) with: {'batch_size': 128, 'lr': 0.01, 'max_epochs': 64, 'module__n_features': 6, 'module__n_neurons': 32, 'module__nonlin': Tanh()}
2024-05-31 16:17:24,684 0.991462 (0.006636) with: {'batch_size': 128, 'lr': 0.01, 'max_epochs': 64, 'module__n_features': 6, 'module__n_neurons': 32, 'module__nonlin': ReLU()}
2024-05-31 16:17:24,684 0.995357 (0.004878) with: {'batch_size': 128, 'lr': 0.01, 'max_epochs': 64, 'module__n_features': 6, 'module__n_neurons': 64, 'module__nonlin': Tanh()}
2024-05-31 16:17:24,684 0.990725 (0.007761) with: {'batch_size': 128, 'lr': 0.01, 'max_epochs': 64, 'module__n_features': 6, 'module__n_neurons': 64, 'module__nonlin': ReLU()}
2024-05-31 16:17:24,684 0.995748 (0.004165) with: {'batch_size': 128, 'lr': 0.01, 'max_epochs': 64, 'module__n_features': 6, 'module__n_neurons': 128, 'module__nonlin': Tanh()}
2024-05-31 16:17:24,684 0.991116 (0.007055) with: {'batch_size': 128, 'lr': 0.01, 'max_epochs': 64, 'module__n_features': 6, 'module__n_neurons': 128, 'module__nonlin': ReLU()}
2024-05-31 16:17:24,684 0.995357 (0.004878) with: {'batch_size': 128, 'lr': 0.01, 'max_epochs': 64, 'module__n_features': 6, 'module__n_neurons': 256, 'module__nonlin': Tanh()}
2024-05-31 16:17:24,684 0.988035 (0.012514) with: {'batch_size': 128, 'lr': 0.01, 'max_epochs': 64, 'module__n_features': 6, 'module__n_neurons': 256, 'module__nonlin': ReLU()}
2024-05-31 16:17:24,684 0.995748 (0.004165) with: {'batch_size': 128, 'lr': 0.01, 'max_epochs': 128, 'module__n_features': 6, 'module__n_neurons': 16, 'module__nonlin': Tanh()}
2024-05-31 16:17:24,684 0.993437 (0.006354) with: {'batch_size': 128, 'lr': 0.01, 'max_epochs': 128, 'module__n_features': 6, 'module__n_neurons': 16, 'module__nonlin': ReLU()}
2024-05-31 16:17:24,684 0.996529 (0.003772) with: {'batch_size': 128, 'lr': 0.01, 'max_epochs': 128, 'module__n_features': 6, 'module__n_neurons': 32, 'module__nonlin': Tanh()}
2024-05-31 16:17:24,685 0.991897 (0.006574) with: {'batch_size': 128, 'lr': 0.01, 'max_epochs': 128, 'module__n_features': 6, 'module__n_neurons': 32, 'module__nonlin': ReLU()}
2024-05-31 16:17:24,685 0.996138 (0.004445) with: {'batch_size': 128, 'lr': 0.01, 'max_epochs': 128, 'module__n_features': 6, 'module__n_neurons': 64, 'module__nonlin': Tanh()}
2024-05-31 16:17:24,685 0.990346 (0.007286) with: {'batch_size': 128, 'lr': 0.01, 'max_epochs': 128, 'module__n_features': 6, 'module__n_neurons': 64, 'module__nonlin': ReLU()}
2024-05-31 16:17:24,685 0.996149 (0.004061) with: {'batch_size': 128, 'lr': 0.01, 'max_epochs': 128, 'module__n_features': 6, 'module__n_neurons': 128, 'module__nonlin': Tanh()}
2024-05-31 16:17:24,685 0.990736 (0.009255) with: {'batch_size': 128, 'lr': 0.01, 'max_epochs': 128, 'module__n_features': 6, 'module__n_neurons': 128, 'module__nonlin': ReLU()}
2024-05-31 16:17:24,685 0.996149 (0.004061) with: {'batch_size': 128, 'lr': 0.01, 'max_epochs': 128, 'module__n_features': 6, 'module__n_neurons': 256, 'module__nonlin': Tanh()}
2024-05-31 16:17:24,685 0.989174 (0.010824) with: {'batch_size': 128, 'lr': 0.01, 'max_epochs': 128, 'module__n_features': 6, 'module__n_neurons': 256, 'module__nonlin': ReLU()}
2024-05-31 16:17:24,685 0.954338 (0.024527) with: {'batch_size': 128, 'lr': 0.02, 'max_epochs': 16, 'module__n_features': 6, 'module__n_neurons': 16, 'module__nonlin': Tanh()}
2024-05-31 16:17:24,685 0.954762 (0.036121) with: {'batch_size': 128, 'lr': 0.02, 'max_epochs': 16, 'module__n_features': 6, 'module__n_neurons': 16, 'module__nonlin': ReLU()}
2024-05-31 16:17:24,685 0.986941 (0.006246) with: {'batch_size': 128, 'lr': 0.02, 'max_epochs': 16, 'module__n_features': 6, 'module__n_neurons': 32, 'module__nonlin': Tanh()}
2024-05-31 16:17:24,685 0.978738 (0.018734) with: {'batch_size': 128, 'lr': 0.02, 'max_epochs': 16, 'module__n_features': 6, 'module__n_neurons': 32, 'module__nonlin': ReLU()}
2024-05-31 16:17:24,685 0.984697 (0.012800) with: {'batch_size': 128, 'lr': 0.02, 'max_epochs': 16, 'module__n_features': 6, 'module__n_neurons': 64, 'module__nonlin': Tanh()}
2024-05-31 16:17:24,685 0.989642 (0.005896) with: {'batch_size': 128, 'lr': 0.02, 'max_epochs': 16, 'module__n_features': 6, 'module__n_neurons': 64, 'module__nonlin': ReLU()}
2024-05-31 16:17:24,685 0.975411 (0.016224) with: {'batch_size': 128, 'lr': 0.02, 'max_epochs': 16, 'module__n_features': 6, 'module__n_neurons': 128, 'module__nonlin': Tanh()}
2024-05-31 16:17:24,685 0.987343 (0.006336) with: {'batch_size': 128, 'lr': 0.02, 'max_epochs': 16, 'module__n_features': 6, 'module__n_neurons': 128, 'module__nonlin': ReLU()}
2024-05-31 16:17:24,685 0.990011 (0.004638) with: {'batch_size': 128, 'lr': 0.02, 'max_epochs': 16, 'module__n_features': 6, 'module__n_neurons': 256, 'module__nonlin': Tanh()}
2024-05-31 16:17:24,685 0.985032 (0.008567) with: {'batch_size': 128, 'lr': 0.02, 'max_epochs': 16, 'module__n_features': 6, 'module__n_neurons': 256, 'module__nonlin': ReLU()}
2024-05-31 16:17:24,685 0.994598 (0.001446) with: {'batch_size': 128, 'lr': 0.02, 'max_epochs': 32, 'module__n_features': 6, 'module__n_neurons': 16, 'module__nonlin': Tanh()}
2024-05-31 16:17:24,685 0.985490 (0.014227) with: {'batch_size': 128, 'lr': 0.02, 'max_epochs': 32, 'module__n_features': 6, 'module__n_neurons': 16, 'module__nonlin': ReLU()}
2024-05-31 16:17:24,685 0.994185 (0.006059) with: {'batch_size': 128, 'lr': 0.02, 'max_epochs': 32, 'module__n_features': 6, 'module__n_neurons': 32, 'module__nonlin': Tanh()}
2024-05-31 16:17:24,685 0.992700 (0.002726) with: {'batch_size': 128, 'lr': 0.02, 'max_epochs': 32, 'module__n_features': 6, 'module__n_neurons': 32, 'module__nonlin': ReLU()}
2024-05-31 16:17:24,685 0.993002 (0.010243) with: {'batch_size': 128, 'lr': 0.02, 'max_epochs': 32, 'module__n_features': 6, 'module__n_neurons': 64, 'module__nonlin': Tanh()}
2024-05-31 16:17:24,685 0.990703 (0.008527) with: {'batch_size': 128, 'lr': 0.02, 'max_epochs': 32, 'module__n_features': 6, 'module__n_neurons': 64, 'module__nonlin': ReLU()}
2024-05-31 16:17:24,685 0.993783 (0.006936) with: {'batch_size': 128, 'lr': 0.02, 'max_epochs': 32, 'module__n_features': 6, 'module__n_neurons': 128, 'module__nonlin': Tanh()}
2024-05-31 16:17:24,685 0.989163 (0.009559) with: {'batch_size': 128, 'lr': 0.02, 'max_epochs': 32, 'module__n_features': 6, 'module__n_neurons': 128, 'module__nonlin': ReLU()}
2024-05-31 16:17:24,685 0.994565 (0.007149) with: {'batch_size': 128, 'lr': 0.02, 'max_epochs': 32, 'module__n_features': 6, 'module__n_neurons': 256, 'module__nonlin': Tanh()}
2024-05-31 16:17:24,685 0.988794 (0.010273) with: {'batch_size': 128, 'lr': 0.02, 'max_epochs': 32, 'module__n_features': 6, 'module__n_neurons': 256, 'module__nonlin': ReLU()}
2024-05-31 16:17:24,685 0.996138 (0.003482) with: {'batch_size': 128, 'lr': 0.02, 'max_epochs': 64, 'module__n_features': 6, 'module__n_neurons': 16, 'module__nonlin': Tanh()}
2024-05-31 16:17:24,685 0.994587 (0.004355) with: {'batch_size': 128, 'lr': 0.02, 'max_epochs': 64, 'module__n_features': 6, 'module__n_neurons': 16, 'module__nonlin': ReLU()}
2024-05-31 16:17:24,685 0.996138 (0.003482) with: {'batch_size': 128, 'lr': 0.02, 'max_epochs': 64, 'module__n_features': 6, 'module__n_neurons': 32, 'module__nonlin': Tanh()}
2024-05-31 16:17:24,685 0.993828 (0.004138) with: {'batch_size': 128, 'lr': 0.02, 'max_epochs': 64, 'module__n_features': 6, 'module__n_neurons': 32, 'module__nonlin': ReLU()}
2024-05-31 16:17:24,685 0.995759 (0.003754) with: {'batch_size': 128, 'lr': 0.02, 'max_epochs': 64, 'module__n_features': 6, 'module__n_neurons': 64, 'module__nonlin': Tanh()}
2024-05-31 16:17:24,685 0.990323 (0.011202) with: {'batch_size': 128, 'lr': 0.02, 'max_epochs': 64, 'module__n_features': 6, 'module__n_neurons': 64, 'module__nonlin': ReLU()}
2024-05-31 16:17:24,685 0.996138 (0.003482) with: {'batch_size': 128, 'lr': 0.02, 'max_epochs': 64, 'module__n_features': 6, 'module__n_neurons': 128, 'module__nonlin': Tanh()}
2024-05-31 16:17:24,685 0.989922 (0.012933) with: {'batch_size': 128, 'lr': 0.02, 'max_epochs': 64, 'module__n_features': 6, 'module__n_neurons': 128, 'module__nonlin': ReLU()}
2024-05-31 16:17:24,685 0.996138 (0.004445) with: {'batch_size': 128, 'lr': 0.02, 'max_epochs': 64, 'module__n_features': 6, 'module__n_neurons': 256, 'module__nonlin': Tanh()}
2024-05-31 16:17:24,685 0.991495 (0.009047) with: {'batch_size': 128, 'lr': 0.02, 'max_epochs': 64, 'module__n_features': 6, 'module__n_neurons': 256, 'module__nonlin': ReLU()}
2024-05-31 16:17:24,685 0.996149 (0.004061) with: {'batch_size': 128, 'lr': 0.02, 'max_epochs': 128, 'module__n_features': 6, 'module__n_neurons': 16, 'module__nonlin': Tanh()}
2024-05-31 16:17:24,685 0.994609 (0.003327) with: {'batch_size': 128, 'lr': 0.02, 'max_epochs': 128, 'module__n_features': 6, 'module__n_neurons': 16, 'module__nonlin': ReLU()}
2024-05-31 16:17:24,685 0.995759 (0.004340) with: {'batch_size': 128, 'lr': 0.02, 'max_epochs': 128, 'module__n_features': 6, 'module__n_neurons': 32, 'module__nonlin': Tanh()}
2024-05-31 16:17:24,685 0.989207 (0.005562) with: {'batch_size': 128, 'lr': 0.02, 'max_epochs': 128, 'module__n_features': 6, 'module__n_neurons': 32, 'module__nonlin': ReLU()}
2024-05-31 16:17:24,685 0.995759 (0.004340) with: {'batch_size': 128, 'lr': 0.02, 'max_epochs': 128, 'module__n_features': 6, 'module__n_neurons': 64, 'module__nonlin': Tanh()}
2024-05-31 16:17:24,685 0.990390 (0.007531) with: {'batch_size': 128, 'lr': 0.02, 'max_epochs': 128, 'module__n_features': 6, 'module__n_neurons': 64, 'module__nonlin': ReLU()}
2024-05-31 16:17:24,685 0.996138 (0.004445) with: {'batch_size': 128, 'lr': 0.02, 'max_epochs': 128, 'module__n_features': 6, 'module__n_neurons': 128, 'module__nonlin': Tanh()}
2024-05-31 16:17:24,685 0.989151 (0.011767) with: {'batch_size': 128, 'lr': 0.02, 'max_epochs': 128, 'module__n_features': 6, 'module__n_neurons': 128, 'module__nonlin': ReLU()}
2024-05-31 16:17:24,685 0.996149 (0.003689) with: {'batch_size': 128, 'lr': 0.02, 'max_epochs': 128, 'module__n_features': 6, 'module__n_neurons': 256, 'module__nonlin': Tanh()}
2024-05-31 16:17:24,685 0.987645 (0.010659) with: {'batch_size': 128, 'lr': 0.02, 'max_epochs': 128, 'module__n_features': 6, 'module__n_neurons': 256, 'module__nonlin': ReLU()}
