2024-05-29 17:41:34,069 Best: 0.668612 using {'batch_size': 128, 'lr': 0.01, 'max_epochs': 128, 'module__n_features': 23, 'module__n_neurons': 16, 'module__nonlin': Tanh()}
2024-05-29 17:41:34,069 Best estimator configuration: 
 <class 'skorch.classifier.NeuralNetClassifier'>[initialized](
  module_=Module1Layer(
    (dense0): Linear(in_features=23, out_features=16, bias=True)
    (act): Tanh()
    (output): Linear(in_features=16, out_features=1, bias=True)
    (sigmoid): Sigmoid()
  ),
)
2024-05-29 17:41:34,069 0.619336 (0.061340) with: {'batch_size': 16, 'lr': 0.001, 'max_epochs': 16, 'module__n_features': 23, 'module__n_neurons': 16, 'module__nonlin': Tanh()}
2024-05-29 17:41:34,069 0.622082 (0.065349) with: {'batch_size': 16, 'lr': 0.001, 'max_epochs': 16, 'module__n_features': 23, 'module__n_neurons': 16, 'module__nonlin': ReLU()}
2024-05-29 17:41:34,069 0.637033 (0.056651) with: {'batch_size': 16, 'lr': 0.001, 'max_epochs': 16, 'module__n_features': 23, 'module__n_neurons': 32, 'module__nonlin': Tanh()}
2024-05-29 17:41:34,069 0.622464 (0.058324) with: {'batch_size': 16, 'lr': 0.001, 'max_epochs': 16, 'module__n_features': 23, 'module__n_neurons': 32, 'module__nonlin': ReLU()}
2024-05-29 17:41:34,069 0.641190 (0.062902) with: {'batch_size': 16, 'lr': 0.001, 'max_epochs': 16, 'module__n_features': 23, 'module__n_neurons': 64, 'module__nonlin': Tanh()}
2024-05-29 17:41:34,069 0.636499 (0.066816) with: {'batch_size': 16, 'lr': 0.001, 'max_epochs': 16, 'module__n_features': 23, 'module__n_neurons': 64, 'module__nonlin': ReLU()}
2024-05-29 17:41:34,069 0.651793 (0.058315) with: {'batch_size': 16, 'lr': 0.001, 'max_epochs': 16, 'module__n_features': 23, 'module__n_neurons': 128, 'module__nonlin': Tanh()}
2024-05-29 17:41:34,070 0.649161 (0.057371) with: {'batch_size': 16, 'lr': 0.001, 'max_epochs': 16, 'module__n_features': 23, 'module__n_neurons': 128, 'module__nonlin': ReLU()}
2024-05-29 17:41:34,070 0.653585 (0.055188) with: {'batch_size': 16, 'lr': 0.001, 'max_epochs': 16, 'module__n_features': 23, 'module__n_neurons': 256, 'module__nonlin': Tanh()}
2024-05-29 17:41:34,070 0.653471 (0.054294) with: {'batch_size': 16, 'lr': 0.001, 'max_epochs': 16, 'module__n_features': 23, 'module__n_neurons': 256, 'module__nonlin': ReLU()}
2024-05-29 17:41:34,070 0.657704 (0.066820) with: {'batch_size': 16, 'lr': 0.001, 'max_epochs': 32, 'module__n_features': 23, 'module__n_neurons': 16, 'module__nonlin': Tanh()}
2024-05-29 17:41:34,070 0.647101 (0.066668) with: {'batch_size': 16, 'lr': 0.001, 'max_epochs': 32, 'module__n_features': 23, 'module__n_neurons': 16, 'module__nonlin': ReLU()}
2024-05-29 17:41:34,070 0.647216 (0.057642) with: {'batch_size': 16, 'lr': 0.001, 'max_epochs': 32, 'module__n_features': 23, 'module__n_neurons': 32, 'module__nonlin': Tanh()}
2024-05-29 17:41:34,070 0.650534 (0.062915) with: {'batch_size': 16, 'lr': 0.001, 'max_epochs': 32, 'module__n_features': 23, 'module__n_neurons': 32, 'module__nonlin': ReLU()}
2024-05-29 17:41:34,070 0.653585 (0.056704) with: {'batch_size': 16, 'lr': 0.001, 'max_epochs': 32, 'module__n_features': 23, 'module__n_neurons': 64, 'module__nonlin': Tanh()}
2024-05-29 17:41:34,070 0.656369 (0.060580) with: {'batch_size': 16, 'lr': 0.001, 'max_epochs': 32, 'module__n_features': 23, 'module__n_neurons': 64, 'module__nonlin': ReLU()}
2024-05-29 17:41:34,070 0.657208 (0.056961) with: {'batch_size': 16, 'lr': 0.001, 'max_epochs': 32, 'module__n_features': 23, 'module__n_neurons': 128, 'module__nonlin': Tanh()}
2024-05-29 17:41:34,070 0.651297 (0.058319) with: {'batch_size': 16, 'lr': 0.001, 'max_epochs': 32, 'module__n_features': 23, 'module__n_neurons': 128, 'module__nonlin': ReLU()}
2024-05-29 17:41:34,070 0.656903 (0.061250) with: {'batch_size': 16, 'lr': 0.001, 'max_epochs': 32, 'module__n_features': 23, 'module__n_neurons': 256, 'module__nonlin': Tanh()}
2024-05-29 17:41:34,070 0.654844 (0.054268) with: {'batch_size': 16, 'lr': 0.001, 'max_epochs': 32, 'module__n_features': 23, 'module__n_neurons': 256, 'module__nonlin': ReLU()}
2024-05-29 17:41:34,073 0.657170 (0.060730) with: {'batch_size': 16, 'lr': 0.001, 'max_epochs': 64, 'module__n_features': 23, 'module__n_neurons': 16, 'module__nonlin': Tanh()}
2024-05-29 17:41:34,074 0.651449 (0.059496) with: {'batch_size': 16, 'lr': 0.001, 'max_epochs': 64, 'module__n_features': 23, 'module__n_neurons': 16, 'module__nonlin': ReLU()}
2024-05-29 17:41:34,074 0.656026 (0.060174) with: {'batch_size': 16, 'lr': 0.001, 'max_epochs': 64, 'module__n_features': 23, 'module__n_neurons': 32, 'module__nonlin': Tanh()}
2024-05-29 17:41:34,074 0.660336 (0.058593) with: {'batch_size': 16, 'lr': 0.001, 'max_epochs': 64, 'module__n_features': 23, 'module__n_neurons': 32, 'module__nonlin': ReLU()}
2024-05-29 17:41:34,074 0.657513 (0.061415) with: {'batch_size': 16, 'lr': 0.001, 'max_epochs': 64, 'module__n_features': 23, 'module__n_neurons': 64, 'module__nonlin': Tanh()}
2024-05-29 17:41:34,074 0.657399 (0.058776) with: {'batch_size': 16, 'lr': 0.001, 'max_epochs': 64, 'module__n_features': 23, 'module__n_neurons': 64, 'module__nonlin': ReLU()}
2024-05-29 17:41:34,074 0.659764 (0.062507) with: {'batch_size': 16, 'lr': 0.001, 'max_epochs': 64, 'module__n_features': 23, 'module__n_neurons': 128, 'module__nonlin': Tanh()}
2024-05-29 17:41:34,074 0.660755 (0.056190) with: {'batch_size': 16, 'lr': 0.001, 'max_epochs': 64, 'module__n_features': 23, 'module__n_neurons': 128, 'module__nonlin': ReLU()}
2024-05-29 17:41:34,074 0.660183 (0.063743) with: {'batch_size': 16, 'lr': 0.001, 'max_epochs': 64, 'module__n_features': 23, 'module__n_neurons': 256, 'module__nonlin': Tanh()}
2024-05-29 17:41:34,074 0.659954 (0.052633) with: {'batch_size': 16, 'lr': 0.001, 'max_epochs': 64, 'module__n_features': 23, 'module__n_neurons': 256, 'module__nonlin': ReLU()}
2024-05-29 17:41:34,074 0.656331 (0.061348) with: {'batch_size': 16, 'lr': 0.001, 'max_epochs': 128, 'module__n_features': 23, 'module__n_neurons': 16, 'module__nonlin': Tanh()}
2024-05-29 17:41:34,074 0.652250 (0.055031) with: {'batch_size': 16, 'lr': 0.001, 'max_epochs': 128, 'module__n_features': 23, 'module__n_neurons': 16, 'module__nonlin': ReLU()}
2024-05-29 17:41:34,074 0.659001 (0.063938) with: {'batch_size': 16, 'lr': 0.001, 'max_epochs': 128, 'module__n_features': 23, 'module__n_neurons': 32, 'module__nonlin': Tanh()}
2024-05-29 17:41:34,074 0.654272 (0.054815) with: {'batch_size': 16, 'lr': 0.001, 'max_epochs': 128, 'module__n_features': 23, 'module__n_neurons': 32, 'module__nonlin': ReLU()}
2024-05-29 17:41:34,074 0.658924 (0.064244) with: {'batch_size': 16, 'lr': 0.001, 'max_epochs': 128, 'module__n_features': 23, 'module__n_neurons': 64, 'module__nonlin': Tanh()}
2024-05-29 17:41:34,074 0.666934 (0.053576) with: {'batch_size': 16, 'lr': 0.001, 'max_epochs': 128, 'module__n_features': 23, 'module__n_neurons': 64, 'module__nonlin': ReLU()}
2024-05-29 17:41:34,074 0.658658 (0.063986) with: {'batch_size': 16, 'lr': 0.001, 'max_epochs': 128, 'module__n_features': 23, 'module__n_neurons': 128, 'module__nonlin': Tanh()}
2024-05-29 17:41:34,074 0.659153 (0.055809) with: {'batch_size': 16, 'lr': 0.001, 'max_epochs': 128, 'module__n_features': 23, 'module__n_neurons': 128, 'module__nonlin': ReLU()}
2024-05-29 17:41:34,074 0.658238 (0.064016) with: {'batch_size': 16, 'lr': 0.001, 'max_epochs': 128, 'module__n_features': 23, 'module__n_neurons': 256, 'module__nonlin': Tanh()}
2024-05-29 17:41:34,074 0.650458 (0.038013) with: {'batch_size': 16, 'lr': 0.001, 'max_epochs': 128, 'module__n_features': 23, 'module__n_neurons': 256, 'module__nonlin': ReLU()}
2024-05-29 17:41:34,074 0.657818 (0.060957) with: {'batch_size': 16, 'lr': 0.01, 'max_epochs': 16, 'module__n_features': 23, 'module__n_neurons': 16, 'module__nonlin': Tanh()}
2024-05-29 17:41:34,074 0.656789 (0.060743) with: {'batch_size': 16, 'lr': 0.01, 'max_epochs': 16, 'module__n_features': 23, 'module__n_neurons': 16, 'module__nonlin': ReLU()}
2024-05-29 17:41:34,074 0.656979 (0.060481) with: {'batch_size': 16, 'lr': 0.01, 'max_epochs': 16, 'module__n_features': 23, 'module__n_neurons': 32, 'module__nonlin': Tanh()}
2024-05-29 17:41:34,074 0.650381 (0.054003) with: {'batch_size': 16, 'lr': 0.01, 'max_epochs': 16, 'module__n_features': 23, 'module__n_neurons': 32, 'module__nonlin': ReLU()}
2024-05-29 17:41:34,074 0.657857 (0.062160) with: {'batch_size': 16, 'lr': 0.01, 'max_epochs': 16, 'module__n_features': 23, 'module__n_neurons': 64, 'module__nonlin': Tanh()}
2024-05-29 17:41:34,074 0.651526 (0.054810) with: {'batch_size': 16, 'lr': 0.01, 'max_epochs': 16, 'module__n_features': 23, 'module__n_neurons': 64, 'module__nonlin': ReLU()}
2024-05-29 17:41:34,074 0.658276 (0.061521) with: {'batch_size': 16, 'lr': 0.01, 'max_epochs': 16, 'module__n_features': 23, 'module__n_neurons': 128, 'module__nonlin': Tanh()}
2024-05-29 17:41:34,074 0.651831 (0.042191) with: {'batch_size': 16, 'lr': 0.01, 'max_epochs': 16, 'module__n_features': 23, 'module__n_neurons': 128, 'module__nonlin': ReLU()}
2024-05-29 17:41:34,074 0.658162 (0.061910) with: {'batch_size': 16, 'lr': 0.01, 'max_epochs': 16, 'module__n_features': 23, 'module__n_neurons': 256, 'module__nonlin': Tanh()}
2024-05-29 17:41:34,074 0.642754 (0.033148) with: {'batch_size': 16, 'lr': 0.01, 'max_epochs': 16, 'module__n_features': 23, 'module__n_neurons': 256, 'module__nonlin': ReLU()}
2024-05-29 17:41:34,074 0.659687 (0.061221) with: {'batch_size': 16, 'lr': 0.01, 'max_epochs': 32, 'module__n_features': 23, 'module__n_neurons': 16, 'module__nonlin': Tanh()}
2024-05-29 17:41:34,074 0.660984 (0.062548) with: {'batch_size': 16, 'lr': 0.01, 'max_epochs': 32, 'module__n_features': 23, 'module__n_neurons': 16, 'module__nonlin': ReLU()}
2024-05-29 17:41:34,074 0.659344 (0.061671) with: {'batch_size': 16, 'lr': 0.01, 'max_epochs': 32, 'module__n_features': 23, 'module__n_neurons': 32, 'module__nonlin': Tanh()}
2024-05-29 17:41:34,074 0.653013 (0.044918) with: {'batch_size': 16, 'lr': 0.01, 'max_epochs': 32, 'module__n_features': 23, 'module__n_neurons': 32, 'module__nonlin': ReLU()}
2024-05-29 17:41:34,074 0.658429 (0.061151) with: {'batch_size': 16, 'lr': 0.01, 'max_epochs': 32, 'module__n_features': 23, 'module__n_neurons': 64, 'module__nonlin': Tanh()}
2024-05-29 17:41:34,074 0.643173 (0.033750) with: {'batch_size': 16, 'lr': 0.01, 'max_epochs': 32, 'module__n_features': 23, 'module__n_neurons': 64, 'module__nonlin': ReLU()}
2024-05-29 17:41:34,074 0.659077 (0.062538) with: {'batch_size': 16, 'lr': 0.01, 'max_epochs': 32, 'module__n_features': 23, 'module__n_neurons': 128, 'module__nonlin': Tanh()}
2024-05-29 17:41:34,074 0.636156 (0.034764) with: {'batch_size': 16, 'lr': 0.01, 'max_epochs': 32, 'module__n_features': 23, 'module__n_neurons': 128, 'module__nonlin': ReLU()}
2024-05-29 17:41:34,074 0.660755 (0.062024) with: {'batch_size': 16, 'lr': 0.01, 'max_epochs': 32, 'module__n_features': 23, 'module__n_neurons': 256, 'module__nonlin': Tanh()}
2024-05-29 17:41:34,074 0.621434 (0.035756) with: {'batch_size': 16, 'lr': 0.01, 'max_epochs': 32, 'module__n_features': 23, 'module__n_neurons': 256, 'module__nonlin': ReLU()}
2024-05-29 17:41:34,074 0.661594 (0.062277) with: {'batch_size': 16, 'lr': 0.01, 'max_epochs': 64, 'module__n_features': 23, 'module__n_neurons': 16, 'module__nonlin': Tanh()}
2024-05-29 17:41:34,074 0.663272 (0.037495) with: {'batch_size': 16, 'lr': 0.01, 'max_epochs': 64, 'module__n_features': 23, 'module__n_neurons': 16, 'module__nonlin': ReLU()}
2024-05-29 17:41:34,075 0.660984 (0.062345) with: {'batch_size': 16, 'lr': 0.01, 'max_epochs': 64, 'module__n_features': 23, 'module__n_neurons': 32, 'module__nonlin': Tanh()}
2024-05-29 17:41:34,075 0.640313 (0.044566) with: {'batch_size': 16, 'lr': 0.01, 'max_epochs': 64, 'module__n_features': 23, 'module__n_neurons': 32, 'module__nonlin': ReLU()}
2024-05-29 17:41:34,075 0.659382 (0.059735) with: {'batch_size': 16, 'lr': 0.01, 'max_epochs': 64, 'module__n_features': 23, 'module__n_neurons': 64, 'module__nonlin': Tanh()}
2024-05-29 17:41:34,075 0.614188 (0.050770) with: {'batch_size': 16, 'lr': 0.01, 'max_epochs': 64, 'module__n_features': 23, 'module__n_neurons': 64, 'module__nonlin': ReLU()}
2024-05-29 17:41:34,075 0.657780 (0.059486) with: {'batch_size': 16, 'lr': 0.01, 'max_epochs': 64, 'module__n_features': 23, 'module__n_neurons': 128, 'module__nonlin': Tanh()}
2024-05-29 17:41:34,075 0.603680 (0.045913) with: {'batch_size': 16, 'lr': 0.01, 'max_epochs': 64, 'module__n_features': 23, 'module__n_neurons': 128, 'module__nonlin': ReLU()}
2024-05-29 17:41:34,075 0.658238 (0.062181) with: {'batch_size': 16, 'lr': 0.01, 'max_epochs': 64, 'module__n_features': 23, 'module__n_neurons': 256, 'module__nonlin': Tanh()}
2024-05-29 17:41:34,075 0.601983 (0.057915) with: {'batch_size': 16, 'lr': 0.01, 'max_epochs': 64, 'module__n_features': 23, 'module__n_neurons': 256, 'module__nonlin': ReLU()}
2024-05-29 17:41:34,075 0.639741 (0.057245) with: {'batch_size': 16, 'lr': 0.01, 'max_epochs': 128, 'module__n_features': 23, 'module__n_neurons': 16, 'module__nonlin': Tanh()}
2024-05-29 17:41:34,075 0.617353 (0.050399) with: {'batch_size': 16, 'lr': 0.01, 'max_epochs': 128, 'module__n_features': 23, 'module__n_neurons': 16, 'module__nonlin': ReLU()}
2024-05-29 17:41:34,075 0.643021 (0.041657) with: {'batch_size': 16, 'lr': 0.01, 'max_epochs': 128, 'module__n_features': 23, 'module__n_neurons': 32, 'module__nonlin': Tanh()}
2024-05-29 17:41:34,075 0.632342 (0.057662) with: {'batch_size': 16, 'lr': 0.01, 'max_epochs': 128, 'module__n_features': 23, 'module__n_neurons': 32, 'module__nonlin': ReLU()}
2024-05-29 17:41:34,075 0.632799 (0.042563) with: {'batch_size': 16, 'lr': 0.01, 'max_epochs': 128, 'module__n_features': 23, 'module__n_neurons': 64, 'module__nonlin': Tanh()}
2024-05-29 17:41:34,075 0.605835 (0.051964) with: {'batch_size': 16, 'lr': 0.01, 'max_epochs': 128, 'module__n_features': 23, 'module__n_neurons': 64, 'module__nonlin': ReLU()}
2024-05-29 17:41:34,075 0.641114 (0.043237) with: {'batch_size': 16, 'lr': 0.01, 'max_epochs': 128, 'module__n_features': 23, 'module__n_neurons': 128, 'module__nonlin': Tanh()}
2024-05-29 17:41:34,075 0.595137 (0.054704) with: {'batch_size': 16, 'lr': 0.01, 'max_epochs': 128, 'module__n_features': 23, 'module__n_neurons': 128, 'module__nonlin': ReLU()}
2024-05-29 17:41:34,075 0.639664 (0.052810) with: {'batch_size': 16, 'lr': 0.01, 'max_epochs': 128, 'module__n_features': 23, 'module__n_neurons': 256, 'module__nonlin': Tanh()}
2024-05-29 17:41:34,075 0.609191 (0.050230) with: {'batch_size': 16, 'lr': 0.01, 'max_epochs': 128, 'module__n_features': 23, 'module__n_neurons': 256, 'module__nonlin': ReLU()}
2024-05-29 17:41:34,075 0.658314 (0.061602) with: {'batch_size': 16, 'lr': 0.02, 'max_epochs': 16, 'module__n_features': 23, 'module__n_neurons': 16, 'module__nonlin': Tanh()}
2024-05-29 17:41:34,075 0.656484 (0.053574) with: {'batch_size': 16, 'lr': 0.02, 'max_epochs': 16, 'module__n_features': 23, 'module__n_neurons': 16, 'module__nonlin': ReLU()}
2024-05-29 17:41:34,075 0.657056 (0.061061) with: {'batch_size': 16, 'lr': 0.02, 'max_epochs': 16, 'module__n_features': 23, 'module__n_neurons': 32, 'module__nonlin': Tanh()}
2024-05-29 17:41:34,075 0.647559 (0.039747) with: {'batch_size': 16, 'lr': 0.02, 'max_epochs': 16, 'module__n_features': 23, 'module__n_neurons': 32, 'module__nonlin': ReLU()}
2024-05-29 17:41:34,075 0.657399 (0.061652) with: {'batch_size': 16, 'lr': 0.02, 'max_epochs': 16, 'module__n_features': 23, 'module__n_neurons': 64, 'module__nonlin': Tanh()}
2024-05-29 17:41:34,075 0.648131 (0.042985) with: {'batch_size': 16, 'lr': 0.02, 'max_epochs': 16, 'module__n_features': 23, 'module__n_neurons': 64, 'module__nonlin': ReLU()}
2024-05-29 17:41:34,075 0.657666 (0.061358) with: {'batch_size': 16, 'lr': 0.02, 'max_epochs': 16, 'module__n_features': 23, 'module__n_neurons': 128, 'module__nonlin': Tanh()}
2024-05-29 17:41:34,075 0.639550 (0.042157) with: {'batch_size': 16, 'lr': 0.02, 'max_epochs': 16, 'module__n_features': 23, 'module__n_neurons': 128, 'module__nonlin': ReLU()}
2024-05-29 17:41:34,075 0.657933 (0.060421) with: {'batch_size': 16, 'lr': 0.02, 'max_epochs': 16, 'module__n_features': 23, 'module__n_neurons': 256, 'module__nonlin': Tanh()}
2024-05-29 17:41:34,075 0.631655 (0.040753) with: {'batch_size': 16, 'lr': 0.02, 'max_epochs': 16, 'module__n_features': 23, 'module__n_neurons': 256, 'module__nonlin': ReLU()}
2024-05-29 17:41:34,075 0.656903 (0.058236) with: {'batch_size': 16, 'lr': 0.02, 'max_epochs': 32, 'module__n_features': 23, 'module__n_neurons': 16, 'module__nonlin': Tanh()}
2024-05-29 17:41:34,075 0.631388 (0.051794) with: {'batch_size': 16, 'lr': 0.02, 'max_epochs': 32, 'module__n_features': 23, 'module__n_neurons': 16, 'module__nonlin': ReLU()}
2024-05-29 17:41:34,075 0.659382 (0.058429) with: {'batch_size': 16, 'lr': 0.02, 'max_epochs': 32, 'module__n_features': 23, 'module__n_neurons': 32, 'module__nonlin': Tanh()}
2024-05-29 17:41:34,075 0.636194 (0.034314) with: {'batch_size': 16, 'lr': 0.02, 'max_epochs': 32, 'module__n_features': 23, 'module__n_neurons': 32, 'module__nonlin': ReLU()}
2024-05-29 17:41:34,075 0.656751 (0.055836) with: {'batch_size': 16, 'lr': 0.02, 'max_epochs': 32, 'module__n_features': 23, 'module__n_neurons': 64, 'module__nonlin': Tanh()}
2024-05-29 17:41:34,075 0.631846 (0.038562) with: {'batch_size': 16, 'lr': 0.02, 'max_epochs': 32, 'module__n_features': 23, 'module__n_neurons': 64, 'module__nonlin': ReLU()}
2024-05-29 17:41:34,075 0.660908 (0.062683) with: {'batch_size': 16, 'lr': 0.02, 'max_epochs': 32, 'module__n_features': 23, 'module__n_neurons': 128, 'module__nonlin': Tanh()}
2024-05-29 17:41:34,075 0.619336 (0.059999) with: {'batch_size': 16, 'lr': 0.02, 'max_epochs': 32, 'module__n_features': 23, 'module__n_neurons': 128, 'module__nonlin': ReLU()}
2024-05-29 17:41:34,075 0.661899 (0.064152) with: {'batch_size': 16, 'lr': 0.02, 'max_epochs': 32, 'module__n_features': 23, 'module__n_neurons': 256, 'module__nonlin': Tanh()}
2024-05-29 17:41:34,075 0.610641 (0.043456) with: {'batch_size': 16, 'lr': 0.02, 'max_epochs': 32, 'module__n_features': 23, 'module__n_neurons': 256, 'module__nonlin': ReLU()}
2024-05-29 17:41:34,075 0.644584 (0.047349) with: {'batch_size': 16, 'lr': 0.02, 'max_epochs': 64, 'module__n_features': 23, 'module__n_neurons': 16, 'module__nonlin': Tanh()}
2024-05-29 17:41:34,075 0.617487 (0.053855) with: {'batch_size': 16, 'lr': 0.02, 'max_epochs': 64, 'module__n_features': 23, 'module__n_neurons': 16, 'module__nonlin': ReLU()}
2024-05-29 17:41:34,075 0.646339 (0.046333) with: {'batch_size': 16, 'lr': 0.02, 'max_epochs': 64, 'module__n_features': 23, 'module__n_neurons': 32, 'module__nonlin': Tanh()}
2024-05-29 17:41:34,075 0.603966 (0.041780) with: {'batch_size': 16, 'lr': 0.02, 'max_epochs': 64, 'module__n_features': 23, 'module__n_neurons': 32, 'module__nonlin': ReLU()}
2024-05-29 17:41:34,075 0.652670 (0.047997) with: {'batch_size': 16, 'lr': 0.02, 'max_epochs': 64, 'module__n_features': 23, 'module__n_neurons': 64, 'module__nonlin': Tanh()}
2024-05-29 17:41:34,075 0.596968 (0.055555) with: {'batch_size': 16, 'lr': 0.02, 'max_epochs': 64, 'module__n_features': 23, 'module__n_neurons': 64, 'module__nonlin': ReLU()}
2024-05-29 17:41:34,075 0.652174 (0.052546) with: {'batch_size': 16, 'lr': 0.02, 'max_epochs': 64, 'module__n_features': 23, 'module__n_neurons': 128, 'module__nonlin': Tanh()}
2024-05-29 17:41:34,075 0.600572 (0.055054) with: {'batch_size': 16, 'lr': 0.02, 'max_epochs': 64, 'module__n_features': 23, 'module__n_neurons': 128, 'module__nonlin': ReLU()}
2024-05-29 17:41:34,075 0.639703 (0.051854) with: {'batch_size': 16, 'lr': 0.02, 'max_epochs': 64, 'module__n_features': 23, 'module__n_neurons': 256, 'module__nonlin': Tanh()}
2024-05-29 17:41:34,075 0.605359 (0.042923) with: {'batch_size': 16, 'lr': 0.02, 'max_epochs': 64, 'module__n_features': 23, 'module__n_neurons': 256, 'module__nonlin': ReLU()}
2024-05-29 17:41:34,076 0.615141 (0.050409) with: {'batch_size': 16, 'lr': 0.02, 'max_epochs': 128, 'module__n_features': 23, 'module__n_neurons': 16, 'module__nonlin': Tanh()}
2024-05-29 17:41:34,076 0.620099 (0.055032) with: {'batch_size': 16, 'lr': 0.02, 'max_epochs': 128, 'module__n_features': 23, 'module__n_neurons': 16, 'module__nonlin': ReLU()}
2024-05-29 17:41:34,076 0.619165 (0.026209) with: {'batch_size': 16, 'lr': 0.02, 'max_epochs': 128, 'module__n_features': 23, 'module__n_neurons': 32, 'module__nonlin': Tanh()}
2024-05-29 17:41:34,076 0.604024 (0.035511) with: {'batch_size': 16, 'lr': 0.02, 'max_epochs': 128, 'module__n_features': 23, 'module__n_neurons': 32, 'module__nonlin': ReLU()}
2024-05-29 17:41:34,076 0.621854 (0.035228) with: {'batch_size': 16, 'lr': 0.02, 'max_epochs': 128, 'module__n_features': 23, 'module__n_neurons': 64, 'module__nonlin': Tanh()}
2024-05-29 17:41:34,076 0.593307 (0.047297) with: {'batch_size': 16, 'lr': 0.02, 'max_epochs': 128, 'module__n_features': 23, 'module__n_neurons': 64, 'module__nonlin': ReLU()}
2024-05-29 17:41:34,076 0.619947 (0.050272) with: {'batch_size': 16, 'lr': 0.02, 'max_epochs': 128, 'module__n_features': 23, 'module__n_neurons': 128, 'module__nonlin': Tanh()}
2024-05-29 17:41:34,076 0.606198 (0.035140) with: {'batch_size': 16, 'lr': 0.02, 'max_epochs': 128, 'module__n_features': 23, 'module__n_neurons': 128, 'module__nonlin': ReLU()}
2024-05-29 17:41:34,076 0.616438 (0.038304) with: {'batch_size': 16, 'lr': 0.02, 'max_epochs': 128, 'module__n_features': 23, 'module__n_neurons': 256, 'module__nonlin': Tanh()}
2024-05-29 17:41:34,076 0.605645 (0.048873) with: {'batch_size': 16, 'lr': 0.02, 'max_epochs': 128, 'module__n_features': 23, 'module__n_neurons': 256, 'module__nonlin': ReLU()}
2024-05-29 17:41:34,076 0.609001 (0.045063) with: {'batch_size': 32, 'lr': 0.001, 'max_epochs': 16, 'module__n_features': 23, 'module__n_neurons': 16, 'module__nonlin': Tanh()}
2024-05-29 17:41:34,076 0.595271 (0.021442) with: {'batch_size': 32, 'lr': 0.001, 'max_epochs': 16, 'module__n_features': 23, 'module__n_neurons': 16, 'module__nonlin': ReLU()}
2024-05-29 17:41:34,076 0.650076 (0.056552) with: {'batch_size': 32, 'lr': 0.001, 'max_epochs': 16, 'module__n_features': 23, 'module__n_neurons': 32, 'module__nonlin': Tanh()}
2024-05-29 17:41:34,076 0.607780 (0.022988) with: {'batch_size': 32, 'lr': 0.001, 'max_epochs': 16, 'module__n_features': 23, 'module__n_neurons': 32, 'module__nonlin': ReLU()}
2024-05-29 17:41:34,076 0.648436 (0.062954) with: {'batch_size': 32, 'lr': 0.001, 'max_epochs': 16, 'module__n_features': 23, 'module__n_neurons': 64, 'module__nonlin': Tanh()}
2024-05-29 17:41:34,076 0.645728 (0.062947) with: {'batch_size': 32, 'lr': 0.001, 'max_epochs': 16, 'module__n_features': 23, 'module__n_neurons': 64, 'module__nonlin': ReLU()}
2024-05-29 17:41:34,076 0.648284 (0.054689) with: {'batch_size': 32, 'lr': 0.001, 'max_epochs': 16, 'module__n_features': 23, 'module__n_neurons': 128, 'module__nonlin': Tanh()}
2024-05-29 17:41:34,076 0.643326 (0.057127) with: {'batch_size': 32, 'lr': 0.001, 'max_epochs': 16, 'module__n_features': 23, 'module__n_neurons': 128, 'module__nonlin': ReLU()}
2024-05-29 17:41:34,076 0.652937 (0.058486) with: {'batch_size': 32, 'lr': 0.001, 'max_epochs': 16, 'module__n_features': 23, 'module__n_neurons': 256, 'module__nonlin': Tanh()}
2024-05-29 17:41:34,076 0.650992 (0.055494) with: {'batch_size': 32, 'lr': 0.001, 'max_epochs': 16, 'module__n_features': 23, 'module__n_neurons': 256, 'module__nonlin': ReLU()}
2024-05-29 17:41:34,076 0.644546 (0.064280) with: {'batch_size': 32, 'lr': 0.001, 'max_epochs': 32, 'module__n_features': 23, 'module__n_neurons': 16, 'module__nonlin': Tanh()}
2024-05-29 17:41:34,076 0.632838 (0.077420) with: {'batch_size': 32, 'lr': 0.001, 'max_epochs': 32, 'module__n_features': 23, 'module__n_neurons': 16, 'module__nonlin': ReLU()}
2024-05-29 17:41:34,076 0.650992 (0.059954) with: {'batch_size': 32, 'lr': 0.001, 'max_epochs': 32, 'module__n_features': 23, 'module__n_neurons': 32, 'module__nonlin': Tanh()}
2024-05-29 17:41:34,076 0.645690 (0.057964) with: {'batch_size': 32, 'lr': 0.001, 'max_epochs': 32, 'module__n_features': 23, 'module__n_neurons': 32, 'module__nonlin': ReLU()}
2024-05-29 17:41:34,076 0.655683 (0.058893) with: {'batch_size': 32, 'lr': 0.001, 'max_epochs': 32, 'module__n_features': 23, 'module__n_neurons': 64, 'module__nonlin': Tanh()}
2024-05-29 17:41:34,076 0.645728 (0.053052) with: {'batch_size': 32, 'lr': 0.001, 'max_epochs': 32, 'module__n_features': 23, 'module__n_neurons': 64, 'module__nonlin': ReLU()}
2024-05-29 17:41:34,076 0.654386 (0.056852) with: {'batch_size': 32, 'lr': 0.001, 'max_epochs': 32, 'module__n_features': 23, 'module__n_neurons': 128, 'module__nonlin': Tanh()}
2024-05-29 17:41:34,076 0.655111 (0.055670) with: {'batch_size': 32, 'lr': 0.001, 'max_epochs': 32, 'module__n_features': 23, 'module__n_neurons': 128, 'module__nonlin': ReLU()}
2024-05-29 17:41:34,076 0.656484 (0.060611) with: {'batch_size': 32, 'lr': 0.001, 'max_epochs': 32, 'module__n_features': 23, 'module__n_neurons': 256, 'module__nonlin': Tanh()}
2024-05-29 17:41:34,076 0.657285 (0.056336) with: {'batch_size': 32, 'lr': 0.001, 'max_epochs': 32, 'module__n_features': 23, 'module__n_neurons': 256, 'module__nonlin': ReLU()}
2024-05-29 17:41:34,076 0.654767 (0.057088) with: {'batch_size': 32, 'lr': 0.001, 'max_epochs': 64, 'module__n_features': 23, 'module__n_neurons': 16, 'module__nonlin': Tanh()}
2024-05-29 17:41:34,076 0.650953 (0.060469) with: {'batch_size': 32, 'lr': 0.001, 'max_epochs': 64, 'module__n_features': 23, 'module__n_neurons': 16, 'module__nonlin': ReLU()}
2024-05-29 17:41:34,076 0.653089 (0.059305) with: {'batch_size': 32, 'lr': 0.001, 'max_epochs': 64, 'module__n_features': 23, 'module__n_neurons': 32, 'module__nonlin': Tanh()}
2024-05-29 17:41:34,076 0.656560 (0.059583) with: {'batch_size': 32, 'lr': 0.001, 'max_epochs': 64, 'module__n_features': 23, 'module__n_neurons': 32, 'module__nonlin': ReLU()}
2024-05-29 17:41:34,076 0.656407 (0.060326) with: {'batch_size': 32, 'lr': 0.001, 'max_epochs': 64, 'module__n_features': 23, 'module__n_neurons': 64, 'module__nonlin': Tanh()}
2024-05-29 17:41:34,076 0.655835 (0.060344) with: {'batch_size': 32, 'lr': 0.001, 'max_epochs': 64, 'module__n_features': 23, 'module__n_neurons': 64, 'module__nonlin': ReLU()}
2024-05-29 17:41:34,076 0.658085 (0.063567) with: {'batch_size': 32, 'lr': 0.001, 'max_epochs': 64, 'module__n_features': 23, 'module__n_neurons': 128, 'module__nonlin': Tanh()}
2024-05-29 17:41:34,076 0.655378 (0.056176) with: {'batch_size': 32, 'lr': 0.001, 'max_epochs': 64, 'module__n_features': 23, 'module__n_neurons': 128, 'module__nonlin': ReLU()}
2024-05-29 17:41:34,076 0.660145 (0.063589) with: {'batch_size': 32, 'lr': 0.001, 'max_epochs': 64, 'module__n_features': 23, 'module__n_neurons': 256, 'module__nonlin': Tanh()}
2024-05-29 17:41:34,076 0.656789 (0.050575) with: {'batch_size': 32, 'lr': 0.001, 'max_epochs': 64, 'module__n_features': 23, 'module__n_neurons': 256, 'module__nonlin': ReLU()}
2024-05-29 17:41:34,076 0.659840 (0.061937) with: {'batch_size': 32, 'lr': 0.001, 'max_epochs': 128, 'module__n_features': 23, 'module__n_neurons': 16, 'module__nonlin': Tanh()}
2024-05-29 17:41:34,076 0.657513 (0.061456) with: {'batch_size': 32, 'lr': 0.001, 'max_epochs': 128, 'module__n_features': 23, 'module__n_neurons': 16, 'module__nonlin': ReLU()}
2024-05-29 17:41:34,076 0.658658 (0.062386) with: {'batch_size': 32, 'lr': 0.001, 'max_epochs': 128, 'module__n_features': 23, 'module__n_neurons': 32, 'module__nonlin': Tanh()}
2024-05-29 17:41:34,076 0.659497 (0.062092) with: {'batch_size': 32, 'lr': 0.001, 'max_epochs': 128, 'module__n_features': 23, 'module__n_neurons': 32, 'module__nonlin': ReLU()}
2024-05-29 17:41:34,076 0.659458 (0.065239) with: {'batch_size': 32, 'lr': 0.001, 'max_epochs': 128, 'module__n_features': 23, 'module__n_neurons': 64, 'module__nonlin': Tanh()}
2024-05-29 17:41:34,076 0.658543 (0.055478) with: {'batch_size': 32, 'lr': 0.001, 'max_epochs': 128, 'module__n_features': 23, 'module__n_neurons': 64, 'module__nonlin': ReLU()}
2024-05-29 17:41:34,076 0.659077 (0.065317) with: {'batch_size': 32, 'lr': 0.001, 'max_epochs': 128, 'module__n_features': 23, 'module__n_neurons': 128, 'module__nonlin': Tanh()}
2024-05-29 17:41:34,077 0.662204 (0.050975) with: {'batch_size': 32, 'lr': 0.001, 'max_epochs': 128, 'module__n_features': 23, 'module__n_neurons': 128, 'module__nonlin': ReLU()}
2024-05-29 17:41:34,077 0.659535 (0.064475) with: {'batch_size': 32, 'lr': 0.001, 'max_epochs': 128, 'module__n_features': 23, 'module__n_neurons': 256, 'module__nonlin': Tanh()}
2024-05-29 17:41:34,077 0.654005 (0.043897) with: {'batch_size': 32, 'lr': 0.001, 'max_epochs': 128, 'module__n_features': 23, 'module__n_neurons': 256, 'module__nonlin': ReLU()}
2024-05-29 17:41:34,077 0.657742 (0.061426) with: {'batch_size': 32, 'lr': 0.01, 'max_epochs': 16, 'module__n_features': 23, 'module__n_neurons': 16, 'module__nonlin': Tanh()}
2024-05-29 17:41:34,077 0.653738 (0.055880) with: {'batch_size': 32, 'lr': 0.01, 'max_epochs': 16, 'module__n_features': 23, 'module__n_neurons': 16, 'module__nonlin': ReLU()}
2024-05-29 17:41:34,077 0.658276 (0.062829) with: {'batch_size': 32, 'lr': 0.01, 'max_epochs': 16, 'module__n_features': 23, 'module__n_neurons': 32, 'module__nonlin': Tanh()}
2024-05-29 17:41:34,077 0.658886 (0.050003) with: {'batch_size': 32, 'lr': 0.01, 'max_epochs': 16, 'module__n_features': 23, 'module__n_neurons': 32, 'module__nonlin': ReLU()}
2024-05-29 17:41:34,077 0.659344 (0.062375) with: {'batch_size': 32, 'lr': 0.01, 'max_epochs': 16, 'module__n_features': 23, 'module__n_neurons': 64, 'module__nonlin': Tanh()}
2024-05-29 17:41:34,077 0.657399 (0.060095) with: {'batch_size': 32, 'lr': 0.01, 'max_epochs': 16, 'module__n_features': 23, 'module__n_neurons': 64, 'module__nonlin': ReLU()}
2024-05-29 17:41:34,077 0.659725 (0.064191) with: {'batch_size': 32, 'lr': 0.01, 'max_epochs': 16, 'module__n_features': 23, 'module__n_neurons': 128, 'module__nonlin': Tanh()}
2024-05-29 17:41:34,077 0.657551 (0.051509) with: {'batch_size': 32, 'lr': 0.01, 'max_epochs': 16, 'module__n_features': 23, 'module__n_neurons': 128, 'module__nonlin': ReLU()}
2024-05-29 17:41:34,077 0.659115 (0.062628) with: {'batch_size': 32, 'lr': 0.01, 'max_epochs': 16, 'module__n_features': 23, 'module__n_neurons': 256, 'module__nonlin': Tanh()}
2024-05-29 17:41:34,077 0.648703 (0.043303) with: {'batch_size': 32, 'lr': 0.01, 'max_epochs': 16, 'module__n_features': 23, 'module__n_neurons': 256, 'module__nonlin': ReLU()}
2024-05-29 17:41:34,077 0.659573 (0.064882) with: {'batch_size': 32, 'lr': 0.01, 'max_epochs': 32, 'module__n_features': 23, 'module__n_neurons': 16, 'module__nonlin': Tanh()}
2024-05-29 17:41:34,077 0.653204 (0.058191) with: {'batch_size': 32, 'lr': 0.01, 'max_epochs': 32, 'module__n_features': 23, 'module__n_neurons': 16, 'module__nonlin': ReLU()}
2024-05-29 17:41:34,077 0.661175 (0.063205) with: {'batch_size': 32, 'lr': 0.01, 'max_epochs': 32, 'module__n_features': 23, 'module__n_neurons': 32, 'module__nonlin': Tanh()}
2024-05-29 17:41:34,077 0.648894 (0.050349) with: {'batch_size': 32, 'lr': 0.01, 'max_epochs': 32, 'module__n_features': 23, 'module__n_neurons': 32, 'module__nonlin': ReLU()}
2024-05-29 17:41:34,077 0.660908 (0.064363) with: {'batch_size': 32, 'lr': 0.01, 'max_epochs': 32, 'module__n_features': 23, 'module__n_neurons': 64, 'module__nonlin': Tanh()}
2024-05-29 17:41:34,077 0.648017 (0.044417) with: {'batch_size': 32, 'lr': 0.01, 'max_epochs': 32, 'module__n_features': 23, 'module__n_neurons': 64, 'module__nonlin': ReLU()}
2024-05-29 17:41:34,077 0.659115 (0.064455) with: {'batch_size': 32, 'lr': 0.01, 'max_epochs': 32, 'module__n_features': 23, 'module__n_neurons': 128, 'module__nonlin': Tanh()}
2024-05-29 17:41:34,077 0.649390 (0.047010) with: {'batch_size': 32, 'lr': 0.01, 'max_epochs': 32, 'module__n_features': 23, 'module__n_neurons': 128, 'module__nonlin': ReLU()}
2024-05-29 17:41:34,077 0.660221 (0.063756) with: {'batch_size': 32, 'lr': 0.01, 'max_epochs': 32, 'module__n_features': 23, 'module__n_neurons': 256, 'module__nonlin': Tanh()}
2024-05-29 17:41:34,077 0.630320 (0.044365) with: {'batch_size': 32, 'lr': 0.01, 'max_epochs': 32, 'module__n_features': 23, 'module__n_neurons': 256, 'module__nonlin': ReLU()}
2024-05-29 17:41:34,077 0.662700 (0.064486) with: {'batch_size': 32, 'lr': 0.01, 'max_epochs': 64, 'module__n_features': 23, 'module__n_neurons': 16, 'module__nonlin': Tanh()}
2024-05-29 17:41:34,077 0.652250 (0.042106) with: {'batch_size': 32, 'lr': 0.01, 'max_epochs': 64, 'module__n_features': 23, 'module__n_neurons': 16, 'module__nonlin': ReLU()}
2024-05-29 17:41:34,077 0.661213 (0.063351) with: {'batch_size': 32, 'lr': 0.01, 'max_epochs': 64, 'module__n_features': 23, 'module__n_neurons': 32, 'module__nonlin': Tanh()}
2024-05-29 17:41:34,077 0.634477 (0.046365) with: {'batch_size': 32, 'lr': 0.01, 'max_epochs': 64, 'module__n_features': 23, 'module__n_neurons': 32, 'module__nonlin': ReLU()}
2024-05-29 17:41:34,077 0.662395 (0.062926) with: {'batch_size': 32, 'lr': 0.01, 'max_epochs': 64, 'module__n_features': 23, 'module__n_neurons': 64, 'module__nonlin': Tanh()}
2024-05-29 17:41:34,077 0.614722 (0.060261) with: {'batch_size': 32, 'lr': 0.01, 'max_epochs': 64, 'module__n_features': 23, 'module__n_neurons': 64, 'module__nonlin': ReLU()}
2024-05-29 17:41:34,077 0.662319 (0.059977) with: {'batch_size': 32, 'lr': 0.01, 'max_epochs': 64, 'module__n_features': 23, 'module__n_neurons': 128, 'module__nonlin': Tanh()}
2024-05-29 17:41:34,077 0.610603 (0.058586) with: {'batch_size': 32, 'lr': 0.01, 'max_epochs': 64, 'module__n_features': 23, 'module__n_neurons': 128, 'module__nonlin': ReLU()}
2024-05-29 17:41:34,077 0.661022 (0.062787) with: {'batch_size': 32, 'lr': 0.01, 'max_epochs': 64, 'module__n_features': 23, 'module__n_neurons': 256, 'module__nonlin': Tanh()}
2024-05-29 17:41:34,077 0.607208 (0.052625) with: {'batch_size': 32, 'lr': 0.01, 'max_epochs': 64, 'module__n_features': 23, 'module__n_neurons': 256, 'module__nonlin': ReLU()}
2024-05-29 17:41:34,077 0.664340 (0.054096) with: {'batch_size': 32, 'lr': 0.01, 'max_epochs': 128, 'module__n_features': 23, 'module__n_neurons': 16, 'module__nonlin': Tanh()}
2024-05-29 17:41:34,077 0.633181 (0.052197) with: {'batch_size': 32, 'lr': 0.01, 'max_epochs': 128, 'module__n_features': 23, 'module__n_neurons': 16, 'module__nonlin': ReLU()}
2024-05-29 17:41:34,077 0.654005 (0.048110) with: {'batch_size': 32, 'lr': 0.01, 'max_epochs': 128, 'module__n_features': 23, 'module__n_neurons': 32, 'module__nonlin': Tanh()}
2024-05-29 17:41:34,077 0.622998 (0.042608) with: {'batch_size': 32, 'lr': 0.01, 'max_epochs': 128, 'module__n_features': 23, 'module__n_neurons': 32, 'module__nonlin': ReLU()}
2024-05-29 17:41:34,077 0.649962 (0.047516) with: {'batch_size': 32, 'lr': 0.01, 'max_epochs': 128, 'module__n_features': 23, 'module__n_neurons': 64, 'module__nonlin': Tanh()}
2024-05-29 17:41:34,077 0.601220 (0.066767) with: {'batch_size': 32, 'lr': 0.01, 'max_epochs': 128, 'module__n_features': 23, 'module__n_neurons': 64, 'module__nonlin': ReLU()}
2024-05-29 17:41:34,077 0.642754 (0.043924) with: {'batch_size': 32, 'lr': 0.01, 'max_epochs': 128, 'module__n_features': 23, 'module__n_neurons': 128, 'module__nonlin': Tanh()}
2024-05-29 17:41:34,077 0.605759 (0.047399) with: {'batch_size': 32, 'lr': 0.01, 'max_epochs': 128, 'module__n_features': 23, 'module__n_neurons': 128, 'module__nonlin': ReLU()}
2024-05-29 17:41:34,077 0.644699 (0.046445) with: {'batch_size': 32, 'lr': 0.01, 'max_epochs': 128, 'module__n_features': 23, 'module__n_neurons': 256, 'module__nonlin': Tanh()}
2024-05-29 17:41:34,077 0.599047 (0.061026) with: {'batch_size': 32, 'lr': 0.01, 'max_epochs': 128, 'module__n_features': 23, 'module__n_neurons': 256, 'module__nonlin': ReLU()}
2024-05-29 17:41:34,077 0.658658 (0.063600) with: {'batch_size': 32, 'lr': 0.02, 'max_epochs': 16, 'module__n_features': 23, 'module__n_neurons': 16, 'module__nonlin': Tanh()}
2024-05-29 17:41:34,077 0.651983 (0.056991) with: {'batch_size': 32, 'lr': 0.02, 'max_epochs': 16, 'module__n_features': 23, 'module__n_neurons': 16, 'module__nonlin': ReLU()}
2024-05-29 17:41:34,077 0.658047 (0.063538) with: {'batch_size': 32, 'lr': 0.02, 'max_epochs': 16, 'module__n_features': 23, 'module__n_neurons': 32, 'module__nonlin': Tanh()}
2024-05-29 17:41:34,077 0.646415 (0.044150) with: {'batch_size': 32, 'lr': 0.02, 'max_epochs': 16, 'module__n_features': 23, 'module__n_neurons': 32, 'module__nonlin': ReLU()}
2024-05-29 17:41:34,078 0.657018 (0.063708) with: {'batch_size': 32, 'lr': 0.02, 'max_epochs': 16, 'module__n_features': 23, 'module__n_neurons': 64, 'module__nonlin': Tanh()}
2024-05-29 17:41:34,078 0.658581 (0.042506) with: {'batch_size': 32, 'lr': 0.02, 'max_epochs': 16, 'module__n_features': 23, 'module__n_neurons': 64, 'module__nonlin': ReLU()}
2024-05-29 17:41:34,078 0.658810 (0.062889) with: {'batch_size': 32, 'lr': 0.02, 'max_epochs': 16, 'module__n_features': 23, 'module__n_neurons': 128, 'module__nonlin': Tanh()}
2024-05-29 17:41:34,078 0.642601 (0.039174) with: {'batch_size': 32, 'lr': 0.02, 'max_epochs': 16, 'module__n_features': 23, 'module__n_neurons': 128, 'module__nonlin': ReLU()}
2024-05-29 17:41:34,078 0.658581 (0.063052) with: {'batch_size': 32, 'lr': 0.02, 'max_epochs': 16, 'module__n_features': 23, 'module__n_neurons': 256, 'module__nonlin': Tanh()}
2024-05-29 17:41:34,078 0.629329 (0.048415) with: {'batch_size': 32, 'lr': 0.02, 'max_epochs': 16, 'module__n_features': 23, 'module__n_neurons': 256, 'module__nonlin': ReLU()}
2024-05-29 17:41:34,078 0.661022 (0.065876) with: {'batch_size': 32, 'lr': 0.02, 'max_epochs': 32, 'module__n_features': 23, 'module__n_neurons': 16, 'module__nonlin': Tanh()}
2024-05-29 17:41:34,078 0.656102 (0.059021) with: {'batch_size': 32, 'lr': 0.02, 'max_epochs': 32, 'module__n_features': 23, 'module__n_neurons': 16, 'module__nonlin': ReLU()}
2024-05-29 17:41:34,078 0.659344 (0.061403) with: {'batch_size': 32, 'lr': 0.02, 'max_epochs': 32, 'module__n_features': 23, 'module__n_neurons': 32, 'module__nonlin': Tanh()}
2024-05-29 17:41:34,078 0.652899 (0.043676) with: {'batch_size': 32, 'lr': 0.02, 'max_epochs': 32, 'module__n_features': 23, 'module__n_neurons': 32, 'module__nonlin': ReLU()}
2024-05-29 17:41:34,078 0.660488 (0.064498) with: {'batch_size': 32, 'lr': 0.02, 'max_epochs': 32, 'module__n_features': 23, 'module__n_neurons': 64, 'module__nonlin': Tanh()}
2024-05-29 17:41:34,078 0.625858 (0.046376) with: {'batch_size': 32, 'lr': 0.02, 'max_epochs': 32, 'module__n_features': 23, 'module__n_neurons': 64, 'module__nonlin': ReLU()}
2024-05-29 17:41:34,078 0.659687 (0.064409) with: {'batch_size': 32, 'lr': 0.02, 'max_epochs': 32, 'module__n_features': 23, 'module__n_neurons': 128, 'module__nonlin': Tanh()}
2024-05-29 17:41:34,078 0.617048 (0.044310) with: {'batch_size': 32, 'lr': 0.02, 'max_epochs': 32, 'module__n_features': 23, 'module__n_neurons': 128, 'module__nonlin': ReLU()}
2024-05-29 17:41:34,078 0.660221 (0.062959) with: {'batch_size': 32, 'lr': 0.02, 'max_epochs': 32, 'module__n_features': 23, 'module__n_neurons': 256, 'module__nonlin': Tanh()}
2024-05-29 17:41:34,078 0.615980 (0.052118) with: {'batch_size': 32, 'lr': 0.02, 'max_epochs': 32, 'module__n_features': 23, 'module__n_neurons': 256, 'module__nonlin': ReLU()}
2024-05-29 17:41:34,078 0.655625 (0.069564) with: {'batch_size': 32, 'lr': 0.02, 'max_epochs': 64, 'module__n_features': 23, 'module__n_neurons': 16, 'module__nonlin': Tanh()}
2024-05-29 17:41:34,078 0.633638 (0.032855) with: {'batch_size': 32, 'lr': 0.02, 'max_epochs': 64, 'module__n_features': 23, 'module__n_neurons': 16, 'module__nonlin': ReLU()}
2024-05-29 17:41:34,078 0.653776 (0.058443) with: {'batch_size': 32, 'lr': 0.02, 'max_epochs': 64, 'module__n_features': 23, 'module__n_neurons': 32, 'module__nonlin': Tanh()}
2024-05-29 17:41:34,078 0.633944 (0.023231) with: {'batch_size': 32, 'lr': 0.02, 'max_epochs': 64, 'module__n_features': 23, 'module__n_neurons': 32, 'module__nonlin': ReLU()}
2024-05-29 17:41:34,078 0.644470 (0.050369) with: {'batch_size': 32, 'lr': 0.02, 'max_epochs': 64, 'module__n_features': 23, 'module__n_neurons': 64, 'module__nonlin': Tanh()}
2024-05-29 17:41:34,078 0.615408 (0.047008) with: {'batch_size': 32, 'lr': 0.02, 'max_epochs': 64, 'module__n_features': 23, 'module__n_neurons': 64, 'module__nonlin': ReLU()}
2024-05-29 17:41:34,078 0.648169 (0.057391) with: {'batch_size': 32, 'lr': 0.02, 'max_epochs': 64, 'module__n_features': 23, 'module__n_neurons': 128, 'module__nonlin': Tanh()}
2024-05-29 17:41:34,078 0.602822 (0.057501) with: {'batch_size': 32, 'lr': 0.02, 'max_epochs': 64, 'module__n_features': 23, 'module__n_neurons': 128, 'module__nonlin': ReLU()}
2024-05-29 17:41:34,078 0.649428 (0.061025) with: {'batch_size': 32, 'lr': 0.02, 'max_epochs': 64, 'module__n_features': 23, 'module__n_neurons': 256, 'module__nonlin': Tanh()}
2024-05-29 17:41:34,078 0.596110 (0.048925) with: {'batch_size': 32, 'lr': 0.02, 'max_epochs': 64, 'module__n_features': 23, 'module__n_neurons': 256, 'module__nonlin': ReLU()}
2024-05-29 17:41:34,078 0.632075 (0.032607) with: {'batch_size': 32, 'lr': 0.02, 'max_epochs': 128, 'module__n_features': 23, 'module__n_neurons': 16, 'module__nonlin': Tanh()}
2024-05-29 17:41:34,078 0.629367 (0.043834) with: {'batch_size': 32, 'lr': 0.02, 'max_epochs': 128, 'module__n_features': 23, 'module__n_neurons': 16, 'module__nonlin': ReLU()}
2024-05-29 17:41:34,078 0.615179 (0.039822) with: {'batch_size': 32, 'lr': 0.02, 'max_epochs': 128, 'module__n_features': 23, 'module__n_neurons': 32, 'module__nonlin': Tanh()}
2024-05-29 17:41:34,078 0.593059 (0.050242) with: {'batch_size': 32, 'lr': 0.02, 'max_epochs': 128, 'module__n_features': 23, 'module__n_neurons': 32, 'module__nonlin': ReLU()}
2024-05-29 17:41:34,078 0.619222 (0.024091) with: {'batch_size': 32, 'lr': 0.02, 'max_epochs': 128, 'module__n_features': 23, 'module__n_neurons': 64, 'module__nonlin': Tanh()}
2024-05-29 17:41:34,078 0.612166 (0.057639) with: {'batch_size': 32, 'lr': 0.02, 'max_epochs': 128, 'module__n_features': 23, 'module__n_neurons': 64, 'module__nonlin': ReLU()}
2024-05-29 17:41:34,078 0.603738 (0.039691) with: {'batch_size': 32, 'lr': 0.02, 'max_epochs': 128, 'module__n_features': 23, 'module__n_neurons': 128, 'module__nonlin': Tanh()}
2024-05-29 17:41:34,078 0.599981 (0.052728) with: {'batch_size': 32, 'lr': 0.02, 'max_epochs': 128, 'module__n_features': 23, 'module__n_neurons': 128, 'module__nonlin': ReLU()}
2024-05-29 17:41:34,078 0.620023 (0.042804) with: {'batch_size': 32, 'lr': 0.02, 'max_epochs': 128, 'module__n_features': 23, 'module__n_neurons': 256, 'module__nonlin': Tanh()}
2024-05-29 17:41:34,078 0.614741 (0.048471) with: {'batch_size': 32, 'lr': 0.02, 'max_epochs': 128, 'module__n_features': 23, 'module__n_neurons': 256, 'module__nonlin': ReLU()}
2024-05-29 17:41:34,078 0.590732 (0.043808) with: {'batch_size': 64, 'lr': 0.001, 'max_epochs': 16, 'module__n_features': 23, 'module__n_neurons': 16, 'module__nonlin': Tanh()}
2024-05-29 17:41:34,078 0.577727 (0.073349) with: {'batch_size': 64, 'lr': 0.001, 'max_epochs': 16, 'module__n_features': 23, 'module__n_neurons': 16, 'module__nonlin': ReLU()}
2024-05-29 17:41:34,078 0.616934 (0.088797) with: {'batch_size': 64, 'lr': 0.001, 'max_epochs': 16, 'module__n_features': 23, 'module__n_neurons': 32, 'module__nonlin': Tanh()}
2024-05-29 17:41:34,078 0.590885 (0.054177) with: {'batch_size': 64, 'lr': 0.001, 'max_epochs': 16, 'module__n_features': 23, 'module__n_neurons': 32, 'module__nonlin': ReLU()}
2024-05-29 17:41:34,078 0.628642 (0.060325) with: {'batch_size': 64, 'lr': 0.001, 'max_epochs': 16, 'module__n_features': 23, 'module__n_neurons': 64, 'module__nonlin': Tanh()}
2024-05-29 17:41:34,078 0.627994 (0.072482) with: {'batch_size': 64, 'lr': 0.001, 'max_epochs': 16, 'module__n_features': 23, 'module__n_neurons': 64, 'module__nonlin': ReLU()}
2024-05-29 17:41:34,078 0.640732 (0.057223) with: {'batch_size': 64, 'lr': 0.001, 'max_epochs': 16, 'module__n_features': 23, 'module__n_neurons': 128, 'module__nonlin': Tanh()}
2024-05-29 17:41:34,078 0.631388 (0.059614) with: {'batch_size': 64, 'lr': 0.001, 'max_epochs': 16, 'module__n_features': 23, 'module__n_neurons': 128, 'module__nonlin': ReLU()}
2024-05-29 17:41:34,078 0.650267 (0.060884) with: {'batch_size': 64, 'lr': 0.001, 'max_epochs': 16, 'module__n_features': 23, 'module__n_neurons': 256, 'module__nonlin': Tanh()}
2024-05-29 17:41:34,078 0.646987 (0.055253) with: {'batch_size': 64, 'lr': 0.001, 'max_epochs': 16, 'module__n_features': 23, 'module__n_neurons': 256, 'module__nonlin': ReLU()}
2024-05-29 17:41:34,078 0.641228 (0.050510) with: {'batch_size': 64, 'lr': 0.001, 'max_epochs': 32, 'module__n_features': 23, 'module__n_neurons': 16, 'module__nonlin': Tanh()}
2024-05-29 17:41:34,078 0.617887 (0.081794) with: {'batch_size': 64, 'lr': 0.001, 'max_epochs': 32, 'module__n_features': 23, 'module__n_neurons': 16, 'module__nonlin': ReLU()}
2024-05-29 17:41:34,079 0.636613 (0.051320) with: {'batch_size': 64, 'lr': 0.001, 'max_epochs': 32, 'module__n_features': 23, 'module__n_neurons': 32, 'module__nonlin': Tanh()}
2024-05-29 17:41:34,079 0.636308 (0.058892) with: {'batch_size': 64, 'lr': 0.001, 'max_epochs': 32, 'module__n_features': 23, 'module__n_neurons': 32, 'module__nonlin': ReLU()}
2024-05-29 17:41:34,079 0.649275 (0.060549) with: {'batch_size': 64, 'lr': 0.001, 'max_epochs': 32, 'module__n_features': 23, 'module__n_neurons': 64, 'module__nonlin': Tanh()}
2024-05-29 17:41:34,079 0.638635 (0.055275) with: {'batch_size': 64, 'lr': 0.001, 'max_epochs': 32, 'module__n_features': 23, 'module__n_neurons': 64, 'module__nonlin': ReLU()}
2024-05-29 17:41:34,079 0.651983 (0.054086) with: {'batch_size': 64, 'lr': 0.001, 'max_epochs': 32, 'module__n_features': 23, 'module__n_neurons': 128, 'module__nonlin': Tanh()}
2024-05-29 17:41:34,079 0.646682 (0.053487) with: {'batch_size': 64, 'lr': 0.001, 'max_epochs': 32, 'module__n_features': 23, 'module__n_neurons': 128, 'module__nonlin': ReLU()}
2024-05-29 17:41:34,079 0.655111 (0.057827) with: {'batch_size': 64, 'lr': 0.001, 'max_epochs': 32, 'module__n_features': 23, 'module__n_neurons': 256, 'module__nonlin': Tanh()}
2024-05-29 17:41:34,079 0.651564 (0.053486) with: {'batch_size': 64, 'lr': 0.001, 'max_epochs': 32, 'module__n_features': 23, 'module__n_neurons': 256, 'module__nonlin': ReLU()}
2024-05-29 17:41:34,079 0.641876 (0.055008) with: {'batch_size': 64, 'lr': 0.001, 'max_epochs': 64, 'module__n_features': 23, 'module__n_neurons': 16, 'module__nonlin': Tanh()}
2024-05-29 17:41:34,079 0.652098 (0.060593) with: {'batch_size': 64, 'lr': 0.001, 'max_epochs': 64, 'module__n_features': 23, 'module__n_neurons': 16, 'module__nonlin': ReLU()}
2024-05-29 17:41:34,079 0.651335 (0.059589) with: {'batch_size': 64, 'lr': 0.001, 'max_epochs': 64, 'module__n_features': 23, 'module__n_neurons': 32, 'module__nonlin': Tanh()}
2024-05-29 17:41:34,079 0.651373 (0.060910) with: {'batch_size': 64, 'lr': 0.001, 'max_epochs': 64, 'module__n_features': 23, 'module__n_neurons': 32, 'module__nonlin': ReLU()}
2024-05-29 17:41:34,079 0.654272 (0.058280) with: {'batch_size': 64, 'lr': 0.001, 'max_epochs': 64, 'module__n_features': 23, 'module__n_neurons': 64, 'module__nonlin': Tanh()}
2024-05-29 17:41:34,079 0.660069 (0.057384) with: {'batch_size': 64, 'lr': 0.001, 'max_epochs': 64, 'module__n_features': 23, 'module__n_neurons': 64, 'module__nonlin': ReLU()}
2024-05-29 17:41:34,079 0.655606 (0.060151) with: {'batch_size': 64, 'lr': 0.001, 'max_epochs': 64, 'module__n_features': 23, 'module__n_neurons': 128, 'module__nonlin': Tanh()}
2024-05-29 17:41:34,079 0.655492 (0.054560) with: {'batch_size': 64, 'lr': 0.001, 'max_epochs': 64, 'module__n_features': 23, 'module__n_neurons': 128, 'module__nonlin': ReLU()}
2024-05-29 17:41:34,079 0.659611 (0.063134) with: {'batch_size': 64, 'lr': 0.001, 'max_epochs': 64, 'module__n_features': 23, 'module__n_neurons': 256, 'module__nonlin': Tanh()}
2024-05-29 17:41:34,079 0.651907 (0.051828) with: {'batch_size': 64, 'lr': 0.001, 'max_epochs': 64, 'module__n_features': 23, 'module__n_neurons': 256, 'module__nonlin': ReLU()}
2024-05-29 17:41:34,079 0.653318 (0.053662) with: {'batch_size': 64, 'lr': 0.001, 'max_epochs': 128, 'module__n_features': 23, 'module__n_neurons': 16, 'module__nonlin': Tanh()}
2024-05-29 17:41:34,079 0.655187 (0.056782) with: {'batch_size': 64, 'lr': 0.001, 'max_epochs': 128, 'module__n_features': 23, 'module__n_neurons': 16, 'module__nonlin': ReLU()}
2024-05-29 17:41:34,079 0.657551 (0.060558) with: {'batch_size': 64, 'lr': 0.001, 'max_epochs': 128, 'module__n_features': 23, 'module__n_neurons': 32, 'module__nonlin': Tanh()}
2024-05-29 17:41:34,079 0.655797 (0.053774) with: {'batch_size': 64, 'lr': 0.001, 'max_epochs': 128, 'module__n_features': 23, 'module__n_neurons': 32, 'module__nonlin': ReLU()}
2024-05-29 17:41:34,079 0.658734 (0.062172) with: {'batch_size': 64, 'lr': 0.001, 'max_epochs': 128, 'module__n_features': 23, 'module__n_neurons': 64, 'module__nonlin': Tanh()}
2024-05-29 17:41:34,079 0.655187 (0.060519) with: {'batch_size': 64, 'lr': 0.001, 'max_epochs': 128, 'module__n_features': 23, 'module__n_neurons': 64, 'module__nonlin': ReLU()}
2024-05-29 17:41:34,079 0.658810 (0.063732) with: {'batch_size': 64, 'lr': 0.001, 'max_epochs': 128, 'module__n_features': 23, 'module__n_neurons': 128, 'module__nonlin': Tanh()}
2024-05-29 17:41:34,079 0.655454 (0.059662) with: {'batch_size': 64, 'lr': 0.001, 'max_epochs': 128, 'module__n_features': 23, 'module__n_neurons': 128, 'module__nonlin': ReLU()}
2024-05-29 17:41:34,079 0.658619 (0.063852) with: {'batch_size': 64, 'lr': 0.001, 'max_epochs': 128, 'module__n_features': 23, 'module__n_neurons': 256, 'module__nonlin': Tanh()}
2024-05-29 17:41:34,079 0.651983 (0.046146) with: {'batch_size': 64, 'lr': 0.001, 'max_epochs': 128, 'module__n_features': 23, 'module__n_neurons': 256, 'module__nonlin': ReLU()}
2024-05-29 17:41:34,079 0.654119 (0.060355) with: {'batch_size': 64, 'lr': 0.01, 'max_epochs': 16, 'module__n_features': 23, 'module__n_neurons': 16, 'module__nonlin': Tanh()}
2024-05-29 17:41:34,079 0.652098 (0.051390) with: {'batch_size': 64, 'lr': 0.01, 'max_epochs': 16, 'module__n_features': 23, 'module__n_neurons': 16, 'module__nonlin': ReLU()}
2024-05-29 17:41:34,079 0.655873 (0.059523) with: {'batch_size': 64, 'lr': 0.01, 'max_epochs': 16, 'module__n_features': 23, 'module__n_neurons': 32, 'module__nonlin': Tanh()}
2024-05-29 17:41:34,079 0.654996 (0.056183) with: {'batch_size': 64, 'lr': 0.01, 'max_epochs': 16, 'module__n_features': 23, 'module__n_neurons': 32, 'module__nonlin': ReLU()}
2024-05-29 17:41:34,079 0.657018 (0.062143) with: {'batch_size': 64, 'lr': 0.01, 'max_epochs': 16, 'module__n_features': 23, 'module__n_neurons': 64, 'module__nonlin': Tanh()}
2024-05-29 17:41:34,079 0.655072 (0.049766) with: {'batch_size': 64, 'lr': 0.01, 'max_epochs': 16, 'module__n_features': 23, 'module__n_neurons': 64, 'module__nonlin': ReLU()}
2024-05-29 17:41:34,079 0.659764 (0.063805) with: {'batch_size': 64, 'lr': 0.01, 'max_epochs': 16, 'module__n_features': 23, 'module__n_neurons': 128, 'module__nonlin': Tanh()}
2024-05-29 17:41:34,079 0.659992 (0.052127) with: {'batch_size': 64, 'lr': 0.01, 'max_epochs': 16, 'module__n_features': 23, 'module__n_neurons': 128, 'module__nonlin': ReLU()}
2024-05-29 17:41:34,079 0.659382 (0.063517) with: {'batch_size': 64, 'lr': 0.01, 'max_epochs': 16, 'module__n_features': 23, 'module__n_neurons': 256, 'module__nonlin': Tanh()}
2024-05-29 17:41:34,079 0.653585 (0.047144) with: {'batch_size': 64, 'lr': 0.01, 'max_epochs': 16, 'module__n_features': 23, 'module__n_neurons': 256, 'module__nonlin': ReLU()}
2024-05-29 17:41:34,079 0.658963 (0.064577) with: {'batch_size': 64, 'lr': 0.01, 'max_epochs': 32, 'module__n_features': 23, 'module__n_neurons': 16, 'module__nonlin': Tanh()}
2024-05-29 17:41:34,079 0.650534 (0.059051) with: {'batch_size': 64, 'lr': 0.01, 'max_epochs': 32, 'module__n_features': 23, 'module__n_neurons': 16, 'module__nonlin': ReLU()}
2024-05-29 17:41:34,079 0.660069 (0.064103) with: {'batch_size': 64, 'lr': 0.01, 'max_epochs': 32, 'module__n_features': 23, 'module__n_neurons': 32, 'module__nonlin': Tanh()}
2024-05-29 17:41:34,079 0.660374 (0.062874) with: {'batch_size': 64, 'lr': 0.01, 'max_epochs': 32, 'module__n_features': 23, 'module__n_neurons': 32, 'module__nonlin': ReLU()}
2024-05-29 17:41:34,079 0.659268 (0.064569) with: {'batch_size': 64, 'lr': 0.01, 'max_epochs': 32, 'module__n_features': 23, 'module__n_neurons': 64, 'module__nonlin': Tanh()}
2024-05-29 17:41:34,079 0.652288 (0.056182) with: {'batch_size': 64, 'lr': 0.01, 'max_epochs': 32, 'module__n_features': 23, 'module__n_neurons': 64, 'module__nonlin': ReLU()}
2024-05-29 17:41:34,079 0.659191 (0.063794) with: {'batch_size': 64, 'lr': 0.01, 'max_epochs': 32, 'module__n_features': 23, 'module__n_neurons': 128, 'module__nonlin': Tanh()}
2024-05-29 17:41:34,079 0.649580 (0.048096) with: {'batch_size': 64, 'lr': 0.01, 'max_epochs': 32, 'module__n_features': 23, 'module__n_neurons': 128, 'module__nonlin': ReLU()}
2024-05-29 17:41:34,079 0.661213 (0.063710) with: {'batch_size': 64, 'lr': 0.01, 'max_epochs': 32, 'module__n_features': 23, 'module__n_neurons': 256, 'module__nonlin': Tanh()}
2024-05-29 17:41:34,080 0.627994 (0.041329) with: {'batch_size': 64, 'lr': 0.01, 'max_epochs': 32, 'module__n_features': 23, 'module__n_neurons': 256, 'module__nonlin': ReLU()}
2024-05-29 17:41:34,080 0.664989 (0.065121) with: {'batch_size': 64, 'lr': 0.01, 'max_epochs': 64, 'module__n_features': 23, 'module__n_neurons': 16, 'module__nonlin': Tanh()}
2024-05-29 17:41:34,080 0.645156 (0.052410) with: {'batch_size': 64, 'lr': 0.01, 'max_epochs': 64, 'module__n_features': 23, 'module__n_neurons': 16, 'module__nonlin': ReLU()}
2024-05-29 17:41:34,080 0.662090 (0.063259) with: {'batch_size': 64, 'lr': 0.01, 'max_epochs': 64, 'module__n_features': 23, 'module__n_neurons': 32, 'module__nonlin': Tanh()}
2024-05-29 17:41:34,080 0.662700 (0.046470) with: {'batch_size': 64, 'lr': 0.01, 'max_epochs': 64, 'module__n_features': 23, 'module__n_neurons': 32, 'module__nonlin': ReLU()}
2024-05-29 17:41:34,080 0.662891 (0.065424) with: {'batch_size': 64, 'lr': 0.01, 'max_epochs': 64, 'module__n_features': 23, 'module__n_neurons': 64, 'module__nonlin': Tanh()}
2024-05-29 17:41:34,080 0.643669 (0.047626) with: {'batch_size': 64, 'lr': 0.01, 'max_epochs': 64, 'module__n_features': 23, 'module__n_neurons': 64, 'module__nonlin': ReLU()}
2024-05-29 17:41:34,080 0.661289 (0.065323) with: {'batch_size': 64, 'lr': 0.01, 'max_epochs': 64, 'module__n_features': 23, 'module__n_neurons': 128, 'module__nonlin': Tanh()}
2024-05-29 17:41:34,080 0.622235 (0.029692) with: {'batch_size': 64, 'lr': 0.01, 'max_epochs': 64, 'module__n_features': 23, 'module__n_neurons': 128, 'module__nonlin': ReLU()}
2024-05-29 17:41:34,080 0.661404 (0.061912) with: {'batch_size': 64, 'lr': 0.01, 'max_epochs': 64, 'module__n_features': 23, 'module__n_neurons': 256, 'module__nonlin': Tanh()}
2024-05-29 17:41:34,080 0.606331 (0.044768) with: {'batch_size': 64, 'lr': 0.01, 'max_epochs': 64, 'module__n_features': 23, 'module__n_neurons': 256, 'module__nonlin': ReLU()}
2024-05-29 17:41:34,080 0.658924 (0.060920) with: {'batch_size': 64, 'lr': 0.01, 'max_epochs': 128, 'module__n_features': 23, 'module__n_neurons': 16, 'module__nonlin': Tanh()}
2024-05-29 17:41:34,080 0.652746 (0.047796) with: {'batch_size': 64, 'lr': 0.01, 'max_epochs': 128, 'module__n_features': 23, 'module__n_neurons': 16, 'module__nonlin': ReLU()}
2024-05-29 17:41:34,080 0.656827 (0.061761) with: {'batch_size': 64, 'lr': 0.01, 'max_epochs': 128, 'module__n_features': 23, 'module__n_neurons': 32, 'module__nonlin': Tanh()}
2024-05-29 17:41:34,080 0.628299 (0.057179) with: {'batch_size': 64, 'lr': 0.01, 'max_epochs': 128, 'module__n_features': 23, 'module__n_neurons': 32, 'module__nonlin': ReLU()}
2024-05-29 17:41:34,080 0.650992 (0.056096) with: {'batch_size': 64, 'lr': 0.01, 'max_epochs': 128, 'module__n_features': 23, 'module__n_neurons': 64, 'module__nonlin': Tanh()}
2024-05-29 17:41:34,080 0.628413 (0.046659) with: {'batch_size': 64, 'lr': 0.01, 'max_epochs': 128, 'module__n_features': 23, 'module__n_neurons': 64, 'module__nonlin': ReLU()}
2024-05-29 17:41:34,080 0.648017 (0.047165) with: {'batch_size': 64, 'lr': 0.01, 'max_epochs': 128, 'module__n_features': 23, 'module__n_neurons': 128, 'module__nonlin': Tanh()}
2024-05-29 17:41:34,080 0.604252 (0.049459) with: {'batch_size': 64, 'lr': 0.01, 'max_epochs': 128, 'module__n_features': 23, 'module__n_neurons': 128, 'module__nonlin': ReLU()}
2024-05-29 17:41:34,080 0.643783 (0.055070) with: {'batch_size': 64, 'lr': 0.01, 'max_epochs': 128, 'module__n_features': 23, 'module__n_neurons': 256, 'module__nonlin': Tanh()}
2024-05-29 17:41:34,080 0.595347 (0.046818) with: {'batch_size': 64, 'lr': 0.01, 'max_epochs': 128, 'module__n_features': 23, 'module__n_neurons': 256, 'module__nonlin': ReLU()}
2024-05-29 17:41:34,080 0.658963 (0.061875) with: {'batch_size': 64, 'lr': 0.02, 'max_epochs': 16, 'module__n_features': 23, 'module__n_neurons': 16, 'module__nonlin': Tanh()}
2024-05-29 17:41:34,080 0.660355 (0.050692) with: {'batch_size': 64, 'lr': 0.02, 'max_epochs': 16, 'module__n_features': 23, 'module__n_neurons': 16, 'module__nonlin': ReLU()}
2024-05-29 17:41:34,080 0.658314 (0.063209) with: {'batch_size': 64, 'lr': 0.02, 'max_epochs': 16, 'module__n_features': 23, 'module__n_neurons': 32, 'module__nonlin': Tanh()}
2024-05-29 17:41:34,080 0.660107 (0.058735) with: {'batch_size': 64, 'lr': 0.02, 'max_epochs': 16, 'module__n_features': 23, 'module__n_neurons': 32, 'module__nonlin': ReLU()}
2024-05-29 17:41:34,080 0.659153 (0.064034) with: {'batch_size': 64, 'lr': 0.02, 'max_epochs': 16, 'module__n_features': 23, 'module__n_neurons': 64, 'module__nonlin': Tanh()}
2024-05-29 17:41:34,080 0.653814 (0.055435) with: {'batch_size': 64, 'lr': 0.02, 'max_epochs': 16, 'module__n_features': 23, 'module__n_neurons': 64, 'module__nonlin': ReLU()}
2024-05-29 17:41:34,080 0.659573 (0.064194) with: {'batch_size': 64, 'lr': 0.02, 'max_epochs': 16, 'module__n_features': 23, 'module__n_neurons': 128, 'module__nonlin': Tanh()}
2024-05-29 17:41:34,080 0.646491 (0.044409) with: {'batch_size': 64, 'lr': 0.02, 'max_epochs': 16, 'module__n_features': 23, 'module__n_neurons': 128, 'module__nonlin': ReLU()}
2024-05-29 17:41:34,080 0.658848 (0.063411) with: {'batch_size': 64, 'lr': 0.02, 'max_epochs': 16, 'module__n_features': 23, 'module__n_neurons': 256, 'module__nonlin': Tanh()}
2024-05-29 17:41:34,080 0.638139 (0.040070) with: {'batch_size': 64, 'lr': 0.02, 'max_epochs': 16, 'module__n_features': 23, 'module__n_neurons': 256, 'module__nonlin': ReLU()}
2024-05-29 17:41:34,080 0.660908 (0.065891) with: {'batch_size': 64, 'lr': 0.02, 'max_epochs': 32, 'module__n_features': 23, 'module__n_neurons': 16, 'module__nonlin': Tanh()}
2024-05-29 17:41:34,080 0.657323 (0.057172) with: {'batch_size': 64, 'lr': 0.02, 'max_epochs': 32, 'module__n_features': 23, 'module__n_neurons': 16, 'module__nonlin': ReLU()}
2024-05-29 17:41:34,080 0.660526 (0.066320) with: {'batch_size': 64, 'lr': 0.02, 'max_epochs': 32, 'module__n_features': 23, 'module__n_neurons': 32, 'module__nonlin': Tanh()}
2024-05-29 17:41:34,080 0.640694 (0.066962) with: {'batch_size': 64, 'lr': 0.02, 'max_epochs': 32, 'module__n_features': 23, 'module__n_neurons': 32, 'module__nonlin': ReLU()}
2024-05-29 17:41:34,080 0.662090 (0.063118) with: {'batch_size': 64, 'lr': 0.02, 'max_epochs': 32, 'module__n_features': 23, 'module__n_neurons': 64, 'module__nonlin': Tanh()}
2024-05-29 17:41:34,080 0.636232 (0.057704) with: {'batch_size': 64, 'lr': 0.02, 'max_epochs': 32, 'module__n_features': 23, 'module__n_neurons': 64, 'module__nonlin': ReLU()}
2024-05-29 17:41:34,080 0.663330 (0.064095) with: {'batch_size': 64, 'lr': 0.02, 'max_epochs': 32, 'module__n_features': 23, 'module__n_neurons': 128, 'module__nonlin': Tanh()}
2024-05-29 17:41:34,080 0.627841 (0.041463) with: {'batch_size': 64, 'lr': 0.02, 'max_epochs': 32, 'module__n_features': 23, 'module__n_neurons': 128, 'module__nonlin': ReLU()}
2024-05-29 17:41:34,080 0.660145 (0.062633) with: {'batch_size': 64, 'lr': 0.02, 'max_epochs': 32, 'module__n_features': 23, 'module__n_neurons': 256, 'module__nonlin': Tanh()}
2024-05-29 17:41:34,080 0.616209 (0.044867) with: {'batch_size': 64, 'lr': 0.02, 'max_epochs': 32, 'module__n_features': 23, 'module__n_neurons': 256, 'module__nonlin': ReLU()}
2024-05-29 17:41:34,080 0.655568 (0.065753) with: {'batch_size': 64, 'lr': 0.02, 'max_epochs': 64, 'module__n_features': 23, 'module__n_neurons': 16, 'module__nonlin': Tanh()}
2024-05-29 17:41:34,080 0.643440 (0.053860) with: {'batch_size': 64, 'lr': 0.02, 'max_epochs': 64, 'module__n_features': 23, 'module__n_neurons': 16, 'module__nonlin': ReLU()}
2024-05-29 17:41:34,080 0.656102 (0.061084) with: {'batch_size': 64, 'lr': 0.02, 'max_epochs': 64, 'module__n_features': 23, 'module__n_neurons': 32, 'module__nonlin': Tanh()}
2024-05-29 17:41:34,080 0.630435 (0.039444) with: {'batch_size': 64, 'lr': 0.02, 'max_epochs': 64, 'module__n_features': 23, 'module__n_neurons': 32, 'module__nonlin': ReLU()}
2024-05-29 17:41:34,080 0.657361 (0.054873) with: {'batch_size': 64, 'lr': 0.02, 'max_epochs': 64, 'module__n_features': 23, 'module__n_neurons': 64, 'module__nonlin': Tanh()}
2024-05-29 17:41:34,080 0.612395 (0.047226) with: {'batch_size': 64, 'lr': 0.02, 'max_epochs': 64, 'module__n_features': 23, 'module__n_neurons': 64, 'module__nonlin': ReLU()}
2024-05-29 17:41:34,080 0.652365 (0.049814) with: {'batch_size': 64, 'lr': 0.02, 'max_epochs': 64, 'module__n_features': 23, 'module__n_neurons': 128, 'module__nonlin': Tanh()}
2024-05-29 17:41:34,081 0.600343 (0.059234) with: {'batch_size': 64, 'lr': 0.02, 'max_epochs': 64, 'module__n_features': 23, 'module__n_neurons': 128, 'module__nonlin': ReLU()}
2024-05-29 17:41:34,081 0.654310 (0.056847) with: {'batch_size': 64, 'lr': 0.02, 'max_epochs': 64, 'module__n_features': 23, 'module__n_neurons': 256, 'module__nonlin': Tanh()}
2024-05-29 17:41:34,081 0.609668 (0.056625) with: {'batch_size': 64, 'lr': 0.02, 'max_epochs': 64, 'module__n_features': 23, 'module__n_neurons': 256, 'module__nonlin': ReLU()}
2024-05-29 17:41:34,081 0.628185 (0.033084) with: {'batch_size': 64, 'lr': 0.02, 'max_epochs': 128, 'module__n_features': 23, 'module__n_neurons': 16, 'module__nonlin': Tanh()}
2024-05-29 17:41:34,081 0.622654 (0.022865) with: {'batch_size': 64, 'lr': 0.02, 'max_epochs': 128, 'module__n_features': 23, 'module__n_neurons': 16, 'module__nonlin': ReLU()}
2024-05-29 17:41:34,081 0.617086 (0.057654) with: {'batch_size': 64, 'lr': 0.02, 'max_epochs': 128, 'module__n_features': 23, 'module__n_neurons': 32, 'module__nonlin': Tanh()}
2024-05-29 17:41:34,081 0.621205 (0.034798) with: {'batch_size': 64, 'lr': 0.02, 'max_epochs': 128, 'module__n_features': 23, 'module__n_neurons': 32, 'module__nonlin': ReLU()}
2024-05-29 17:41:34,081 0.615370 (0.051785) with: {'batch_size': 64, 'lr': 0.02, 'max_epochs': 128, 'module__n_features': 23, 'module__n_neurons': 64, 'module__nonlin': Tanh()}
2024-05-29 17:41:34,081 0.605969 (0.036430) with: {'batch_size': 64, 'lr': 0.02, 'max_epochs': 128, 'module__n_features': 23, 'module__n_neurons': 64, 'module__nonlin': ReLU()}
2024-05-29 17:41:34,081 0.602212 (0.045415) with: {'batch_size': 64, 'lr': 0.02, 'max_epochs': 128, 'module__n_features': 23, 'module__n_neurons': 128, 'module__nonlin': Tanh()}
2024-05-29 17:41:34,081 0.589416 (0.066691) with: {'batch_size': 64, 'lr': 0.02, 'max_epochs': 128, 'module__n_features': 23, 'module__n_neurons': 128, 'module__nonlin': ReLU()}
2024-05-29 17:41:34,081 0.610450 (0.045267) with: {'batch_size': 64, 'lr': 0.02, 'max_epochs': 128, 'module__n_features': 23, 'module__n_neurons': 256, 'module__nonlin': Tanh()}
2024-05-29 17:41:34,081 0.609630 (0.042278) with: {'batch_size': 64, 'lr': 0.02, 'max_epochs': 128, 'module__n_features': 23, 'module__n_neurons': 256, 'module__nonlin': ReLU()}
2024-05-29 17:41:34,081 0.539588 (0.019045) with: {'batch_size': 128, 'lr': 0.001, 'max_epochs': 16, 'module__n_features': 23, 'module__n_neurons': 16, 'module__nonlin': Tanh()}
2024-05-29 17:41:34,081 0.499314 (0.041484) with: {'batch_size': 128, 'lr': 0.001, 'max_epochs': 16, 'module__n_features': 23, 'module__n_neurons': 16, 'module__nonlin': ReLU()}
2024-05-29 17:41:34,081 0.550000 (0.049189) with: {'batch_size': 128, 'lr': 0.001, 'max_epochs': 16, 'module__n_features': 23, 'module__n_neurons': 32, 'module__nonlin': Tanh()}
2024-05-29 17:41:34,081 0.572121 (0.070220) with: {'batch_size': 128, 'lr': 0.001, 'max_epochs': 16, 'module__n_features': 23, 'module__n_neurons': 32, 'module__nonlin': ReLU()}
2024-05-29 17:41:34,081 0.608047 (0.075313) with: {'batch_size': 128, 'lr': 0.001, 'max_epochs': 16, 'module__n_features': 23, 'module__n_neurons': 64, 'module__nonlin': Tanh()}
2024-05-29 17:41:34,081 0.581426 (0.102693) with: {'batch_size': 128, 'lr': 0.001, 'max_epochs': 16, 'module__n_features': 23, 'module__n_neurons': 64, 'module__nonlin': ReLU()}
2024-05-29 17:41:34,081 0.629672 (0.050614) with: {'batch_size': 128, 'lr': 0.001, 'max_epochs': 16, 'module__n_features': 23, 'module__n_neurons': 128, 'module__nonlin': Tanh()}
2024-05-29 17:41:34,081 0.619336 (0.021244) with: {'batch_size': 128, 'lr': 0.001, 'max_epochs': 16, 'module__n_features': 23, 'module__n_neurons': 128, 'module__nonlin': ReLU()}
2024-05-29 17:41:34,081 0.645576 (0.060085) with: {'batch_size': 128, 'lr': 0.001, 'max_epochs': 16, 'module__n_features': 23, 'module__n_neurons': 256, 'module__nonlin': Tanh()}
2024-05-29 17:41:34,081 0.640885 (0.057521) with: {'batch_size': 128, 'lr': 0.001, 'max_epochs': 16, 'module__n_features': 23, 'module__n_neurons': 256, 'module__nonlin': ReLU()}
2024-05-29 17:41:34,081 0.618230 (0.056836) with: {'batch_size': 128, 'lr': 0.001, 'max_epochs': 32, 'module__n_features': 23, 'module__n_neurons': 16, 'module__nonlin': Tanh()}
2024-05-29 17:41:34,081 0.578223 (0.082117) with: {'batch_size': 128, 'lr': 0.001, 'max_epochs': 32, 'module__n_features': 23, 'module__n_neurons': 16, 'module__nonlin': ReLU()}
2024-05-29 17:41:34,081 0.621320 (0.064407) with: {'batch_size': 128, 'lr': 0.001, 'max_epochs': 32, 'module__n_features': 23, 'module__n_neurons': 32, 'module__nonlin': Tanh()}
2024-05-29 17:41:34,081 0.597941 (0.059533) with: {'batch_size': 128, 'lr': 0.001, 'max_epochs': 32, 'module__n_features': 23, 'module__n_neurons': 32, 'module__nonlin': ReLU()}
2024-05-29 17:41:34,081 0.626430 (0.060557) with: {'batch_size': 128, 'lr': 0.001, 'max_epochs': 32, 'module__n_features': 23, 'module__n_neurons': 64, 'module__nonlin': Tanh()}
2024-05-29 17:41:34,081 0.623532 (0.059465) with: {'batch_size': 128, 'lr': 0.001, 'max_epochs': 32, 'module__n_features': 23, 'module__n_neurons': 64, 'module__nonlin': ReLU()}
2024-05-29 17:41:34,081 0.650572 (0.065925) with: {'batch_size': 128, 'lr': 0.001, 'max_epochs': 32, 'module__n_features': 23, 'module__n_neurons': 128, 'module__nonlin': Tanh()}
2024-05-29 17:41:34,081 0.637452 (0.058407) with: {'batch_size': 128, 'lr': 0.001, 'max_epochs': 32, 'module__n_features': 23, 'module__n_neurons': 128, 'module__nonlin': ReLU()}
2024-05-29 17:41:34,081 0.651030 (0.058471) with: {'batch_size': 128, 'lr': 0.001, 'max_epochs': 32, 'module__n_features': 23, 'module__n_neurons': 256, 'module__nonlin': Tanh()}
2024-05-29 17:41:34,081 0.649161 (0.053262) with: {'batch_size': 128, 'lr': 0.001, 'max_epochs': 32, 'module__n_features': 23, 'module__n_neurons': 256, 'module__nonlin': ReLU()}
2024-05-29 17:41:34,081 0.633066 (0.055108) with: {'batch_size': 128, 'lr': 0.001, 'max_epochs': 64, 'module__n_features': 23, 'module__n_neurons': 16, 'module__nonlin': Tanh()}
2024-05-29 17:41:34,081 0.639245 (0.058268) with: {'batch_size': 128, 'lr': 0.001, 'max_epochs': 64, 'module__n_features': 23, 'module__n_neurons': 16, 'module__nonlin': ReLU()}
2024-05-29 17:41:34,081 0.640999 (0.051478) with: {'batch_size': 128, 'lr': 0.001, 'max_epochs': 64, 'module__n_features': 23, 'module__n_neurons': 32, 'module__nonlin': Tanh()}
2024-05-29 17:41:34,081 0.643326 (0.072484) with: {'batch_size': 128, 'lr': 0.001, 'max_epochs': 64, 'module__n_features': 23, 'module__n_neurons': 32, 'module__nonlin': ReLU()}
2024-05-29 17:41:34,081 0.647483 (0.057490) with: {'batch_size': 128, 'lr': 0.001, 'max_epochs': 64, 'module__n_features': 23, 'module__n_neurons': 64, 'module__nonlin': Tanh()}
2024-05-29 17:41:34,081 0.641342 (0.057077) with: {'batch_size': 128, 'lr': 0.001, 'max_epochs': 64, 'module__n_features': 23, 'module__n_neurons': 64, 'module__nonlin': ReLU()}
2024-05-29 17:41:34,081 0.652937 (0.056139) with: {'batch_size': 128, 'lr': 0.001, 'max_epochs': 64, 'module__n_features': 23, 'module__n_neurons': 128, 'module__nonlin': Tanh()}
2024-05-29 17:41:34,081 0.650725 (0.052137) with: {'batch_size': 128, 'lr': 0.001, 'max_epochs': 64, 'module__n_features': 23, 'module__n_neurons': 128, 'module__nonlin': ReLU()}
2024-05-29 17:41:34,081 0.657170 (0.058834) with: {'batch_size': 128, 'lr': 0.001, 'max_epochs': 64, 'module__n_features': 23, 'module__n_neurons': 256, 'module__nonlin': Tanh()}
2024-05-29 17:41:34,081 0.656598 (0.055364) with: {'batch_size': 128, 'lr': 0.001, 'max_epochs': 64, 'module__n_features': 23, 'module__n_neurons': 256, 'module__nonlin': ReLU()}
2024-05-29 17:41:34,081 0.650305 (0.055032) with: {'batch_size': 128, 'lr': 0.001, 'max_epochs': 128, 'module__n_features': 23, 'module__n_neurons': 16, 'module__nonlin': Tanh()}
2024-05-29 17:41:34,081 0.648169 (0.066025) with: {'batch_size': 128, 'lr': 0.001, 'max_epochs': 128, 'module__n_features': 23, 'module__n_neurons': 16, 'module__nonlin': ReLU()}
2024-05-29 17:41:34,081 0.651602 (0.056561) with: {'batch_size': 128, 'lr': 0.001, 'max_epochs': 128, 'module__n_features': 23, 'module__n_neurons': 32, 'module__nonlin': Tanh()}
2024-05-29 17:41:34,081 0.650076 (0.052004) with: {'batch_size': 128, 'lr': 0.001, 'max_epochs': 128, 'module__n_features': 23, 'module__n_neurons': 32, 'module__nonlin': ReLU()}
2024-05-29 17:41:34,081 0.654310 (0.055926) with: {'batch_size': 128, 'lr': 0.001, 'max_epochs': 128, 'module__n_features': 23, 'module__n_neurons': 64, 'module__nonlin': Tanh()}
2024-05-29 17:41:34,081 0.650191 (0.053945) with: {'batch_size': 128, 'lr': 0.001, 'max_epochs': 128, 'module__n_features': 23, 'module__n_neurons': 64, 'module__nonlin': ReLU()}
2024-05-29 17:41:34,082 0.658124 (0.059243) with: {'batch_size': 128, 'lr': 0.001, 'max_epochs': 128, 'module__n_features': 23, 'module__n_neurons': 128, 'module__nonlin': Tanh()}
2024-05-29 17:41:34,082 0.657971 (0.054688) with: {'batch_size': 128, 'lr': 0.001, 'max_epochs': 128, 'module__n_features': 23, 'module__n_neurons': 128, 'module__nonlin': ReLU()}
2024-05-29 17:41:34,082 0.658848 (0.063001) with: {'batch_size': 128, 'lr': 0.001, 'max_epochs': 128, 'module__n_features': 23, 'module__n_neurons': 256, 'module__nonlin': Tanh()}
2024-05-29 17:41:34,082 0.657132 (0.050248) with: {'batch_size': 128, 'lr': 0.001, 'max_epochs': 128, 'module__n_features': 23, 'module__n_neurons': 256, 'module__nonlin': ReLU()}
2024-05-29 17:41:34,082 0.641228 (0.057319) with: {'batch_size': 128, 'lr': 0.01, 'max_epochs': 16, 'module__n_features': 23, 'module__n_neurons': 16, 'module__nonlin': Tanh()}
2024-05-29 17:41:34,082 0.649809 (0.067734) with: {'batch_size': 128, 'lr': 0.01, 'max_epochs': 16, 'module__n_features': 23, 'module__n_neurons': 16, 'module__nonlin': ReLU()}
2024-05-29 17:41:34,082 0.656941 (0.057416) with: {'batch_size': 128, 'lr': 0.01, 'max_epochs': 16, 'module__n_features': 23, 'module__n_neurons': 32, 'module__nonlin': Tanh()}
2024-05-29 17:41:34,082 0.656484 (0.062917) with: {'batch_size': 128, 'lr': 0.01, 'max_epochs': 16, 'module__n_features': 23, 'module__n_neurons': 32, 'module__nonlin': ReLU()}
2024-05-29 17:41:34,082 0.651640 (0.057391) with: {'batch_size': 128, 'lr': 0.01, 'max_epochs': 16, 'module__n_features': 23, 'module__n_neurons': 64, 'module__nonlin': Tanh()}
2024-05-29 17:41:34,082 0.648436 (0.051282) with: {'batch_size': 128, 'lr': 0.01, 'max_epochs': 16, 'module__n_features': 23, 'module__n_neurons': 64, 'module__nonlin': ReLU()}
2024-05-29 17:41:34,082 0.654844 (0.059302) with: {'batch_size': 128, 'lr': 0.01, 'max_epochs': 16, 'module__n_features': 23, 'module__n_neurons': 128, 'module__nonlin': Tanh()}
2024-05-29 17:41:34,082 0.652326 (0.056136) with: {'batch_size': 128, 'lr': 0.01, 'max_epochs': 16, 'module__n_features': 23, 'module__n_neurons': 128, 'module__nonlin': ReLU()}
2024-05-29 17:41:34,082 0.658963 (0.063139) with: {'batch_size': 128, 'lr': 0.01, 'max_epochs': 16, 'module__n_features': 23, 'module__n_neurons': 256, 'module__nonlin': Tanh()}
2024-05-29 17:41:34,082 0.653394 (0.054113) with: {'batch_size': 128, 'lr': 0.01, 'max_epochs': 16, 'module__n_features': 23, 'module__n_neurons': 256, 'module__nonlin': ReLU()}
2024-05-29 17:41:34,082 0.659420 (0.060059) with: {'batch_size': 128, 'lr': 0.01, 'max_epochs': 32, 'module__n_features': 23, 'module__n_neurons': 16, 'module__nonlin': Tanh()}
2024-05-29 17:41:34,082 0.659458 (0.059386) with: {'batch_size': 128, 'lr': 0.01, 'max_epochs': 32, 'module__n_features': 23, 'module__n_neurons': 16, 'module__nonlin': ReLU()}
2024-05-29 17:41:34,082 0.657551 (0.060353) with: {'batch_size': 128, 'lr': 0.01, 'max_epochs': 32, 'module__n_features': 23, 'module__n_neurons': 32, 'module__nonlin': Tanh()}
2024-05-29 17:41:34,082 0.650000 (0.050233) with: {'batch_size': 128, 'lr': 0.01, 'max_epochs': 32, 'module__n_features': 23, 'module__n_neurons': 32, 'module__nonlin': ReLU()}
2024-05-29 17:41:34,082 0.657742 (0.063403) with: {'batch_size': 128, 'lr': 0.01, 'max_epochs': 32, 'module__n_features': 23, 'module__n_neurons': 64, 'module__nonlin': Tanh()}
2024-05-29 17:41:34,082 0.659649 (0.053304) with: {'batch_size': 128, 'lr': 0.01, 'max_epochs': 32, 'module__n_features': 23, 'module__n_neurons': 64, 'module__nonlin': ReLU()}
2024-05-29 17:41:34,082 0.659191 (0.065271) with: {'batch_size': 128, 'lr': 0.01, 'max_epochs': 32, 'module__n_features': 23, 'module__n_neurons': 128, 'module__nonlin': Tanh()}
2024-05-29 17:41:34,082 0.653814 (0.048410) with: {'batch_size': 128, 'lr': 0.01, 'max_epochs': 32, 'module__n_features': 23, 'module__n_neurons': 128, 'module__nonlin': ReLU()}
2024-05-29 17:41:34,082 0.660336 (0.064491) with: {'batch_size': 128, 'lr': 0.01, 'max_epochs': 32, 'module__n_features': 23, 'module__n_neurons': 256, 'module__nonlin': Tanh()}
2024-05-29 17:41:34,082 0.642410 (0.045443) with: {'batch_size': 128, 'lr': 0.01, 'max_epochs': 32, 'module__n_features': 23, 'module__n_neurons': 256, 'module__nonlin': ReLU()}
2024-05-29 17:41:34,082 0.658314 (0.062846) with: {'batch_size': 128, 'lr': 0.01, 'max_epochs': 64, 'module__n_features': 23, 'module__n_neurons': 16, 'module__nonlin': Tanh()}
2024-05-29 17:41:34,082 0.661518 (0.057870) with: {'batch_size': 128, 'lr': 0.01, 'max_epochs': 64, 'module__n_features': 23, 'module__n_neurons': 16, 'module__nonlin': ReLU()}
2024-05-29 17:41:34,082 0.660107 (0.063569) with: {'batch_size': 128, 'lr': 0.01, 'max_epochs': 64, 'module__n_features': 23, 'module__n_neurons': 32, 'module__nonlin': Tanh()}
2024-05-29 17:41:34,082 0.652670 (0.050700) with: {'batch_size': 128, 'lr': 0.01, 'max_epochs': 64, 'module__n_features': 23, 'module__n_neurons': 32, 'module__nonlin': ReLU()}
2024-05-29 17:41:34,082 0.660069 (0.063675) with: {'batch_size': 128, 'lr': 0.01, 'max_epochs': 64, 'module__n_features': 23, 'module__n_neurons': 64, 'module__nonlin': Tanh()}
2024-05-29 17:41:34,082 0.649695 (0.046318) with: {'batch_size': 128, 'lr': 0.01, 'max_epochs': 64, 'module__n_features': 23, 'module__n_neurons': 64, 'module__nonlin': ReLU()}
2024-05-29 17:41:34,082 0.661518 (0.065204) with: {'batch_size': 128, 'lr': 0.01, 'max_epochs': 64, 'module__n_features': 23, 'module__n_neurons': 128, 'module__nonlin': Tanh()}
2024-05-29 17:41:34,082 0.630549 (0.044621) with: {'batch_size': 128, 'lr': 0.01, 'max_epochs': 64, 'module__n_features': 23, 'module__n_neurons': 128, 'module__nonlin': ReLU()}
2024-05-29 17:41:34,082 0.662128 (0.063721) with: {'batch_size': 128, 'lr': 0.01, 'max_epochs': 64, 'module__n_features': 23, 'module__n_neurons': 256, 'module__nonlin': Tanh()}
2024-05-29 17:41:34,082 0.624981 (0.035260) with: {'batch_size': 128, 'lr': 0.01, 'max_epochs': 64, 'module__n_features': 23, 'module__n_neurons': 256, 'module__nonlin': ReLU()}
2024-05-29 17:41:34,082 0.668612 (0.063643) with: {'batch_size': 128, 'lr': 0.01, 'max_epochs': 128, 'module__n_features': 23, 'module__n_neurons': 16, 'module__nonlin': Tanh()}
2024-05-29 17:41:34,082 0.650191 (0.043448) with: {'batch_size': 128, 'lr': 0.01, 'max_epochs': 128, 'module__n_features': 23, 'module__n_neurons': 16, 'module__nonlin': ReLU()}
2024-05-29 17:41:34,082 0.660183 (0.060214) with: {'batch_size': 128, 'lr': 0.01, 'max_epochs': 128, 'module__n_features': 23, 'module__n_neurons': 32, 'module__nonlin': Tanh()}
2024-05-29 17:41:34,082 0.636842 (0.044083) with: {'batch_size': 128, 'lr': 0.01, 'max_epochs': 128, 'module__n_features': 23, 'module__n_neurons': 32, 'module__nonlin': ReLU()}
2024-05-29 17:41:34,082 0.664340 (0.063655) with: {'batch_size': 128, 'lr': 0.01, 'max_epochs': 128, 'module__n_features': 23, 'module__n_neurons': 64, 'module__nonlin': Tanh()}
2024-05-29 17:41:34,082 0.623341 (0.043447) with: {'batch_size': 128, 'lr': 0.01, 'max_epochs': 128, 'module__n_features': 23, 'module__n_neurons': 64, 'module__nonlin': ReLU()}
2024-05-29 17:41:34,082 0.660259 (0.067413) with: {'batch_size': 128, 'lr': 0.01, 'max_epochs': 128, 'module__n_features': 23, 'module__n_neurons': 128, 'module__nonlin': Tanh()}
2024-05-29 17:41:34,082 0.613310 (0.048162) with: {'batch_size': 128, 'lr': 0.01, 'max_epochs': 128, 'module__n_features': 23, 'module__n_neurons': 128, 'module__nonlin': ReLU()}
2024-05-29 17:41:34,082 0.654805 (0.059095) with: {'batch_size': 128, 'lr': 0.01, 'max_epochs': 128, 'module__n_features': 23, 'module__n_neurons': 256, 'module__nonlin': Tanh()}
2024-05-29 17:41:34,082 0.610069 (0.040205) with: {'batch_size': 128, 'lr': 0.01, 'max_epochs': 128, 'module__n_features': 23, 'module__n_neurons': 256, 'module__nonlin': ReLU()}
2024-05-29 17:41:34,082 0.653509 (0.058909) with: {'batch_size': 128, 'lr': 0.02, 'max_epochs': 16, 'module__n_features': 23, 'module__n_neurons': 16, 'module__nonlin': Tanh()}
2024-05-29 17:41:34,082 0.657513 (0.053970) with: {'batch_size': 128, 'lr': 0.02, 'max_epochs': 16, 'module__n_features': 23, 'module__n_neurons': 16, 'module__nonlin': ReLU()}
2024-05-29 17:41:34,082 0.655492 (0.057641) with: {'batch_size': 128, 'lr': 0.02, 'max_epochs': 16, 'module__n_features': 23, 'module__n_neurons': 32, 'module__nonlin': Tanh()}
2024-05-29 17:41:34,082 0.650381 (0.057654) with: {'batch_size': 128, 'lr': 0.02, 'max_epochs': 16, 'module__n_features': 23, 'module__n_neurons': 32, 'module__nonlin': ReLU()}
2024-05-29 17:41:34,082 0.656903 (0.063976) with: {'batch_size': 128, 'lr': 0.02, 'max_epochs': 16, 'module__n_features': 23, 'module__n_neurons': 64, 'module__nonlin': Tanh()}
2024-05-29 17:41:34,083 0.656903 (0.054905) with: {'batch_size': 128, 'lr': 0.02, 'max_epochs': 16, 'module__n_features': 23, 'module__n_neurons': 64, 'module__nonlin': ReLU()}
2024-05-29 17:41:34,083 0.657971 (0.063949) with: {'batch_size': 128, 'lr': 0.02, 'max_epochs': 16, 'module__n_features': 23, 'module__n_neurons': 128, 'module__nonlin': Tanh()}
2024-05-29 17:41:34,083 0.656712 (0.046166) with: {'batch_size': 128, 'lr': 0.02, 'max_epochs': 16, 'module__n_features': 23, 'module__n_neurons': 128, 'module__nonlin': ReLU()}
2024-05-29 17:41:34,083 0.658696 (0.063411) with: {'batch_size': 128, 'lr': 0.02, 'max_epochs': 16, 'module__n_features': 23, 'module__n_neurons': 256, 'module__nonlin': Tanh()}
2024-05-29 17:41:34,083 0.653166 (0.044281) with: {'batch_size': 128, 'lr': 0.02, 'max_epochs': 16, 'module__n_features': 23, 'module__n_neurons': 256, 'module__nonlin': ReLU()}
2024-05-29 17:41:34,083 0.659153 (0.063064) with: {'batch_size': 128, 'lr': 0.02, 'max_epochs': 32, 'module__n_features': 23, 'module__n_neurons': 16, 'module__nonlin': Tanh()}
2024-05-29 17:41:34,083 0.660717 (0.066238) with: {'batch_size': 128, 'lr': 0.02, 'max_epochs': 32, 'module__n_features': 23, 'module__n_neurons': 16, 'module__nonlin': ReLU()}
2024-05-29 17:41:34,083 0.659001 (0.064511) with: {'batch_size': 128, 'lr': 0.02, 'max_epochs': 32, 'module__n_features': 23, 'module__n_neurons': 32, 'module__nonlin': Tanh()}
2024-05-29 17:41:34,083 0.653356 (0.043654) with: {'batch_size': 128, 'lr': 0.02, 'max_epochs': 32, 'module__n_features': 23, 'module__n_neurons': 32, 'module__nonlin': ReLU()}
2024-05-29 17:41:34,083 0.658581 (0.064576) with: {'batch_size': 128, 'lr': 0.02, 'max_epochs': 32, 'module__n_features': 23, 'module__n_neurons': 64, 'module__nonlin': Tanh()}
2024-05-29 17:41:34,083 0.656140 (0.038073) with: {'batch_size': 128, 'lr': 0.02, 'max_epochs': 32, 'module__n_features': 23, 'module__n_neurons': 64, 'module__nonlin': ReLU()}
2024-05-29 17:41:34,083 0.660107 (0.064355) with: {'batch_size': 128, 'lr': 0.02, 'max_epochs': 32, 'module__n_features': 23, 'module__n_neurons': 128, 'module__nonlin': Tanh()}
2024-05-29 17:41:34,083 0.638253 (0.048848) with: {'batch_size': 128, 'lr': 0.02, 'max_epochs': 32, 'module__n_features': 23, 'module__n_neurons': 128, 'module__nonlin': ReLU()}
2024-05-29 17:41:34,083 0.662128 (0.063731) with: {'batch_size': 128, 'lr': 0.02, 'max_epochs': 32, 'module__n_features': 23, 'module__n_neurons': 256, 'module__nonlin': Tanh()}
2024-05-29 17:41:34,083 0.633219 (0.039336) with: {'batch_size': 128, 'lr': 0.02, 'max_epochs': 32, 'module__n_features': 23, 'module__n_neurons': 256, 'module__nonlin': ReLU()}
2024-05-29 17:41:34,083 0.661404 (0.061107) with: {'batch_size': 128, 'lr': 0.02, 'max_epochs': 64, 'module__n_features': 23, 'module__n_neurons': 16, 'module__nonlin': Tanh()}
2024-05-29 17:41:34,083 0.661632 (0.054863) with: {'batch_size': 128, 'lr': 0.02, 'max_epochs': 64, 'module__n_features': 23, 'module__n_neurons': 16, 'module__nonlin': ReLU()}
2024-05-29 17:41:34,083 0.663997 (0.063290) with: {'batch_size': 128, 'lr': 0.02, 'max_epochs': 64, 'module__n_features': 23, 'module__n_neurons': 32, 'module__nonlin': Tanh()}
2024-05-29 17:41:34,083 0.646262 (0.059340) with: {'batch_size': 128, 'lr': 0.02, 'max_epochs': 64, 'module__n_features': 23, 'module__n_neurons': 32, 'module__nonlin': ReLU()}
2024-05-29 17:41:34,083 0.664607 (0.062864) with: {'batch_size': 128, 'lr': 0.02, 'max_epochs': 64, 'module__n_features': 23, 'module__n_neurons': 64, 'module__nonlin': Tanh()}
2024-05-29 17:41:34,083 0.624485 (0.045360) with: {'batch_size': 128, 'lr': 0.02, 'max_epochs': 64, 'module__n_features': 23, 'module__n_neurons': 64, 'module__nonlin': ReLU()}
2024-05-29 17:41:34,083 0.661823 (0.064104) with: {'batch_size': 128, 'lr': 0.02, 'max_epochs': 64, 'module__n_features': 23, 'module__n_neurons': 128, 'module__nonlin': Tanh()}
2024-05-29 17:41:34,083 0.607208 (0.039541) with: {'batch_size': 128, 'lr': 0.02, 'max_epochs': 64, 'module__n_features': 23, 'module__n_neurons': 128, 'module__nonlin': ReLU()}
2024-05-29 17:41:34,083 0.662395 (0.062307) with: {'batch_size': 128, 'lr': 0.02, 'max_epochs': 64, 'module__n_features': 23, 'module__n_neurons': 256, 'module__nonlin': Tanh()}
2024-05-29 17:41:34,083 0.593021 (0.057708) with: {'batch_size': 128, 'lr': 0.02, 'max_epochs': 64, 'module__n_features': 23, 'module__n_neurons': 256, 'module__nonlin': ReLU()}
2024-05-29 17:41:34,083 0.648398 (0.059422) with: {'batch_size': 128, 'lr': 0.02, 'max_epochs': 128, 'module__n_features': 23, 'module__n_neurons': 16, 'module__nonlin': Tanh()}
2024-05-29 17:41:34,083 0.644584 (0.047193) with: {'batch_size': 128, 'lr': 0.02, 'max_epochs': 128, 'module__n_features': 23, 'module__n_neurons': 16, 'module__nonlin': ReLU()}
2024-05-29 17:41:34,083 0.635355 (0.040620) with: {'batch_size': 128, 'lr': 0.02, 'max_epochs': 128, 'module__n_features': 23, 'module__n_neurons': 32, 'module__nonlin': Tanh()}
2024-05-29 17:41:34,083 0.632761 (0.028805) with: {'batch_size': 128, 'lr': 0.02, 'max_epochs': 128, 'module__n_features': 23, 'module__n_neurons': 32, 'module__nonlin': ReLU()}
2024-05-29 17:41:34,083 0.624867 (0.043718) with: {'batch_size': 128, 'lr': 0.02, 'max_epochs': 128, 'module__n_features': 23, 'module__n_neurons': 64, 'module__nonlin': Tanh()}
2024-05-29 17:41:34,083 0.599809 (0.035358) with: {'batch_size': 128, 'lr': 0.02, 'max_epochs': 128, 'module__n_features': 23, 'module__n_neurons': 64, 'module__nonlin': ReLU()}
2024-05-29 17:41:34,083 0.623494 (0.046287) with: {'batch_size': 128, 'lr': 0.02, 'max_epochs': 128, 'module__n_features': 23, 'module__n_neurons': 128, 'module__nonlin': Tanh()}
2024-05-29 17:41:34,083 0.600934 (0.056191) with: {'batch_size': 128, 'lr': 0.02, 'max_epochs': 128, 'module__n_features': 23, 'module__n_neurons': 128, 'module__nonlin': ReLU()}
2024-05-29 17:41:34,083 0.622311 (0.051072) with: {'batch_size': 128, 'lr': 0.02, 'max_epochs': 128, 'module__n_features': 23, 'module__n_neurons': 256, 'module__nonlin': Tanh()}
2024-05-29 17:41:34,083 0.598951 (0.043894) with: {'batch_size': 128, 'lr': 0.02, 'max_epochs': 128, 'module__n_features': 23, 'module__n_neurons': 256, 'module__nonlin': ReLU()}
