2024-06-02 17:04:28,901 Best: 0.671091 using {'batch_size': 32, 'lr': 0.02, 'max_epochs': 16, 'module__n_features': 23, 'module__n_neurons': 256, 'module__nonlin': Tanh()}
2024-06-02 17:04:28,902 Best estimator configuration: 
 <class 'skorch.classifier.NeuralNetClassifier'>[initialized](
  module_=Module2Layers(
    (dense0): Linear(in_features=23, out_features=256, bias=True)
    (act): Tanh()
    (dense1): Linear(in_features=256, out_features=256, bias=True)
    (output): Linear(in_features=256, out_features=1, bias=True)
    (sigmoid): Sigmoid()
  ),
)
2024-06-02 17:04:28,902 0.624752 (0.045385) with: {'batch_size': 16, 'lr': 0.001, 'max_epochs': 16, 'module__n_features': 23, 'module__n_neurons': 16, 'module__nonlin': Tanh()}
2024-06-02 17:04:28,902 0.612433 (0.062828) with: {'batch_size': 16, 'lr': 0.001, 'max_epochs': 16, 'module__n_features': 23, 'module__n_neurons': 16, 'module__nonlin': ReLU()}
2024-06-02 17:04:28,902 0.658924 (0.060466) with: {'batch_size': 16, 'lr': 0.001, 'max_epochs': 16, 'module__n_features': 23, 'module__n_neurons': 32, 'module__nonlin': Tanh()}
2024-06-02 17:04:28,902 0.642601 (0.055143) with: {'batch_size': 16, 'lr': 0.001, 'max_epochs': 16, 'module__n_features': 23, 'module__n_neurons': 32, 'module__nonlin': ReLU()}
2024-06-02 17:04:28,902 0.653661 (0.053083) with: {'batch_size': 16, 'lr': 0.001, 'max_epochs': 16, 'module__n_features': 23, 'module__n_neurons': 64, 'module__nonlin': Tanh()}
2024-06-02 17:04:28,902 0.647902 (0.056924) with: {'batch_size': 16, 'lr': 0.001, 'max_epochs': 16, 'module__n_features': 23, 'module__n_neurons': 64, 'module__nonlin': ReLU()}
2024-06-02 17:04:28,902 0.659649 (0.062262) with: {'batch_size': 16, 'lr': 0.001, 'max_epochs': 16, 'module__n_features': 23, 'module__n_neurons': 128, 'module__nonlin': Tanh()}
2024-06-02 17:04:28,902 0.655759 (0.050859) with: {'batch_size': 16, 'lr': 0.001, 'max_epochs': 16, 'module__n_features': 23, 'module__n_neurons': 128, 'module__nonlin': ReLU()}
2024-06-02 17:04:28,902 0.660641 (0.060412) with: {'batch_size': 16, 'lr': 0.001, 'max_epochs': 16, 'module__n_features': 23, 'module__n_neurons': 256, 'module__nonlin': Tanh()}
2024-06-02 17:04:28,902 0.655149 (0.051346) with: {'batch_size': 16, 'lr': 0.001, 'max_epochs': 16, 'module__n_features': 23, 'module__n_neurons': 256, 'module__nonlin': ReLU()}
2024-06-02 17:04:28,902 0.653166 (0.054600) with: {'batch_size': 16, 'lr': 0.001, 'max_epochs': 32, 'module__n_features': 23, 'module__n_neurons': 16, 'module__nonlin': Tanh()}
2024-06-02 17:04:28,902 0.634477 (0.035092) with: {'batch_size': 16, 'lr': 0.001, 'max_epochs': 32, 'module__n_features': 23, 'module__n_neurons': 16, 'module__nonlin': ReLU()}
2024-06-02 17:04:28,902 0.651449 (0.059161) with: {'batch_size': 16, 'lr': 0.001, 'max_epochs': 32, 'module__n_features': 23, 'module__n_neurons': 32, 'module__nonlin': Tanh()}
2024-06-02 17:04:28,902 0.645538 (0.056307) with: {'batch_size': 16, 'lr': 0.001, 'max_epochs': 32, 'module__n_features': 23, 'module__n_neurons': 32, 'module__nonlin': ReLU()}
2024-06-02 17:04:28,902 0.657437 (0.059169) with: {'batch_size': 16, 'lr': 0.001, 'max_epochs': 32, 'module__n_features': 23, 'module__n_neurons': 64, 'module__nonlin': Tanh()}
2024-06-02 17:04:28,902 0.653394 (0.058207) with: {'batch_size': 16, 'lr': 0.001, 'max_epochs': 32, 'module__n_features': 23, 'module__n_neurons': 64, 'module__nonlin': ReLU()}
2024-06-02 17:04:28,902 0.659992 (0.062379) with: {'batch_size': 16, 'lr': 0.001, 'max_epochs': 32, 'module__n_features': 23, 'module__n_neurons': 128, 'module__nonlin': Tanh()}
2024-06-02 17:04:28,902 0.654844 (0.047338) with: {'batch_size': 16, 'lr': 0.001, 'max_epochs': 32, 'module__n_features': 23, 'module__n_neurons': 128, 'module__nonlin': ReLU()}
2024-06-02 17:04:28,902 0.659344 (0.062237) with: {'batch_size': 16, 'lr': 0.001, 'max_epochs': 32, 'module__n_features': 23, 'module__n_neurons': 256, 'module__nonlin': Tanh()}
2024-06-02 17:04:28,906 0.643173 (0.038975) with: {'batch_size': 16, 'lr': 0.001, 'max_epochs': 32, 'module__n_features': 23, 'module__n_neurons': 256, 'module__nonlin': ReLU()}
2024-06-02 17:04:28,906 0.654539 (0.059274) with: {'batch_size': 16, 'lr': 0.001, 'max_epochs': 64, 'module__n_features': 23, 'module__n_neurons': 16, 'module__nonlin': Tanh()}
2024-06-02 17:04:28,906 0.658505 (0.059156) with: {'batch_size': 16, 'lr': 0.001, 'max_epochs': 64, 'module__n_features': 23, 'module__n_neurons': 16, 'module__nonlin': ReLU()}
2024-06-02 17:04:28,906 0.659992 (0.062985) with: {'batch_size': 16, 'lr': 0.001, 'max_epochs': 64, 'module__n_features': 23, 'module__n_neurons': 32, 'module__nonlin': Tanh()}
2024-06-02 17:04:28,906 0.665523 (0.059260) with: {'batch_size': 16, 'lr': 0.001, 'max_epochs': 64, 'module__n_features': 23, 'module__n_neurons': 32, 'module__nonlin': ReLU()}
2024-06-02 17:04:28,906 0.657208 (0.063055) with: {'batch_size': 16, 'lr': 0.001, 'max_epochs': 64, 'module__n_features': 23, 'module__n_neurons': 64, 'module__nonlin': Tanh()}
2024-06-02 17:04:28,906 0.648474 (0.054550) with: {'batch_size': 16, 'lr': 0.001, 'max_epochs': 64, 'module__n_features': 23, 'module__n_neurons': 64, 'module__nonlin': ReLU()}
2024-06-02 17:04:28,906 0.659306 (0.062554) with: {'batch_size': 16, 'lr': 0.001, 'max_epochs': 64, 'module__n_features': 23, 'module__n_neurons': 128, 'module__nonlin': Tanh()}
2024-06-02 17:04:28,906 0.637986 (0.060685) with: {'batch_size': 16, 'lr': 0.001, 'max_epochs': 64, 'module__n_features': 23, 'module__n_neurons': 128, 'module__nonlin': ReLU()}
2024-06-02 17:04:28,906 0.660145 (0.062312) with: {'batch_size': 16, 'lr': 0.001, 'max_epochs': 64, 'module__n_features': 23, 'module__n_neurons': 256, 'module__nonlin': Tanh()}
2024-06-02 17:04:28,906 0.611499 (0.029719) with: {'batch_size': 16, 'lr': 0.001, 'max_epochs': 64, 'module__n_features': 23, 'module__n_neurons': 256, 'module__nonlin': ReLU()}
2024-06-02 17:04:28,906 0.659497 (0.064803) with: {'batch_size': 16, 'lr': 0.001, 'max_epochs': 128, 'module__n_features': 23, 'module__n_neurons': 16, 'module__nonlin': Tanh()}
2024-06-02 17:04:28,906 0.651945 (0.056739) with: {'batch_size': 16, 'lr': 0.001, 'max_epochs': 128, 'module__n_features': 23, 'module__n_neurons': 16, 'module__nonlin': ReLU()}
2024-06-02 17:04:28,906 0.660946 (0.063470) with: {'batch_size': 16, 'lr': 0.001, 'max_epochs': 128, 'module__n_features': 23, 'module__n_neurons': 32, 'module__nonlin': Tanh()}
2024-06-02 17:04:28,906 0.645767 (0.052406) with: {'batch_size': 16, 'lr': 0.001, 'max_epochs': 128, 'module__n_features': 23, 'module__n_neurons': 32, 'module__nonlin': ReLU()}
2024-06-02 17:04:28,906 0.660908 (0.064363) with: {'batch_size': 16, 'lr': 0.001, 'max_epochs': 128, 'module__n_features': 23, 'module__n_neurons': 64, 'module__nonlin': Tanh()}
2024-06-02 17:04:28,906 0.643021 (0.033548) with: {'batch_size': 16, 'lr': 0.001, 'max_epochs': 128, 'module__n_features': 23, 'module__n_neurons': 64, 'module__nonlin': ReLU()}
2024-06-02 17:04:28,906 0.661365 (0.065635) with: {'batch_size': 16, 'lr': 0.001, 'max_epochs': 128, 'module__n_features': 23, 'module__n_neurons': 128, 'module__nonlin': Tanh()}
2024-06-02 17:04:28,906 0.600686 (0.041004) with: {'batch_size': 16, 'lr': 0.001, 'max_epochs': 128, 'module__n_features': 23, 'module__n_neurons': 128, 'module__nonlin': ReLU()}
2024-06-02 17:04:28,906 0.655950 (0.055573) with: {'batch_size': 16, 'lr': 0.001, 'max_epochs': 128, 'module__n_features': 23, 'module__n_neurons': 256, 'module__nonlin': Tanh()}
2024-06-02 17:04:28,907 0.592010 (0.056392) with: {'batch_size': 16, 'lr': 0.001, 'max_epochs': 128, 'module__n_features': 23, 'module__n_neurons': 256, 'module__nonlin': ReLU()}
2024-06-02 17:04:28,907 0.658047 (0.061724) with: {'batch_size': 16, 'lr': 0.01, 'max_epochs': 16, 'module__n_features': 23, 'module__n_neurons': 16, 'module__nonlin': Tanh()}
2024-06-02 17:04:28,907 0.657628 (0.056623) with: {'batch_size': 16, 'lr': 0.01, 'max_epochs': 16, 'module__n_features': 23, 'module__n_neurons': 16, 'module__nonlin': ReLU()}
2024-06-02 17:04:28,907 0.657666 (0.061191) with: {'batch_size': 16, 'lr': 0.01, 'max_epochs': 16, 'module__n_features': 23, 'module__n_neurons': 32, 'module__nonlin': Tanh()}
2024-06-02 17:04:28,907 0.654767 (0.057979) with: {'batch_size': 16, 'lr': 0.01, 'max_epochs': 16, 'module__n_features': 23, 'module__n_neurons': 32, 'module__nonlin': ReLU()}
2024-06-02 17:04:28,907 0.655301 (0.061397) with: {'batch_size': 16, 'lr': 0.01, 'max_epochs': 16, 'module__n_features': 23, 'module__n_neurons': 64, 'module__nonlin': Tanh()}
2024-06-02 17:04:28,907 0.624447 (0.051111) with: {'batch_size': 16, 'lr': 0.01, 'max_epochs': 16, 'module__n_features': 23, 'module__n_neurons': 64, 'module__nonlin': ReLU()}
2024-06-02 17:04:28,907 0.657056 (0.058075) with: {'batch_size': 16, 'lr': 0.01, 'max_epochs': 16, 'module__n_features': 23, 'module__n_neurons': 128, 'module__nonlin': Tanh()}
2024-06-02 17:04:28,907 0.621281 (0.037596) with: {'batch_size': 16, 'lr': 0.01, 'max_epochs': 16, 'module__n_features': 23, 'module__n_neurons': 128, 'module__nonlin': ReLU()}
2024-06-02 17:04:28,907 0.663806 (0.063636) with: {'batch_size': 16, 'lr': 0.01, 'max_epochs': 16, 'module__n_features': 23, 'module__n_neurons': 256, 'module__nonlin': Tanh()}
2024-06-02 17:04:28,907 0.615389 (0.044033) with: {'batch_size': 16, 'lr': 0.01, 'max_epochs': 16, 'module__n_features': 23, 'module__n_neurons': 256, 'module__nonlin': ReLU()}
2024-06-02 17:04:28,907 0.653585 (0.058882) with: {'batch_size': 16, 'lr': 0.01, 'max_epochs': 32, 'module__n_features': 23, 'module__n_neurons': 16, 'module__nonlin': Tanh()}
2024-06-02 17:04:28,907 0.634439 (0.029811) with: {'batch_size': 16, 'lr': 0.01, 'max_epochs': 32, 'module__n_features': 23, 'module__n_neurons': 16, 'module__nonlin': ReLU()}
2024-06-02 17:04:28,907 0.658124 (0.066860) with: {'batch_size': 16, 'lr': 0.01, 'max_epochs': 32, 'module__n_features': 23, 'module__n_neurons': 32, 'module__nonlin': Tanh()}
2024-06-02 17:04:28,907 0.609764 (0.036975) with: {'batch_size': 16, 'lr': 0.01, 'max_epochs': 32, 'module__n_features': 23, 'module__n_neurons': 32, 'module__nonlin': ReLU()}
2024-06-02 17:04:28,907 0.662510 (0.066719) with: {'batch_size': 16, 'lr': 0.01, 'max_epochs': 32, 'module__n_features': 23, 'module__n_neurons': 64, 'module__nonlin': Tanh()}
2024-06-02 17:04:28,907 0.613177 (0.033817) with: {'batch_size': 16, 'lr': 0.01, 'max_epochs': 32, 'module__n_features': 23, 'module__n_neurons': 64, 'module__nonlin': ReLU()}
2024-06-02 17:04:28,907 0.653661 (0.051218) with: {'batch_size': 16, 'lr': 0.01, 'max_epochs': 32, 'module__n_features': 23, 'module__n_neurons': 128, 'module__nonlin': Tanh()}
2024-06-02 17:04:28,907 0.591972 (0.045167) with: {'batch_size': 16, 'lr': 0.01, 'max_epochs': 32, 'module__n_features': 23, 'module__n_neurons': 128, 'module__nonlin': ReLU()}
2024-06-02 17:04:28,907 0.641457 (0.052987) with: {'batch_size': 16, 'lr': 0.01, 'max_epochs': 32, 'module__n_features': 23, 'module__n_neurons': 256, 'module__nonlin': Tanh()}
2024-06-02 17:04:28,907 0.593040 (0.048440) with: {'batch_size': 16, 'lr': 0.01, 'max_epochs': 32, 'module__n_features': 23, 'module__n_neurons': 256, 'module__nonlin': ReLU()}
2024-06-02 17:04:28,907 0.649733 (0.058131) with: {'batch_size': 16, 'lr': 0.01, 'max_epochs': 64, 'module__n_features': 23, 'module__n_neurons': 16, 'module__nonlin': Tanh()}
2024-06-02 17:04:28,907 0.593402 (0.030445) with: {'batch_size': 16, 'lr': 0.01, 'max_epochs': 64, 'module__n_features': 23, 'module__n_neurons': 16, 'module__nonlin': ReLU()}
2024-06-02 17:04:28,907 0.639283 (0.042457) with: {'batch_size': 16, 'lr': 0.01, 'max_epochs': 64, 'module__n_features': 23, 'module__n_neurons': 32, 'module__nonlin': Tanh()}
2024-06-02 17:04:28,907 0.589111 (0.043632) with: {'batch_size': 16, 'lr': 0.01, 'max_epochs': 64, 'module__n_features': 23, 'module__n_neurons': 32, 'module__nonlin': ReLU()}
2024-06-02 17:04:28,907 0.630625 (0.045417) with: {'batch_size': 16, 'lr': 0.01, 'max_epochs': 64, 'module__n_features': 23, 'module__n_neurons': 64, 'module__nonlin': Tanh()}
2024-06-02 17:04:28,907 0.589493 (0.046641) with: {'batch_size': 16, 'lr': 0.01, 'max_epochs': 64, 'module__n_features': 23, 'module__n_neurons': 64, 'module__nonlin': ReLU()}
2024-06-02 17:04:28,907 0.642182 (0.050845) with: {'batch_size': 16, 'lr': 0.01, 'max_epochs': 64, 'module__n_features': 23, 'module__n_neurons': 128, 'module__nonlin': Tanh()}
2024-06-02 17:04:28,907 0.615313 (0.026721) with: {'batch_size': 16, 'lr': 0.01, 'max_epochs': 64, 'module__n_features': 23, 'module__n_neurons': 128, 'module__nonlin': ReLU()}
2024-06-02 17:04:28,907 0.595728 (0.054614) with: {'batch_size': 16, 'lr': 0.01, 'max_epochs': 64, 'module__n_features': 23, 'module__n_neurons': 256, 'module__nonlin': Tanh()}
2024-06-02 17:04:28,907 0.594813 (0.044397) with: {'batch_size': 16, 'lr': 0.01, 'max_epochs': 64, 'module__n_features': 23, 'module__n_neurons': 256, 'module__nonlin': ReLU()}
2024-06-02 17:04:28,907 0.627040 (0.044574) with: {'batch_size': 16, 'lr': 0.01, 'max_epochs': 128, 'module__n_features': 23, 'module__n_neurons': 16, 'module__nonlin': Tanh()}
2024-06-02 17:04:28,907 0.603070 (0.053951) with: {'batch_size': 16, 'lr': 0.01, 'max_epochs': 128, 'module__n_features': 23, 'module__n_neurons': 16, 'module__nonlin': ReLU()}
2024-06-02 17:04:28,907 0.617773 (0.050482) with: {'batch_size': 16, 'lr': 0.01, 'max_epochs': 128, 'module__n_features': 23, 'module__n_neurons': 32, 'module__nonlin': Tanh()}
2024-06-02 17:04:28,907 0.608715 (0.063499) with: {'batch_size': 16, 'lr': 0.01, 'max_epochs': 128, 'module__n_features': 23, 'module__n_neurons': 32, 'module__nonlin': ReLU()}
2024-06-02 17:04:28,907 0.606941 (0.062260) with: {'batch_size': 16, 'lr': 0.01, 'max_epochs': 128, 'module__n_features': 23, 'module__n_neurons': 64, 'module__nonlin': Tanh()}
2024-06-02 17:04:28,907 0.601983 (0.069771) with: {'batch_size': 16, 'lr': 0.01, 'max_epochs': 128, 'module__n_features': 23, 'module__n_neurons': 64, 'module__nonlin': ReLU()}
2024-06-02 17:04:28,907 0.606846 (0.037413) with: {'batch_size': 16, 'lr': 0.01, 'max_epochs': 128, 'module__n_features': 23, 'module__n_neurons': 128, 'module__nonlin': Tanh()}
2024-06-02 17:04:28,907 0.601487 (0.032658) with: {'batch_size': 16, 'lr': 0.01, 'max_epochs': 128, 'module__n_features': 23, 'module__n_neurons': 128, 'module__nonlin': ReLU()}
2024-06-02 17:04:28,907 0.613082 (0.050075) with: {'batch_size': 16, 'lr': 0.01, 'max_epochs': 128, 'module__n_features': 23, 'module__n_neurons': 256, 'module__nonlin': Tanh()}
2024-06-02 17:04:28,907 0.591190 (0.046239) with: {'batch_size': 16, 'lr': 0.01, 'max_epochs': 128, 'module__n_features': 23, 'module__n_neurons': 256, 'module__nonlin': ReLU()}
2024-06-02 17:04:28,907 0.653547 (0.060338) with: {'batch_size': 16, 'lr': 0.02, 'max_epochs': 16, 'module__n_features': 23, 'module__n_neurons': 16, 'module__nonlin': Tanh()}
2024-06-02 17:04:28,907 0.654310 (0.054989) with: {'batch_size': 16, 'lr': 0.02, 'max_epochs': 16, 'module__n_features': 23, 'module__n_neurons': 16, 'module__nonlin': ReLU()}
2024-06-02 17:04:28,907 0.654539 (0.061763) with: {'batch_size': 16, 'lr': 0.02, 'max_epochs': 16, 'module__n_features': 23, 'module__n_neurons': 32, 'module__nonlin': Tanh()}
2024-06-02 17:04:28,907 0.645690 (0.056587) with: {'batch_size': 16, 'lr': 0.02, 'max_epochs': 16, 'module__n_features': 23, 'module__n_neurons': 32, 'module__nonlin': ReLU()}
2024-06-02 17:04:28,907 0.657323 (0.058124) with: {'batch_size': 16, 'lr': 0.02, 'max_epochs': 16, 'module__n_features': 23, 'module__n_neurons': 64, 'module__nonlin': Tanh()}
2024-06-02 17:04:28,907 0.615332 (0.036728) with: {'batch_size': 16, 'lr': 0.02, 'max_epochs': 16, 'module__n_features': 23, 'module__n_neurons': 64, 'module__nonlin': ReLU()}
2024-06-02 17:04:28,907 0.654958 (0.047599) with: {'batch_size': 16, 'lr': 0.02, 'max_epochs': 16, 'module__n_features': 23, 'module__n_neurons': 128, 'module__nonlin': Tanh()}
2024-06-02 17:04:28,907 0.616495 (0.026592) with: {'batch_size': 16, 'lr': 0.02, 'max_epochs': 16, 'module__n_features': 23, 'module__n_neurons': 128, 'module__nonlin': ReLU()}
2024-06-02 17:04:28,908 0.642887 (0.045516) with: {'batch_size': 16, 'lr': 0.02, 'max_epochs': 16, 'module__n_features': 23, 'module__n_neurons': 256, 'module__nonlin': Tanh()}
2024-06-02 17:04:28,908 0.604672 (0.040041) with: {'batch_size': 16, 'lr': 0.02, 'max_epochs': 16, 'module__n_features': 23, 'module__n_neurons': 256, 'module__nonlin': ReLU()}
2024-06-02 17:04:28,908 0.648131 (0.048066) with: {'batch_size': 16, 'lr': 0.02, 'max_epochs': 32, 'module__n_features': 23, 'module__n_neurons': 16, 'module__nonlin': Tanh()}
2024-06-02 17:04:28,908 0.642410 (0.047822) with: {'batch_size': 16, 'lr': 0.02, 'max_epochs': 32, 'module__n_features': 23, 'module__n_neurons': 16, 'module__nonlin': ReLU()}
2024-06-02 17:04:28,908 0.648856 (0.054602) with: {'batch_size': 16, 'lr': 0.02, 'max_epochs': 32, 'module__n_features': 23, 'module__n_neurons': 32, 'module__nonlin': Tanh()}
2024-06-02 17:04:28,908 0.591819 (0.062414) with: {'batch_size': 16, 'lr': 0.02, 'max_epochs': 32, 'module__n_features': 23, 'module__n_neurons': 32, 'module__nonlin': ReLU()}
2024-06-02 17:04:28,908 0.647902 (0.042788) with: {'batch_size': 16, 'lr': 0.02, 'max_epochs': 32, 'module__n_features': 23, 'module__n_neurons': 64, 'module__nonlin': Tanh()}
2024-06-02 17:04:28,908 0.599142 (0.058630) with: {'batch_size': 16, 'lr': 0.02, 'max_epochs': 32, 'module__n_features': 23, 'module__n_neurons': 64, 'module__nonlin': ReLU()}
2024-06-02 17:04:28,908 0.636423 (0.041260) with: {'batch_size': 16, 'lr': 0.02, 'max_epochs': 32, 'module__n_features': 23, 'module__n_neurons': 128, 'module__nonlin': Tanh()}
2024-06-02 17:04:28,908 0.594470 (0.039525) with: {'batch_size': 16, 'lr': 0.02, 'max_epochs': 32, 'module__n_features': 23, 'module__n_neurons': 128, 'module__nonlin': ReLU()}
2024-06-02 17:04:28,908 0.623532 (0.067808) with: {'batch_size': 16, 'lr': 0.02, 'max_epochs': 32, 'module__n_features': 23, 'module__n_neurons': 256, 'module__nonlin': Tanh()}
2024-06-02 17:04:28,908 0.583905 (0.053450) with: {'batch_size': 16, 'lr': 0.02, 'max_epochs': 32, 'module__n_features': 23, 'module__n_neurons': 256, 'module__nonlin': ReLU()}
2024-06-02 17:04:28,908 0.632532 (0.044593) with: {'batch_size': 16, 'lr': 0.02, 'max_epochs': 64, 'module__n_features': 23, 'module__n_neurons': 16, 'module__nonlin': Tanh()}
2024-06-02 17:04:28,908 0.598894 (0.023056) with: {'batch_size': 16, 'lr': 0.02, 'max_epochs': 64, 'module__n_features': 23, 'module__n_neurons': 16, 'module__nonlin': ReLU()}
2024-06-02 17:04:28,908 0.637071 (0.032975) with: {'batch_size': 16, 'lr': 0.02, 'max_epochs': 64, 'module__n_features': 23, 'module__n_neurons': 32, 'module__nonlin': Tanh()}
2024-06-02 17:04:28,908 0.582304 (0.052697) with: {'batch_size': 16, 'lr': 0.02, 'max_epochs': 64, 'module__n_features': 23, 'module__n_neurons': 32, 'module__nonlin': ReLU()}
2024-06-02 17:04:28,908 0.608391 (0.060196) with: {'batch_size': 16, 'lr': 0.02, 'max_epochs': 64, 'module__n_features': 23, 'module__n_neurons': 64, 'module__nonlin': Tanh()}
2024-06-02 17:04:28,908 0.601468 (0.037754) with: {'batch_size': 16, 'lr': 0.02, 'max_epochs': 64, 'module__n_features': 23, 'module__n_neurons': 64, 'module__nonlin': ReLU()}
2024-06-02 17:04:28,908 0.605797 (0.041564) with: {'batch_size': 16, 'lr': 0.02, 'max_epochs': 64, 'module__n_features': 23, 'module__n_neurons': 128, 'module__nonlin': Tanh()}
2024-06-02 17:04:28,908 0.592315 (0.030368) with: {'batch_size': 16, 'lr': 0.02, 'max_epochs': 64, 'module__n_features': 23, 'module__n_neurons': 128, 'module__nonlin': ReLU()}
2024-06-02 17:04:28,908 0.610946 (0.045948) with: {'batch_size': 16, 'lr': 0.02, 'max_epochs': 64, 'module__n_features': 23, 'module__n_neurons': 256, 'module__nonlin': Tanh()}
2024-06-02 17:04:28,908 0.599561 (0.036719) with: {'batch_size': 16, 'lr': 0.02, 'max_epochs': 64, 'module__n_features': 23, 'module__n_neurons': 256, 'module__nonlin': ReLU()}
2024-06-02 17:04:28,908 0.602746 (0.072993) with: {'batch_size': 16, 'lr': 0.02, 'max_epochs': 128, 'module__n_features': 23, 'module__n_neurons': 16, 'module__nonlin': Tanh()}
2024-06-02 17:04:28,908 0.599314 (0.015371) with: {'batch_size': 16, 'lr': 0.02, 'max_epochs': 128, 'module__n_features': 23, 'module__n_neurons': 16, 'module__nonlin': ReLU()}
2024-06-02 17:04:28,908 0.596834 (0.071734) with: {'batch_size': 16, 'lr': 0.02, 'max_epochs': 128, 'module__n_features': 23, 'module__n_neurons': 32, 'module__nonlin': Tanh()}
2024-06-02 17:04:28,908 0.607742 (0.069783) with: {'batch_size': 16, 'lr': 0.02, 'max_epochs': 128, 'module__n_features': 23, 'module__n_neurons': 32, 'module__nonlin': ReLU()}
2024-06-02 17:04:28,908 0.585050 (0.077137) with: {'batch_size': 16, 'lr': 0.02, 'max_epochs': 128, 'module__n_features': 23, 'module__n_neurons': 64, 'module__nonlin': Tanh()}
2024-06-02 17:04:28,908 0.605721 (0.043624) with: {'batch_size': 16, 'lr': 0.02, 'max_epochs': 128, 'module__n_features': 23, 'module__n_neurons': 64, 'module__nonlin': ReLU()}
2024-06-02 17:04:28,908 0.587414 (0.055112) with: {'batch_size': 16, 'lr': 0.02, 'max_epochs': 128, 'module__n_features': 23, 'module__n_neurons': 128, 'module__nonlin': Tanh()}
2024-06-02 17:04:28,908 0.590122 (0.038848) with: {'batch_size': 16, 'lr': 0.02, 'max_epochs': 128, 'module__n_features': 23, 'module__n_neurons': 128, 'module__nonlin': ReLU()}
2024-06-02 17:04:28,908 0.604367 (0.031955) with: {'batch_size': 16, 'lr': 0.02, 'max_epochs': 128, 'module__n_features': 23, 'module__n_neurons': 256, 'module__nonlin': Tanh()}
2024-06-02 17:04:28,908 0.588005 (0.032336) with: {'batch_size': 16, 'lr': 0.02, 'max_epochs': 128, 'module__n_features': 23, 'module__n_neurons': 256, 'module__nonlin': ReLU()}
2024-06-02 17:04:28,908 0.598093 (0.056249) with: {'batch_size': 32, 'lr': 0.001, 'max_epochs': 16, 'module__n_features': 23, 'module__n_neurons': 16, 'module__nonlin': Tanh()}
2024-06-02 17:04:28,908 0.559764 (0.069967) with: {'batch_size': 32, 'lr': 0.001, 'max_epochs': 16, 'module__n_features': 23, 'module__n_neurons': 16, 'module__nonlin': ReLU()}
2024-06-02 17:04:28,908 0.646262 (0.052037) with: {'batch_size': 32, 'lr': 0.001, 'max_epochs': 16, 'module__n_features': 23, 'module__n_neurons': 32, 'module__nonlin': Tanh()}
2024-06-02 17:04:28,908 0.632113 (0.062127) with: {'batch_size': 32, 'lr': 0.001, 'max_epochs': 16, 'module__n_features': 23, 'module__n_neurons': 32, 'module__nonlin': ReLU()}
2024-06-02 17:04:28,908 0.651945 (0.057564) with: {'batch_size': 32, 'lr': 0.001, 'max_epochs': 16, 'module__n_features': 23, 'module__n_neurons': 64, 'module__nonlin': Tanh()}
2024-06-02 17:04:28,908 0.649123 (0.051395) with: {'batch_size': 32, 'lr': 0.001, 'max_epochs': 16, 'module__n_features': 23, 'module__n_neurons': 64, 'module__nonlin': ReLU()}
2024-06-02 17:04:28,908 0.656751 (0.062212) with: {'batch_size': 32, 'lr': 0.001, 'max_epochs': 16, 'module__n_features': 23, 'module__n_neurons': 128, 'module__nonlin': Tanh()}
2024-06-02 17:04:28,908 0.647483 (0.049005) with: {'batch_size': 32, 'lr': 0.001, 'max_epochs': 16, 'module__n_features': 23, 'module__n_neurons': 128, 'module__nonlin': ReLU()}
2024-06-02 17:04:28,908 0.659916 (0.061796) with: {'batch_size': 32, 'lr': 0.001, 'max_epochs': 16, 'module__n_features': 23, 'module__n_neurons': 256, 'module__nonlin': Tanh()}
2024-06-02 17:04:28,908 0.653089 (0.048706) with: {'batch_size': 32, 'lr': 0.001, 'max_epochs': 16, 'module__n_features': 23, 'module__n_neurons': 256, 'module__nonlin': ReLU()}
2024-06-02 17:04:28,908 0.657857 (0.063163) with: {'batch_size': 32, 'lr': 0.001, 'max_epochs': 32, 'module__n_features': 23, 'module__n_neurons': 16, 'module__nonlin': Tanh()}
2024-06-02 17:04:28,908 0.645767 (0.061913) with: {'batch_size': 32, 'lr': 0.001, 'max_epochs': 32, 'module__n_features': 23, 'module__n_neurons': 16, 'module__nonlin': ReLU()}
2024-06-02 17:04:28,908 0.646873 (0.048562) with: {'batch_size': 32, 'lr': 0.001, 'max_epochs': 32, 'module__n_features': 23, 'module__n_neurons': 32, 'module__nonlin': Tanh()}
2024-06-02 17:04:28,908 0.664874 (0.068290) with: {'batch_size': 32, 'lr': 0.001, 'max_epochs': 32, 'module__n_features': 23, 'module__n_neurons': 32, 'module__nonlin': ReLU()}
2024-06-02 17:04:28,908 0.655950 (0.062346) with: {'batch_size': 32, 'lr': 0.001, 'max_epochs': 32, 'module__n_features': 23, 'module__n_neurons': 64, 'module__nonlin': Tanh()}
2024-06-02 17:04:28,908 0.650305 (0.052147) with: {'batch_size': 32, 'lr': 0.001, 'max_epochs': 32, 'module__n_features': 23, 'module__n_neurons': 64, 'module__nonlin': ReLU()}
2024-06-02 17:04:28,908 0.658886 (0.062389) with: {'batch_size': 32, 'lr': 0.001, 'max_epochs': 32, 'module__n_features': 23, 'module__n_neurons': 128, 'module__nonlin': Tanh()}
2024-06-02 17:04:28,909 0.658085 (0.055908) with: {'batch_size': 32, 'lr': 0.001, 'max_epochs': 32, 'module__n_features': 23, 'module__n_neurons': 128, 'module__nonlin': ReLU()}
2024-06-02 17:04:28,909 0.658886 (0.062663) with: {'batch_size': 32, 'lr': 0.001, 'max_epochs': 32, 'module__n_features': 23, 'module__n_neurons': 256, 'module__nonlin': Tanh()}
2024-06-02 17:04:28,909 0.650725 (0.048214) with: {'batch_size': 32, 'lr': 0.001, 'max_epochs': 32, 'module__n_features': 23, 'module__n_neurons': 256, 'module__nonlin': ReLU()}
2024-06-02 17:04:28,909 0.651831 (0.055103) with: {'batch_size': 32, 'lr': 0.001, 'max_epochs': 64, 'module__n_features': 23, 'module__n_neurons': 16, 'module__nonlin': Tanh()}
2024-06-02 17:04:28,909 0.650839 (0.061252) with: {'batch_size': 32, 'lr': 0.001, 'max_epochs': 64, 'module__n_features': 23, 'module__n_neurons': 16, 'module__nonlin': ReLU()}
2024-06-02 17:04:28,909 0.657666 (0.060570) with: {'batch_size': 32, 'lr': 0.001, 'max_epochs': 64, 'module__n_features': 23, 'module__n_neurons': 32, 'module__nonlin': Tanh()}
2024-06-02 17:04:28,909 0.658619 (0.055919) with: {'batch_size': 32, 'lr': 0.001, 'max_epochs': 64, 'module__n_features': 23, 'module__n_neurons': 32, 'module__nonlin': ReLU()}
2024-06-02 17:04:28,909 0.656484 (0.060670) with: {'batch_size': 32, 'lr': 0.001, 'max_epochs': 64, 'module__n_features': 23, 'module__n_neurons': 64, 'module__nonlin': Tanh()}
2024-06-02 17:04:28,909 0.656827 (0.045304) with: {'batch_size': 32, 'lr': 0.001, 'max_epochs': 64, 'module__n_features': 23, 'module__n_neurons': 64, 'module__nonlin': ReLU()}
2024-06-02 17:04:28,909 0.659573 (0.064437) with: {'batch_size': 32, 'lr': 0.001, 'max_epochs': 64, 'module__n_features': 23, 'module__n_neurons': 128, 'module__nonlin': Tanh()}
2024-06-02 17:04:28,909 0.635736 (0.046752) with: {'batch_size': 32, 'lr': 0.001, 'max_epochs': 64, 'module__n_features': 23, 'module__n_neurons': 128, 'module__nonlin': ReLU()}
2024-06-02 17:04:28,909 0.659992 (0.063107) with: {'batch_size': 32, 'lr': 0.001, 'max_epochs': 64, 'module__n_features': 23, 'module__n_neurons': 256, 'module__nonlin': Tanh()}
2024-06-02 17:04:28,909 0.607227 (0.060671) with: {'batch_size': 32, 'lr': 0.001, 'max_epochs': 64, 'module__n_features': 23, 'module__n_neurons': 256, 'module__nonlin': ReLU()}
2024-06-02 17:04:28,909 0.658124 (0.064429) with: {'batch_size': 32, 'lr': 0.001, 'max_epochs': 128, 'module__n_features': 23, 'module__n_neurons': 16, 'module__nonlin': Tanh()}
2024-06-02 17:04:28,909 0.658696 (0.056817) with: {'batch_size': 32, 'lr': 0.001, 'max_epochs': 128, 'module__n_features': 23, 'module__n_neurons': 16, 'module__nonlin': ReLU()}
2024-06-02 17:04:28,909 0.659230 (0.065125) with: {'batch_size': 32, 'lr': 0.001, 'max_epochs': 128, 'module__n_features': 23, 'module__n_neurons': 32, 'module__nonlin': Tanh()}
2024-06-02 17:04:28,909 0.653852 (0.043685) with: {'batch_size': 32, 'lr': 0.001, 'max_epochs': 128, 'module__n_features': 23, 'module__n_neurons': 32, 'module__nonlin': ReLU()}
2024-06-02 17:04:28,909 0.659458 (0.063924) with: {'batch_size': 32, 'lr': 0.001, 'max_epochs': 128, 'module__n_features': 23, 'module__n_neurons': 64, 'module__nonlin': Tanh()}
2024-06-02 17:04:28,909 0.639130 (0.037601) with: {'batch_size': 32, 'lr': 0.001, 'max_epochs': 128, 'module__n_features': 23, 'module__n_neurons': 64, 'module__nonlin': ReLU()}
2024-06-02 17:04:28,909 0.662014 (0.063310) with: {'batch_size': 32, 'lr': 0.001, 'max_epochs': 128, 'module__n_features': 23, 'module__n_neurons': 128, 'module__nonlin': Tanh()}
2024-06-02 17:04:28,909 0.603852 (0.055520) with: {'batch_size': 32, 'lr': 0.001, 'max_epochs': 128, 'module__n_features': 23, 'module__n_neurons': 128, 'module__nonlin': ReLU()}
2024-06-02 17:04:28,909 0.654386 (0.053655) with: {'batch_size': 32, 'lr': 0.001, 'max_epochs': 128, 'module__n_features': 23, 'module__n_neurons': 256, 'module__nonlin': Tanh()}
2024-06-02 17:04:28,909 0.588673 (0.055475) with: {'batch_size': 32, 'lr': 0.001, 'max_epochs': 128, 'module__n_features': 23, 'module__n_neurons': 256, 'module__nonlin': ReLU()}
2024-06-02 17:04:28,909 0.657933 (0.063385) with: {'batch_size': 32, 'lr': 0.01, 'max_epochs': 16, 'module__n_features': 23, 'module__n_neurons': 16, 'module__nonlin': Tanh()}
2024-06-02 17:04:28,909 0.654481 (0.055877) with: {'batch_size': 32, 'lr': 0.01, 'max_epochs': 16, 'module__n_features': 23, 'module__n_neurons': 16, 'module__nonlin': ReLU()}
2024-06-02 17:04:28,909 0.659153 (0.063665) with: {'batch_size': 32, 'lr': 0.01, 'max_epochs': 16, 'module__n_features': 23, 'module__n_neurons': 32, 'module__nonlin': Tanh()}
2024-06-02 17:04:28,909 0.654958 (0.059760) with: {'batch_size': 32, 'lr': 0.01, 'max_epochs': 16, 'module__n_features': 23, 'module__n_neurons': 32, 'module__nonlin': ReLU()}
2024-06-02 17:04:28,909 0.658124 (0.061762) with: {'batch_size': 32, 'lr': 0.01, 'max_epochs': 16, 'module__n_features': 23, 'module__n_neurons': 64, 'module__nonlin': Tanh()}
2024-06-02 17:04:28,909 0.640427 (0.038896) with: {'batch_size': 32, 'lr': 0.01, 'max_epochs': 16, 'module__n_features': 23, 'module__n_neurons': 64, 'module__nonlin': ReLU()}
2024-06-02 17:04:28,909 0.657742 (0.063041) with: {'batch_size': 32, 'lr': 0.01, 'max_epochs': 16, 'module__n_features': 23, 'module__n_neurons': 128, 'module__nonlin': Tanh()}
2024-06-02 17:04:28,909 0.612166 (0.034459) with: {'batch_size': 32, 'lr': 0.01, 'max_epochs': 16, 'module__n_features': 23, 'module__n_neurons': 128, 'module__nonlin': ReLU()}
2024-06-02 17:04:28,909 0.661175 (0.059740) with: {'batch_size': 32, 'lr': 0.01, 'max_epochs': 16, 'module__n_features': 23, 'module__n_neurons': 256, 'module__nonlin': Tanh()}
2024-06-02 17:04:28,909 0.616705 (0.034446) with: {'batch_size': 32, 'lr': 0.01, 'max_epochs': 16, 'module__n_features': 23, 'module__n_neurons': 256, 'module__nonlin': ReLU()}
2024-06-02 17:04:28,909 0.660717 (0.063824) with: {'batch_size': 32, 'lr': 0.01, 'max_epochs': 32, 'module__n_features': 23, 'module__n_neurons': 16, 'module__nonlin': Tanh()}
2024-06-02 17:04:28,909 0.646377 (0.045319) with: {'batch_size': 32, 'lr': 0.01, 'max_epochs': 32, 'module__n_features': 23, 'module__n_neurons': 16, 'module__nonlin': ReLU()}
2024-06-02 17:04:28,909 0.660412 (0.062612) with: {'batch_size': 32, 'lr': 0.01, 'max_epochs': 32, 'module__n_features': 23, 'module__n_neurons': 32, 'module__nonlin': Tanh()}
2024-06-02 17:04:28,909 0.634211 (0.048923) with: {'batch_size': 32, 'lr': 0.01, 'max_epochs': 32, 'module__n_features': 23, 'module__n_neurons': 32, 'module__nonlin': ReLU()}
2024-06-02 17:04:28,909 0.654996 (0.064649) with: {'batch_size': 32, 'lr': 0.01, 'max_epochs': 32, 'module__n_features': 23, 'module__n_neurons': 64, 'module__nonlin': Tanh()}
2024-06-02 17:04:28,909 0.628585 (0.035953) with: {'batch_size': 32, 'lr': 0.01, 'max_epochs': 32, 'module__n_features': 23, 'module__n_neurons': 64, 'module__nonlin': ReLU()}
2024-06-02 17:04:28,909 0.659268 (0.068276) with: {'batch_size': 32, 'lr': 0.01, 'max_epochs': 32, 'module__n_features': 23, 'module__n_neurons': 128, 'module__nonlin': Tanh()}
2024-06-02 17:04:28,909 0.585336 (0.062513) with: {'batch_size': 32, 'lr': 0.01, 'max_epochs': 32, 'module__n_features': 23, 'module__n_neurons': 128, 'module__nonlin': ReLU()}
2024-06-02 17:04:28,909 0.638253 (0.044182) with: {'batch_size': 32, 'lr': 0.01, 'max_epochs': 32, 'module__n_features': 23, 'module__n_neurons': 256, 'module__nonlin': Tanh()}
2024-06-02 17:04:28,909 0.591876 (0.056880) with: {'batch_size': 32, 'lr': 0.01, 'max_epochs': 32, 'module__n_features': 23, 'module__n_neurons': 256, 'module__nonlin': ReLU()}
2024-06-02 17:04:28,909 0.660069 (0.064349) with: {'batch_size': 32, 'lr': 0.01, 'max_epochs': 64, 'module__n_features': 23, 'module__n_neurons': 16, 'module__nonlin': Tanh()}
2024-06-02 17:04:28,909 0.625305 (0.020228) with: {'batch_size': 32, 'lr': 0.01, 'max_epochs': 64, 'module__n_features': 23, 'module__n_neurons': 16, 'module__nonlin': ReLU()}
2024-06-02 17:04:28,909 0.642182 (0.067814) with: {'batch_size': 32, 'lr': 0.01, 'max_epochs': 64, 'module__n_features': 23, 'module__n_neurons': 32, 'module__nonlin': Tanh()}
2024-06-02 17:04:28,909 0.611442 (0.043291) with: {'batch_size': 32, 'lr': 0.01, 'max_epochs': 64, 'module__n_features': 23, 'module__n_neurons': 32, 'module__nonlin': ReLU()}
2024-06-02 17:04:28,909 0.635126 (0.059075) with: {'batch_size': 32, 'lr': 0.01, 'max_epochs': 64, 'module__n_features': 23, 'module__n_neurons': 64, 'module__nonlin': Tanh()}
2024-06-02 17:04:28,909 0.599886 (0.037438) with: {'batch_size': 32, 'lr': 0.01, 'max_epochs': 64, 'module__n_features': 23, 'module__n_neurons': 64, 'module__nonlin': ReLU()}
2024-06-02 17:04:28,909 0.622121 (0.053194) with: {'batch_size': 32, 'lr': 0.01, 'max_epochs': 64, 'module__n_features': 23, 'module__n_neurons': 128, 'module__nonlin': Tanh()}
2024-06-02 17:04:28,910 0.602021 (0.039217) with: {'batch_size': 32, 'lr': 0.01, 'max_epochs': 64, 'module__n_features': 23, 'module__n_neurons': 128, 'module__nonlin': ReLU()}
2024-06-02 17:04:28,910 0.622044 (0.044526) with: {'batch_size': 32, 'lr': 0.01, 'max_epochs': 64, 'module__n_features': 23, 'module__n_neurons': 256, 'module__nonlin': Tanh()}
2024-06-02 17:04:28,910 0.608600 (0.039303) with: {'batch_size': 32, 'lr': 0.01, 'max_epochs': 64, 'module__n_features': 23, 'module__n_neurons': 256, 'module__nonlin': ReLU()}
2024-06-02 17:04:28,910 0.632304 (0.026661) with: {'batch_size': 32, 'lr': 0.01, 'max_epochs': 128, 'module__n_features': 23, 'module__n_neurons': 16, 'module__nonlin': Tanh()}
2024-06-02 17:04:28,910 0.621320 (0.034069) with: {'batch_size': 32, 'lr': 0.01, 'max_epochs': 128, 'module__n_features': 23, 'module__n_neurons': 16, 'module__nonlin': ReLU()}
2024-06-02 17:04:28,910 0.611327 (0.044634) with: {'batch_size': 32, 'lr': 0.01, 'max_epochs': 128, 'module__n_features': 23, 'module__n_neurons': 32, 'module__nonlin': Tanh()}
2024-06-02 17:04:28,910 0.598646 (0.044904) with: {'batch_size': 32, 'lr': 0.01, 'max_epochs': 128, 'module__n_features': 23, 'module__n_neurons': 32, 'module__nonlin': ReLU()}
2024-06-02 17:04:28,910 0.601220 (0.043970) with: {'batch_size': 32, 'lr': 0.01, 'max_epochs': 128, 'module__n_features': 23, 'module__n_neurons': 64, 'module__nonlin': Tanh()}
2024-06-02 17:04:28,910 0.594012 (0.045854) with: {'batch_size': 32, 'lr': 0.01, 'max_epochs': 128, 'module__n_features': 23, 'module__n_neurons': 64, 'module__nonlin': ReLU()}
2024-06-02 17:04:28,910 0.597063 (0.051105) with: {'batch_size': 32, 'lr': 0.01, 'max_epochs': 128, 'module__n_features': 23, 'module__n_neurons': 128, 'module__nonlin': Tanh()}
2024-06-02 17:04:28,910 0.590713 (0.052350) with: {'batch_size': 32, 'lr': 0.01, 'max_epochs': 128, 'module__n_features': 23, 'module__n_neurons': 128, 'module__nonlin': ReLU()}
2024-06-02 17:04:28,910 0.597883 (0.040854) with: {'batch_size': 32, 'lr': 0.01, 'max_epochs': 128, 'module__n_features': 23, 'module__n_neurons': 256, 'module__nonlin': Tanh()}
2024-06-02 17:04:28,910 0.593459 (0.045396) with: {'batch_size': 32, 'lr': 0.01, 'max_epochs': 128, 'module__n_features': 23, 'module__n_neurons': 256, 'module__nonlin': ReLU()}
2024-06-02 17:04:28,910 0.658085 (0.061651) with: {'batch_size': 32, 'lr': 0.02, 'max_epochs': 16, 'module__n_features': 23, 'module__n_neurons': 16, 'module__nonlin': Tanh()}
2024-06-02 17:04:28,910 0.658200 (0.065598) with: {'batch_size': 32, 'lr': 0.02, 'max_epochs': 16, 'module__n_features': 23, 'module__n_neurons': 16, 'module__nonlin': ReLU()}
2024-06-02 17:04:28,910 0.656217 (0.064320) with: {'batch_size': 32, 'lr': 0.02, 'max_epochs': 16, 'module__n_features': 23, 'module__n_neurons': 32, 'module__nonlin': Tanh()}
2024-06-02 17:04:28,910 0.629291 (0.051774) with: {'batch_size': 32, 'lr': 0.02, 'max_epochs': 16, 'module__n_features': 23, 'module__n_neurons': 32, 'module__nonlin': ReLU()}
2024-06-02 17:04:28,910 0.657437 (0.061699) with: {'batch_size': 32, 'lr': 0.02, 'max_epochs': 16, 'module__n_features': 23, 'module__n_neurons': 64, 'module__nonlin': Tanh()}
2024-06-02 17:04:28,910 0.611480 (0.041710) with: {'batch_size': 32, 'lr': 0.02, 'max_epochs': 16, 'module__n_features': 23, 'module__n_neurons': 64, 'module__nonlin': ReLU()}
2024-06-02 17:04:28,910 0.666629 (0.060315) with: {'batch_size': 32, 'lr': 0.02, 'max_epochs': 16, 'module__n_features': 23, 'module__n_neurons': 128, 'module__nonlin': Tanh()}
2024-06-02 17:04:28,910 0.601945 (0.049277) with: {'batch_size': 32, 'lr': 0.02, 'max_epochs': 16, 'module__n_features': 23, 'module__n_neurons': 128, 'module__nonlin': ReLU()}
2024-06-02 17:04:28,910 0.671091 (0.048795) with: {'batch_size': 32, 'lr': 0.02, 'max_epochs': 16, 'module__n_features': 23, 'module__n_neurons': 256, 'module__nonlin': Tanh()}
2024-06-02 17:04:28,910 0.595538 (0.059931) with: {'batch_size': 32, 'lr': 0.02, 'max_epochs': 16, 'module__n_features': 23, 'module__n_neurons': 256, 'module__nonlin': ReLU()}
2024-06-02 17:04:28,910 0.653356 (0.060486) with: {'batch_size': 32, 'lr': 0.02, 'max_epochs': 32, 'module__n_features': 23, 'module__n_neurons': 16, 'module__nonlin': Tanh()}
2024-06-02 17:04:28,910 0.633791 (0.043950) with: {'batch_size': 32, 'lr': 0.02, 'max_epochs': 32, 'module__n_features': 23, 'module__n_neurons': 16, 'module__nonlin': ReLU()}
2024-06-02 17:04:28,910 0.656369 (0.065088) with: {'batch_size': 32, 'lr': 0.02, 'max_epochs': 32, 'module__n_features': 23, 'module__n_neurons': 32, 'module__nonlin': Tanh()}
2024-06-02 17:04:28,910 0.609973 (0.053733) with: {'batch_size': 32, 'lr': 0.02, 'max_epochs': 32, 'module__n_features': 23, 'module__n_neurons': 32, 'module__nonlin': ReLU()}
2024-06-02 17:04:28,910 0.644394 (0.061918) with: {'batch_size': 32, 'lr': 0.02, 'max_epochs': 32, 'module__n_features': 23, 'module__n_neurons': 64, 'module__nonlin': Tanh()}
2024-06-02 17:04:28,910 0.594069 (0.049475) with: {'batch_size': 32, 'lr': 0.02, 'max_epochs': 32, 'module__n_features': 23, 'module__n_neurons': 64, 'module__nonlin': ReLU()}
2024-06-02 17:04:28,910 0.637033 (0.030279) with: {'batch_size': 32, 'lr': 0.02, 'max_epochs': 32, 'module__n_features': 23, 'module__n_neurons': 128, 'module__nonlin': Tanh()}
2024-06-02 17:04:28,910 0.599790 (0.060363) with: {'batch_size': 32, 'lr': 0.02, 'max_epochs': 32, 'module__n_features': 23, 'module__n_neurons': 128, 'module__nonlin': ReLU()}
2024-06-02 17:04:28,910 0.627841 (0.026943) with: {'batch_size': 32, 'lr': 0.02, 'max_epochs': 32, 'module__n_features': 23, 'module__n_neurons': 256, 'module__nonlin': Tanh()}
2024-06-02 17:04:28,910 0.579596 (0.049265) with: {'batch_size': 32, 'lr': 0.02, 'max_epochs': 32, 'module__n_features': 23, 'module__n_neurons': 256, 'module__nonlin': ReLU()}
2024-06-02 17:04:28,910 0.631312 (0.045297) with: {'batch_size': 32, 'lr': 0.02, 'max_epochs': 64, 'module__n_features': 23, 'module__n_neurons': 16, 'module__nonlin': Tanh()}
2024-06-02 17:04:28,910 0.618230 (0.065448) with: {'batch_size': 32, 'lr': 0.02, 'max_epochs': 64, 'module__n_features': 23, 'module__n_neurons': 16, 'module__nonlin': ReLU()}
2024-06-02 17:04:28,910 0.618650 (0.041803) with: {'batch_size': 32, 'lr': 0.02, 'max_epochs': 64, 'module__n_features': 23, 'module__n_neurons': 32, 'module__nonlin': Tanh()}
2024-06-02 17:04:28,910 0.596358 (0.045426) with: {'batch_size': 32, 'lr': 0.02, 'max_epochs': 64, 'module__n_features': 23, 'module__n_neurons': 32, 'module__nonlin': ReLU()}
2024-06-02 17:04:28,910 0.596529 (0.045608) with: {'batch_size': 32, 'lr': 0.02, 'max_epochs': 64, 'module__n_features': 23, 'module__n_neurons': 64, 'module__nonlin': Tanh()}
2024-06-02 17:04:28,910 0.579596 (0.033501) with: {'batch_size': 32, 'lr': 0.02, 'max_epochs': 64, 'module__n_features': 23, 'module__n_neurons': 64, 'module__nonlin': ReLU()}
2024-06-02 17:04:28,910 0.603089 (0.024050) with: {'batch_size': 32, 'lr': 0.02, 'max_epochs': 64, 'module__n_features': 23, 'module__n_neurons': 128, 'module__nonlin': Tanh()}
2024-06-02 17:04:28,910 0.607456 (0.047977) with: {'batch_size': 32, 'lr': 0.02, 'max_epochs': 64, 'module__n_features': 23, 'module__n_neurons': 128, 'module__nonlin': ReLU()}
2024-06-02 17:04:28,910 0.588978 (0.067662) with: {'batch_size': 32, 'lr': 0.02, 'max_epochs': 64, 'module__n_features': 23, 'module__n_neurons': 256, 'module__nonlin': Tanh()}
2024-06-02 17:04:28,910 0.601259 (0.059935) with: {'batch_size': 32, 'lr': 0.02, 'max_epochs': 64, 'module__n_features': 23, 'module__n_neurons': 256, 'module__nonlin': ReLU()}
2024-06-02 17:04:28,910 0.603127 (0.031204) with: {'batch_size': 32, 'lr': 0.02, 'max_epochs': 128, 'module__n_features': 23, 'module__n_neurons': 16, 'module__nonlin': Tanh()}
2024-06-02 17:04:28,910 0.604996 (0.039134) with: {'batch_size': 32, 'lr': 0.02, 'max_epochs': 128, 'module__n_features': 23, 'module__n_neurons': 16, 'module__nonlin': ReLU()}
2024-06-02 17:04:28,910 0.610278 (0.025975) with: {'batch_size': 32, 'lr': 0.02, 'max_epochs': 128, 'module__n_features': 23, 'module__n_neurons': 32, 'module__nonlin': Tanh()}
2024-06-02 17:04:28,910 0.594622 (0.045635) with: {'batch_size': 32, 'lr': 0.02, 'max_epochs': 128, 'module__n_features': 23, 'module__n_neurons': 32, 'module__nonlin': ReLU()}
2024-06-02 17:04:28,910 0.571587 (0.042844) with: {'batch_size': 32, 'lr': 0.02, 'max_epochs': 128, 'module__n_features': 23, 'module__n_neurons': 64, 'module__nonlin': Tanh()}
2024-06-02 17:04:28,910 0.586785 (0.043502) with: {'batch_size': 32, 'lr': 0.02, 'max_epochs': 128, 'module__n_features': 23, 'module__n_neurons': 64, 'module__nonlin': ReLU()}
2024-06-02 17:04:28,910 0.610355 (0.048523) with: {'batch_size': 32, 'lr': 0.02, 'max_epochs': 128, 'module__n_features': 23, 'module__n_neurons': 128, 'module__nonlin': Tanh()}
2024-06-02 17:04:28,911 0.598207 (0.042753) with: {'batch_size': 32, 'lr': 0.02, 'max_epochs': 128, 'module__n_features': 23, 'module__n_neurons': 128, 'module__nonlin': ReLU()}
2024-06-02 17:04:28,911 0.623589 (0.037164) with: {'batch_size': 32, 'lr': 0.02, 'max_epochs': 128, 'module__n_features': 23, 'module__n_neurons': 256, 'module__nonlin': Tanh()}
2024-06-02 17:04:28,911 0.597426 (0.029509) with: {'batch_size': 32, 'lr': 0.02, 'max_epochs': 128, 'module__n_features': 23, 'module__n_neurons': 256, 'module__nonlin': ReLU()}
2024-06-02 17:04:28,911 0.615713 (0.037261) with: {'batch_size': 64, 'lr': 0.001, 'max_epochs': 16, 'module__n_features': 23, 'module__n_neurons': 16, 'module__nonlin': Tanh()}
2024-06-02 17:04:28,911 0.589893 (0.045219) with: {'batch_size': 64, 'lr': 0.001, 'max_epochs': 16, 'module__n_features': 23, 'module__n_neurons': 16, 'module__nonlin': ReLU()}
2024-06-02 17:04:28,911 0.652174 (0.065688) with: {'batch_size': 64, 'lr': 0.001, 'max_epochs': 16, 'module__n_features': 23, 'module__n_neurons': 32, 'module__nonlin': Tanh()}
2024-06-02 17:04:28,911 0.590465 (0.081761) with: {'batch_size': 64, 'lr': 0.001, 'max_epochs': 16, 'module__n_features': 23, 'module__n_neurons': 32, 'module__nonlin': ReLU()}
2024-06-02 17:04:28,911 0.651411 (0.058324) with: {'batch_size': 64, 'lr': 0.001, 'max_epochs': 16, 'module__n_features': 23, 'module__n_neurons': 64, 'module__nonlin': Tanh()}
2024-06-02 17:04:28,911 0.630320 (0.056900) with: {'batch_size': 64, 'lr': 0.001, 'max_epochs': 16, 'module__n_features': 23, 'module__n_neurons': 64, 'module__nonlin': ReLU()}
2024-06-02 17:04:28,911 0.653928 (0.055129) with: {'batch_size': 64, 'lr': 0.001, 'max_epochs': 16, 'module__n_features': 23, 'module__n_neurons': 128, 'module__nonlin': Tanh()}
2024-06-02 17:04:28,911 0.644317 (0.047737) with: {'batch_size': 64, 'lr': 0.001, 'max_epochs': 16, 'module__n_features': 23, 'module__n_neurons': 128, 'module__nonlin': ReLU()}
2024-06-02 17:04:28,911 0.660641 (0.061730) with: {'batch_size': 64, 'lr': 0.001, 'max_epochs': 16, 'module__n_features': 23, 'module__n_neurons': 256, 'module__nonlin': Tanh()}
2024-06-02 17:04:28,911 0.649542 (0.046602) with: {'batch_size': 64, 'lr': 0.001, 'max_epochs': 16, 'module__n_features': 23, 'module__n_neurons': 256, 'module__nonlin': ReLU()}
2024-06-02 17:04:28,911 0.636766 (0.053581) with: {'batch_size': 64, 'lr': 0.001, 'max_epochs': 32, 'module__n_features': 23, 'module__n_neurons': 16, 'module__nonlin': Tanh()}
2024-06-02 17:04:28,911 0.610450 (0.038732) with: {'batch_size': 64, 'lr': 0.001, 'max_epochs': 32, 'module__n_features': 23, 'module__n_neurons': 16, 'module__nonlin': ReLU()}
2024-06-02 17:04:28,911 0.650572 (0.058080) with: {'batch_size': 64, 'lr': 0.001, 'max_epochs': 32, 'module__n_features': 23, 'module__n_neurons': 32, 'module__nonlin': Tanh()}
2024-06-02 17:04:28,911 0.631159 (0.053494) with: {'batch_size': 64, 'lr': 0.001, 'max_epochs': 32, 'module__n_features': 23, 'module__n_neurons': 32, 'module__nonlin': ReLU()}
2024-06-02 17:04:28,911 0.657132 (0.060932) with: {'batch_size': 64, 'lr': 0.001, 'max_epochs': 32, 'module__n_features': 23, 'module__n_neurons': 64, 'module__nonlin': Tanh()}
2024-06-02 17:04:28,911 0.648436 (0.060671) with: {'batch_size': 64, 'lr': 0.001, 'max_epochs': 32, 'module__n_features': 23, 'module__n_neurons': 64, 'module__nonlin': ReLU()}
2024-06-02 17:04:28,911 0.658963 (0.059484) with: {'batch_size': 64, 'lr': 0.001, 'max_epochs': 32, 'module__n_features': 23, 'module__n_neurons': 128, 'module__nonlin': Tanh()}
2024-06-02 17:04:28,911 0.650458 (0.047037) with: {'batch_size': 64, 'lr': 0.001, 'max_epochs': 32, 'module__n_features': 23, 'module__n_neurons': 128, 'module__nonlin': ReLU()}
2024-06-02 17:04:28,911 0.660107 (0.062879) with: {'batch_size': 64, 'lr': 0.001, 'max_epochs': 32, 'module__n_features': 23, 'module__n_neurons': 256, 'module__nonlin': Tanh()}
2024-06-02 17:04:28,911 0.654081 (0.052129) with: {'batch_size': 64, 'lr': 0.001, 'max_epochs': 32, 'module__n_features': 23, 'module__n_neurons': 256, 'module__nonlin': ReLU()}
2024-06-02 17:04:28,911 0.650114 (0.057437) with: {'batch_size': 64, 'lr': 0.001, 'max_epochs': 64, 'module__n_features': 23, 'module__n_neurons': 16, 'module__nonlin': Tanh()}
2024-06-02 17:04:28,911 0.660526 (0.062480) with: {'batch_size': 64, 'lr': 0.001, 'max_epochs': 64, 'module__n_features': 23, 'module__n_neurons': 16, 'module__nonlin': ReLU()}
2024-06-02 17:04:28,911 0.654119 (0.056343) with: {'batch_size': 64, 'lr': 0.001, 'max_epochs': 64, 'module__n_features': 23, 'module__n_neurons': 32, 'module__nonlin': Tanh()}
2024-06-02 17:04:28,911 0.656445 (0.054637) with: {'batch_size': 64, 'lr': 0.001, 'max_epochs': 64, 'module__n_features': 23, 'module__n_neurons': 32, 'module__nonlin': ReLU()}
2024-06-02 17:04:28,911 0.657857 (0.062655) with: {'batch_size': 64, 'lr': 0.001, 'max_epochs': 64, 'module__n_features': 23, 'module__n_neurons': 64, 'module__nonlin': Tanh()}
2024-06-02 17:04:28,911 0.652822 (0.051869) with: {'batch_size': 64, 'lr': 0.001, 'max_epochs': 64, 'module__n_features': 23, 'module__n_neurons': 64, 'module__nonlin': ReLU()}
2024-06-02 17:04:28,911 0.659725 (0.063795) with: {'batch_size': 64, 'lr': 0.001, 'max_epochs': 64, 'module__n_features': 23, 'module__n_neurons': 128, 'module__nonlin': Tanh()}
2024-06-02 17:04:28,911 0.647941 (0.049140) with: {'batch_size': 64, 'lr': 0.001, 'max_epochs': 64, 'module__n_features': 23, 'module__n_neurons': 128, 'module__nonlin': ReLU()}
2024-06-02 17:04:28,911 0.659840 (0.064063) with: {'batch_size': 64, 'lr': 0.001, 'max_epochs': 64, 'module__n_features': 23, 'module__n_neurons': 256, 'module__nonlin': Tanh()}
2024-06-02 17:04:28,911 0.628566 (0.040395) with: {'batch_size': 64, 'lr': 0.001, 'max_epochs': 64, 'module__n_features': 23, 'module__n_neurons': 256, 'module__nonlin': ReLU()}
2024-06-02 17:04:28,911 0.655988 (0.064706) with: {'batch_size': 64, 'lr': 0.001, 'max_epochs': 128, 'module__n_features': 23, 'module__n_neurons': 16, 'module__nonlin': Tanh()}
2024-06-02 17:04:28,911 0.655606 (0.062480) with: {'batch_size': 64, 'lr': 0.001, 'max_epochs': 128, 'module__n_features': 23, 'module__n_neurons': 16, 'module__nonlin': ReLU()}
2024-06-02 17:04:28,911 0.657132 (0.063618) with: {'batch_size': 64, 'lr': 0.001, 'max_epochs': 128, 'module__n_features': 23, 'module__n_neurons': 32, 'module__nonlin': Tanh()}
2024-06-02 17:04:28,911 0.658009 (0.049212) with: {'batch_size': 64, 'lr': 0.001, 'max_epochs': 128, 'module__n_features': 23, 'module__n_neurons': 32, 'module__nonlin': ReLU()}
2024-06-02 17:04:28,911 0.658810 (0.064150) with: {'batch_size': 64, 'lr': 0.001, 'max_epochs': 128, 'module__n_features': 23, 'module__n_neurons': 64, 'module__nonlin': Tanh()}
2024-06-02 17:04:28,911 0.630892 (0.037943) with: {'batch_size': 64, 'lr': 0.001, 'max_epochs': 128, 'module__n_features': 23, 'module__n_neurons': 64, 'module__nonlin': ReLU()}
2024-06-02 17:04:28,911 0.659230 (0.063351) with: {'batch_size': 64, 'lr': 0.001, 'max_epochs': 128, 'module__n_features': 23, 'module__n_neurons': 128, 'module__nonlin': Tanh()}
2024-06-02 17:04:28,911 0.627365 (0.051382) with: {'batch_size': 64, 'lr': 0.001, 'max_epochs': 128, 'module__n_features': 23, 'module__n_neurons': 128, 'module__nonlin': ReLU()}
2024-06-02 17:04:28,911 0.663196 (0.061963) with: {'batch_size': 64, 'lr': 0.001, 'max_epochs': 128, 'module__n_features': 23, 'module__n_neurons': 256, 'module__nonlin': Tanh()}
2024-06-02 17:04:28,911 0.591190 (0.054870) with: {'batch_size': 64, 'lr': 0.001, 'max_epochs': 128, 'module__n_features': 23, 'module__n_neurons': 256, 'module__nonlin': ReLU()}
2024-06-02 17:04:28,911 0.657094 (0.061150) with: {'batch_size': 64, 'lr': 0.01, 'max_epochs': 16, 'module__n_features': 23, 'module__n_neurons': 16, 'module__nonlin': Tanh()}
2024-06-02 17:04:28,911 0.646072 (0.053839) with: {'batch_size': 64, 'lr': 0.01, 'max_epochs': 16, 'module__n_features': 23, 'module__n_neurons': 16, 'module__nonlin': ReLU()}
2024-06-02 17:04:28,911 0.658848 (0.063966) with: {'batch_size': 64, 'lr': 0.01, 'max_epochs': 16, 'module__n_features': 23, 'module__n_neurons': 32, 'module__nonlin': Tanh()}
2024-06-02 17:04:28,911 0.656484 (0.045879) with: {'batch_size': 64, 'lr': 0.01, 'max_epochs': 16, 'module__n_features': 23, 'module__n_neurons': 32, 'module__nonlin': ReLU()}
2024-06-02 17:04:28,911 0.658924 (0.063610) with: {'batch_size': 64, 'lr': 0.01, 'max_epochs': 16, 'module__n_features': 23, 'module__n_neurons': 64, 'module__nonlin': Tanh()}
2024-06-02 17:04:28,911 0.660564 (0.041189) with: {'batch_size': 64, 'lr': 0.01, 'max_epochs': 16, 'module__n_features': 23, 'module__n_neurons': 64, 'module__nonlin': ReLU()}
2024-06-02 17:04:28,912 0.658772 (0.063228) with: {'batch_size': 64, 'lr': 0.01, 'max_epochs': 16, 'module__n_features': 23, 'module__n_neurons': 128, 'module__nonlin': Tanh()}
2024-06-02 17:04:28,912 0.624371 (0.054774) with: {'batch_size': 64, 'lr': 0.01, 'max_epochs': 16, 'module__n_features': 23, 'module__n_neurons': 128, 'module__nonlin': ReLU()}
2024-06-02 17:04:28,912 0.657895 (0.062704) with: {'batch_size': 64, 'lr': 0.01, 'max_epochs': 16, 'module__n_features': 23, 'module__n_neurons': 256, 'module__nonlin': Tanh()}
2024-06-02 17:04:28,912 0.622693 (0.055435) with: {'batch_size': 64, 'lr': 0.01, 'max_epochs': 16, 'module__n_features': 23, 'module__n_neurons': 256, 'module__nonlin': ReLU()}
2024-06-02 17:04:28,912 0.661365 (0.064595) with: {'batch_size': 64, 'lr': 0.01, 'max_epochs': 32, 'module__n_features': 23, 'module__n_neurons': 16, 'module__nonlin': Tanh()}
2024-06-02 17:04:28,912 0.653432 (0.051156) with: {'batch_size': 64, 'lr': 0.01, 'max_epochs': 32, 'module__n_features': 23, 'module__n_neurons': 16, 'module__nonlin': ReLU()}
2024-06-02 17:04:28,912 0.658658 (0.063119) with: {'batch_size': 64, 'lr': 0.01, 'max_epochs': 32, 'module__n_features': 23, 'module__n_neurons': 32, 'module__nonlin': Tanh()}
2024-06-02 17:04:28,912 0.636156 (0.054569) with: {'batch_size': 64, 'lr': 0.01, 'max_epochs': 32, 'module__n_features': 23, 'module__n_neurons': 32, 'module__nonlin': ReLU()}
2024-06-02 17:04:28,912 0.660908 (0.064709) with: {'batch_size': 64, 'lr': 0.01, 'max_epochs': 32, 'module__n_features': 23, 'module__n_neurons': 64, 'module__nonlin': Tanh()}
2024-06-02 17:04:28,912 0.601754 (0.061869) with: {'batch_size': 64, 'lr': 0.01, 'max_epochs': 32, 'module__n_features': 23, 'module__n_neurons': 64, 'module__nonlin': ReLU()}
2024-06-02 17:04:28,912 0.657399 (0.063956) with: {'batch_size': 64, 'lr': 0.01, 'max_epochs': 32, 'module__n_features': 23, 'module__n_neurons': 128, 'module__nonlin': Tanh()}
2024-06-02 17:04:28,912 0.591419 (0.065147) with: {'batch_size': 64, 'lr': 0.01, 'max_epochs': 32, 'module__n_features': 23, 'module__n_neurons': 128, 'module__nonlin': ReLU()}
2024-06-02 17:04:28,912 0.657285 (0.066402) with: {'batch_size': 64, 'lr': 0.01, 'max_epochs': 32, 'module__n_features': 23, 'module__n_neurons': 256, 'module__nonlin': Tanh()}
2024-06-02 17:04:28,912 0.593059 (0.051900) with: {'batch_size': 64, 'lr': 0.01, 'max_epochs': 32, 'module__n_features': 23, 'module__n_neurons': 256, 'module__nonlin': ReLU()}
2024-06-02 17:04:28,912 0.663310 (0.062477) with: {'batch_size': 64, 'lr': 0.01, 'max_epochs': 64, 'module__n_features': 23, 'module__n_neurons': 16, 'module__nonlin': Tanh()}
2024-06-02 17:04:28,912 0.606217 (0.064970) with: {'batch_size': 64, 'lr': 0.01, 'max_epochs': 64, 'module__n_features': 23, 'module__n_neurons': 16, 'module__nonlin': ReLU()}
2024-06-02 17:04:28,912 0.653318 (0.069956) with: {'batch_size': 64, 'lr': 0.01, 'max_epochs': 64, 'module__n_features': 23, 'module__n_neurons': 32, 'module__nonlin': Tanh()}
2024-06-02 17:04:28,912 0.611632 (0.052243) with: {'batch_size': 64, 'lr': 0.01, 'max_epochs': 64, 'module__n_features': 23, 'module__n_neurons': 32, 'module__nonlin': ReLU()}
2024-06-02 17:04:28,912 0.655187 (0.055380) with: {'batch_size': 64, 'lr': 0.01, 'max_epochs': 64, 'module__n_features': 23, 'module__n_neurons': 64, 'module__nonlin': Tanh()}
2024-06-02 17:04:28,912 0.601468 (0.065268) with: {'batch_size': 64, 'lr': 0.01, 'max_epochs': 64, 'module__n_features': 23, 'module__n_neurons': 64, 'module__nonlin': ReLU()}
2024-06-02 17:04:28,912 0.632113 (0.056217) with: {'batch_size': 64, 'lr': 0.01, 'max_epochs': 64, 'module__n_features': 23, 'module__n_neurons': 128, 'module__nonlin': Tanh()}
2024-06-02 17:04:28,912 0.581140 (0.062622) with: {'batch_size': 64, 'lr': 0.01, 'max_epochs': 64, 'module__n_features': 23, 'module__n_neurons': 128, 'module__nonlin': ReLU()}
2024-06-02 17:04:28,912 0.601106 (0.040376) with: {'batch_size': 64, 'lr': 0.01, 'max_epochs': 64, 'module__n_features': 23, 'module__n_neurons': 256, 'module__nonlin': Tanh()}
2024-06-02 17:04:28,912 0.599542 (0.041003) with: {'batch_size': 64, 'lr': 0.01, 'max_epochs': 64, 'module__n_features': 23, 'module__n_neurons': 256, 'module__nonlin': ReLU()}
2024-06-02 17:04:28,912 0.626278 (0.038628) with: {'batch_size': 64, 'lr': 0.01, 'max_epochs': 128, 'module__n_features': 23, 'module__n_neurons': 16, 'module__nonlin': Tanh()}
2024-06-02 17:04:28,912 0.614378 (0.063666) with: {'batch_size': 64, 'lr': 0.01, 'max_epochs': 128, 'module__n_features': 23, 'module__n_neurons': 16, 'module__nonlin': ReLU()}
2024-06-02 17:04:28,912 0.621587 (0.041260) with: {'batch_size': 64, 'lr': 0.01, 'max_epochs': 128, 'module__n_features': 23, 'module__n_neurons': 32, 'module__nonlin': Tanh()}
2024-06-02 17:04:28,912 0.605111 (0.033494) with: {'batch_size': 64, 'lr': 0.01, 'max_epochs': 128, 'module__n_features': 23, 'module__n_neurons': 32, 'module__nonlin': ReLU()}
2024-06-02 17:04:28,912 0.613730 (0.045965) with: {'batch_size': 64, 'lr': 0.01, 'max_epochs': 128, 'module__n_features': 23, 'module__n_neurons': 64, 'module__nonlin': Tanh()}
2024-06-02 17:04:28,912 0.587891 (0.049930) with: {'batch_size': 64, 'lr': 0.01, 'max_epochs': 128, 'module__n_features': 23, 'module__n_neurons': 64, 'module__nonlin': ReLU()}
2024-06-02 17:04:28,912 0.604386 (0.059455) with: {'batch_size': 64, 'lr': 0.01, 'max_epochs': 128, 'module__n_features': 23, 'module__n_neurons': 128, 'module__nonlin': Tanh()}
2024-06-02 17:04:28,912 0.603814 (0.040001) with: {'batch_size': 64, 'lr': 0.01, 'max_epochs': 128, 'module__n_features': 23, 'module__n_neurons': 128, 'module__nonlin': ReLU()}
2024-06-02 17:04:28,912 0.606674 (0.036986) with: {'batch_size': 64, 'lr': 0.01, 'max_epochs': 128, 'module__n_features': 23, 'module__n_neurons': 256, 'module__nonlin': Tanh()}
2024-06-02 17:04:28,912 0.603280 (0.041039) with: {'batch_size': 64, 'lr': 0.01, 'max_epochs': 128, 'module__n_features': 23, 'module__n_neurons': 256, 'module__nonlin': ReLU()}
2024-06-02 17:04:28,912 0.657475 (0.062702) with: {'batch_size': 64, 'lr': 0.02, 'max_epochs': 16, 'module__n_features': 23, 'module__n_neurons': 16, 'module__nonlin': Tanh()}
2024-06-02 17:04:28,912 0.655435 (0.059133) with: {'batch_size': 64, 'lr': 0.02, 'max_epochs': 16, 'module__n_features': 23, 'module__n_neurons': 16, 'module__nonlin': ReLU()}
2024-06-02 17:04:28,912 0.658467 (0.063039) with: {'batch_size': 64, 'lr': 0.02, 'max_epochs': 16, 'module__n_features': 23, 'module__n_neurons': 32, 'module__nonlin': Tanh()}
2024-06-02 17:04:28,912 0.653890 (0.044391) with: {'batch_size': 64, 'lr': 0.02, 'max_epochs': 16, 'module__n_features': 23, 'module__n_neurons': 32, 'module__nonlin': ReLU()}
2024-06-02 17:04:28,912 0.658619 (0.062022) with: {'batch_size': 64, 'lr': 0.02, 'max_epochs': 16, 'module__n_features': 23, 'module__n_neurons': 64, 'module__nonlin': Tanh()}
2024-06-02 17:04:28,912 0.625706 (0.052720) with: {'batch_size': 64, 'lr': 0.02, 'max_epochs': 16, 'module__n_features': 23, 'module__n_neurons': 64, 'module__nonlin': ReLU()}
2024-06-02 17:04:28,912 0.663043 (0.062358) with: {'batch_size': 64, 'lr': 0.02, 'max_epochs': 16, 'module__n_features': 23, 'module__n_neurons': 128, 'module__nonlin': Tanh()}
2024-06-02 17:04:28,912 0.618307 (0.053010) with: {'batch_size': 64, 'lr': 0.02, 'max_epochs': 16, 'module__n_features': 23, 'module__n_neurons': 128, 'module__nonlin': ReLU()}
2024-06-02 17:04:28,912 0.655492 (0.063552) with: {'batch_size': 64, 'lr': 0.02, 'max_epochs': 16, 'module__n_features': 23, 'module__n_neurons': 256, 'module__nonlin': Tanh()}
2024-06-02 17:04:28,912 0.623150 (0.043018) with: {'batch_size': 64, 'lr': 0.02, 'max_epochs': 16, 'module__n_features': 23, 'module__n_neurons': 256, 'module__nonlin': ReLU()}
2024-06-02 17:04:28,912 0.664569 (0.063920) with: {'batch_size': 64, 'lr': 0.02, 'max_epochs': 32, 'module__n_features': 23, 'module__n_neurons': 16, 'module__nonlin': Tanh()}
2024-06-02 17:04:28,912 0.629710 (0.035419) with: {'batch_size': 64, 'lr': 0.02, 'max_epochs': 32, 'module__n_features': 23, 'module__n_neurons': 16, 'module__nonlin': ReLU()}
2024-06-02 17:04:28,912 0.664150 (0.059884) with: {'batch_size': 64, 'lr': 0.02, 'max_epochs': 32, 'module__n_features': 23, 'module__n_neurons': 32, 'module__nonlin': Tanh()}
2024-06-02 17:04:28,912 0.616819 (0.051852) with: {'batch_size': 64, 'lr': 0.02, 'max_epochs': 32, 'module__n_features': 23, 'module__n_neurons': 32, 'module__nonlin': ReLU()}
2024-06-02 17:04:28,912 0.653776 (0.069578) with: {'batch_size': 64, 'lr': 0.02, 'max_epochs': 32, 'module__n_features': 23, 'module__n_neurons': 64, 'module__nonlin': Tanh()}
2024-06-02 17:04:28,912 0.591972 (0.066813) with: {'batch_size': 64, 'lr': 0.02, 'max_epochs': 32, 'module__n_features': 23, 'module__n_neurons': 64, 'module__nonlin': ReLU()}
2024-06-02 17:04:28,913 0.653394 (0.058121) with: {'batch_size': 64, 'lr': 0.02, 'max_epochs': 32, 'module__n_features': 23, 'module__n_neurons': 128, 'module__nonlin': Tanh()}
2024-06-02 17:04:28,913 0.592620 (0.066346) with: {'batch_size': 64, 'lr': 0.02, 'max_epochs': 32, 'module__n_features': 23, 'module__n_neurons': 128, 'module__nonlin': ReLU()}
2024-06-02 17:04:28,913 0.641762 (0.043253) with: {'batch_size': 64, 'lr': 0.02, 'max_epochs': 32, 'module__n_features': 23, 'module__n_neurons': 256, 'module__nonlin': Tanh()}
2024-06-02 17:04:28,913 0.579519 (0.058911) with: {'batch_size': 64, 'lr': 0.02, 'max_epochs': 32, 'module__n_features': 23, 'module__n_neurons': 256, 'module__nonlin': ReLU()}
2024-06-02 17:04:28,913 0.646987 (0.048083) with: {'batch_size': 64, 'lr': 0.02, 'max_epochs': 64, 'module__n_features': 23, 'module__n_neurons': 16, 'module__nonlin': Tanh()}
2024-06-02 17:04:28,913 0.614302 (0.054093) with: {'batch_size': 64, 'lr': 0.02, 'max_epochs': 64, 'module__n_features': 23, 'module__n_neurons': 16, 'module__nonlin': ReLU()}
2024-06-02 17:04:28,913 0.623608 (0.062115) with: {'batch_size': 64, 'lr': 0.02, 'max_epochs': 64, 'module__n_features': 23, 'module__n_neurons': 32, 'module__nonlin': Tanh()}
2024-06-02 17:04:28,913 0.617429 (0.040497) with: {'batch_size': 64, 'lr': 0.02, 'max_epochs': 64, 'module__n_features': 23, 'module__n_neurons': 32, 'module__nonlin': ReLU()}
2024-06-02 17:04:28,913 0.618726 (0.050835) with: {'batch_size': 64, 'lr': 0.02, 'max_epochs': 64, 'module__n_features': 23, 'module__n_neurons': 64, 'module__nonlin': Tanh()}
2024-06-02 17:04:28,913 0.587643 (0.041153) with: {'batch_size': 64, 'lr': 0.02, 'max_epochs': 64, 'module__n_features': 23, 'module__n_neurons': 64, 'module__nonlin': ReLU()}
2024-06-02 17:04:28,913 0.601640 (0.051967) with: {'batch_size': 64, 'lr': 0.02, 'max_epochs': 64, 'module__n_features': 23, 'module__n_neurons': 128, 'module__nonlin': Tanh()}
2024-06-02 17:04:28,913 0.576983 (0.042559) with: {'batch_size': 64, 'lr': 0.02, 'max_epochs': 64, 'module__n_features': 23, 'module__n_neurons': 128, 'module__nonlin': ReLU()}
2024-06-02 17:04:28,913 0.611594 (0.043641) with: {'batch_size': 64, 'lr': 0.02, 'max_epochs': 64, 'module__n_features': 23, 'module__n_neurons': 256, 'module__nonlin': Tanh()}
2024-06-02 17:04:28,913 0.582685 (0.054508) with: {'batch_size': 64, 'lr': 0.02, 'max_epochs': 64, 'module__n_features': 23, 'module__n_neurons': 256, 'module__nonlin': ReLU()}
2024-06-02 17:04:28,913 0.586861 (0.045491) with: {'batch_size': 64, 'lr': 0.02, 'max_epochs': 128, 'module__n_features': 23, 'module__n_neurons': 16, 'module__nonlin': Tanh()}
2024-06-02 17:04:28,913 0.610526 (0.043071) with: {'batch_size': 64, 'lr': 0.02, 'max_epochs': 128, 'module__n_features': 23, 'module__n_neurons': 16, 'module__nonlin': ReLU()}
2024-06-02 17:04:28,913 0.603089 (0.036466) with: {'batch_size': 64, 'lr': 0.02, 'max_epochs': 128, 'module__n_features': 23, 'module__n_neurons': 32, 'module__nonlin': Tanh()}
2024-06-02 17:04:28,913 0.598303 (0.049143) with: {'batch_size': 64, 'lr': 0.02, 'max_epochs': 128, 'module__n_features': 23, 'module__n_neurons': 32, 'module__nonlin': ReLU()}
2024-06-02 17:04:28,913 0.583257 (0.049724) with: {'batch_size': 64, 'lr': 0.02, 'max_epochs': 128, 'module__n_features': 23, 'module__n_neurons': 64, 'module__nonlin': Tanh()}
2024-06-02 17:04:28,913 0.590503 (0.053315) with: {'batch_size': 64, 'lr': 0.02, 'max_epochs': 128, 'module__n_features': 23, 'module__n_neurons': 64, 'module__nonlin': ReLU()}
2024-06-02 17:04:28,913 0.600095 (0.026790) with: {'batch_size': 64, 'lr': 0.02, 'max_epochs': 128, 'module__n_features': 23, 'module__n_neurons': 128, 'module__nonlin': Tanh()}
2024-06-02 17:04:28,913 0.586308 (0.061881) with: {'batch_size': 64, 'lr': 0.02, 'max_epochs': 128, 'module__n_features': 23, 'module__n_neurons': 128, 'module__nonlin': ReLU()}
2024-06-02 17:04:28,913 0.620347 (0.065039) with: {'batch_size': 64, 'lr': 0.02, 'max_epochs': 128, 'module__n_features': 23, 'module__n_neurons': 256, 'module__nonlin': Tanh()}
2024-06-02 17:04:28,913 0.589836 (0.045877) with: {'batch_size': 64, 'lr': 0.02, 'max_epochs': 128, 'module__n_features': 23, 'module__n_neurons': 256, 'module__nonlin': ReLU()}
2024-06-02 17:04:28,913 0.543097 (0.051141) with: {'batch_size': 128, 'lr': 0.001, 'max_epochs': 16, 'module__n_features': 23, 'module__n_neurons': 16, 'module__nonlin': Tanh()}
2024-06-02 17:04:28,913 0.533238 (0.047621) with: {'batch_size': 128, 'lr': 0.001, 'max_epochs': 16, 'module__n_features': 23, 'module__n_neurons': 16, 'module__nonlin': ReLU()}
2024-06-02 17:04:28,913 0.615980 (0.054054) with: {'batch_size': 128, 'lr': 0.001, 'max_epochs': 16, 'module__n_features': 23, 'module__n_neurons': 32, 'module__nonlin': Tanh()}
2024-06-02 17:04:28,913 0.512204 (0.072807) with: {'batch_size': 128, 'lr': 0.001, 'max_epochs': 16, 'module__n_features': 23, 'module__n_neurons': 32, 'module__nonlin': ReLU()}
2024-06-02 17:04:28,913 0.627956 (0.052576) with: {'batch_size': 128, 'lr': 0.001, 'max_epochs': 16, 'module__n_features': 23, 'module__n_neurons': 64, 'module__nonlin': Tanh()}
2024-06-02 17:04:28,913 0.615408 (0.069076) with: {'batch_size': 128, 'lr': 0.001, 'max_epochs': 16, 'module__n_features': 23, 'module__n_neurons': 64, 'module__nonlin': ReLU()}
2024-06-02 17:04:28,913 0.644088 (0.053812) with: {'batch_size': 128, 'lr': 0.001, 'max_epochs': 16, 'module__n_features': 23, 'module__n_neurons': 128, 'module__nonlin': Tanh()}
2024-06-02 17:04:28,913 0.632227 (0.048867) with: {'batch_size': 128, 'lr': 0.001, 'max_epochs': 16, 'module__n_features': 23, 'module__n_neurons': 128, 'module__nonlin': ReLU()}
2024-06-02 17:04:28,913 0.653738 (0.058811) with: {'batch_size': 128, 'lr': 0.001, 'max_epochs': 16, 'module__n_features': 23, 'module__n_neurons': 256, 'module__nonlin': Tanh()}
2024-06-02 17:04:28,913 0.649962 (0.053803) with: {'batch_size': 128, 'lr': 0.001, 'max_epochs': 16, 'module__n_features': 23, 'module__n_neurons': 256, 'module__nonlin': ReLU()}
2024-06-02 17:04:28,913 0.603966 (0.045327) with: {'batch_size': 128, 'lr': 0.001, 'max_epochs': 32, 'module__n_features': 23, 'module__n_neurons': 16, 'module__nonlin': Tanh()}
2024-06-02 17:04:28,913 0.584897 (0.023029) with: {'batch_size': 128, 'lr': 0.001, 'max_epochs': 32, 'module__n_features': 23, 'module__n_neurons': 16, 'module__nonlin': ReLU()}
2024-06-02 17:04:28,913 0.639111 (0.051317) with: {'batch_size': 128, 'lr': 0.001, 'max_epochs': 32, 'module__n_features': 23, 'module__n_neurons': 32, 'module__nonlin': Tanh()}
2024-06-02 17:04:28,913 0.611289 (0.060346) with: {'batch_size': 128, 'lr': 0.001, 'max_epochs': 32, 'module__n_features': 23, 'module__n_neurons': 32, 'module__nonlin': ReLU()}
2024-06-02 17:04:28,913 0.648818 (0.055674) with: {'batch_size': 128, 'lr': 0.001, 'max_epochs': 32, 'module__n_features': 23, 'module__n_neurons': 64, 'module__nonlin': Tanh()}
2024-06-02 17:04:28,913 0.650839 (0.056521) with: {'batch_size': 128, 'lr': 0.001, 'max_epochs': 32, 'module__n_features': 23, 'module__n_neurons': 64, 'module__nonlin': ReLU()}
2024-06-02 17:04:28,913 0.654844 (0.057922) with: {'batch_size': 128, 'lr': 0.001, 'max_epochs': 32, 'module__n_features': 23, 'module__n_neurons': 128, 'module__nonlin': Tanh()}
2024-06-02 17:04:28,913 0.658924 (0.056794) with: {'batch_size': 128, 'lr': 0.001, 'max_epochs': 32, 'module__n_features': 23, 'module__n_neurons': 128, 'module__nonlin': ReLU()}
2024-06-02 17:04:28,913 0.659764 (0.062831) with: {'batch_size': 128, 'lr': 0.001, 'max_epochs': 32, 'module__n_features': 23, 'module__n_neurons': 256, 'module__nonlin': Tanh()}
2024-06-02 17:04:28,913 0.653356 (0.046088) with: {'batch_size': 128, 'lr': 0.001, 'max_epochs': 32, 'module__n_features': 23, 'module__n_neurons': 256, 'module__nonlin': ReLU()}
2024-06-02 17:04:28,913 0.645652 (0.060666) with: {'batch_size': 128, 'lr': 0.001, 'max_epochs': 64, 'module__n_features': 23, 'module__n_neurons': 16, 'module__nonlin': Tanh()}
2024-06-02 17:04:28,913 0.611709 (0.048364) with: {'batch_size': 128, 'lr': 0.001, 'max_epochs': 64, 'module__n_features': 23, 'module__n_neurons': 16, 'module__nonlin': ReLU()}
2024-06-02 17:04:28,913 0.645576 (0.052325) with: {'batch_size': 128, 'lr': 0.001, 'max_epochs': 64, 'module__n_features': 23, 'module__n_neurons': 32, 'module__nonlin': Tanh()}
2024-06-02 17:04:28,913 0.641915 (0.048779) with: {'batch_size': 128, 'lr': 0.001, 'max_epochs': 64, 'module__n_features': 23, 'module__n_neurons': 32, 'module__nonlin': ReLU()}
2024-06-02 17:04:28,913 0.658581 (0.056161) with: {'batch_size': 128, 'lr': 0.001, 'max_epochs': 64, 'module__n_features': 23, 'module__n_neurons': 64, 'module__nonlin': Tanh()}
2024-06-02 17:04:28,914 0.647788 (0.052122) with: {'batch_size': 128, 'lr': 0.001, 'max_epochs': 64, 'module__n_features': 23, 'module__n_neurons': 64, 'module__nonlin': ReLU()}
2024-06-02 17:04:28,914 0.658848 (0.063313) with: {'batch_size': 128, 'lr': 0.001, 'max_epochs': 64, 'module__n_features': 23, 'module__n_neurons': 128, 'module__nonlin': Tanh()}
2024-06-02 17:04:28,914 0.658085 (0.054597) with: {'batch_size': 128, 'lr': 0.001, 'max_epochs': 64, 'module__n_features': 23, 'module__n_neurons': 128, 'module__nonlin': ReLU()}
2024-06-02 17:04:28,914 0.660145 (0.064303) with: {'batch_size': 128, 'lr': 0.001, 'max_epochs': 64, 'module__n_features': 23, 'module__n_neurons': 256, 'module__nonlin': Tanh()}
2024-06-02 17:04:28,914 0.646758 (0.041254) with: {'batch_size': 128, 'lr': 0.001, 'max_epochs': 64, 'module__n_features': 23, 'module__n_neurons': 256, 'module__nonlin': ReLU()}
2024-06-02 17:04:28,914 0.650725 (0.059885) with: {'batch_size': 128, 'lr': 0.001, 'max_epochs': 128, 'module__n_features': 23, 'module__n_neurons': 16, 'module__nonlin': Tanh()}
2024-06-02 17:04:28,914 0.654920 (0.057338) with: {'batch_size': 128, 'lr': 0.001, 'max_epochs': 128, 'module__n_features': 23, 'module__n_neurons': 16, 'module__nonlin': ReLU()}
2024-06-02 17:04:28,914 0.658314 (0.060473) with: {'batch_size': 128, 'lr': 0.001, 'max_epochs': 128, 'module__n_features': 23, 'module__n_neurons': 32, 'module__nonlin': Tanh()}
2024-06-02 17:04:28,914 0.654310 (0.052602) with: {'batch_size': 128, 'lr': 0.001, 'max_epochs': 128, 'module__n_features': 23, 'module__n_neurons': 32, 'module__nonlin': ReLU()}
2024-06-02 17:04:28,914 0.658886 (0.063075) with: {'batch_size': 128, 'lr': 0.001, 'max_epochs': 128, 'module__n_features': 23, 'module__n_neurons': 64, 'module__nonlin': Tanh()}
2024-06-02 17:04:28,914 0.654729 (0.060136) with: {'batch_size': 128, 'lr': 0.001, 'max_epochs': 128, 'module__n_features': 23, 'module__n_neurons': 64, 'module__nonlin': ReLU()}
2024-06-02 17:04:28,914 0.659344 (0.063254) with: {'batch_size': 128, 'lr': 0.001, 'max_epochs': 128, 'module__n_features': 23, 'module__n_neurons': 128, 'module__nonlin': Tanh()}
2024-06-02 17:04:28,914 0.630740 (0.051393) with: {'batch_size': 128, 'lr': 0.001, 'max_epochs': 128, 'module__n_features': 23, 'module__n_neurons': 128, 'module__nonlin': ReLU()}
2024-06-02 17:04:28,914 0.660297 (0.062703) with: {'batch_size': 128, 'lr': 0.001, 'max_epochs': 128, 'module__n_features': 23, 'module__n_neurons': 256, 'module__nonlin': Tanh()}
2024-06-02 17:04:28,914 0.613349 (0.043607) with: {'batch_size': 128, 'lr': 0.001, 'max_epochs': 128, 'module__n_features': 23, 'module__n_neurons': 256, 'module__nonlin': ReLU()}
2024-06-02 17:04:28,914 0.645957 (0.053382) with: {'batch_size': 128, 'lr': 0.01, 'max_epochs': 16, 'module__n_features': 23, 'module__n_neurons': 16, 'module__nonlin': Tanh()}
2024-06-02 17:04:28,914 0.644127 (0.057905) with: {'batch_size': 128, 'lr': 0.01, 'max_epochs': 16, 'module__n_features': 23, 'module__n_neurons': 16, 'module__nonlin': ReLU()}
2024-06-02 17:04:28,914 0.653204 (0.058883) with: {'batch_size': 128, 'lr': 0.01, 'max_epochs': 16, 'module__n_features': 23, 'module__n_neurons': 32, 'module__nonlin': Tanh()}
2024-06-02 17:04:28,914 0.646301 (0.056625) with: {'batch_size': 128, 'lr': 0.01, 'max_epochs': 16, 'module__n_features': 23, 'module__n_neurons': 32, 'module__nonlin': ReLU()}
2024-06-02 17:04:28,914 0.659153 (0.063849) with: {'batch_size': 128, 'lr': 0.01, 'max_epochs': 16, 'module__n_features': 23, 'module__n_neurons': 64, 'module__nonlin': Tanh()}
2024-06-02 17:04:28,914 0.647674 (0.048472) with: {'batch_size': 128, 'lr': 0.01, 'max_epochs': 16, 'module__n_features': 23, 'module__n_neurons': 64, 'module__nonlin': ReLU()}
2024-06-02 17:04:28,914 0.658619 (0.064653) with: {'batch_size': 128, 'lr': 0.01, 'max_epochs': 16, 'module__n_features': 23, 'module__n_neurons': 128, 'module__nonlin': Tanh()}
2024-06-02 17:04:28,914 0.631007 (0.042538) with: {'batch_size': 128, 'lr': 0.01, 'max_epochs': 16, 'module__n_features': 23, 'module__n_neurons': 128, 'module__nonlin': ReLU()}
2024-06-02 17:04:28,914 0.657857 (0.063573) with: {'batch_size': 128, 'lr': 0.01, 'max_epochs': 16, 'module__n_features': 23, 'module__n_neurons': 256, 'module__nonlin': Tanh()}
2024-06-02 17:04:28,914 0.616438 (0.045821) with: {'batch_size': 128, 'lr': 0.01, 'max_epochs': 16, 'module__n_features': 23, 'module__n_neurons': 256, 'module__nonlin': ReLU()}
2024-06-02 17:04:28,914 0.659115 (0.063390) with: {'batch_size': 128, 'lr': 0.01, 'max_epochs': 32, 'module__n_features': 23, 'module__n_neurons': 16, 'module__nonlin': Tanh()}
2024-06-02 17:04:28,914 0.653356 (0.052078) with: {'batch_size': 128, 'lr': 0.01, 'max_epochs': 32, 'module__n_features': 23, 'module__n_neurons': 16, 'module__nonlin': ReLU()}
2024-06-02 17:04:28,914 0.659764 (0.064150) with: {'batch_size': 128, 'lr': 0.01, 'max_epochs': 32, 'module__n_features': 23, 'module__n_neurons': 32, 'module__nonlin': Tanh()}
2024-06-02 17:04:28,914 0.657208 (0.056996) with: {'batch_size': 128, 'lr': 0.01, 'max_epochs': 32, 'module__n_features': 23, 'module__n_neurons': 32, 'module__nonlin': ReLU()}
2024-06-02 17:04:28,914 0.659191 (0.064402) with: {'batch_size': 128, 'lr': 0.01, 'max_epochs': 32, 'module__n_features': 23, 'module__n_neurons': 64, 'module__nonlin': Tanh()}
2024-06-02 17:04:28,914 0.636003 (0.052550) with: {'batch_size': 128, 'lr': 0.01, 'max_epochs': 32, 'module__n_features': 23, 'module__n_neurons': 64, 'module__nonlin': ReLU()}
2024-06-02 17:04:28,914 0.661937 (0.064684) with: {'batch_size': 128, 'lr': 0.01, 'max_epochs': 32, 'module__n_features': 23, 'module__n_neurons': 128, 'module__nonlin': Tanh()}
2024-06-02 17:04:28,914 0.606369 (0.054924) with: {'batch_size': 128, 'lr': 0.01, 'max_epochs': 32, 'module__n_features': 23, 'module__n_neurons': 128, 'module__nonlin': ReLU()}
2024-06-02 17:04:28,914 0.658085 (0.063976) with: {'batch_size': 128, 'lr': 0.01, 'max_epochs': 32, 'module__n_features': 23, 'module__n_neurons': 256, 'module__nonlin': Tanh()}
2024-06-02 17:04:28,914 0.602098 (0.052721) with: {'batch_size': 128, 'lr': 0.01, 'max_epochs': 32, 'module__n_features': 23, 'module__n_neurons': 256, 'module__nonlin': ReLU()}
2024-06-02 17:04:28,914 0.665713 (0.064473) with: {'batch_size': 128, 'lr': 0.01, 'max_epochs': 64, 'module__n_features': 23, 'module__n_neurons': 16, 'module__nonlin': Tanh()}
2024-06-02 17:04:28,914 0.643860 (0.051022) with: {'batch_size': 128, 'lr': 0.01, 'max_epochs': 64, 'module__n_features': 23, 'module__n_neurons': 16, 'module__nonlin': ReLU()}
2024-06-02 17:04:28,914 0.666781 (0.061268) with: {'batch_size': 128, 'lr': 0.01, 'max_epochs': 64, 'module__n_features': 23, 'module__n_neurons': 32, 'module__nonlin': Tanh()}
2024-06-02 17:04:28,914 0.608772 (0.049093) with: {'batch_size': 128, 'lr': 0.01, 'max_epochs': 64, 'module__n_features': 23, 'module__n_neurons': 32, 'module__nonlin': ReLU()}
2024-06-02 17:04:28,914 0.665866 (0.062576) with: {'batch_size': 128, 'lr': 0.01, 'max_epochs': 64, 'module__n_features': 23, 'module__n_neurons': 64, 'module__nonlin': Tanh()}
2024-06-02 17:04:28,914 0.599542 (0.048017) with: {'batch_size': 128, 'lr': 0.01, 'max_epochs': 64, 'module__n_features': 23, 'module__n_neurons': 64, 'module__nonlin': ReLU()}
2024-06-02 17:04:28,914 0.656941 (0.065691) with: {'batch_size': 128, 'lr': 0.01, 'max_epochs': 64, 'module__n_features': 23, 'module__n_neurons': 128, 'module__nonlin': Tanh()}
2024-06-02 17:04:28,914 0.572197 (0.040327) with: {'batch_size': 128, 'lr': 0.01, 'max_epochs': 64, 'module__n_features': 23, 'module__n_neurons': 128, 'module__nonlin': ReLU()}
2024-06-02 17:04:28,914 0.655759 (0.064093) with: {'batch_size': 128, 'lr': 0.01, 'max_epochs': 64, 'module__n_features': 23, 'module__n_neurons': 256, 'module__nonlin': Tanh()}
2024-06-02 17:04:28,914 0.588082 (0.048728) with: {'batch_size': 128, 'lr': 0.01, 'max_epochs': 64, 'module__n_features': 23, 'module__n_neurons': 256, 'module__nonlin': ReLU()}
2024-06-02 17:04:28,914 0.653166 (0.062235) with: {'batch_size': 128, 'lr': 0.01, 'max_epochs': 128, 'module__n_features': 23, 'module__n_neurons': 16, 'module__nonlin': Tanh()}
2024-06-02 17:04:28,914 0.596129 (0.048143) with: {'batch_size': 128, 'lr': 0.01, 'max_epochs': 128, 'module__n_features': 23, 'module__n_neurons': 16, 'module__nonlin': ReLU()}
2024-06-02 17:04:28,914 0.638291 (0.055370) with: {'batch_size': 128, 'lr': 0.01, 'max_epochs': 128, 'module__n_features': 23, 'module__n_neurons': 32, 'module__nonlin': Tanh()}
2024-06-02 17:04:28,914 0.597941 (0.070129) with: {'batch_size': 128, 'lr': 0.01, 'max_epochs': 128, 'module__n_features': 23, 'module__n_neurons': 32, 'module__nonlin': ReLU()}
2024-06-02 17:04:28,914 0.620976 (0.039425) with: {'batch_size': 128, 'lr': 0.01, 'max_epochs': 128, 'module__n_features': 23, 'module__n_neurons': 64, 'module__nonlin': Tanh()}
2024-06-02 17:04:28,915 0.590866 (0.060605) with: {'batch_size': 128, 'lr': 0.01, 'max_epochs': 128, 'module__n_features': 23, 'module__n_neurons': 64, 'module__nonlin': ReLU()}
2024-06-02 17:04:28,915 0.620671 (0.038803) with: {'batch_size': 128, 'lr': 0.01, 'max_epochs': 128, 'module__n_features': 23, 'module__n_neurons': 128, 'module__nonlin': Tanh()}
2024-06-02 17:04:28,915 0.592582 (0.039213) with: {'batch_size': 128, 'lr': 0.01, 'max_epochs': 128, 'module__n_features': 23, 'module__n_neurons': 128, 'module__nonlin': ReLU()}
2024-06-02 17:04:28,915 0.622311 (0.059238) with: {'batch_size': 128, 'lr': 0.01, 'max_epochs': 128, 'module__n_features': 23, 'module__n_neurons': 256, 'module__nonlin': Tanh()}
2024-06-02 17:04:28,915 0.584153 (0.049472) with: {'batch_size': 128, 'lr': 0.01, 'max_epochs': 128, 'module__n_features': 23, 'module__n_neurons': 256, 'module__nonlin': ReLU()}
2024-06-02 17:04:28,915 0.657590 (0.060584) with: {'batch_size': 128, 'lr': 0.02, 'max_epochs': 16, 'module__n_features': 23, 'module__n_neurons': 16, 'module__nonlin': Tanh()}
2024-06-02 17:04:28,915 0.643764 (0.060755) with: {'batch_size': 128, 'lr': 0.02, 'max_epochs': 16, 'module__n_features': 23, 'module__n_neurons': 16, 'module__nonlin': ReLU()}
2024-06-02 17:04:28,915 0.658886 (0.063408) with: {'batch_size': 128, 'lr': 0.02, 'max_epochs': 16, 'module__n_features': 23, 'module__n_neurons': 32, 'module__nonlin': Tanh()}
2024-06-02 17:04:28,915 0.650267 (0.046061) with: {'batch_size': 128, 'lr': 0.02, 'max_epochs': 16, 'module__n_features': 23, 'module__n_neurons': 32, 'module__nonlin': ReLU()}
2024-06-02 17:04:28,915 0.659039 (0.063661) with: {'batch_size': 128, 'lr': 0.02, 'max_epochs': 16, 'module__n_features': 23, 'module__n_neurons': 64, 'module__nonlin': Tanh()}
2024-06-02 17:04:28,915 0.641457 (0.055579) with: {'batch_size': 128, 'lr': 0.02, 'max_epochs': 16, 'module__n_features': 23, 'module__n_neurons': 64, 'module__nonlin': ReLU()}
2024-06-02 17:04:28,915 0.659420 (0.064290) with: {'batch_size': 128, 'lr': 0.02, 'max_epochs': 16, 'module__n_features': 23, 'module__n_neurons': 128, 'module__nonlin': Tanh()}
2024-06-02 17:04:28,915 0.619375 (0.057562) with: {'batch_size': 128, 'lr': 0.02, 'max_epochs': 16, 'module__n_features': 23, 'module__n_neurons': 128, 'module__nonlin': ReLU()}
2024-06-02 17:04:28,915 0.661670 (0.063228) with: {'batch_size': 128, 'lr': 0.02, 'max_epochs': 16, 'module__n_features': 23, 'module__n_neurons': 256, 'module__nonlin': Tanh()}
2024-06-02 17:04:28,915 0.631998 (0.040850) with: {'batch_size': 128, 'lr': 0.02, 'max_epochs': 16, 'module__n_features': 23, 'module__n_neurons': 256, 'module__nonlin': ReLU()}
2024-06-02 17:04:28,915 0.663349 (0.062224) with: {'batch_size': 128, 'lr': 0.02, 'max_epochs': 32, 'module__n_features': 23, 'module__n_neurons': 16, 'module__nonlin': Tanh()}
2024-06-02 17:04:28,915 0.663616 (0.053577) with: {'batch_size': 128, 'lr': 0.02, 'max_epochs': 32, 'module__n_features': 23, 'module__n_neurons': 16, 'module__nonlin': ReLU()}
2024-06-02 17:04:28,915 0.662243 (0.063623) with: {'batch_size': 128, 'lr': 0.02, 'max_epochs': 32, 'module__n_features': 23, 'module__n_neurons': 32, 'module__nonlin': Tanh()}
2024-06-02 17:04:28,915 0.644355 (0.045968) with: {'batch_size': 128, 'lr': 0.02, 'max_epochs': 32, 'module__n_features': 23, 'module__n_neurons': 32, 'module__nonlin': ReLU()}
2024-06-02 17:04:28,915 0.665027 (0.062992) with: {'batch_size': 128, 'lr': 0.02, 'max_epochs': 32, 'module__n_features': 23, 'module__n_neurons': 64, 'module__nonlin': Tanh()}
2024-06-02 17:04:28,915 0.613005 (0.047439) with: {'batch_size': 128, 'lr': 0.02, 'max_epochs': 32, 'module__n_features': 23, 'module__n_neurons': 64, 'module__nonlin': ReLU()}
2024-06-02 17:04:28,915 0.662395 (0.060839) with: {'batch_size': 128, 'lr': 0.02, 'max_epochs': 32, 'module__n_features': 23, 'module__n_neurons': 128, 'module__nonlin': Tanh()}
2024-06-02 17:04:28,915 0.605206 (0.058472) with: {'batch_size': 128, 'lr': 0.02, 'max_epochs': 32, 'module__n_features': 23, 'module__n_neurons': 128, 'module__nonlin': ReLU()}
2024-06-02 17:04:28,915 0.659153 (0.054973) with: {'batch_size': 128, 'lr': 0.02, 'max_epochs': 32, 'module__n_features': 23, 'module__n_neurons': 256, 'module__nonlin': Tanh()}
2024-06-02 17:04:28,915 0.602937 (0.061414) with: {'batch_size': 128, 'lr': 0.02, 'max_epochs': 32, 'module__n_features': 23, 'module__n_neurons': 256, 'module__nonlin': ReLU()}
2024-06-02 17:04:28,915 0.649962 (0.057936) with: {'batch_size': 128, 'lr': 0.02, 'max_epochs': 64, 'module__n_features': 23, 'module__n_neurons': 16, 'module__nonlin': Tanh()}
2024-06-02 17:04:28,915 0.625667 (0.039900) with: {'batch_size': 128, 'lr': 0.02, 'max_epochs': 64, 'module__n_features': 23, 'module__n_neurons': 16, 'module__nonlin': ReLU()}
2024-06-02 17:04:28,915 0.643173 (0.063118) with: {'batch_size': 128, 'lr': 0.02, 'max_epochs': 64, 'module__n_features': 23, 'module__n_neurons': 32, 'module__nonlin': Tanh()}
2024-06-02 17:04:28,915 0.605149 (0.040523) with: {'batch_size': 128, 'lr': 0.02, 'max_epochs': 64, 'module__n_features': 23, 'module__n_neurons': 32, 'module__nonlin': ReLU()}
2024-06-02 17:04:28,915 0.638863 (0.048480) with: {'batch_size': 128, 'lr': 0.02, 'max_epochs': 64, 'module__n_features': 23, 'module__n_neurons': 64, 'module__nonlin': Tanh()}
2024-06-02 17:04:28,915 0.595919 (0.059670) with: {'batch_size': 128, 'lr': 0.02, 'max_epochs': 64, 'module__n_features': 23, 'module__n_neurons': 64, 'module__nonlin': ReLU()}
2024-06-02 17:04:28,915 0.656369 (0.061390) with: {'batch_size': 128, 'lr': 0.02, 'max_epochs': 64, 'module__n_features': 23, 'module__n_neurons': 128, 'module__nonlin': Tanh()}
2024-06-02 17:04:28,915 0.580378 (0.065390) with: {'batch_size': 128, 'lr': 0.02, 'max_epochs': 64, 'module__n_features': 23, 'module__n_neurons': 128, 'module__nonlin': ReLU()}
2024-06-02 17:04:28,915 0.629176 (0.052048) with: {'batch_size': 128, 'lr': 0.02, 'max_epochs': 64, 'module__n_features': 23, 'module__n_neurons': 256, 'module__nonlin': Tanh()}
2024-06-02 17:04:28,915 0.587338 (0.052755) with: {'batch_size': 128, 'lr': 0.02, 'max_epochs': 64, 'module__n_features': 23, 'module__n_neurons': 256, 'module__nonlin': ReLU()}
2024-06-02 17:04:28,915 0.608276 (0.078411) with: {'batch_size': 128, 'lr': 0.02, 'max_epochs': 128, 'module__n_features': 23, 'module__n_neurons': 16, 'module__nonlin': Tanh()}
2024-06-02 17:04:28,915 0.608143 (0.050269) with: {'batch_size': 128, 'lr': 0.02, 'max_epochs': 128, 'module__n_features': 23, 'module__n_neurons': 16, 'module__nonlin': ReLU()}
2024-06-02 17:04:28,915 0.585431 (0.048626) with: {'batch_size': 128, 'lr': 0.02, 'max_epochs': 128, 'module__n_features': 23, 'module__n_neurons': 32, 'module__nonlin': Tanh()}
2024-06-02 17:04:28,915 0.599886 (0.067746) with: {'batch_size': 128, 'lr': 0.02, 'max_epochs': 128, 'module__n_features': 23, 'module__n_neurons': 32, 'module__nonlin': ReLU()}
2024-06-02 17:04:28,915 0.618726 (0.032798) with: {'batch_size': 128, 'lr': 0.02, 'max_epochs': 128, 'module__n_features': 23, 'module__n_neurons': 64, 'module__nonlin': Tanh()}
2024-06-02 17:04:28,915 0.586823 (0.062026) with: {'batch_size': 128, 'lr': 0.02, 'max_epochs': 128, 'module__n_features': 23, 'module__n_neurons': 64, 'module__nonlin': ReLU()}
2024-06-02 17:04:28,915 0.610946 (0.038254) with: {'batch_size': 128, 'lr': 0.02, 'max_epochs': 128, 'module__n_features': 23, 'module__n_neurons': 128, 'module__nonlin': Tanh()}
2024-06-02 17:04:28,915 0.606026 (0.046531) with: {'batch_size': 128, 'lr': 0.02, 'max_epochs': 128, 'module__n_features': 23, 'module__n_neurons': 128, 'module__nonlin': ReLU()}
2024-06-02 17:04:28,915 0.619031 (0.057553) with: {'batch_size': 128, 'lr': 0.02, 'max_epochs': 128, 'module__n_features': 23, 'module__n_neurons': 256, 'module__nonlin': Tanh()}
2024-06-02 17:04:28,915 0.590503 (0.058252) with: {'batch_size': 128, 'lr': 0.02, 'max_epochs': 128, 'module__n_features': 23, 'module__n_neurons': 256, 'module__nonlin': ReLU()}
