2024-05-31 17:28:51,852 Best: 0.675973 using {'batch_size': 32, 'lr': 0.02, 'max_epochs': 16, 'module__n_features': 23, 'module__n_neurons': 256, 'module__nonlin': Tanh()}
2024-05-31 17:28:51,852 Best estimator configuration: 
 <class 'skorch.classifier.NeuralNetClassifier'>[initialized](
  module_=Module2Layers(
    (dense0): Linear(in_features=23, out_features=256, bias=True)
    (act): Tanh()
    (dense1): Linear(in_features=256, out_features=256, bias=True)
    (output): Linear(in_features=256, out_features=1, bias=True)
    (sigmoid): Sigmoid()
  ),
)
2024-05-31 17:28:51,852 0.642449 (0.063936) with: {'batch_size': 16, 'lr': 0.001, 'max_epochs': 16, 'module__n_features': 23, 'module__n_neurons': 16, 'module__nonlin': Tanh()}
2024-05-31 17:28:51,852 0.629634 (0.050275) with: {'batch_size': 16, 'lr': 0.001, 'max_epochs': 16, 'module__n_features': 23, 'module__n_neurons': 16, 'module__nonlin': ReLU()}
2024-05-31 17:28:51,852 0.645995 (0.071530) with: {'batch_size': 16, 'lr': 0.001, 'max_epochs': 16, 'module__n_features': 23, 'module__n_neurons': 32, 'module__nonlin': Tanh()}
2024-05-31 17:28:51,852 0.644088 (0.056549) with: {'batch_size': 16, 'lr': 0.001, 'max_epochs': 16, 'module__n_features': 23, 'module__n_neurons': 32, 'module__nonlin': ReLU()}
2024-05-31 17:28:51,852 0.650953 (0.051801) with: {'batch_size': 16, 'lr': 0.001, 'max_epochs': 16, 'module__n_features': 23, 'module__n_neurons': 64, 'module__nonlin': Tanh()}
2024-05-31 17:28:51,852 0.648741 (0.056948) with: {'batch_size': 16, 'lr': 0.001, 'max_epochs': 16, 'module__n_features': 23, 'module__n_neurons': 64, 'module__nonlin': ReLU()}
2024-05-31 17:28:51,852 0.659611 (0.059892) with: {'batch_size': 16, 'lr': 0.001, 'max_epochs': 16, 'module__n_features': 23, 'module__n_neurons': 128, 'module__nonlin': Tanh()}
2024-05-31 17:28:51,852 0.653280 (0.056542) with: {'batch_size': 16, 'lr': 0.001, 'max_epochs': 16, 'module__n_features': 23, 'module__n_neurons': 128, 'module__nonlin': ReLU()}
2024-05-31 17:28:51,852 0.658886 (0.060983) with: {'batch_size': 16, 'lr': 0.001, 'max_epochs': 16, 'module__n_features': 23, 'module__n_neurons': 256, 'module__nonlin': Tanh()}
2024-05-31 17:28:51,852 0.652174 (0.049985) with: {'batch_size': 16, 'lr': 0.001, 'max_epochs': 16, 'module__n_features': 23, 'module__n_neurons': 256, 'module__nonlin': ReLU()}
2024-05-31 17:28:51,852 0.646262 (0.061387) with: {'batch_size': 16, 'lr': 0.001, 'max_epochs': 32, 'module__n_features': 23, 'module__n_neurons': 16, 'module__nonlin': Tanh()}
2024-05-31 17:28:51,853 0.643516 (0.057286) with: {'batch_size': 16, 'lr': 0.001, 'max_epochs': 32, 'module__n_features': 23, 'module__n_neurons': 16, 'module__nonlin': ReLU()}
2024-05-31 17:28:51,853 0.653776 (0.058663) with: {'batch_size': 16, 'lr': 0.001, 'max_epochs': 32, 'module__n_features': 23, 'module__n_neurons': 32, 'module__nonlin': Tanh()}
2024-05-31 17:28:51,853 0.651793 (0.051863) with: {'batch_size': 16, 'lr': 0.001, 'max_epochs': 32, 'module__n_features': 23, 'module__n_neurons': 32, 'module__nonlin': ReLU()}
2024-05-31 17:28:51,853 0.658391 (0.061744) with: {'batch_size': 16, 'lr': 0.001, 'max_epochs': 32, 'module__n_features': 23, 'module__n_neurons': 64, 'module__nonlin': Tanh()}
2024-05-31 17:28:51,853 0.655950 (0.053497) with: {'batch_size': 16, 'lr': 0.001, 'max_epochs': 32, 'module__n_features': 23, 'module__n_neurons': 64, 'module__nonlin': ReLU()}
2024-05-31 17:28:51,853 0.659649 (0.062677) with: {'batch_size': 16, 'lr': 0.001, 'max_epochs': 32, 'module__n_features': 23, 'module__n_neurons': 128, 'module__nonlin': Tanh()}
2024-05-31 17:28:51,853 0.649504 (0.049275) with: {'batch_size': 16, 'lr': 0.001, 'max_epochs': 32, 'module__n_features': 23, 'module__n_neurons': 128, 'module__nonlin': ReLU()}
2024-05-31 17:28:51,853 0.659497 (0.061494) with: {'batch_size': 16, 'lr': 0.001, 'max_epochs': 32, 'module__n_features': 23, 'module__n_neurons': 256, 'module__nonlin': Tanh()}
2024-05-31 17:28:51,856 0.648970 (0.040969) with: {'batch_size': 16, 'lr': 0.001, 'max_epochs': 32, 'module__n_features': 23, 'module__n_neurons': 256, 'module__nonlin': ReLU()}
2024-05-31 17:28:51,857 0.656178 (0.056598) with: {'batch_size': 16, 'lr': 0.001, 'max_epochs': 64, 'module__n_features': 23, 'module__n_neurons': 16, 'module__nonlin': Tanh()}
2024-05-31 17:28:51,857 0.654500 (0.054171) with: {'batch_size': 16, 'lr': 0.001, 'max_epochs': 64, 'module__n_features': 23, 'module__n_neurons': 16, 'module__nonlin': ReLU()}
2024-05-31 17:28:51,857 0.657399 (0.061200) with: {'batch_size': 16, 'lr': 0.001, 'max_epochs': 64, 'module__n_features': 23, 'module__n_neurons': 32, 'module__nonlin': Tanh()}
2024-05-31 17:28:51,857 0.650992 (0.048461) with: {'batch_size': 16, 'lr': 0.001, 'max_epochs': 64, 'module__n_features': 23, 'module__n_neurons': 32, 'module__nonlin': ReLU()}
2024-05-31 17:28:51,857 0.658810 (0.063794) with: {'batch_size': 16, 'lr': 0.001, 'max_epochs': 64, 'module__n_features': 23, 'module__n_neurons': 64, 'module__nonlin': Tanh()}
2024-05-31 17:28:51,857 0.653509 (0.047514) with: {'batch_size': 16, 'lr': 0.001, 'max_epochs': 64, 'module__n_features': 23, 'module__n_neurons': 64, 'module__nonlin': ReLU()}
2024-05-31 17:28:51,857 0.659802 (0.063558) with: {'batch_size': 16, 'lr': 0.001, 'max_epochs': 64, 'module__n_features': 23, 'module__n_neurons': 128, 'module__nonlin': Tanh()}
2024-05-31 17:28:51,857 0.638024 (0.057290) with: {'batch_size': 16, 'lr': 0.001, 'max_epochs': 64, 'module__n_features': 23, 'module__n_neurons': 128, 'module__nonlin': ReLU()}
2024-05-31 17:28:51,857 0.660107 (0.062931) with: {'batch_size': 16, 'lr': 0.001, 'max_epochs': 64, 'module__n_features': 23, 'module__n_neurons': 256, 'module__nonlin': Tanh()}
2024-05-31 17:28:51,857 0.611137 (0.040222) with: {'batch_size': 16, 'lr': 0.001, 'max_epochs': 64, 'module__n_features': 23, 'module__n_neurons': 256, 'module__nonlin': ReLU()}
2024-05-31 17:28:51,857 0.658658 (0.063750) with: {'batch_size': 16, 'lr': 0.001, 'max_epochs': 128, 'module__n_features': 23, 'module__n_neurons': 16, 'module__nonlin': Tanh()}
2024-05-31 17:28:51,857 0.651335 (0.059987) with: {'batch_size': 16, 'lr': 0.001, 'max_epochs': 128, 'module__n_features': 23, 'module__n_neurons': 16, 'module__nonlin': ReLU()}
2024-05-31 17:28:51,857 0.659878 (0.062465) with: {'batch_size': 16, 'lr': 0.001, 'max_epochs': 128, 'module__n_features': 23, 'module__n_neurons': 32, 'module__nonlin': Tanh()}
2024-05-31 17:28:51,857 0.653356 (0.049461) with: {'batch_size': 16, 'lr': 0.001, 'max_epochs': 128, 'module__n_features': 23, 'module__n_neurons': 32, 'module__nonlin': ReLU()}
2024-05-31 17:28:51,857 0.660031 (0.063891) with: {'batch_size': 16, 'lr': 0.001, 'max_epochs': 128, 'module__n_features': 23, 'module__n_neurons': 64, 'module__nonlin': Tanh()}
2024-05-31 17:28:51,857 0.625782 (0.042315) with: {'batch_size': 16, 'lr': 0.001, 'max_epochs': 128, 'module__n_features': 23, 'module__n_neurons': 64, 'module__nonlin': ReLU()}
2024-05-31 17:28:51,857 0.663196 (0.064174) with: {'batch_size': 16, 'lr': 0.001, 'max_epochs': 128, 'module__n_features': 23, 'module__n_neurons': 128, 'module__nonlin': Tanh()}
2024-05-31 17:28:51,857 0.598017 (0.050587) with: {'batch_size': 16, 'lr': 0.001, 'max_epochs': 128, 'module__n_features': 23, 'module__n_neurons': 128, 'module__nonlin': ReLU()}
2024-05-31 17:28:51,857 0.650801 (0.058948) with: {'batch_size': 16, 'lr': 0.001, 'max_epochs': 128, 'module__n_features': 23, 'module__n_neurons': 256, 'module__nonlin': Tanh()}
2024-05-31 17:28:51,857 0.591438 (0.055402) with: {'batch_size': 16, 'lr': 0.001, 'max_epochs': 128, 'module__n_features': 23, 'module__n_neurons': 256, 'module__nonlin': ReLU()}
2024-05-31 17:28:51,857 0.656979 (0.060587) with: {'batch_size': 16, 'lr': 0.01, 'max_epochs': 16, 'module__n_features': 23, 'module__n_neurons': 16, 'module__nonlin': Tanh()}
2024-05-31 17:28:51,857 0.653814 (0.056723) with: {'batch_size': 16, 'lr': 0.01, 'max_epochs': 16, 'module__n_features': 23, 'module__n_neurons': 16, 'module__nonlin': ReLU()}
2024-05-31 17:28:51,857 0.657437 (0.060726) with: {'batch_size': 16, 'lr': 0.01, 'max_epochs': 16, 'module__n_features': 23, 'module__n_neurons': 32, 'module__nonlin': Tanh()}
2024-05-31 17:28:51,857 0.641953 (0.045154) with: {'batch_size': 16, 'lr': 0.01, 'max_epochs': 16, 'module__n_features': 23, 'module__n_neurons': 32, 'module__nonlin': ReLU()}
2024-05-31 17:28:51,857 0.657666 (0.059367) with: {'batch_size': 16, 'lr': 0.01, 'max_epochs': 16, 'module__n_features': 23, 'module__n_neurons': 64, 'module__nonlin': Tanh()}
2024-05-31 17:28:51,857 0.631579 (0.041761) with: {'batch_size': 16, 'lr': 0.01, 'max_epochs': 16, 'module__n_features': 23, 'module__n_neurons': 64, 'module__nonlin': ReLU()}
2024-05-31 17:28:51,857 0.657132 (0.058351) with: {'batch_size': 16, 'lr': 0.01, 'max_epochs': 16, 'module__n_features': 23, 'module__n_neurons': 128, 'module__nonlin': Tanh()}
2024-05-31 17:28:51,857 0.624409 (0.039437) with: {'batch_size': 16, 'lr': 0.01, 'max_epochs': 16, 'module__n_features': 23, 'module__n_neurons': 128, 'module__nonlin': ReLU()}
2024-05-31 17:28:51,857 0.658924 (0.060051) with: {'batch_size': 16, 'lr': 0.01, 'max_epochs': 16, 'module__n_features': 23, 'module__n_neurons': 256, 'module__nonlin': Tanh()}
2024-05-31 17:28:51,857 0.624066 (0.032182) with: {'batch_size': 16, 'lr': 0.01, 'max_epochs': 16, 'module__n_features': 23, 'module__n_neurons': 256, 'module__nonlin': ReLU()}
2024-05-31 17:28:51,857 0.658162 (0.063979) with: {'batch_size': 16, 'lr': 0.01, 'max_epochs': 32, 'module__n_features': 23, 'module__n_neurons': 16, 'module__nonlin': Tanh()}
2024-05-31 17:28:51,857 0.624485 (0.051894) with: {'batch_size': 16, 'lr': 0.01, 'max_epochs': 32, 'module__n_features': 23, 'module__n_neurons': 16, 'module__nonlin': ReLU()}
2024-05-31 17:28:51,857 0.656636 (0.065063) with: {'batch_size': 16, 'lr': 0.01, 'max_epochs': 32, 'module__n_features': 23, 'module__n_neurons': 32, 'module__nonlin': Tanh()}
2024-05-31 17:28:51,857 0.618345 (0.042929) with: {'batch_size': 16, 'lr': 0.01, 'max_epochs': 32, 'module__n_features': 23, 'module__n_neurons': 32, 'module__nonlin': ReLU()}
2024-05-31 17:28:51,857 0.665217 (0.061672) with: {'batch_size': 16, 'lr': 0.01, 'max_epochs': 32, 'module__n_features': 23, 'module__n_neurons': 64, 'module__nonlin': Tanh()}
2024-05-31 17:28:51,857 0.606922 (0.055798) with: {'batch_size': 16, 'lr': 0.01, 'max_epochs': 32, 'module__n_features': 23, 'module__n_neurons': 64, 'module__nonlin': ReLU()}
2024-05-31 17:28:51,857 0.652288 (0.050878) with: {'batch_size': 16, 'lr': 0.01, 'max_epochs': 32, 'module__n_features': 23, 'module__n_neurons': 128, 'module__nonlin': Tanh()}
2024-05-31 17:28:51,857 0.592449 (0.035331) with: {'batch_size': 16, 'lr': 0.01, 'max_epochs': 32, 'module__n_features': 23, 'module__n_neurons': 128, 'module__nonlin': ReLU()}
2024-05-31 17:28:51,857 0.647712 (0.054936) with: {'batch_size': 16, 'lr': 0.01, 'max_epochs': 32, 'module__n_features': 23, 'module__n_neurons': 256, 'module__nonlin': Tanh()}
2024-05-31 17:28:51,857 0.592239 (0.039541) with: {'batch_size': 16, 'lr': 0.01, 'max_epochs': 32, 'module__n_features': 23, 'module__n_neurons': 256, 'module__nonlin': ReLU()}
2024-05-31 17:28:51,858 0.662433 (0.070003) with: {'batch_size': 16, 'lr': 0.01, 'max_epochs': 64, 'module__n_features': 23, 'module__n_neurons': 16, 'module__nonlin': Tanh()}
2024-05-31 17:28:51,858 0.621968 (0.028437) with: {'batch_size': 16, 'lr': 0.01, 'max_epochs': 64, 'module__n_features': 23, 'module__n_neurons': 16, 'module__nonlin': ReLU()}
2024-05-31 17:28:51,858 0.639207 (0.045173) with: {'batch_size': 16, 'lr': 0.01, 'max_epochs': 64, 'module__n_features': 23, 'module__n_neurons': 32, 'module__nonlin': Tanh()}
2024-05-31 17:28:51,858 0.612891 (0.043322) with: {'batch_size': 16, 'lr': 0.01, 'max_epochs': 64, 'module__n_features': 23, 'module__n_neurons': 32, 'module__nonlin': ReLU()}
2024-05-31 17:28:51,858 0.628299 (0.058470) with: {'batch_size': 16, 'lr': 0.01, 'max_epochs': 64, 'module__n_features': 23, 'module__n_neurons': 64, 'module__nonlin': Tanh()}
2024-05-31 17:28:51,858 0.601087 (0.027246) with: {'batch_size': 16, 'lr': 0.01, 'max_epochs': 64, 'module__n_features': 23, 'module__n_neurons': 64, 'module__nonlin': ReLU()}
2024-05-31 17:28:51,858 0.627727 (0.059208) with: {'batch_size': 16, 'lr': 0.01, 'max_epochs': 64, 'module__n_features': 23, 'module__n_neurons': 128, 'module__nonlin': Tanh()}
2024-05-31 17:28:51,858 0.582704 (0.030389) with: {'batch_size': 16, 'lr': 0.01, 'max_epochs': 64, 'module__n_features': 23, 'module__n_neurons': 128, 'module__nonlin': ReLU()}
2024-05-31 17:28:51,858 0.621358 (0.068317) with: {'batch_size': 16, 'lr': 0.01, 'max_epochs': 64, 'module__n_features': 23, 'module__n_neurons': 256, 'module__nonlin': Tanh()}
2024-05-31 17:28:51,858 0.593631 (0.054690) with: {'batch_size': 16, 'lr': 0.01, 'max_epochs': 64, 'module__n_features': 23, 'module__n_neurons': 256, 'module__nonlin': ReLU()}
2024-05-31 17:28:51,858 0.620061 (0.026456) with: {'batch_size': 16, 'lr': 0.01, 'max_epochs': 128, 'module__n_features': 23, 'module__n_neurons': 16, 'module__nonlin': Tanh()}
2024-05-31 17:28:51,858 0.590904 (0.054648) with: {'batch_size': 16, 'lr': 0.01, 'max_epochs': 128, 'module__n_features': 23, 'module__n_neurons': 16, 'module__nonlin': ReLU()}
2024-05-31 17:28:51,858 0.617048 (0.041605) with: {'batch_size': 16, 'lr': 0.01, 'max_epochs': 128, 'module__n_features': 23, 'module__n_neurons': 32, 'module__nonlin': Tanh()}
2024-05-31 17:28:51,858 0.615732 (0.028080) with: {'batch_size': 16, 'lr': 0.01, 'max_epochs': 128, 'module__n_features': 23, 'module__n_neurons': 32, 'module__nonlin': ReLU()}
2024-05-31 17:28:51,858 0.604462 (0.024039) with: {'batch_size': 16, 'lr': 0.01, 'max_epochs': 128, 'module__n_features': 23, 'module__n_neurons': 64, 'module__nonlin': Tanh()}
2024-05-31 17:28:51,858 0.605759 (0.046195) with: {'batch_size': 16, 'lr': 0.01, 'max_epochs': 128, 'module__n_features': 23, 'module__n_neurons': 64, 'module__nonlin': ReLU()}
2024-05-31 17:28:51,858 0.622693 (0.035588) with: {'batch_size': 16, 'lr': 0.01, 'max_epochs': 128, 'module__n_features': 23, 'module__n_neurons': 128, 'module__nonlin': Tanh()}
2024-05-31 17:28:51,858 0.597635 (0.049631) with: {'batch_size': 16, 'lr': 0.01, 'max_epochs': 128, 'module__n_features': 23, 'module__n_neurons': 128, 'module__nonlin': ReLU()}
2024-05-31 17:28:51,858 0.590236 (0.054368) with: {'batch_size': 16, 'lr': 0.01, 'max_epochs': 128, 'module__n_features': 23, 'module__n_neurons': 256, 'module__nonlin': Tanh()}
2024-05-31 17:28:51,858 0.602365 (0.054553) with: {'batch_size': 16, 'lr': 0.01, 'max_epochs': 128, 'module__n_features': 23, 'module__n_neurons': 256, 'module__nonlin': ReLU()}
2024-05-31 17:28:51,858 0.657246 (0.058088) with: {'batch_size': 16, 'lr': 0.02, 'max_epochs': 16, 'module__n_features': 23, 'module__n_neurons': 16, 'module__nonlin': Tanh()}
2024-05-31 17:28:51,858 0.645500 (0.062594) with: {'batch_size': 16, 'lr': 0.02, 'max_epochs': 16, 'module__n_features': 23, 'module__n_neurons': 16, 'module__nonlin': ReLU()}
2024-05-31 17:28:51,858 0.662357 (0.061015) with: {'batch_size': 16, 'lr': 0.02, 'max_epochs': 16, 'module__n_features': 23, 'module__n_neurons': 32, 'module__nonlin': Tanh()}
2024-05-31 17:28:51,858 0.638024 (0.042069) with: {'batch_size': 16, 'lr': 0.02, 'max_epochs': 16, 'module__n_features': 23, 'module__n_neurons': 32, 'module__nonlin': ReLU()}
2024-05-31 17:28:51,858 0.661937 (0.060231) with: {'batch_size': 16, 'lr': 0.02, 'max_epochs': 16, 'module__n_features': 23, 'module__n_neurons': 64, 'module__nonlin': Tanh()}
2024-05-31 17:28:51,858 0.622883 (0.029416) with: {'batch_size': 16, 'lr': 0.02, 'max_epochs': 16, 'module__n_features': 23, 'module__n_neurons': 64, 'module__nonlin': ReLU()}
2024-05-31 17:28:51,858 0.661518 (0.040115) with: {'batch_size': 16, 'lr': 0.02, 'max_epochs': 16, 'module__n_features': 23, 'module__n_neurons': 128, 'module__nonlin': Tanh()}
2024-05-31 17:28:51,858 0.618478 (0.040844) with: {'batch_size': 16, 'lr': 0.02, 'max_epochs': 16, 'module__n_features': 23, 'module__n_neurons': 128, 'module__nonlin': ReLU()}
2024-05-31 17:28:51,858 0.639474 (0.051754) with: {'batch_size': 16, 'lr': 0.02, 'max_epochs': 16, 'module__n_features': 23, 'module__n_neurons': 256, 'module__nonlin': Tanh()}
2024-05-31 17:28:51,858 0.617735 (0.039147) with: {'batch_size': 16, 'lr': 0.02, 'max_epochs': 16, 'module__n_features': 23, 'module__n_neurons': 256, 'module__nonlin': ReLU()}
2024-05-31 17:28:51,858 0.651716 (0.062569) with: {'batch_size': 16, 'lr': 0.02, 'max_epochs': 32, 'module__n_features': 23, 'module__n_neurons': 16, 'module__nonlin': Tanh()}
2024-05-31 17:28:51,858 0.614607 (0.021902) with: {'batch_size': 16, 'lr': 0.02, 'max_epochs': 32, 'module__n_features': 23, 'module__n_neurons': 16, 'module__nonlin': ReLU()}
2024-05-31 17:28:51,858 0.652059 (0.065338) with: {'batch_size': 16, 'lr': 0.02, 'max_epochs': 32, 'module__n_features': 23, 'module__n_neurons': 32, 'module__nonlin': Tanh()}
2024-05-31 17:28:51,858 0.604157 (0.051683) with: {'batch_size': 16, 'lr': 0.02, 'max_epochs': 32, 'module__n_features': 23, 'module__n_neurons': 32, 'module__nonlin': ReLU()}
2024-05-31 17:28:51,858 0.639588 (0.061073) with: {'batch_size': 16, 'lr': 0.02, 'max_epochs': 32, 'module__n_features': 23, 'module__n_neurons': 64, 'module__nonlin': Tanh()}
2024-05-31 17:28:51,858 0.609611 (0.041528) with: {'batch_size': 16, 'lr': 0.02, 'max_epochs': 32, 'module__n_features': 23, 'module__n_neurons': 64, 'module__nonlin': ReLU()}
2024-05-31 17:28:51,858 0.630053 (0.022754) with: {'batch_size': 16, 'lr': 0.02, 'max_epochs': 32, 'module__n_features': 23, 'module__n_neurons': 128, 'module__nonlin': Tanh()}
2024-05-31 17:28:51,858 0.607285 (0.041909) with: {'batch_size': 16, 'lr': 0.02, 'max_epochs': 32, 'module__n_features': 23, 'module__n_neurons': 128, 'module__nonlin': ReLU()}
2024-05-31 17:28:51,858 0.640313 (0.045473) with: {'batch_size': 16, 'lr': 0.02, 'max_epochs': 32, 'module__n_features': 23, 'module__n_neurons': 256, 'module__nonlin': Tanh()}
2024-05-31 17:28:51,858 0.586804 (0.046697) with: {'batch_size': 16, 'lr': 0.02, 'max_epochs': 32, 'module__n_features': 23, 'module__n_neurons': 256, 'module__nonlin': ReLU()}
2024-05-31 17:28:51,858 0.623341 (0.041889) with: {'batch_size': 16, 'lr': 0.02, 'max_epochs': 64, 'module__n_features': 23, 'module__n_neurons': 16, 'module__nonlin': Tanh()}
2024-05-31 17:28:51,858 0.594241 (0.045784) with: {'batch_size': 16, 'lr': 0.02, 'max_epochs': 64, 'module__n_features': 23, 'module__n_neurons': 16, 'module__nonlin': ReLU()}
2024-05-31 17:28:51,858 0.629748 (0.050731) with: {'batch_size': 16, 'lr': 0.02, 'max_epochs': 64, 'module__n_features': 23, 'module__n_neurons': 32, 'module__nonlin': Tanh()}
2024-05-31 17:28:51,858 0.588005 (0.036904) with: {'batch_size': 16, 'lr': 0.02, 'max_epochs': 64, 'module__n_features': 23, 'module__n_neurons': 32, 'module__nonlin': ReLU()}
2024-05-31 17:28:51,858 0.611442 (0.053656) with: {'batch_size': 16, 'lr': 0.02, 'max_epochs': 64, 'module__n_features': 23, 'module__n_neurons': 64, 'module__nonlin': Tanh()}
2024-05-31 17:28:51,858 0.602460 (0.032723) with: {'batch_size': 16, 'lr': 0.02, 'max_epochs': 64, 'module__n_features': 23, 'module__n_neurons': 64, 'module__nonlin': ReLU()}
2024-05-31 17:28:51,858 0.600153 (0.045830) with: {'batch_size': 16, 'lr': 0.02, 'max_epochs': 64, 'module__n_features': 23, 'module__n_neurons': 128, 'module__nonlin': Tanh()}
2024-05-31 17:28:51,858 0.595519 (0.039201) with: {'batch_size': 16, 'lr': 0.02, 'max_epochs': 64, 'module__n_features': 23, 'module__n_neurons': 128, 'module__nonlin': ReLU()}
2024-05-31 17:28:51,859 0.610183 (0.042963) with: {'batch_size': 16, 'lr': 0.02, 'max_epochs': 64, 'module__n_features': 23, 'module__n_neurons': 256, 'module__nonlin': Tanh()}
2024-05-31 17:28:51,859 0.584687 (0.051235) with: {'batch_size': 16, 'lr': 0.02, 'max_epochs': 64, 'module__n_features': 23, 'module__n_neurons': 256, 'module__nonlin': ReLU()}
2024-05-31 17:28:51,859 0.589397 (0.046043) with: {'batch_size': 16, 'lr': 0.02, 'max_epochs': 128, 'module__n_features': 23, 'module__n_neurons': 16, 'module__nonlin': Tanh()}
2024-05-31 17:28:51,859 0.582857 (0.048382) with: {'batch_size': 16, 'lr': 0.02, 'max_epochs': 128, 'module__n_features': 23, 'module__n_neurons': 16, 'module__nonlin': ReLU()}
2024-05-31 17:28:51,859 0.592429 (0.062215) with: {'batch_size': 16, 'lr': 0.02, 'max_epochs': 128, 'module__n_features': 23, 'module__n_neurons': 32, 'module__nonlin': Tanh()}
2024-05-31 17:28:51,859 0.592830 (0.051289) with: {'batch_size': 16, 'lr': 0.02, 'max_epochs': 128, 'module__n_features': 23, 'module__n_neurons': 32, 'module__nonlin': ReLU()}
2024-05-31 17:28:51,859 0.586651 (0.043188) with: {'batch_size': 16, 'lr': 0.02, 'max_epochs': 128, 'module__n_features': 23, 'module__n_neurons': 64, 'module__nonlin': Tanh()}
2024-05-31 17:28:51,859 0.603547 (0.035244) with: {'batch_size': 16, 'lr': 0.02, 'max_epochs': 128, 'module__n_features': 23, 'module__n_neurons': 64, 'module__nonlin': ReLU()}
2024-05-31 17:28:51,859 0.611575 (0.049420) with: {'batch_size': 16, 'lr': 0.02, 'max_epochs': 128, 'module__n_features': 23, 'module__n_neurons': 128, 'module__nonlin': Tanh()}
2024-05-31 17:28:51,859 0.601411 (0.043441) with: {'batch_size': 16, 'lr': 0.02, 'max_epochs': 128, 'module__n_features': 23, 'module__n_neurons': 128, 'module__nonlin': ReLU()}
2024-05-31 17:28:51,859 0.626850 (0.034453) with: {'batch_size': 16, 'lr': 0.02, 'max_epochs': 128, 'module__n_features': 23, 'module__n_neurons': 256, 'module__nonlin': Tanh()}
2024-05-31 17:28:51,859 0.607475 (0.041770) with: {'batch_size': 16, 'lr': 0.02, 'max_epochs': 128, 'module__n_features': 23, 'module__n_neurons': 256, 'module__nonlin': ReLU()}
2024-05-31 17:28:51,859 0.614226 (0.040657) with: {'batch_size': 32, 'lr': 0.001, 'max_epochs': 16, 'module__n_features': 23, 'module__n_neurons': 16, 'module__nonlin': Tanh()}
2024-05-31 17:28:51,859 0.604653 (0.068797) with: {'batch_size': 32, 'lr': 0.001, 'max_epochs': 16, 'module__n_features': 23, 'module__n_neurons': 16, 'module__nonlin': ReLU()}
2024-05-31 17:28:51,859 0.643669 (0.071677) with: {'batch_size': 32, 'lr': 0.001, 'max_epochs': 16, 'module__n_features': 23, 'module__n_neurons': 32, 'module__nonlin': Tanh()}
2024-05-31 17:28:51,859 0.630473 (0.065469) with: {'batch_size': 32, 'lr': 0.001, 'max_epochs': 16, 'module__n_features': 23, 'module__n_neurons': 32, 'module__nonlin': ReLU()}
2024-05-31 17:28:51,859 0.648970 (0.052677) with: {'batch_size': 32, 'lr': 0.001, 'max_epochs': 16, 'module__n_features': 23, 'module__n_neurons': 64, 'module__nonlin': Tanh()}
2024-05-31 17:28:51,859 0.643211 (0.051447) with: {'batch_size': 32, 'lr': 0.001, 'max_epochs': 16, 'module__n_features': 23, 'module__n_neurons': 64, 'module__nonlin': ReLU()}
2024-05-31 17:28:51,859 0.654844 (0.060459) with: {'batch_size': 32, 'lr': 0.001, 'max_epochs': 16, 'module__n_features': 23, 'module__n_neurons': 128, 'module__nonlin': Tanh()}
2024-05-31 17:28:51,859 0.650381 (0.055153) with: {'batch_size': 32, 'lr': 0.001, 'max_epochs': 16, 'module__n_features': 23, 'module__n_neurons': 128, 'module__nonlin': ReLU()}
2024-05-31 17:28:51,859 0.660031 (0.061297) with: {'batch_size': 32, 'lr': 0.001, 'max_epochs': 16, 'module__n_features': 23, 'module__n_neurons': 256, 'module__nonlin': Tanh()}
2024-05-31 17:28:51,859 0.650534 (0.046690) with: {'batch_size': 32, 'lr': 0.001, 'max_epochs': 16, 'module__n_features': 23, 'module__n_neurons': 256, 'module__nonlin': ReLU()}
2024-05-31 17:28:51,859 0.643249 (0.053482) with: {'batch_size': 32, 'lr': 0.001, 'max_epochs': 32, 'module__n_features': 23, 'module__n_neurons': 16, 'module__nonlin': Tanh()}
2024-05-31 17:28:51,859 0.627269 (0.047215) with: {'batch_size': 32, 'lr': 0.001, 'max_epochs': 32, 'module__n_features': 23, 'module__n_neurons': 16, 'module__nonlin': ReLU()}
2024-05-31 17:28:51,859 0.653890 (0.054977) with: {'batch_size': 32, 'lr': 0.001, 'max_epochs': 32, 'module__n_features': 23, 'module__n_neurons': 32, 'module__nonlin': Tanh()}
2024-05-31 17:28:51,859 0.647674 (0.046290) with: {'batch_size': 32, 'lr': 0.001, 'max_epochs': 32, 'module__n_features': 23, 'module__n_neurons': 32, 'module__nonlin': ReLU()}
2024-05-31 17:28:51,859 0.654729 (0.055334) with: {'batch_size': 32, 'lr': 0.001, 'max_epochs': 32, 'module__n_features': 23, 'module__n_neurons': 64, 'module__nonlin': Tanh()}
2024-05-31 17:28:51,859 0.657056 (0.055429) with: {'batch_size': 32, 'lr': 0.001, 'max_epochs': 32, 'module__n_features': 23, 'module__n_neurons': 64, 'module__nonlin': ReLU()}
2024-05-31 17:28:51,859 0.658314 (0.061169) with: {'batch_size': 32, 'lr': 0.001, 'max_epochs': 32, 'module__n_features': 23, 'module__n_neurons': 128, 'module__nonlin': Tanh()}
2024-05-31 17:28:51,859 0.652059 (0.045890) with: {'batch_size': 32, 'lr': 0.001, 'max_epochs': 32, 'module__n_features': 23, 'module__n_neurons': 128, 'module__nonlin': ReLU()}
2024-05-31 17:28:51,859 0.659344 (0.063593) with: {'batch_size': 32, 'lr': 0.001, 'max_epochs': 32, 'module__n_features': 23, 'module__n_neurons': 256, 'module__nonlin': Tanh()}
2024-05-31 17:28:51,859 0.649008 (0.045284) with: {'batch_size': 32, 'lr': 0.001, 'max_epochs': 32, 'module__n_features': 23, 'module__n_neurons': 256, 'module__nonlin': ReLU()}
2024-05-31 17:28:51,859 0.655339 (0.056328) with: {'batch_size': 32, 'lr': 0.001, 'max_epochs': 64, 'module__n_features': 23, 'module__n_neurons': 16, 'module__nonlin': Tanh()}
2024-05-31 17:28:51,859 0.644546 (0.055606) with: {'batch_size': 32, 'lr': 0.001, 'max_epochs': 64, 'module__n_features': 23, 'module__n_neurons': 16, 'module__nonlin': ReLU()}
2024-05-31 17:28:51,859 0.657132 (0.059933) with: {'batch_size': 32, 'lr': 0.001, 'max_epochs': 64, 'module__n_features': 23, 'module__n_neurons': 32, 'module__nonlin': Tanh()}
2024-05-31 17:28:51,859 0.659153 (0.057671) with: {'batch_size': 32, 'lr': 0.001, 'max_epochs': 64, 'module__n_features': 23, 'module__n_neurons': 32, 'module__nonlin': ReLU()}
2024-05-31 17:28:51,859 0.659497 (0.064174) with: {'batch_size': 32, 'lr': 0.001, 'max_epochs': 64, 'module__n_features': 23, 'module__n_neurons': 64, 'module__nonlin': Tanh()}
2024-05-31 17:28:51,859 0.644966 (0.048356) with: {'batch_size': 32, 'lr': 0.001, 'max_epochs': 64, 'module__n_features': 23, 'module__n_neurons': 64, 'module__nonlin': ReLU()}
2024-05-31 17:28:51,859 0.658963 (0.063590) with: {'batch_size': 32, 'lr': 0.001, 'max_epochs': 64, 'module__n_features': 23, 'module__n_neurons': 128, 'module__nonlin': Tanh()}
2024-05-31 17:28:51,859 0.647216 (0.043385) with: {'batch_size': 32, 'lr': 0.001, 'max_epochs': 64, 'module__n_features': 23, 'module__n_neurons': 128, 'module__nonlin': ReLU()}
2024-05-31 17:28:51,859 0.659344 (0.062915) with: {'batch_size': 32, 'lr': 0.001, 'max_epochs': 64, 'module__n_features': 23, 'module__n_neurons': 256, 'module__nonlin': Tanh()}
2024-05-31 17:28:51,859 0.620023 (0.045314) with: {'batch_size': 32, 'lr': 0.001, 'max_epochs': 64, 'module__n_features': 23, 'module__n_neurons': 256, 'module__nonlin': ReLU()}
2024-05-31 17:28:51,859 0.656979 (0.064455) with: {'batch_size': 32, 'lr': 0.001, 'max_epochs': 128, 'module__n_features': 23, 'module__n_neurons': 16, 'module__nonlin': Tanh()}
2024-05-31 17:28:51,859 0.650114 (0.051358) with: {'batch_size': 32, 'lr': 0.001, 'max_epochs': 128, 'module__n_features': 23, 'module__n_neurons': 16, 'module__nonlin': ReLU()}
2024-05-31 17:28:51,859 0.660450 (0.063108) with: {'batch_size': 32, 'lr': 0.001, 'max_epochs': 128, 'module__n_features': 23, 'module__n_neurons': 32, 'module__nonlin': Tanh()}
2024-05-31 17:28:51,859 0.659878 (0.059464) with: {'batch_size': 32, 'lr': 0.001, 'max_epochs': 128, 'module__n_features': 23, 'module__n_neurons': 32, 'module__nonlin': ReLU()}
2024-05-31 17:28:51,859 0.659420 (0.064841) with: {'batch_size': 32, 'lr': 0.001, 'max_epochs': 128, 'module__n_features': 23, 'module__n_neurons': 64, 'module__nonlin': Tanh()}
2024-05-31 17:28:51,859 0.624294 (0.053874) with: {'batch_size': 32, 'lr': 0.001, 'max_epochs': 128, 'module__n_features': 23, 'module__n_neurons': 64, 'module__nonlin': ReLU()}
2024-05-31 17:28:51,860 0.659611 (0.063388) with: {'batch_size': 32, 'lr': 0.001, 'max_epochs': 128, 'module__n_features': 23, 'module__n_neurons': 128, 'module__nonlin': Tanh()}
2024-05-31 17:28:51,860 0.612033 (0.046393) with: {'batch_size': 32, 'lr': 0.001, 'max_epochs': 128, 'module__n_features': 23, 'module__n_neurons': 128, 'module__nonlin': ReLU()}
2024-05-31 17:28:51,860 0.660564 (0.059009) with: {'batch_size': 32, 'lr': 0.001, 'max_epochs': 128, 'module__n_features': 23, 'module__n_neurons': 256, 'module__nonlin': Tanh()}
2024-05-31 17:28:51,860 0.602002 (0.045676) with: {'batch_size': 32, 'lr': 0.001, 'max_epochs': 128, 'module__n_features': 23, 'module__n_neurons': 256, 'module__nonlin': ReLU()}
2024-05-31 17:28:51,860 0.656369 (0.060787) with: {'batch_size': 32, 'lr': 0.01, 'max_epochs': 16, 'module__n_features': 23, 'module__n_neurons': 16, 'module__nonlin': Tanh()}
2024-05-31 17:28:51,860 0.662243 (0.046833) with: {'batch_size': 32, 'lr': 0.01, 'max_epochs': 16, 'module__n_features': 23, 'module__n_neurons': 16, 'module__nonlin': ReLU()}
2024-05-31 17:28:51,860 0.657742 (0.062779) with: {'batch_size': 32, 'lr': 0.01, 'max_epochs': 16, 'module__n_features': 23, 'module__n_neurons': 32, 'module__nonlin': Tanh()}
2024-05-31 17:28:51,860 0.656865 (0.053269) with: {'batch_size': 32, 'lr': 0.01, 'max_epochs': 16, 'module__n_features': 23, 'module__n_neurons': 32, 'module__nonlin': ReLU()}
2024-05-31 17:28:51,860 0.659115 (0.062289) with: {'batch_size': 32, 'lr': 0.01, 'max_epochs': 16, 'module__n_features': 23, 'module__n_neurons': 64, 'module__nonlin': Tanh()}
2024-05-31 17:28:51,860 0.639207 (0.050828) with: {'batch_size': 32, 'lr': 0.01, 'max_epochs': 16, 'module__n_features': 23, 'module__n_neurons': 64, 'module__nonlin': ReLU()}
2024-05-31 17:28:51,860 0.657437 (0.062143) with: {'batch_size': 32, 'lr': 0.01, 'max_epochs': 16, 'module__n_features': 23, 'module__n_neurons': 128, 'module__nonlin': Tanh()}
2024-05-31 17:28:51,860 0.617048 (0.040614) with: {'batch_size': 32, 'lr': 0.01, 'max_epochs': 16, 'module__n_features': 23, 'module__n_neurons': 128, 'module__nonlin': ReLU()}
2024-05-31 17:28:51,860 0.654500 (0.062097) with: {'batch_size': 32, 'lr': 0.01, 'max_epochs': 16, 'module__n_features': 23, 'module__n_neurons': 256, 'module__nonlin': Tanh()}
2024-05-31 17:28:51,860 0.611556 (0.049342) with: {'batch_size': 32, 'lr': 0.01, 'max_epochs': 16, 'module__n_features': 23, 'module__n_neurons': 256, 'module__nonlin': ReLU()}
2024-05-31 17:28:51,860 0.661976 (0.059757) with: {'batch_size': 32, 'lr': 0.01, 'max_epochs': 32, 'module__n_features': 23, 'module__n_neurons': 16, 'module__nonlin': Tanh()}
2024-05-31 17:28:51,860 0.647254 (0.051363) with: {'batch_size': 32, 'lr': 0.01, 'max_epochs': 32, 'module__n_features': 23, 'module__n_neurons': 16, 'module__nonlin': ReLU()}
2024-05-31 17:28:51,860 0.657818 (0.063764) with: {'batch_size': 32, 'lr': 0.01, 'max_epochs': 32, 'module__n_features': 23, 'module__n_neurons': 32, 'module__nonlin': Tanh()}
2024-05-31 17:28:51,860 0.616514 (0.051316) with: {'batch_size': 32, 'lr': 0.01, 'max_epochs': 32, 'module__n_features': 23, 'module__n_neurons': 32, 'module__nonlin': ReLU()}
2024-05-31 17:28:51,860 0.660374 (0.066366) with: {'batch_size': 32, 'lr': 0.01, 'max_epochs': 32, 'module__n_features': 23, 'module__n_neurons': 64, 'module__nonlin': Tanh()}
2024-05-31 17:28:51,860 0.604958 (0.066632) with: {'batch_size': 32, 'lr': 0.01, 'max_epochs': 32, 'module__n_features': 23, 'module__n_neurons': 64, 'module__nonlin': ReLU()}
2024-05-31 17:28:51,860 0.656140 (0.067145) with: {'batch_size': 32, 'lr': 0.01, 'max_epochs': 32, 'module__n_features': 23, 'module__n_neurons': 128, 'module__nonlin': Tanh()}
2024-05-31 17:28:51,860 0.586613 (0.061094) with: {'batch_size': 32, 'lr': 0.01, 'max_epochs': 32, 'module__n_features': 23, 'module__n_neurons': 128, 'module__nonlin': ReLU()}
2024-05-31 17:28:51,860 0.642982 (0.040357) with: {'batch_size': 32, 'lr': 0.01, 'max_epochs': 32, 'module__n_features': 23, 'module__n_neurons': 256, 'module__nonlin': Tanh()}
2024-05-31 17:28:51,860 0.592487 (0.037202) with: {'batch_size': 32, 'lr': 0.01, 'max_epochs': 32, 'module__n_features': 23, 'module__n_neurons': 256, 'module__nonlin': ReLU()}
2024-05-31 17:28:51,860 0.654043 (0.052343) with: {'batch_size': 32, 'lr': 0.01, 'max_epochs': 64, 'module__n_features': 23, 'module__n_neurons': 16, 'module__nonlin': Tanh()}
2024-05-31 17:28:51,860 0.606636 (0.036046) with: {'batch_size': 32, 'lr': 0.01, 'max_epochs': 64, 'module__n_features': 23, 'module__n_neurons': 16, 'module__nonlin': ReLU()}
2024-05-31 17:28:51,860 0.657628 (0.071289) with: {'batch_size': 32, 'lr': 0.01, 'max_epochs': 64, 'module__n_features': 23, 'module__n_neurons': 32, 'module__nonlin': Tanh()}
2024-05-31 17:28:51,860 0.601583 (0.058988) with: {'batch_size': 32, 'lr': 0.01, 'max_epochs': 64, 'module__n_features': 23, 'module__n_neurons': 32, 'module__nonlin': ReLU()}
2024-05-31 17:28:51,860 0.636270 (0.032768) with: {'batch_size': 32, 'lr': 0.01, 'max_epochs': 64, 'module__n_features': 23, 'module__n_neurons': 64, 'module__nonlin': Tanh()}
2024-05-31 17:28:51,860 0.594069 (0.030385) with: {'batch_size': 32, 'lr': 0.01, 'max_epochs': 64, 'module__n_features': 23, 'module__n_neurons': 64, 'module__nonlin': ReLU()}
2024-05-31 17:28:51,860 0.628452 (0.044419) with: {'batch_size': 32, 'lr': 0.01, 'max_epochs': 64, 'module__n_features': 23, 'module__n_neurons': 128, 'module__nonlin': Tanh()}
2024-05-31 17:28:51,860 0.598398 (0.056371) with: {'batch_size': 32, 'lr': 0.01, 'max_epochs': 64, 'module__n_features': 23, 'module__n_neurons': 128, 'module__nonlin': ReLU()}
2024-05-31 17:28:51,860 0.618726 (0.035749) with: {'batch_size': 32, 'lr': 0.01, 'max_epochs': 64, 'module__n_features': 23, 'module__n_neurons': 256, 'module__nonlin': Tanh()}
2024-05-31 17:28:51,860 0.594928 (0.055086) with: {'batch_size': 32, 'lr': 0.01, 'max_epochs': 64, 'module__n_features': 23, 'module__n_neurons': 256, 'module__nonlin': ReLU()}
2024-05-31 17:28:51,860 0.643364 (0.025717) with: {'batch_size': 32, 'lr': 0.01, 'max_epochs': 128, 'module__n_features': 23, 'module__n_neurons': 16, 'module__nonlin': Tanh()}
2024-05-31 17:28:51,860 0.614226 (0.043579) with: {'batch_size': 32, 'lr': 0.01, 'max_epochs': 128, 'module__n_features': 23, 'module__n_neurons': 16, 'module__nonlin': ReLU()}
2024-05-31 17:28:51,860 0.610107 (0.040634) with: {'batch_size': 32, 'lr': 0.01, 'max_epochs': 128, 'module__n_features': 23, 'module__n_neurons': 32, 'module__nonlin': Tanh()}
2024-05-31 17:28:51,860 0.610145 (0.053081) with: {'batch_size': 32, 'lr': 0.01, 'max_epochs': 128, 'module__n_features': 23, 'module__n_neurons': 32, 'module__nonlin': ReLU()}
2024-05-31 17:28:51,860 0.607113 (0.035977) with: {'batch_size': 32, 'lr': 0.01, 'max_epochs': 128, 'module__n_features': 23, 'module__n_neurons': 64, 'module__nonlin': Tanh()}
2024-05-31 17:28:51,860 0.612510 (0.037676) with: {'batch_size': 32, 'lr': 0.01, 'max_epochs': 128, 'module__n_features': 23, 'module__n_neurons': 64, 'module__nonlin': ReLU()}
2024-05-31 17:28:51,860 0.615942 (0.052762) with: {'batch_size': 32, 'lr': 0.01, 'max_epochs': 128, 'module__n_features': 23, 'module__n_neurons': 128, 'module__nonlin': Tanh()}
2024-05-31 17:28:51,860 0.610355 (0.055750) with: {'batch_size': 32, 'lr': 0.01, 'max_epochs': 128, 'module__n_features': 23, 'module__n_neurons': 128, 'module__nonlin': ReLU()}
2024-05-31 17:28:51,860 0.590942 (0.044947) with: {'batch_size': 32, 'lr': 0.01, 'max_epochs': 128, 'module__n_features': 23, 'module__n_neurons': 256, 'module__nonlin': Tanh()}
2024-05-31 17:28:51,860 0.604558 (0.051491) with: {'batch_size': 32, 'lr': 0.01, 'max_epochs': 128, 'module__n_features': 23, 'module__n_neurons': 256, 'module__nonlin': ReLU()}
2024-05-31 17:28:51,860 0.659001 (0.063826) with: {'batch_size': 32, 'lr': 0.02, 'max_epochs': 16, 'module__n_features': 23, 'module__n_neurons': 16, 'module__nonlin': Tanh()}
2024-05-31 17:28:51,860 0.646110 (0.049517) with: {'batch_size': 32, 'lr': 0.02, 'max_epochs': 16, 'module__n_features': 23, 'module__n_neurons': 16, 'module__nonlin': ReLU()}
2024-05-31 17:28:51,860 0.658429 (0.063811) with: {'batch_size': 32, 'lr': 0.02, 'max_epochs': 16, 'module__n_features': 23, 'module__n_neurons': 32, 'module__nonlin': Tanh()}
2024-05-31 17:28:51,860 0.638978 (0.051332) with: {'batch_size': 32, 'lr': 0.02, 'max_epochs': 16, 'module__n_features': 23, 'module__n_neurons': 32, 'module__nonlin': ReLU()}
2024-05-31 17:28:51,861 0.659992 (0.063440) with: {'batch_size': 32, 'lr': 0.02, 'max_epochs': 16, 'module__n_features': 23, 'module__n_neurons': 64, 'module__nonlin': Tanh()}
2024-05-31 17:28:51,861 0.606865 (0.045686) with: {'batch_size': 32, 'lr': 0.02, 'max_epochs': 16, 'module__n_features': 23, 'module__n_neurons': 64, 'module__nonlin': ReLU()}
2024-05-31 17:28:51,861 0.656636 (0.062229) with: {'batch_size': 32, 'lr': 0.02, 'max_epochs': 16, 'module__n_features': 23, 'module__n_neurons': 128, 'module__nonlin': Tanh()}
2024-05-31 17:28:51,861 0.612376 (0.045840) with: {'batch_size': 32, 'lr': 0.02, 'max_epochs': 16, 'module__n_features': 23, 'module__n_neurons': 128, 'module__nonlin': ReLU()}
2024-05-31 17:28:51,861 0.675973 (0.056649) with: {'batch_size': 32, 'lr': 0.02, 'max_epochs': 16, 'module__n_features': 23, 'module__n_neurons': 256, 'module__nonlin': Tanh()}
2024-05-31 17:28:51,861 0.596358 (0.066787) with: {'batch_size': 32, 'lr': 0.02, 'max_epochs': 16, 'module__n_features': 23, 'module__n_neurons': 256, 'module__nonlin': ReLU()}
2024-05-31 17:28:51,861 0.657666 (0.065240) with: {'batch_size': 32, 'lr': 0.02, 'max_epochs': 32, 'module__n_features': 23, 'module__n_neurons': 16, 'module__nonlin': Tanh()}
2024-05-31 17:28:51,861 0.626125 (0.057645) with: {'batch_size': 32, 'lr': 0.02, 'max_epochs': 32, 'module__n_features': 23, 'module__n_neurons': 16, 'module__nonlin': ReLU()}
2024-05-31 17:28:51,861 0.650915 (0.066046) with: {'batch_size': 32, 'lr': 0.02, 'max_epochs': 32, 'module__n_features': 23, 'module__n_neurons': 32, 'module__nonlin': Tanh()}
2024-05-31 17:28:51,861 0.597063 (0.041715) with: {'batch_size': 32, 'lr': 0.02, 'max_epochs': 32, 'module__n_features': 23, 'module__n_neurons': 32, 'module__nonlin': ReLU()}
2024-05-31 17:28:51,861 0.641114 (0.065621) with: {'batch_size': 32, 'lr': 0.02, 'max_epochs': 32, 'module__n_features': 23, 'module__n_neurons': 64, 'module__nonlin': Tanh()}
2024-05-31 17:28:51,861 0.598207 (0.062579) with: {'batch_size': 32, 'lr': 0.02, 'max_epochs': 32, 'module__n_features': 23, 'module__n_neurons': 64, 'module__nonlin': ReLU()}
2024-05-31 17:28:51,861 0.651983 (0.019442) with: {'batch_size': 32, 'lr': 0.02, 'max_epochs': 32, 'module__n_features': 23, 'module__n_neurons': 128, 'module__nonlin': Tanh()}
2024-05-31 17:28:51,861 0.599809 (0.026469) with: {'batch_size': 32, 'lr': 0.02, 'max_epochs': 32, 'module__n_features': 23, 'module__n_neurons': 128, 'module__nonlin': ReLU()}
2024-05-31 17:28:51,861 0.643936 (0.024735) with: {'batch_size': 32, 'lr': 0.02, 'max_epochs': 32, 'module__n_features': 23, 'module__n_neurons': 256, 'module__nonlin': Tanh()}
2024-05-31 17:28:51,861 0.584325 (0.050997) with: {'batch_size': 32, 'lr': 0.02, 'max_epochs': 32, 'module__n_features': 23, 'module__n_neurons': 256, 'module__nonlin': ReLU()}
2024-05-31 17:28:51,861 0.632838 (0.037505) with: {'batch_size': 32, 'lr': 0.02, 'max_epochs': 64, 'module__n_features': 23, 'module__n_neurons': 16, 'module__nonlin': Tanh()}
2024-05-31 17:28:51,861 0.631407 (0.024793) with: {'batch_size': 32, 'lr': 0.02, 'max_epochs': 64, 'module__n_features': 23, 'module__n_neurons': 16, 'module__nonlin': ReLU()}
2024-05-31 17:28:51,861 0.614874 (0.052088) with: {'batch_size': 32, 'lr': 0.02, 'max_epochs': 64, 'module__n_features': 23, 'module__n_neurons': 32, 'module__nonlin': Tanh()}
2024-05-31 17:28:51,861 0.579958 (0.040238) with: {'batch_size': 32, 'lr': 0.02, 'max_epochs': 64, 'module__n_features': 23, 'module__n_neurons': 32, 'module__nonlin': ReLU()}
2024-05-31 17:28:51,861 0.616552 (0.048004) with: {'batch_size': 32, 'lr': 0.02, 'max_epochs': 64, 'module__n_features': 23, 'module__n_neurons': 64, 'module__nonlin': Tanh()}
2024-05-31 17:28:51,861 0.581331 (0.068279) with: {'batch_size': 32, 'lr': 0.02, 'max_epochs': 64, 'module__n_features': 23, 'module__n_neurons': 64, 'module__nonlin': ReLU()}
2024-05-31 17:28:51,861 0.589207 (0.056324) with: {'batch_size': 32, 'lr': 0.02, 'max_epochs': 64, 'module__n_features': 23, 'module__n_neurons': 128, 'module__nonlin': Tanh()}
2024-05-31 17:28:51,861 0.604901 (0.053561) with: {'batch_size': 32, 'lr': 0.02, 'max_epochs': 64, 'module__n_features': 23, 'module__n_neurons': 128, 'module__nonlin': ReLU()}
2024-05-31 17:28:51,861 0.613158 (0.040671) with: {'batch_size': 32, 'lr': 0.02, 'max_epochs': 64, 'module__n_features': 23, 'module__n_neurons': 256, 'module__nonlin': Tanh()}
2024-05-31 17:28:51,861 0.580683 (0.040887) with: {'batch_size': 32, 'lr': 0.02, 'max_epochs': 64, 'module__n_features': 23, 'module__n_neurons': 256, 'module__nonlin': ReLU()}
2024-05-31 17:28:51,861 0.601945 (0.063881) with: {'batch_size': 32, 'lr': 0.02, 'max_epochs': 128, 'module__n_features': 23, 'module__n_neurons': 16, 'module__nonlin': Tanh()}
2024-05-31 17:28:51,861 0.612967 (0.029072) with: {'batch_size': 32, 'lr': 0.02, 'max_epochs': 128, 'module__n_features': 23, 'module__n_neurons': 16, 'module__nonlin': ReLU()}
2024-05-31 17:28:51,861 0.595385 (0.053347) with: {'batch_size': 32, 'lr': 0.02, 'max_epochs': 128, 'module__n_features': 23, 'module__n_neurons': 32, 'module__nonlin': Tanh()}
2024-05-31 17:28:51,861 0.583486 (0.054690) with: {'batch_size': 32, 'lr': 0.02, 'max_epochs': 128, 'module__n_features': 23, 'module__n_neurons': 32, 'module__nonlin': ReLU()}
2024-05-31 17:28:51,861 0.577975 (0.064852) with: {'batch_size': 32, 'lr': 0.02, 'max_epochs': 128, 'module__n_features': 23, 'module__n_neurons': 64, 'module__nonlin': Tanh()}
2024-05-31 17:28:51,861 0.599828 (0.048276) with: {'batch_size': 32, 'lr': 0.02, 'max_epochs': 128, 'module__n_features': 23, 'module__n_neurons': 64, 'module__nonlin': ReLU()}
2024-05-31 17:28:51,861 0.632342 (0.043067) with: {'batch_size': 32, 'lr': 0.02, 'max_epochs': 128, 'module__n_features': 23, 'module__n_neurons': 128, 'module__nonlin': Tanh()}
2024-05-31 17:28:51,861 0.581388 (0.031785) with: {'batch_size': 32, 'lr': 0.02, 'max_epochs': 128, 'module__n_features': 23, 'module__n_neurons': 128, 'module__nonlin': ReLU()}
2024-05-31 17:28:51,861 0.595442 (0.023447) with: {'batch_size': 32, 'lr': 0.02, 'max_epochs': 128, 'module__n_features': 23, 'module__n_neurons': 256, 'module__nonlin': Tanh()}
2024-05-31 17:28:51,861 0.600286 (0.032126) with: {'batch_size': 32, 'lr': 0.02, 'max_epochs': 128, 'module__n_features': 23, 'module__n_neurons': 256, 'module__nonlin': ReLU()}
2024-05-31 17:28:51,861 0.606255 (0.064812) with: {'batch_size': 64, 'lr': 0.001, 'max_epochs': 16, 'module__n_features': 23, 'module__n_neurons': 16, 'module__nonlin': Tanh()}
2024-05-31 17:28:51,861 0.559687 (0.062826) with: {'batch_size': 64, 'lr': 0.001, 'max_epochs': 16, 'module__n_features': 23, 'module__n_neurons': 16, 'module__nonlin': ReLU()}
2024-05-31 17:28:51,861 0.628413 (0.036988) with: {'batch_size': 64, 'lr': 0.001, 'max_epochs': 16, 'module__n_features': 23, 'module__n_neurons': 32, 'module__nonlin': Tanh()}
2024-05-31 17:28:51,861 0.613043 (0.053016) with: {'batch_size': 64, 'lr': 0.001, 'max_epochs': 16, 'module__n_features': 23, 'module__n_neurons': 32, 'module__nonlin': ReLU()}
2024-05-31 17:28:51,861 0.652250 (0.058940) with: {'batch_size': 64, 'lr': 0.001, 'max_epochs': 16, 'module__n_features': 23, 'module__n_neurons': 64, 'module__nonlin': Tanh()}
2024-05-31 17:28:51,861 0.615713 (0.053367) with: {'batch_size': 64, 'lr': 0.001, 'max_epochs': 16, 'module__n_features': 23, 'module__n_neurons': 64, 'module__nonlin': ReLU()}
2024-05-31 17:28:51,861 0.652708 (0.054138) with: {'batch_size': 64, 'lr': 0.001, 'max_epochs': 16, 'module__n_features': 23, 'module__n_neurons': 128, 'module__nonlin': Tanh()}
2024-05-31 17:28:51,861 0.648551 (0.051360) with: {'batch_size': 64, 'lr': 0.001, 'max_epochs': 16, 'module__n_features': 23, 'module__n_neurons': 128, 'module__nonlin': ReLU()}
2024-05-31 17:28:51,861 0.658047 (0.058863) with: {'batch_size': 64, 'lr': 0.001, 'max_epochs': 16, 'module__n_features': 23, 'module__n_neurons': 256, 'module__nonlin': Tanh()}
2024-05-31 17:28:51,861 0.646720 (0.047074) with: {'batch_size': 64, 'lr': 0.001, 'max_epochs': 16, 'module__n_features': 23, 'module__n_neurons': 256, 'module__nonlin': ReLU()}
2024-05-31 17:28:51,861 0.631922 (0.048382) with: {'batch_size': 64, 'lr': 0.001, 'max_epochs': 32, 'module__n_features': 23, 'module__n_neurons': 16, 'module__nonlin': Tanh()}
2024-05-31 17:28:51,861 0.630053 (0.065300) with: {'batch_size': 64, 'lr': 0.001, 'max_epochs': 32, 'module__n_features': 23, 'module__n_neurons': 16, 'module__nonlin': ReLU()}
2024-05-31 17:28:51,862 0.645233 (0.054134) with: {'batch_size': 64, 'lr': 0.001, 'max_epochs': 32, 'module__n_features': 23, 'module__n_neurons': 32, 'module__nonlin': Tanh()}
2024-05-31 17:28:51,862 0.644050 (0.059884) with: {'batch_size': 64, 'lr': 0.001, 'max_epochs': 32, 'module__n_features': 23, 'module__n_neurons': 32, 'module__nonlin': ReLU()}
2024-05-31 17:28:51,862 0.654424 (0.055893) with: {'batch_size': 64, 'lr': 0.001, 'max_epochs': 32, 'module__n_features': 23, 'module__n_neurons': 64, 'module__nonlin': Tanh()}
2024-05-31 17:28:51,862 0.650153 (0.054252) with: {'batch_size': 64, 'lr': 0.001, 'max_epochs': 32, 'module__n_features': 23, 'module__n_neurons': 64, 'module__nonlin': ReLU()}
2024-05-31 17:28:51,862 0.658543 (0.062299) with: {'batch_size': 64, 'lr': 0.001, 'max_epochs': 32, 'module__n_features': 23, 'module__n_neurons': 128, 'module__nonlin': Tanh()}
2024-05-31 17:28:51,862 0.654424 (0.049800) with: {'batch_size': 64, 'lr': 0.001, 'max_epochs': 32, 'module__n_features': 23, 'module__n_neurons': 128, 'module__nonlin': ReLU()}
2024-05-31 17:28:51,862 0.659573 (0.063609) with: {'batch_size': 64, 'lr': 0.001, 'max_epochs': 32, 'module__n_features': 23, 'module__n_neurons': 256, 'module__nonlin': Tanh()}
2024-05-31 17:28:51,862 0.654691 (0.057367) with: {'batch_size': 64, 'lr': 0.001, 'max_epochs': 32, 'module__n_features': 23, 'module__n_neurons': 256, 'module__nonlin': ReLU()}
2024-05-31 17:28:51,862 0.645271 (0.048686) with: {'batch_size': 64, 'lr': 0.001, 'max_epochs': 64, 'module__n_features': 23, 'module__n_neurons': 16, 'module__nonlin': Tanh()}
2024-05-31 17:28:51,862 0.645042 (0.054821) with: {'batch_size': 64, 'lr': 0.001, 'max_epochs': 64, 'module__n_features': 23, 'module__n_neurons': 16, 'module__nonlin': ReLU()}
2024-05-31 17:28:51,862 0.653432 (0.055143) with: {'batch_size': 64, 'lr': 0.001, 'max_epochs': 64, 'module__n_features': 23, 'module__n_neurons': 32, 'module__nonlin': Tanh()}
2024-05-31 17:28:51,862 0.649466 (0.054791) with: {'batch_size': 64, 'lr': 0.001, 'max_epochs': 64, 'module__n_features': 23, 'module__n_neurons': 32, 'module__nonlin': ReLU()}
2024-05-31 17:28:51,862 0.658658 (0.060078) with: {'batch_size': 64, 'lr': 0.001, 'max_epochs': 64, 'module__n_features': 23, 'module__n_neurons': 64, 'module__nonlin': Tanh()}
2024-05-31 17:28:51,862 0.659382 (0.048234) with: {'batch_size': 64, 'lr': 0.001, 'max_epochs': 64, 'module__n_features': 23, 'module__n_neurons': 64, 'module__nonlin': ReLU()}
2024-05-31 17:28:51,862 0.660412 (0.063935) with: {'batch_size': 64, 'lr': 0.001, 'max_epochs': 64, 'module__n_features': 23, 'module__n_neurons': 128, 'module__nonlin': Tanh()}
2024-05-31 17:28:51,862 0.656102 (0.055756) with: {'batch_size': 64, 'lr': 0.001, 'max_epochs': 64, 'module__n_features': 23, 'module__n_neurons': 128, 'module__nonlin': ReLU()}
2024-05-31 17:28:51,862 0.659802 (0.063746) with: {'batch_size': 64, 'lr': 0.001, 'max_epochs': 64, 'module__n_features': 23, 'module__n_neurons': 256, 'module__nonlin': Tanh()}
2024-05-31 17:28:51,862 0.630359 (0.048406) with: {'batch_size': 64, 'lr': 0.001, 'max_epochs': 64, 'module__n_features': 23, 'module__n_neurons': 256, 'module__nonlin': ReLU()}
2024-05-31 17:28:51,862 0.656751 (0.060441) with: {'batch_size': 64, 'lr': 0.001, 'max_epochs': 128, 'module__n_features': 23, 'module__n_neurons': 16, 'module__nonlin': Tanh()}
2024-05-31 17:28:51,862 0.641953 (0.055441) with: {'batch_size': 64, 'lr': 0.001, 'max_epochs': 128, 'module__n_features': 23, 'module__n_neurons': 16, 'module__nonlin': ReLU()}
2024-05-31 17:28:51,862 0.658505 (0.064319) with: {'batch_size': 64, 'lr': 0.001, 'max_epochs': 128, 'module__n_features': 23, 'module__n_neurons': 32, 'module__nonlin': Tanh()}
2024-05-31 17:28:51,862 0.659954 (0.060122) with: {'batch_size': 64, 'lr': 0.001, 'max_epochs': 128, 'module__n_features': 23, 'module__n_neurons': 32, 'module__nonlin': ReLU()}
2024-05-31 17:28:51,862 0.658810 (0.063273) with: {'batch_size': 64, 'lr': 0.001, 'max_epochs': 128, 'module__n_features': 23, 'module__n_neurons': 64, 'module__nonlin': Tanh()}
2024-05-31 17:28:51,862 0.639512 (0.048778) with: {'batch_size': 64, 'lr': 0.001, 'max_epochs': 128, 'module__n_features': 23, 'module__n_neurons': 64, 'module__nonlin': ReLU()}
2024-05-31 17:28:51,862 0.660564 (0.063866) with: {'batch_size': 64, 'lr': 0.001, 'max_epochs': 128, 'module__n_features': 23, 'module__n_neurons': 128, 'module__nonlin': Tanh()}
2024-05-31 17:28:51,862 0.607056 (0.047378) with: {'batch_size': 64, 'lr': 0.001, 'max_epochs': 128, 'module__n_features': 23, 'module__n_neurons': 128, 'module__nonlin': ReLU()}
2024-05-31 17:28:51,862 0.662662 (0.062418) with: {'batch_size': 64, 'lr': 0.001, 'max_epochs': 128, 'module__n_features': 23, 'module__n_neurons': 256, 'module__nonlin': Tanh()}
2024-05-31 17:28:51,862 0.604500 (0.053263) with: {'batch_size': 64, 'lr': 0.001, 'max_epochs': 128, 'module__n_features': 23, 'module__n_neurons': 256, 'module__nonlin': ReLU()}
2024-05-31 17:28:51,862 0.654729 (0.058746) with: {'batch_size': 64, 'lr': 0.01, 'max_epochs': 16, 'module__n_features': 23, 'module__n_neurons': 16, 'module__nonlin': Tanh()}
2024-05-31 17:28:51,862 0.651411 (0.058444) with: {'batch_size': 64, 'lr': 0.01, 'max_epochs': 16, 'module__n_features': 23, 'module__n_neurons': 16, 'module__nonlin': ReLU()}
2024-05-31 17:28:51,862 0.658848 (0.064302) with: {'batch_size': 64, 'lr': 0.01, 'max_epochs': 16, 'module__n_features': 23, 'module__n_neurons': 32, 'module__nonlin': Tanh()}
2024-05-31 17:28:51,862 0.644699 (0.055011) with: {'batch_size': 64, 'lr': 0.01, 'max_epochs': 16, 'module__n_features': 23, 'module__n_neurons': 32, 'module__nonlin': ReLU()}
2024-05-31 17:28:51,862 0.658848 (0.063636) with: {'batch_size': 64, 'lr': 0.01, 'max_epochs': 16, 'module__n_features': 23, 'module__n_neurons': 64, 'module__nonlin': Tanh()}
2024-05-31 17:28:51,862 0.645538 (0.052644) with: {'batch_size': 64, 'lr': 0.01, 'max_epochs': 16, 'module__n_features': 23, 'module__n_neurons': 64, 'module__nonlin': ReLU()}
2024-05-31 17:28:51,862 0.658810 (0.063015) with: {'batch_size': 64, 'lr': 0.01, 'max_epochs': 16, 'module__n_features': 23, 'module__n_neurons': 128, 'module__nonlin': Tanh()}
2024-05-31 17:28:51,862 0.627956 (0.041288) with: {'batch_size': 64, 'lr': 0.01, 'max_epochs': 16, 'module__n_features': 23, 'module__n_neurons': 128, 'module__nonlin': ReLU()}
2024-05-31 17:28:51,862 0.658696 (0.063623) with: {'batch_size': 64, 'lr': 0.01, 'max_epochs': 16, 'module__n_features': 23, 'module__n_neurons': 256, 'module__nonlin': Tanh()}
2024-05-31 17:28:51,862 0.614264 (0.057236) with: {'batch_size': 64, 'lr': 0.01, 'max_epochs': 16, 'module__n_features': 23, 'module__n_neurons': 256, 'module__nonlin': ReLU()}
2024-05-31 17:28:51,862 0.658085 (0.062603) with: {'batch_size': 64, 'lr': 0.01, 'max_epochs': 32, 'module__n_features': 23, 'module__n_neurons': 16, 'module__nonlin': Tanh()}
2024-05-31 17:28:51,862 0.645461 (0.066424) with: {'batch_size': 64, 'lr': 0.01, 'max_epochs': 32, 'module__n_features': 23, 'module__n_neurons': 16, 'module__nonlin': ReLU()}
2024-05-31 17:28:51,862 0.661251 (0.062455) with: {'batch_size': 64, 'lr': 0.01, 'max_epochs': 32, 'module__n_features': 23, 'module__n_neurons': 32, 'module__nonlin': Tanh()}
2024-05-31 17:28:51,862 0.641114 (0.050916) with: {'batch_size': 64, 'lr': 0.01, 'max_epochs': 32, 'module__n_features': 23, 'module__n_neurons': 32, 'module__nonlin': ReLU()}
2024-05-31 17:28:51,862 0.659764 (0.064758) with: {'batch_size': 64, 'lr': 0.01, 'max_epochs': 32, 'module__n_features': 23, 'module__n_neurons': 64, 'module__nonlin': Tanh()}
2024-05-31 17:28:51,862 0.622464 (0.061589) with: {'batch_size': 64, 'lr': 0.01, 'max_epochs': 32, 'module__n_features': 23, 'module__n_neurons': 64, 'module__nonlin': ReLU()}
2024-05-31 17:28:51,862 0.661365 (0.064326) with: {'batch_size': 64, 'lr': 0.01, 'max_epochs': 32, 'module__n_features': 23, 'module__n_neurons': 128, 'module__nonlin': Tanh()}
2024-05-31 17:28:51,862 0.584230 (0.057731) with: {'batch_size': 64, 'lr': 0.01, 'max_epochs': 32, 'module__n_features': 23, 'module__n_neurons': 128, 'module__nonlin': ReLU()}
2024-05-31 17:28:51,862 0.656217 (0.061346) with: {'batch_size': 64, 'lr': 0.01, 'max_epochs': 32, 'module__n_features': 23, 'module__n_neurons': 256, 'module__nonlin': Tanh()}
2024-05-31 17:28:51,862 0.597349 (0.056468) with: {'batch_size': 64, 'lr': 0.01, 'max_epochs': 32, 'module__n_features': 23, 'module__n_neurons': 256, 'module__nonlin': ReLU()}
2024-05-31 17:28:51,862 0.658124 (0.061580) with: {'batch_size': 64, 'lr': 0.01, 'max_epochs': 64, 'module__n_features': 23, 'module__n_neurons': 16, 'module__nonlin': Tanh()}
2024-05-31 17:28:51,863 0.657170 (0.035578) with: {'batch_size': 64, 'lr': 0.01, 'max_epochs': 64, 'module__n_features': 23, 'module__n_neurons': 16, 'module__nonlin': ReLU()}
2024-05-31 17:28:51,863 0.654081 (0.063823) with: {'batch_size': 64, 'lr': 0.01, 'max_epochs': 64, 'module__n_features': 23, 'module__n_neurons': 32, 'module__nonlin': Tanh()}
2024-05-31 17:28:51,863 0.591648 (0.062570) with: {'batch_size': 64, 'lr': 0.01, 'max_epochs': 64, 'module__n_features': 23, 'module__n_neurons': 32, 'module__nonlin': ReLU()}
2024-05-31 17:28:51,863 0.650496 (0.056478) with: {'batch_size': 64, 'lr': 0.01, 'max_epochs': 64, 'module__n_features': 23, 'module__n_neurons': 64, 'module__nonlin': Tanh()}
2024-05-31 17:28:51,863 0.588139 (0.051229) with: {'batch_size': 64, 'lr': 0.01, 'max_epochs': 64, 'module__n_features': 23, 'module__n_neurons': 64, 'module__nonlin': ReLU()}
2024-05-31 17:28:51,863 0.635202 (0.054552) with: {'batch_size': 64, 'lr': 0.01, 'max_epochs': 64, 'module__n_features': 23, 'module__n_neurons': 128, 'module__nonlin': Tanh()}
2024-05-31 17:28:51,863 0.592334 (0.049449) with: {'batch_size': 64, 'lr': 0.01, 'max_epochs': 64, 'module__n_features': 23, 'module__n_neurons': 128, 'module__nonlin': ReLU()}
2024-05-31 17:28:51,863 0.608886 (0.052295) with: {'batch_size': 64, 'lr': 0.01, 'max_epochs': 64, 'module__n_features': 23, 'module__n_neurons': 256, 'module__nonlin': Tanh()}
2024-05-31 17:28:51,863 0.587243 (0.035827) with: {'batch_size': 64, 'lr': 0.01, 'max_epochs': 64, 'module__n_features': 23, 'module__n_neurons': 256, 'module__nonlin': ReLU()}
2024-05-31 17:28:51,863 0.640885 (0.032790) with: {'batch_size': 64, 'lr': 0.01, 'max_epochs': 128, 'module__n_features': 23, 'module__n_neurons': 16, 'module__nonlin': Tanh()}
2024-05-31 17:28:51,863 0.616171 (0.069443) with: {'batch_size': 64, 'lr': 0.01, 'max_epochs': 128, 'module__n_features': 23, 'module__n_neurons': 16, 'module__nonlin': ReLU()}
2024-05-31 17:28:51,863 0.641571 (0.041406) with: {'batch_size': 64, 'lr': 0.01, 'max_epochs': 128, 'module__n_features': 23, 'module__n_neurons': 32, 'module__nonlin': Tanh()}
2024-05-31 17:28:51,863 0.576506 (0.059413) with: {'batch_size': 64, 'lr': 0.01, 'max_epochs': 128, 'module__n_features': 23, 'module__n_neurons': 32, 'module__nonlin': ReLU()}
2024-05-31 17:28:51,863 0.598627 (0.047775) with: {'batch_size': 64, 'lr': 0.01, 'max_epochs': 128, 'module__n_features': 23, 'module__n_neurons': 64, 'module__nonlin': Tanh()}
2024-05-31 17:28:51,863 0.617677 (0.043341) with: {'batch_size': 64, 'lr': 0.01, 'max_epochs': 128, 'module__n_features': 23, 'module__n_neurons': 64, 'module__nonlin': ReLU()}
2024-05-31 17:28:51,863 0.629138 (0.055565) with: {'batch_size': 64, 'lr': 0.01, 'max_epochs': 128, 'module__n_features': 23, 'module__n_neurons': 128, 'module__nonlin': Tanh()}
2024-05-31 17:28:51,863 0.596548 (0.071846) with: {'batch_size': 64, 'lr': 0.01, 'max_epochs': 128, 'module__n_features': 23, 'module__n_neurons': 128, 'module__nonlin': ReLU()}
2024-05-31 17:28:51,863 0.610412 (0.041639) with: {'batch_size': 64, 'lr': 0.01, 'max_epochs': 128, 'module__n_features': 23, 'module__n_neurons': 256, 'module__nonlin': Tanh()}
2024-05-31 17:28:51,863 0.603299 (0.044023) with: {'batch_size': 64, 'lr': 0.01, 'max_epochs': 128, 'module__n_features': 23, 'module__n_neurons': 256, 'module__nonlin': ReLU()}
2024-05-31 17:28:51,863 0.659191 (0.061038) with: {'batch_size': 64, 'lr': 0.02, 'max_epochs': 16, 'module__n_features': 23, 'module__n_neurons': 16, 'module__nonlin': Tanh()}
2024-05-31 17:28:51,863 0.648856 (0.050285) with: {'batch_size': 64, 'lr': 0.02, 'max_epochs': 16, 'module__n_features': 23, 'module__n_neurons': 16, 'module__nonlin': ReLU()}
2024-05-31 17:28:51,863 0.659497 (0.064611) with: {'batch_size': 64, 'lr': 0.02, 'max_epochs': 16, 'module__n_features': 23, 'module__n_neurons': 32, 'module__nonlin': Tanh()}
2024-05-31 17:28:51,863 0.651487 (0.048148) with: {'batch_size': 64, 'lr': 0.02, 'max_epochs': 16, 'module__n_features': 23, 'module__n_neurons': 32, 'module__nonlin': ReLU()}
2024-05-31 17:28:51,863 0.659306 (0.060813) with: {'batch_size': 64, 'lr': 0.02, 'max_epochs': 16, 'module__n_features': 23, 'module__n_neurons': 64, 'module__nonlin': Tanh()}
2024-05-31 17:28:51,863 0.616514 (0.051730) with: {'batch_size': 64, 'lr': 0.02, 'max_epochs': 16, 'module__n_features': 23, 'module__n_neurons': 64, 'module__nonlin': ReLU()}
2024-05-31 17:28:51,863 0.663577 (0.061614) with: {'batch_size': 64, 'lr': 0.02, 'max_epochs': 16, 'module__n_features': 23, 'module__n_neurons': 128, 'module__nonlin': Tanh()}
2024-05-31 17:28:51,863 0.619699 (0.045257) with: {'batch_size': 64, 'lr': 0.02, 'max_epochs': 16, 'module__n_features': 23, 'module__n_neurons': 128, 'module__nonlin': ReLU()}
2024-05-31 17:28:51,863 0.661365 (0.057161) with: {'batch_size': 64, 'lr': 0.02, 'max_epochs': 16, 'module__n_features': 23, 'module__n_neurons': 256, 'module__nonlin': Tanh()}
2024-05-31 17:28:51,863 0.610488 (0.047508) with: {'batch_size': 64, 'lr': 0.02, 'max_epochs': 16, 'module__n_features': 23, 'module__n_neurons': 256, 'module__nonlin': ReLU()}
2024-05-31 17:28:51,863 0.665599 (0.064693) with: {'batch_size': 64, 'lr': 0.02, 'max_epochs': 32, 'module__n_features': 23, 'module__n_neurons': 16, 'module__nonlin': Tanh()}
2024-05-31 17:28:51,863 0.664340 (0.048208) with: {'batch_size': 64, 'lr': 0.02, 'max_epochs': 32, 'module__n_features': 23, 'module__n_neurons': 16, 'module__nonlin': ReLU()}
2024-05-31 17:28:51,863 0.655988 (0.061716) with: {'batch_size': 64, 'lr': 0.02, 'max_epochs': 32, 'module__n_features': 23, 'module__n_neurons': 32, 'module__nonlin': Tanh()}
2024-05-31 17:28:51,863 0.620290 (0.030883) with: {'batch_size': 64, 'lr': 0.02, 'max_epochs': 32, 'module__n_features': 23, 'module__n_neurons': 32, 'module__nonlin': ReLU()}
2024-05-31 17:28:51,863 0.653585 (0.070674) with: {'batch_size': 64, 'lr': 0.02, 'max_epochs': 32, 'module__n_features': 23, 'module__n_neurons': 64, 'module__nonlin': Tanh()}
2024-05-31 17:28:51,863 0.604462 (0.039037) with: {'batch_size': 64, 'lr': 0.02, 'max_epochs': 32, 'module__n_features': 23, 'module__n_neurons': 64, 'module__nonlin': ReLU()}
2024-05-31 17:28:51,863 0.646796 (0.055999) with: {'batch_size': 64, 'lr': 0.02, 'max_epochs': 32, 'module__n_features': 23, 'module__n_neurons': 128, 'module__nonlin': Tanh()}
2024-05-31 17:28:51,863 0.606140 (0.040219) with: {'batch_size': 64, 'lr': 0.02, 'max_epochs': 32, 'module__n_features': 23, 'module__n_neurons': 128, 'module__nonlin': ReLU()}
2024-05-31 17:28:51,863 0.640084 (0.039965) with: {'batch_size': 64, 'lr': 0.02, 'max_epochs': 32, 'module__n_features': 23, 'module__n_neurons': 256, 'module__nonlin': Tanh()}
2024-05-31 17:28:51,863 0.583905 (0.053170) with: {'batch_size': 64, 'lr': 0.02, 'max_epochs': 32, 'module__n_features': 23, 'module__n_neurons': 256, 'module__nonlin': ReLU()}
2024-05-31 17:28:51,863 0.639397 (0.046819) with: {'batch_size': 64, 'lr': 0.02, 'max_epochs': 64, 'module__n_features': 23, 'module__n_neurons': 16, 'module__nonlin': Tanh()}
2024-05-31 17:28:51,863 0.623951 (0.034732) with: {'batch_size': 64, 'lr': 0.02, 'max_epochs': 64, 'module__n_features': 23, 'module__n_neurons': 16, 'module__nonlin': ReLU()}
2024-05-31 17:28:51,863 0.623875 (0.055294) with: {'batch_size': 64, 'lr': 0.02, 'max_epochs': 64, 'module__n_features': 23, 'module__n_neurons': 32, 'module__nonlin': Tanh()}
2024-05-31 17:28:51,863 0.597044 (0.054921) with: {'batch_size': 64, 'lr': 0.02, 'max_epochs': 64, 'module__n_features': 23, 'module__n_neurons': 32, 'module__nonlin': ReLU()}
2024-05-31 17:28:51,863 0.619985 (0.037050) with: {'batch_size': 64, 'lr': 0.02, 'max_epochs': 64, 'module__n_features': 23, 'module__n_neurons': 64, 'module__nonlin': Tanh()}
2024-05-31 17:28:51,863 0.595976 (0.065343) with: {'batch_size': 64, 'lr': 0.02, 'max_epochs': 64, 'module__n_features': 23, 'module__n_neurons': 64, 'module__nonlin': ReLU()}
2024-05-31 17:28:51,863 0.611365 (0.049193) with: {'batch_size': 64, 'lr': 0.02, 'max_epochs': 64, 'module__n_features': 23, 'module__n_neurons': 128, 'module__nonlin': Tanh()}
2024-05-31 17:28:51,863 0.598341 (0.051526) with: {'batch_size': 64, 'lr': 0.02, 'max_epochs': 64, 'module__n_features': 23, 'module__n_neurons': 128, 'module__nonlin': ReLU()}
2024-05-31 17:28:51,863 0.605263 (0.049937) with: {'batch_size': 64, 'lr': 0.02, 'max_epochs': 64, 'module__n_features': 23, 'module__n_neurons': 256, 'module__nonlin': Tanh()}
2024-05-31 17:28:51,863 0.591190 (0.047823) with: {'batch_size': 64, 'lr': 0.02, 'max_epochs': 64, 'module__n_features': 23, 'module__n_neurons': 256, 'module__nonlin': ReLU()}
2024-05-31 17:28:51,864 0.593898 (0.049929) with: {'batch_size': 64, 'lr': 0.02, 'max_epochs': 128, 'module__n_features': 23, 'module__n_neurons': 16, 'module__nonlin': Tanh()}
2024-05-31 17:28:51,864 0.600172 (0.041857) with: {'batch_size': 64, 'lr': 0.02, 'max_epochs': 128, 'module__n_features': 23, 'module__n_neurons': 16, 'module__nonlin': ReLU()}
2024-05-31 17:28:51,864 0.595919 (0.032114) with: {'batch_size': 64, 'lr': 0.02, 'max_epochs': 128, 'module__n_features': 23, 'module__n_neurons': 32, 'module__nonlin': Tanh()}
2024-05-31 17:28:51,864 0.597254 (0.046237) with: {'batch_size': 64, 'lr': 0.02, 'max_epochs': 128, 'module__n_features': 23, 'module__n_neurons': 32, 'module__nonlin': ReLU()}
2024-05-31 17:28:51,864 0.597559 (0.055839) with: {'batch_size': 64, 'lr': 0.02, 'max_epochs': 128, 'module__n_features': 23, 'module__n_neurons': 64, 'module__nonlin': Tanh()}
2024-05-31 17:28:51,864 0.590236 (0.050111) with: {'batch_size': 64, 'lr': 0.02, 'max_epochs': 128, 'module__n_features': 23, 'module__n_neurons': 64, 'module__nonlin': ReLU()}
2024-05-31 17:28:51,864 0.606751 (0.040761) with: {'batch_size': 64, 'lr': 0.02, 'max_epochs': 128, 'module__n_features': 23, 'module__n_neurons': 128, 'module__nonlin': Tanh()}
2024-05-31 17:28:51,864 0.605359 (0.047613) with: {'batch_size': 64, 'lr': 0.02, 'max_epochs': 128, 'module__n_features': 23, 'module__n_neurons': 128, 'module__nonlin': ReLU()}
2024-05-31 17:28:51,864 0.620748 (0.048437) with: {'batch_size': 64, 'lr': 0.02, 'max_epochs': 128, 'module__n_features': 23, 'module__n_neurons': 256, 'module__nonlin': Tanh()}
2024-05-31 17:28:51,864 0.601411 (0.055372) with: {'batch_size': 64, 'lr': 0.02, 'max_epochs': 128, 'module__n_features': 23, 'module__n_neurons': 256, 'module__nonlin': ReLU()}
2024-05-31 17:28:51,864 0.545080 (0.018498) with: {'batch_size': 128, 'lr': 0.001, 'max_epochs': 16, 'module__n_features': 23, 'module__n_neurons': 16, 'module__nonlin': Tanh()}
2024-05-31 17:28:51,864 0.528070 (0.060803) with: {'batch_size': 128, 'lr': 0.001, 'max_epochs': 16, 'module__n_features': 23, 'module__n_neurons': 16, 'module__nonlin': ReLU()}
2024-05-31 17:28:51,864 0.597368 (0.069437) with: {'batch_size': 128, 'lr': 0.001, 'max_epochs': 16, 'module__n_features': 23, 'module__n_neurons': 32, 'module__nonlin': Tanh()}
2024-05-31 17:28:51,864 0.579786 (0.056118) with: {'batch_size': 128, 'lr': 0.001, 'max_epochs': 16, 'module__n_features': 23, 'module__n_neurons': 32, 'module__nonlin': ReLU()}
2024-05-31 17:28:51,864 0.628871 (0.040020) with: {'batch_size': 128, 'lr': 0.001, 'max_epochs': 16, 'module__n_features': 23, 'module__n_neurons': 64, 'module__nonlin': Tanh()}
2024-05-31 17:28:51,864 0.578528 (0.071057) with: {'batch_size': 128, 'lr': 0.001, 'max_epochs': 16, 'module__n_features': 23, 'module__n_neurons': 64, 'module__nonlin': ReLU()}
2024-05-31 17:28:51,864 0.636995 (0.051484) with: {'batch_size': 128, 'lr': 0.001, 'max_epochs': 16, 'module__n_features': 23, 'module__n_neurons': 128, 'module__nonlin': Tanh()}
2024-05-31 17:28:51,864 0.640236 (0.057092) with: {'batch_size': 128, 'lr': 0.001, 'max_epochs': 16, 'module__n_features': 23, 'module__n_neurons': 128, 'module__nonlin': ReLU()}
2024-05-31 17:28:51,864 0.653280 (0.060186) with: {'batch_size': 128, 'lr': 0.001, 'max_epochs': 16, 'module__n_features': 23, 'module__n_neurons': 256, 'module__nonlin': Tanh()}
2024-05-31 17:28:51,864 0.650305 (0.054776) with: {'batch_size': 128, 'lr': 0.001, 'max_epochs': 16, 'module__n_features': 23, 'module__n_neurons': 256, 'module__nonlin': ReLU()}
2024-05-31 17:28:51,864 0.589512 (0.037159) with: {'batch_size': 128, 'lr': 0.001, 'max_epochs': 32, 'module__n_features': 23, 'module__n_neurons': 16, 'module__nonlin': Tanh()}
2024-05-31 17:28:51,864 0.567391 (0.051067) with: {'batch_size': 128, 'lr': 0.001, 'max_epochs': 32, 'module__n_features': 23, 'module__n_neurons': 16, 'module__nonlin': ReLU()}
2024-05-31 17:28:51,864 0.636690 (0.058324) with: {'batch_size': 128, 'lr': 0.001, 'max_epochs': 32, 'module__n_features': 23, 'module__n_neurons': 32, 'module__nonlin': Tanh()}
2024-05-31 17:28:51,864 0.611937 (0.064524) with: {'batch_size': 128, 'lr': 0.001, 'max_epochs': 32, 'module__n_features': 23, 'module__n_neurons': 32, 'module__nonlin': ReLU()}
2024-05-31 17:28:51,864 0.652479 (0.055027) with: {'batch_size': 128, 'lr': 0.001, 'max_epochs': 32, 'module__n_features': 23, 'module__n_neurons': 64, 'module__nonlin': Tanh()}
2024-05-31 17:28:51,864 0.639550 (0.056048) with: {'batch_size': 128, 'lr': 0.001, 'max_epochs': 32, 'module__n_features': 23, 'module__n_neurons': 64, 'module__nonlin': ReLU()}
2024-05-31 17:28:51,864 0.656789 (0.060359) with: {'batch_size': 128, 'lr': 0.001, 'max_epochs': 32, 'module__n_features': 23, 'module__n_neurons': 128, 'module__nonlin': Tanh()}
2024-05-31 17:28:51,864 0.650534 (0.053894) with: {'batch_size': 128, 'lr': 0.001, 'max_epochs': 32, 'module__n_features': 23, 'module__n_neurons': 128, 'module__nonlin': ReLU()}
2024-05-31 17:28:51,864 0.659458 (0.059728) with: {'batch_size': 128, 'lr': 0.001, 'max_epochs': 32, 'module__n_features': 23, 'module__n_neurons': 256, 'module__nonlin': Tanh()}
2024-05-31 17:28:51,864 0.653051 (0.047607) with: {'batch_size': 128, 'lr': 0.001, 'max_epochs': 32, 'module__n_features': 23, 'module__n_neurons': 256, 'module__nonlin': ReLU()}
2024-05-31 17:28:51,864 0.645614 (0.068634) with: {'batch_size': 128, 'lr': 0.001, 'max_epochs': 64, 'module__n_features': 23, 'module__n_neurons': 16, 'module__nonlin': Tanh()}
2024-05-31 17:28:51,864 0.627002 (0.057516) with: {'batch_size': 128, 'lr': 0.001, 'max_epochs': 64, 'module__n_features': 23, 'module__n_neurons': 16, 'module__nonlin': ReLU()}
2024-05-31 17:28:51,864 0.651754 (0.052184) with: {'batch_size': 128, 'lr': 0.001, 'max_epochs': 64, 'module__n_features': 23, 'module__n_neurons': 32, 'module__nonlin': Tanh()}
2024-05-31 17:28:51,864 0.640847 (0.049534) with: {'batch_size': 128, 'lr': 0.001, 'max_epochs': 64, 'module__n_features': 23, 'module__n_neurons': 32, 'module__nonlin': ReLU()}
2024-05-31 17:28:51,864 0.656789 (0.057266) with: {'batch_size': 128, 'lr': 0.001, 'max_epochs': 64, 'module__n_features': 23, 'module__n_neurons': 64, 'module__nonlin': Tanh()}
2024-05-31 17:28:51,864 0.656255 (0.047692) with: {'batch_size': 128, 'lr': 0.001, 'max_epochs': 64, 'module__n_features': 23, 'module__n_neurons': 64, 'module__nonlin': ReLU()}
2024-05-31 17:28:51,864 0.659878 (0.062738) with: {'batch_size': 128, 'lr': 0.001, 'max_epochs': 64, 'module__n_features': 23, 'module__n_neurons': 128, 'module__nonlin': Tanh()}
2024-05-31 17:28:51,864 0.656751 (0.052594) with: {'batch_size': 128, 'lr': 0.001, 'max_epochs': 64, 'module__n_features': 23, 'module__n_neurons': 128, 'module__nonlin': ReLU()}
2024-05-31 17:28:51,864 0.658658 (0.064280) with: {'batch_size': 128, 'lr': 0.001, 'max_epochs': 64, 'module__n_features': 23, 'module__n_neurons': 256, 'module__nonlin': Tanh()}
2024-05-31 17:28:51,864 0.644622 (0.046967) with: {'batch_size': 128, 'lr': 0.001, 'max_epochs': 64, 'module__n_features': 23, 'module__n_neurons': 256, 'module__nonlin': ReLU()}
2024-05-31 17:28:51,864 0.648474 (0.055310) with: {'batch_size': 128, 'lr': 0.001, 'max_epochs': 128, 'module__n_features': 23, 'module__n_neurons': 16, 'module__nonlin': Tanh()}
2024-05-31 17:28:51,864 0.659764 (0.059611) with: {'batch_size': 128, 'lr': 0.001, 'max_epochs': 128, 'module__n_features': 23, 'module__n_neurons': 16, 'module__nonlin': ReLU()}
2024-05-31 17:28:51,864 0.656789 (0.059649) with: {'batch_size': 128, 'lr': 0.001, 'max_epochs': 128, 'module__n_features': 23, 'module__n_neurons': 32, 'module__nonlin': Tanh()}
2024-05-31 17:28:51,864 0.656026 (0.054593) with: {'batch_size': 128, 'lr': 0.001, 'max_epochs': 128, 'module__n_features': 23, 'module__n_neurons': 32, 'module__nonlin': ReLU()}
2024-05-31 17:28:51,864 0.658772 (0.064256) with: {'batch_size': 128, 'lr': 0.001, 'max_epochs': 128, 'module__n_features': 23, 'module__n_neurons': 64, 'module__nonlin': Tanh()}
2024-05-31 17:28:51,864 0.640351 (0.055922) with: {'batch_size': 128, 'lr': 0.001, 'max_epochs': 128, 'module__n_features': 23, 'module__n_neurons': 64, 'module__nonlin': ReLU()}
2024-05-31 17:28:51,864 0.660107 (0.064181) with: {'batch_size': 128, 'lr': 0.001, 'max_epochs': 128, 'module__n_features': 23, 'module__n_neurons': 128, 'module__nonlin': Tanh()}
2024-05-31 17:28:51,864 0.628528 (0.049962) with: {'batch_size': 128, 'lr': 0.001, 'max_epochs': 128, 'module__n_features': 23, 'module__n_neurons': 128, 'module__nonlin': ReLU()}
2024-05-31 17:28:51,864 0.660564 (0.063134) with: {'batch_size': 128, 'lr': 0.001, 'max_epochs': 128, 'module__n_features': 23, 'module__n_neurons': 256, 'module__nonlin': Tanh()}
2024-05-31 17:28:51,865 0.616056 (0.046688) with: {'batch_size': 128, 'lr': 0.001, 'max_epochs': 128, 'module__n_features': 23, 'module__n_neurons': 256, 'module__nonlin': ReLU()}
2024-05-31 17:28:51,865 0.649695 (0.062558) with: {'batch_size': 128, 'lr': 0.01, 'max_epochs': 16, 'module__n_features': 23, 'module__n_neurons': 16, 'module__nonlin': Tanh()}
2024-05-31 17:28:51,865 0.659916 (0.066493) with: {'batch_size': 128, 'lr': 0.01, 'max_epochs': 16, 'module__n_features': 23, 'module__n_neurons': 16, 'module__nonlin': ReLU()}
2024-05-31 17:28:51,865 0.651297 (0.060261) with: {'batch_size': 128, 'lr': 0.01, 'max_epochs': 16, 'module__n_features': 23, 'module__n_neurons': 32, 'module__nonlin': Tanh()}
2024-05-31 17:28:51,865 0.645538 (0.053619) with: {'batch_size': 128, 'lr': 0.01, 'max_epochs': 16, 'module__n_features': 23, 'module__n_neurons': 32, 'module__nonlin': ReLU()}
2024-05-31 17:28:51,865 0.657818 (0.063207) with: {'batch_size': 128, 'lr': 0.01, 'max_epochs': 16, 'module__n_features': 23, 'module__n_neurons': 64, 'module__nonlin': Tanh()}
2024-05-31 17:28:51,865 0.650572 (0.050526) with: {'batch_size': 128, 'lr': 0.01, 'max_epochs': 16, 'module__n_features': 23, 'module__n_neurons': 64, 'module__nonlin': ReLU()}
2024-05-31 17:28:51,865 0.658581 (0.064580) with: {'batch_size': 128, 'lr': 0.01, 'max_epochs': 16, 'module__n_features': 23, 'module__n_neurons': 128, 'module__nonlin': Tanh()}
2024-05-31 17:28:51,865 0.645614 (0.053890) with: {'batch_size': 128, 'lr': 0.01, 'max_epochs': 16, 'module__n_features': 23, 'module__n_neurons': 128, 'module__nonlin': ReLU()}
2024-05-31 17:28:51,865 0.658886 (0.063683) with: {'batch_size': 128, 'lr': 0.01, 'max_epochs': 16, 'module__n_features': 23, 'module__n_neurons': 256, 'module__nonlin': Tanh()}
2024-05-31 17:28:51,865 0.630244 (0.055955) with: {'batch_size': 128, 'lr': 0.01, 'max_epochs': 16, 'module__n_features': 23, 'module__n_neurons': 256, 'module__nonlin': ReLU()}
2024-05-31 17:28:51,865 0.654577 (0.059098) with: {'batch_size': 128, 'lr': 0.01, 'max_epochs': 32, 'module__n_features': 23, 'module__n_neurons': 16, 'module__nonlin': Tanh()}
2024-05-31 17:28:51,865 0.664302 (0.055256) with: {'batch_size': 128, 'lr': 0.01, 'max_epochs': 32, 'module__n_features': 23, 'module__n_neurons': 16, 'module__nonlin': ReLU()}
2024-05-31 17:28:51,865 0.658810 (0.063405) with: {'batch_size': 128, 'lr': 0.01, 'max_epochs': 32, 'module__n_features': 23, 'module__n_neurons': 32, 'module__nonlin': Tanh()}
2024-05-31 17:28:51,865 0.649695 (0.056614) with: {'batch_size': 128, 'lr': 0.01, 'max_epochs': 32, 'module__n_features': 23, 'module__n_neurons': 32, 'module__nonlin': ReLU()}
2024-05-31 17:28:51,865 0.659153 (0.065328) with: {'batch_size': 128, 'lr': 0.01, 'max_epochs': 32, 'module__n_features': 23, 'module__n_neurons': 64, 'module__nonlin': Tanh()}
2024-05-31 17:28:51,865 0.635050 (0.067275) with: {'batch_size': 128, 'lr': 0.01, 'max_epochs': 32, 'module__n_features': 23, 'module__n_neurons': 64, 'module__nonlin': ReLU()}
2024-05-31 17:28:51,865 0.658924 (0.063434) with: {'batch_size': 128, 'lr': 0.01, 'max_epochs': 32, 'module__n_features': 23, 'module__n_neurons': 128, 'module__nonlin': Tanh()}
2024-05-31 17:28:51,865 0.613921 (0.050803) with: {'batch_size': 128, 'lr': 0.01, 'max_epochs': 32, 'module__n_features': 23, 'module__n_neurons': 128, 'module__nonlin': ReLU()}
2024-05-31 17:28:51,865 0.657857 (0.063497) with: {'batch_size': 128, 'lr': 0.01, 'max_epochs': 32, 'module__n_features': 23, 'module__n_neurons': 256, 'module__nonlin': Tanh()}
2024-05-31 17:28:51,865 0.600286 (0.061242) with: {'batch_size': 128, 'lr': 0.01, 'max_epochs': 32, 'module__n_features': 23, 'module__n_neurons': 256, 'module__nonlin': ReLU()}
2024-05-31 17:28:51,865 0.665179 (0.062355) with: {'batch_size': 128, 'lr': 0.01, 'max_epochs': 64, 'module__n_features': 23, 'module__n_neurons': 16, 'module__nonlin': Tanh()}
2024-05-31 17:28:51,865 0.651068 (0.046611) with: {'batch_size': 128, 'lr': 0.01, 'max_epochs': 64, 'module__n_features': 23, 'module__n_neurons': 16, 'module__nonlin': ReLU()}
2024-05-31 17:28:51,865 0.664188 (0.064761) with: {'batch_size': 128, 'lr': 0.01, 'max_epochs': 64, 'module__n_features': 23, 'module__n_neurons': 32, 'module__nonlin': Tanh()}
2024-05-31 17:28:51,865 0.621091 (0.049479) with: {'batch_size': 128, 'lr': 0.01, 'max_epochs': 64, 'module__n_features': 23, 'module__n_neurons': 32, 'module__nonlin': ReLU()}
2024-05-31 17:28:51,865 0.662891 (0.061204) with: {'batch_size': 128, 'lr': 0.01, 'max_epochs': 64, 'module__n_features': 23, 'module__n_neurons': 64, 'module__nonlin': Tanh()}
2024-05-31 17:28:51,865 0.606064 (0.044981) with: {'batch_size': 128, 'lr': 0.01, 'max_epochs': 64, 'module__n_features': 23, 'module__n_neurons': 64, 'module__nonlin': ReLU()}
2024-05-31 17:28:51,865 0.650458 (0.062673) with: {'batch_size': 128, 'lr': 0.01, 'max_epochs': 64, 'module__n_features': 23, 'module__n_neurons': 128, 'module__nonlin': Tanh()}
2024-05-31 17:28:51,865 0.604500 (0.035870) with: {'batch_size': 128, 'lr': 0.01, 'max_epochs': 64, 'module__n_features': 23, 'module__n_neurons': 128, 'module__nonlin': ReLU()}
2024-05-31 17:28:51,865 0.663501 (0.063226) with: {'batch_size': 128, 'lr': 0.01, 'max_epochs': 64, 'module__n_features': 23, 'module__n_neurons': 256, 'module__nonlin': Tanh()}
2024-05-31 17:28:51,865 0.597407 (0.047650) with: {'batch_size': 128, 'lr': 0.01, 'max_epochs': 64, 'module__n_features': 23, 'module__n_neurons': 256, 'module__nonlin': ReLU()}
2024-05-31 17:28:51,865 0.642639 (0.045274) with: {'batch_size': 128, 'lr': 0.01, 'max_epochs': 128, 'module__n_features': 23, 'module__n_neurons': 16, 'module__nonlin': Tanh()}
2024-05-31 17:28:51,865 0.637128 (0.052951) with: {'batch_size': 128, 'lr': 0.01, 'max_epochs': 128, 'module__n_features': 23, 'module__n_neurons': 16, 'module__nonlin': ReLU()}
2024-05-31 17:28:51,865 0.636041 (0.065527) with: {'batch_size': 128, 'lr': 0.01, 'max_epochs': 128, 'module__n_features': 23, 'module__n_neurons': 32, 'module__nonlin': Tanh()}
2024-05-31 17:28:51,865 0.576850 (0.061421) with: {'batch_size': 128, 'lr': 0.01, 'max_epochs': 128, 'module__n_features': 23, 'module__n_neurons': 32, 'module__nonlin': ReLU()}
2024-05-31 17:28:51,865 0.626583 (0.052301) with: {'batch_size': 128, 'lr': 0.01, 'max_epochs': 128, 'module__n_features': 23, 'module__n_neurons': 64, 'module__nonlin': Tanh()}
2024-05-31 17:28:51,865 0.586728 (0.053671) with: {'batch_size': 128, 'lr': 0.01, 'max_epochs': 128, 'module__n_features': 23, 'module__n_neurons': 64, 'module__nonlin': ReLU()}
2024-05-31 17:28:51,865 0.616705 (0.041322) with: {'batch_size': 128, 'lr': 0.01, 'max_epochs': 128, 'module__n_features': 23, 'module__n_neurons': 128, 'module__nonlin': Tanh()}
2024-05-31 17:28:51,865 0.591381 (0.061867) with: {'batch_size': 128, 'lr': 0.01, 'max_epochs': 128, 'module__n_features': 23, 'module__n_neurons': 128, 'module__nonlin': ReLU()}
2024-05-31 17:28:51,865 0.604729 (0.058326) with: {'batch_size': 128, 'lr': 0.01, 'max_epochs': 128, 'module__n_features': 23, 'module__n_neurons': 256, 'module__nonlin': Tanh()}
2024-05-31 17:28:51,865 0.580645 (0.048031) with: {'batch_size': 128, 'lr': 0.01, 'max_epochs': 128, 'module__n_features': 23, 'module__n_neurons': 256, 'module__nonlin': ReLU()}
2024-05-31 17:28:51,865 0.656064 (0.061571) with: {'batch_size': 128, 'lr': 0.02, 'max_epochs': 16, 'module__n_features': 23, 'module__n_neurons': 16, 'module__nonlin': Tanh()}
2024-05-31 17:28:51,865 0.641171 (0.057003) with: {'batch_size': 128, 'lr': 0.02, 'max_epochs': 16, 'module__n_features': 23, 'module__n_neurons': 16, 'module__nonlin': ReLU()}
2024-05-31 17:28:51,865 0.657475 (0.063072) with: {'batch_size': 128, 'lr': 0.02, 'max_epochs': 16, 'module__n_features': 23, 'module__n_neurons': 32, 'module__nonlin': Tanh()}
2024-05-31 17:28:51,865 0.654805 (0.040527) with: {'batch_size': 128, 'lr': 0.02, 'max_epochs': 16, 'module__n_features': 23, 'module__n_neurons': 32, 'module__nonlin': ReLU()}
2024-05-31 17:28:51,865 0.660107 (0.062863) with: {'batch_size': 128, 'lr': 0.02, 'max_epochs': 16, 'module__n_features': 23, 'module__n_neurons': 64, 'module__nonlin': Tanh()}
2024-05-31 17:28:51,865 0.636804 (0.041205) with: {'batch_size': 128, 'lr': 0.02, 'max_epochs': 16, 'module__n_features': 23, 'module__n_neurons': 64, 'module__nonlin': ReLU()}
2024-05-31 17:28:51,865 0.661060 (0.062802) with: {'batch_size': 128, 'lr': 0.02, 'max_epochs': 16, 'module__n_features': 23, 'module__n_neurons': 128, 'module__nonlin': Tanh()}
2024-05-31 17:28:51,866 0.606293 (0.051718) with: {'batch_size': 128, 'lr': 0.02, 'max_epochs': 16, 'module__n_features': 23, 'module__n_neurons': 128, 'module__nonlin': ReLU()}
2024-05-31 17:28:51,866 0.654195 (0.059443) with: {'batch_size': 128, 'lr': 0.02, 'max_epochs': 16, 'module__n_features': 23, 'module__n_neurons': 256, 'module__nonlin': Tanh()}
2024-05-31 17:28:51,866 0.635584 (0.044244) with: {'batch_size': 128, 'lr': 0.02, 'max_epochs': 16, 'module__n_features': 23, 'module__n_neurons': 256, 'module__nonlin': ReLU()}
2024-05-31 17:28:51,866 0.663234 (0.061536) with: {'batch_size': 128, 'lr': 0.02, 'max_epochs': 32, 'module__n_features': 23, 'module__n_neurons': 16, 'module__nonlin': Tanh()}
2024-05-31 17:28:51,866 0.647426 (0.044654) with: {'batch_size': 128, 'lr': 0.02, 'max_epochs': 32, 'module__n_features': 23, 'module__n_neurons': 16, 'module__nonlin': ReLU()}
2024-05-31 17:28:51,866 0.660107 (0.065420) with: {'batch_size': 128, 'lr': 0.02, 'max_epochs': 32, 'module__n_features': 23, 'module__n_neurons': 32, 'module__nonlin': Tanh()}
2024-05-31 17:28:51,866 0.621129 (0.045304) with: {'batch_size': 128, 'lr': 0.02, 'max_epochs': 32, 'module__n_features': 23, 'module__n_neurons': 32, 'module__nonlin': ReLU()}
2024-05-31 17:28:51,866 0.662471 (0.059400) with: {'batch_size': 128, 'lr': 0.02, 'max_epochs': 32, 'module__n_features': 23, 'module__n_neurons': 64, 'module__nonlin': Tanh()}
2024-05-31 17:28:51,866 0.595080 (0.078272) with: {'batch_size': 128, 'lr': 0.02, 'max_epochs': 32, 'module__n_features': 23, 'module__n_neurons': 64, 'module__nonlin': ReLU()}
2024-05-31 17:28:51,866 0.661327 (0.065424) with: {'batch_size': 128, 'lr': 0.02, 'max_epochs': 32, 'module__n_features': 23, 'module__n_neurons': 128, 'module__nonlin': Tanh()}
2024-05-31 17:28:51,866 0.602346 (0.062055) with: {'batch_size': 128, 'lr': 0.02, 'max_epochs': 32, 'module__n_features': 23, 'module__n_neurons': 128, 'module__nonlin': ReLU()}
2024-05-31 17:28:51,866 0.650267 (0.053026) with: {'batch_size': 128, 'lr': 0.02, 'max_epochs': 32, 'module__n_features': 23, 'module__n_neurons': 256, 'module__nonlin': Tanh()}
2024-05-31 17:28:51,866 0.601869 (0.069658) with: {'batch_size': 128, 'lr': 0.02, 'max_epochs': 32, 'module__n_features': 23, 'module__n_neurons': 256, 'module__nonlin': ReLU()}
2024-05-31 17:28:51,866 0.647521 (0.060312) with: {'batch_size': 128, 'lr': 0.02, 'max_epochs': 64, 'module__n_features': 23, 'module__n_neurons': 16, 'module__nonlin': Tanh()}
2024-05-31 17:28:51,866 0.629977 (0.040276) with: {'batch_size': 128, 'lr': 0.02, 'max_epochs': 64, 'module__n_features': 23, 'module__n_neurons': 16, 'module__nonlin': ReLU()}
2024-05-31 17:28:51,866 0.648246 (0.070120) with: {'batch_size': 128, 'lr': 0.02, 'max_epochs': 64, 'module__n_features': 23, 'module__n_neurons': 32, 'module__nonlin': Tanh()}
2024-05-31 17:28:51,866 0.605244 (0.058473) with: {'batch_size': 128, 'lr': 0.02, 'max_epochs': 64, 'module__n_features': 23, 'module__n_neurons': 32, 'module__nonlin': ReLU()}
2024-05-31 17:28:51,866 0.631846 (0.070690) with: {'batch_size': 128, 'lr': 0.02, 'max_epochs': 64, 'module__n_features': 23, 'module__n_neurons': 64, 'module__nonlin': Tanh()}
2024-05-31 17:28:51,866 0.597140 (0.055713) with: {'batch_size': 128, 'lr': 0.02, 'max_epochs': 64, 'module__n_features': 23, 'module__n_neurons': 64, 'module__nonlin': ReLU()}
2024-05-31 17:28:51,866 0.645309 (0.052405) with: {'batch_size': 128, 'lr': 0.02, 'max_epochs': 64, 'module__n_features': 23, 'module__n_neurons': 128, 'module__nonlin': Tanh()}
2024-05-31 17:28:51,866 0.583181 (0.047326) with: {'batch_size': 128, 'lr': 0.02, 'max_epochs': 64, 'module__n_features': 23, 'module__n_neurons': 128, 'module__nonlin': ReLU()}
2024-05-31 17:28:51,866 0.622387 (0.051949) with: {'batch_size': 128, 'lr': 0.02, 'max_epochs': 64, 'module__n_features': 23, 'module__n_neurons': 256, 'module__nonlin': Tanh()}
2024-05-31 17:28:51,866 0.592754 (0.056637) with: {'batch_size': 128, 'lr': 0.02, 'max_epochs': 64, 'module__n_features': 23, 'module__n_neurons': 256, 'module__nonlin': ReLU()}
2024-05-31 17:28:51,866 0.620862 (0.060903) with: {'batch_size': 128, 'lr': 0.02, 'max_epochs': 128, 'module__n_features': 23, 'module__n_neurons': 16, 'module__nonlin': Tanh()}
2024-05-31 17:28:51,866 0.580816 (0.065198) with: {'batch_size': 128, 'lr': 0.02, 'max_epochs': 128, 'module__n_features': 23, 'module__n_neurons': 16, 'module__nonlin': ReLU()}
2024-05-31 17:28:51,866 0.608581 (0.027218) with: {'batch_size': 128, 'lr': 0.02, 'max_epochs': 128, 'module__n_features': 23, 'module__n_neurons': 32, 'module__nonlin': Tanh()}
2024-05-31 17:28:51,866 0.599638 (0.069899) with: {'batch_size': 128, 'lr': 0.02, 'max_epochs': 128, 'module__n_features': 23, 'module__n_neurons': 32, 'module__nonlin': ReLU()}
2024-05-31 17:28:51,866 0.606770 (0.046600) with: {'batch_size': 128, 'lr': 0.02, 'max_epochs': 128, 'module__n_features': 23, 'module__n_neurons': 64, 'module__nonlin': Tanh()}
2024-05-31 17:28:51,866 0.557895 (0.068581) with: {'batch_size': 128, 'lr': 0.02, 'max_epochs': 128, 'module__n_features': 23, 'module__n_neurons': 64, 'module__nonlin': ReLU()}
2024-05-31 17:28:51,866 0.593516 (0.049694) with: {'batch_size': 128, 'lr': 0.02, 'max_epochs': 128, 'module__n_features': 23, 'module__n_neurons': 128, 'module__nonlin': Tanh()}
2024-05-31 17:28:51,866 0.582418 (0.053505) with: {'batch_size': 128, 'lr': 0.02, 'max_epochs': 128, 'module__n_features': 23, 'module__n_neurons': 128, 'module__nonlin': ReLU()}
2024-05-31 17:28:51,866 0.595595 (0.040571) with: {'batch_size': 128, 'lr': 0.02, 'max_epochs': 128, 'module__n_features': 23, 'module__n_neurons': 256, 'module__nonlin': Tanh()}
2024-05-31 17:28:51,866 0.598608 (0.035757) with: {'batch_size': 128, 'lr': 0.02, 'max_epochs': 128, 'module__n_features': 23, 'module__n_neurons': 256, 'module__nonlin': ReLU()}
