2024-05-29 23:24:10,338 Best: 0.908399 using {'batch_size': 16, 'lr': 0.01, 'max_epochs': 128, 'module__n_features': 20, 'module__n_neurons': 256, 'module__nonlin': ReLU()}
2024-05-29 23:24:10,338 Best estimator configuration: 
 <class 'skorch.classifier.NeuralNetClassifier'>[initialized](
  module_=Module1Layer(
    (dense0): Linear(in_features=20, out_features=256, bias=True)
    (act): ReLU()
    (output): Linear(in_features=256, out_features=1, bias=True)
    (sigmoid): Sigmoid()
  ),
)
2024-05-29 23:24:10,338 0.779497 (0.037621) with: {'batch_size': 16, 'lr': 0.001, 'max_epochs': 16, 'module__n_features': 20, 'module__n_neurons': 16, 'module__nonlin': Tanh()}
2024-05-29 23:24:10,338 0.700054 (0.038954) with: {'batch_size': 16, 'lr': 0.001, 'max_epochs': 16, 'module__n_features': 20, 'module__n_neurons': 16, 'module__nonlin': ReLU()}
2024-05-29 23:24:10,339 0.776565 (0.042285) with: {'batch_size': 16, 'lr': 0.001, 'max_epochs': 16, 'module__n_features': 20, 'module__n_neurons': 32, 'module__nonlin': Tanh()}
2024-05-29 23:24:10,339 0.759960 (0.033308) with: {'batch_size': 16, 'lr': 0.001, 'max_epochs': 16, 'module__n_features': 20, 'module__n_neurons': 32, 'module__nonlin': ReLU()}
2024-05-29 23:24:10,339 0.812270 (0.049636) with: {'batch_size': 16, 'lr': 0.001, 'max_epochs': 16, 'module__n_features': 20, 'module__n_neurons': 64, 'module__nonlin': Tanh()}
2024-05-29 23:24:10,339 0.794359 (0.059120) with: {'batch_size': 16, 'lr': 0.001, 'max_epochs': 16, 'module__n_features': 20, 'module__n_neurons': 64, 'module__nonlin': ReLU()}
2024-05-29 23:24:10,339 0.819021 (0.039630) with: {'batch_size': 16, 'lr': 0.001, 'max_epochs': 16, 'module__n_features': 20, 'module__n_neurons': 128, 'module__nonlin': Tanh()}
2024-05-29 23:24:10,339 0.820427 (0.036064) with: {'batch_size': 16, 'lr': 0.001, 'max_epochs': 16, 'module__n_features': 20, 'module__n_neurons': 128, 'module__nonlin': ReLU()}
2024-05-29 23:24:10,339 0.834339 (0.030317) with: {'batch_size': 16, 'lr': 0.001, 'max_epochs': 16, 'module__n_features': 20, 'module__n_neurons': 256, 'module__nonlin': Tanh()}
2024-05-29 23:24:10,339 0.820741 (0.042414) with: {'batch_size': 16, 'lr': 0.001, 'max_epochs': 16, 'module__n_features': 20, 'module__n_neurons': 256, 'module__nonlin': ReLU()}
2024-05-29 23:24:10,339 0.809706 (0.041128) with: {'batch_size': 16, 'lr': 0.001, 'max_epochs': 32, 'module__n_features': 20, 'module__n_neurons': 16, 'module__nonlin': Tanh()}
2024-05-29 23:24:10,339 0.789166 (0.052864) with: {'batch_size': 16, 'lr': 0.001, 'max_epochs': 32, 'module__n_features': 20, 'module__n_neurons': 16, 'module__nonlin': ReLU()}
2024-05-29 23:24:10,339 0.813704 (0.031323) with: {'batch_size': 16, 'lr': 0.001, 'max_epochs': 32, 'module__n_features': 20, 'module__n_neurons': 32, 'module__nonlin': Tanh()}
2024-05-29 23:24:10,339 0.813740 (0.041649) with: {'batch_size': 16, 'lr': 0.001, 'max_epochs': 32, 'module__n_features': 20, 'module__n_neurons': 32, 'module__nonlin': ReLU()}
2024-05-29 23:24:10,339 0.826118 (0.032645) with: {'batch_size': 16, 'lr': 0.001, 'max_epochs': 32, 'module__n_features': 20, 'module__n_neurons': 64, 'module__nonlin': Tanh()}
2024-05-29 23:24:10,339 0.821211 (0.046419) with: {'batch_size': 16, 'lr': 0.001, 'max_epochs': 32, 'module__n_features': 20, 'module__n_neurons': 64, 'module__nonlin': ReLU()}
2024-05-29 23:24:10,339 0.833776 (0.025664) with: {'batch_size': 16, 'lr': 0.001, 'max_epochs': 32, 'module__n_features': 20, 'module__n_neurons': 128, 'module__nonlin': Tanh()}
2024-05-29 23:24:10,339 0.825897 (0.028513) with: {'batch_size': 16, 'lr': 0.001, 'max_epochs': 32, 'module__n_features': 20, 'module__n_neurons': 128, 'module__nonlin': ReLU()}
2024-05-29 23:24:10,339 0.838122 (0.030701) with: {'batch_size': 16, 'lr': 0.001, 'max_epochs': 32, 'module__n_features': 20, 'module__n_neurons': 256, 'module__nonlin': Tanh()}
2024-05-29 23:24:10,339 0.838592 (0.033469) with: {'batch_size': 16, 'lr': 0.001, 'max_epochs': 32, 'module__n_features': 20, 'module__n_neurons': 256, 'module__nonlin': ReLU()}
2024-05-29 23:24:10,343 0.825962 (0.037348) with: {'batch_size': 16, 'lr': 0.001, 'max_epochs': 64, 'module__n_features': 20, 'module__n_neurons': 16, 'module__nonlin': Tanh()}
2024-05-29 23:24:10,343 0.819147 (0.035089) with: {'batch_size': 16, 'lr': 0.001, 'max_epochs': 64, 'module__n_features': 20, 'module__n_neurons': 16, 'module__nonlin': ReLU()}
2024-05-29 23:24:10,343 0.832871 (0.034601) with: {'batch_size': 16, 'lr': 0.001, 'max_epochs': 64, 'module__n_features': 20, 'module__n_neurons': 32, 'module__nonlin': Tanh()}
2024-05-29 23:24:10,343 0.832996 (0.032281) with: {'batch_size': 16, 'lr': 0.001, 'max_epochs': 64, 'module__n_features': 20, 'module__n_neurons': 32, 'module__nonlin': ReLU()}
2024-05-29 23:24:10,343 0.835716 (0.034062) with: {'batch_size': 16, 'lr': 0.001, 'max_epochs': 64, 'module__n_features': 20, 'module__n_neurons': 64, 'module__nonlin': Tanh()}
2024-05-29 23:24:10,343 0.836842 (0.037382) with: {'batch_size': 16, 'lr': 0.001, 'max_epochs': 64, 'module__n_features': 20, 'module__n_neurons': 64, 'module__nonlin': ReLU()}
2024-05-29 23:24:10,343 0.840404 (0.027443) with: {'batch_size': 16, 'lr': 0.001, 'max_epochs': 64, 'module__n_features': 20, 'module__n_neurons': 128, 'module__nonlin': Tanh()}
2024-05-29 23:24:10,343 0.842063 (0.037301) with: {'batch_size': 16, 'lr': 0.001, 'max_epochs': 64, 'module__n_features': 20, 'module__n_neurons': 128, 'module__nonlin': ReLU()}
2024-05-29 23:24:10,343 0.842811 (0.022064) with: {'batch_size': 16, 'lr': 0.001, 'max_epochs': 64, 'module__n_features': 20, 'module__n_neurons': 256, 'module__nonlin': Tanh()}
2024-05-29 23:24:10,343 0.842937 (0.029866) with: {'batch_size': 16, 'lr': 0.001, 'max_epochs': 64, 'module__n_features': 20, 'module__n_neurons': 256, 'module__nonlin': ReLU()}
2024-05-29 23:24:10,343 0.841780 (0.028232) with: {'batch_size': 16, 'lr': 0.001, 'max_epochs': 128, 'module__n_features': 20, 'module__n_neurons': 16, 'module__nonlin': Tanh()}
2024-05-29 23:24:10,343 0.833183 (0.029555) with: {'batch_size': 16, 'lr': 0.001, 'max_epochs': 128, 'module__n_features': 20, 'module__n_neurons': 16, 'module__nonlin': ReLU()}
2024-05-29 23:24:10,343 0.843155 (0.023787) with: {'batch_size': 16, 'lr': 0.001, 'max_epochs': 128, 'module__n_features': 20, 'module__n_neurons': 32, 'module__nonlin': Tanh()}
2024-05-29 23:24:10,343 0.840844 (0.036375) with: {'batch_size': 16, 'lr': 0.001, 'max_epochs': 128, 'module__n_features': 20, 'module__n_neurons': 32, 'module__nonlin': ReLU()}
2024-05-29 23:24:10,343 0.842561 (0.022746) with: {'batch_size': 16, 'lr': 0.001, 'max_epochs': 128, 'module__n_features': 20, 'module__n_neurons': 64, 'module__nonlin': Tanh()}
2024-05-29 23:24:10,343 0.844469 (0.028609) with: {'batch_size': 16, 'lr': 0.001, 'max_epochs': 128, 'module__n_features': 20, 'module__n_neurons': 64, 'module__nonlin': ReLU()}
2024-05-29 23:24:10,343 0.844436 (0.019146) with: {'batch_size': 16, 'lr': 0.001, 'max_epochs': 128, 'module__n_features': 20, 'module__n_neurons': 128, 'module__nonlin': Tanh()}
2024-05-29 23:24:10,343 0.850002 (0.025297) with: {'batch_size': 16, 'lr': 0.001, 'max_epochs': 128, 'module__n_features': 20, 'module__n_neurons': 128, 'module__nonlin': ReLU()}
2024-05-29 23:24:10,343 0.845154 (0.017524) with: {'batch_size': 16, 'lr': 0.001, 'max_epochs': 128, 'module__n_features': 20, 'module__n_neurons': 256, 'module__nonlin': Tanh()}
2024-05-29 23:24:10,343 0.857005 (0.022149) with: {'batch_size': 16, 'lr': 0.001, 'max_epochs': 128, 'module__n_features': 20, 'module__n_neurons': 256, 'module__nonlin': ReLU()}
2024-05-29 23:24:10,343 0.843217 (0.024876) with: {'batch_size': 16, 'lr': 0.01, 'max_epochs': 16, 'module__n_features': 20, 'module__n_neurons': 16, 'module__nonlin': Tanh()}
2024-05-29 23:24:10,343 0.826994 (0.040153) with: {'batch_size': 16, 'lr': 0.01, 'max_epochs': 16, 'module__n_features': 20, 'module__n_neurons': 16, 'module__nonlin': ReLU()}
2024-05-29 23:24:10,343 0.844781 (0.024571) with: {'batch_size': 16, 'lr': 0.01, 'max_epochs': 16, 'module__n_features': 20, 'module__n_neurons': 32, 'module__nonlin': Tanh()}
2024-05-29 23:24:10,343 0.838841 (0.029294) with: {'batch_size': 16, 'lr': 0.01, 'max_epochs': 16, 'module__n_features': 20, 'module__n_neurons': 32, 'module__nonlin': ReLU()}
2024-05-29 23:24:10,343 0.843811 (0.021690) with: {'batch_size': 16, 'lr': 0.01, 'max_epochs': 16, 'module__n_features': 20, 'module__n_neurons': 64, 'module__nonlin': Tanh()}
2024-05-29 23:24:10,343 0.844500 (0.027155) with: {'batch_size': 16, 'lr': 0.01, 'max_epochs': 16, 'module__n_features': 20, 'module__n_neurons': 64, 'module__nonlin': ReLU()}
2024-05-29 23:24:10,343 0.843873 (0.020425) with: {'batch_size': 16, 'lr': 0.01, 'max_epochs': 16, 'module__n_features': 20, 'module__n_neurons': 128, 'module__nonlin': Tanh()}
2024-05-29 23:24:10,344 0.847094 (0.024221) with: {'batch_size': 16, 'lr': 0.01, 'max_epochs': 16, 'module__n_features': 20, 'module__n_neurons': 128, 'module__nonlin': ReLU()}
2024-05-29 23:24:10,344 0.844967 (0.018593) with: {'batch_size': 16, 'lr': 0.01, 'max_epochs': 16, 'module__n_features': 20, 'module__n_neurons': 256, 'module__nonlin': Tanh()}
2024-05-29 23:24:10,344 0.849126 (0.021538) with: {'batch_size': 16, 'lr': 0.01, 'max_epochs': 16, 'module__n_features': 20, 'module__n_neurons': 256, 'module__nonlin': ReLU()}
2024-05-29 23:24:10,344 0.845123 (0.019073) with: {'batch_size': 16, 'lr': 0.01, 'max_epochs': 32, 'module__n_features': 20, 'module__n_neurons': 16, 'module__nonlin': Tanh()}
2024-05-29 23:24:10,344 0.845531 (0.022349) with: {'batch_size': 16, 'lr': 0.01, 'max_epochs': 32, 'module__n_features': 20, 'module__n_neurons': 16, 'module__nonlin': ReLU()}
2024-05-29 23:24:10,344 0.845186 (0.018083) with: {'batch_size': 16, 'lr': 0.01, 'max_epochs': 32, 'module__n_features': 20, 'module__n_neurons': 32, 'module__nonlin': Tanh()}
2024-05-29 23:24:10,344 0.847564 (0.025433) with: {'batch_size': 16, 'lr': 0.01, 'max_epochs': 32, 'module__n_features': 20, 'module__n_neurons': 32, 'module__nonlin': ReLU()}
2024-05-29 23:24:10,344 0.845592 (0.017047) with: {'batch_size': 16, 'lr': 0.01, 'max_epochs': 32, 'module__n_features': 20, 'module__n_neurons': 64, 'module__nonlin': Tanh()}
2024-05-29 23:24:10,344 0.852971 (0.020186) with: {'batch_size': 16, 'lr': 0.01, 'max_epochs': 32, 'module__n_features': 20, 'module__n_neurons': 64, 'module__nonlin': ReLU()}
2024-05-29 23:24:10,344 0.845436 (0.017853) with: {'batch_size': 16, 'lr': 0.01, 'max_epochs': 32, 'module__n_features': 20, 'module__n_neurons': 128, 'module__nonlin': Tanh()}
2024-05-29 23:24:10,344 0.858348 (0.017800) with: {'batch_size': 16, 'lr': 0.01, 'max_epochs': 32, 'module__n_features': 20, 'module__n_neurons': 128, 'module__nonlin': ReLU()}
2024-05-29 23:24:10,344 0.845186 (0.018294) with: {'batch_size': 16, 'lr': 0.01, 'max_epochs': 32, 'module__n_features': 20, 'module__n_neurons': 256, 'module__nonlin': Tanh()}
2024-05-29 23:24:10,344 0.865163 (0.017273) with: {'batch_size': 16, 'lr': 0.01, 'max_epochs': 32, 'module__n_features': 20, 'module__n_neurons': 256, 'module__nonlin': ReLU()}
2024-05-29 23:24:10,344 0.846280 (0.017130) with: {'batch_size': 16, 'lr': 0.01, 'max_epochs': 64, 'module__n_features': 20, 'module__n_neurons': 16, 'module__nonlin': Tanh()}
2024-05-29 23:24:10,344 0.853158 (0.017950) with: {'batch_size': 16, 'lr': 0.01, 'max_epochs': 64, 'module__n_features': 20, 'module__n_neurons': 16, 'module__nonlin': ReLU()}
2024-05-29 23:24:10,344 0.846499 (0.016811) with: {'batch_size': 16, 'lr': 0.01, 'max_epochs': 64, 'module__n_features': 20, 'module__n_neurons': 32, 'module__nonlin': Tanh()}
2024-05-29 23:24:10,344 0.857691 (0.016447) with: {'batch_size': 16, 'lr': 0.01, 'max_epochs': 64, 'module__n_features': 20, 'module__n_neurons': 32, 'module__nonlin': ReLU()}
2024-05-29 23:24:10,344 0.846311 (0.017368) with: {'batch_size': 16, 'lr': 0.01, 'max_epochs': 64, 'module__n_features': 20, 'module__n_neurons': 64, 'module__nonlin': Tanh()}
2024-05-29 23:24:10,344 0.867510 (0.026325) with: {'batch_size': 16, 'lr': 0.01, 'max_epochs': 64, 'module__n_features': 20, 'module__n_neurons': 64, 'module__nonlin': ReLU()}
2024-05-29 23:24:10,344 0.845342 (0.017996) with: {'batch_size': 16, 'lr': 0.01, 'max_epochs': 64, 'module__n_features': 20, 'module__n_neurons': 128, 'module__nonlin': Tanh()}
2024-05-29 23:24:10,344 0.882140 (0.022934) with: {'batch_size': 16, 'lr': 0.01, 'max_epochs': 64, 'module__n_features': 20, 'module__n_neurons': 128, 'module__nonlin': ReLU()}
2024-05-29 23:24:10,344 0.845811 (0.017883) with: {'batch_size': 16, 'lr': 0.01, 'max_epochs': 64, 'module__n_features': 20, 'module__n_neurons': 256, 'module__nonlin': Tanh()}
2024-05-29 23:24:10,344 0.897678 (0.020265) with: {'batch_size': 16, 'lr': 0.01, 'max_epochs': 64, 'module__n_features': 20, 'module__n_neurons': 256, 'module__nonlin': ReLU()}
2024-05-29 23:24:10,344 0.848093 (0.017629) with: {'batch_size': 16, 'lr': 0.01, 'max_epochs': 128, 'module__n_features': 20, 'module__n_neurons': 16, 'module__nonlin': Tanh()}
2024-05-29 23:24:10,344 0.856566 (0.017510) with: {'batch_size': 16, 'lr': 0.01, 'max_epochs': 128, 'module__n_features': 20, 'module__n_neurons': 16, 'module__nonlin': ReLU()}
2024-05-29 23:24:10,344 0.848812 (0.016545) with: {'batch_size': 16, 'lr': 0.01, 'max_epochs': 128, 'module__n_features': 20, 'module__n_neurons': 32, 'module__nonlin': Tanh()}
2024-05-29 23:24:10,344 0.875137 (0.020619) with: {'batch_size': 16, 'lr': 0.01, 'max_epochs': 128, 'module__n_features': 20, 'module__n_neurons': 32, 'module__nonlin': ReLU()}
2024-05-29 23:24:10,344 0.848906 (0.017712) with: {'batch_size': 16, 'lr': 0.01, 'max_epochs': 128, 'module__n_features': 20, 'module__n_neurons': 64, 'module__nonlin': Tanh()}
2024-05-29 23:24:10,344 0.890301 (0.026108) with: {'batch_size': 16, 'lr': 0.01, 'max_epochs': 128, 'module__n_features': 20, 'module__n_neurons': 64, 'module__nonlin': ReLU()}
2024-05-29 23:24:10,344 0.849438 (0.018013) with: {'batch_size': 16, 'lr': 0.01, 'max_epochs': 128, 'module__n_features': 20, 'module__n_neurons': 128, 'module__nonlin': Tanh()}
2024-05-29 23:24:10,344 0.890767 (0.018124) with: {'batch_size': 16, 'lr': 0.01, 'max_epochs': 128, 'module__n_features': 20, 'module__n_neurons': 128, 'module__nonlin': ReLU()}
2024-05-29 23:24:10,344 0.847531 (0.018797) with: {'batch_size': 16, 'lr': 0.01, 'max_epochs': 128, 'module__n_features': 20, 'module__n_neurons': 256, 'module__nonlin': Tanh()}
2024-05-29 23:24:10,344 0.908399 (0.015564) with: {'batch_size': 16, 'lr': 0.01, 'max_epochs': 128, 'module__n_features': 20, 'module__n_neurons': 256, 'module__nonlin': ReLU()}
2024-05-29 23:24:10,344 0.845124 (0.020413) with: {'batch_size': 16, 'lr': 0.02, 'max_epochs': 16, 'module__n_features': 20, 'module__n_neurons': 16, 'module__nonlin': Tanh()}
2024-05-29 23:24:10,344 0.841279 (0.025033) with: {'batch_size': 16, 'lr': 0.02, 'max_epochs': 16, 'module__n_features': 20, 'module__n_neurons': 16, 'module__nonlin': ReLU()}
2024-05-29 23:24:10,344 0.844248 (0.019394) with: {'batch_size': 16, 'lr': 0.02, 'max_epochs': 16, 'module__n_features': 20, 'module__n_neurons': 32, 'module__nonlin': Tanh()}
2024-05-29 23:24:10,344 0.842686 (0.026952) with: {'batch_size': 16, 'lr': 0.02, 'max_epochs': 16, 'module__n_features': 20, 'module__n_neurons': 32, 'module__nonlin': ReLU()}
2024-05-29 23:24:10,344 0.844780 (0.019121) with: {'batch_size': 16, 'lr': 0.02, 'max_epochs': 16, 'module__n_features': 20, 'module__n_neurons': 64, 'module__nonlin': Tanh()}
2024-05-29 23:24:10,344 0.846500 (0.022575) with: {'batch_size': 16, 'lr': 0.02, 'max_epochs': 16, 'module__n_features': 20, 'module__n_neurons': 64, 'module__nonlin': ReLU()}
2024-05-29 23:24:10,344 0.844967 (0.018775) with: {'batch_size': 16, 'lr': 0.02, 'max_epochs': 16, 'module__n_features': 20, 'module__n_neurons': 128, 'module__nonlin': Tanh()}
2024-05-29 23:24:10,344 0.848907 (0.019862) with: {'batch_size': 16, 'lr': 0.02, 'max_epochs': 16, 'module__n_features': 20, 'module__n_neurons': 128, 'module__nonlin': ReLU()}
2024-05-29 23:24:10,344 0.845749 (0.018522) with: {'batch_size': 16, 'lr': 0.02, 'max_epochs': 16, 'module__n_features': 20, 'module__n_neurons': 256, 'module__nonlin': Tanh()}
2024-05-29 23:24:10,344 0.848594 (0.020096) with: {'batch_size': 16, 'lr': 0.02, 'max_epochs': 16, 'module__n_features': 20, 'module__n_neurons': 256, 'module__nonlin': ReLU()}
2024-05-29 23:24:10,344 0.845905 (0.017435) with: {'batch_size': 16, 'lr': 0.02, 'max_epochs': 32, 'module__n_features': 20, 'module__n_neurons': 16, 'module__nonlin': Tanh()}
2024-05-29 23:24:10,344 0.847280 (0.019102) with: {'batch_size': 16, 'lr': 0.02, 'max_epochs': 32, 'module__n_features': 20, 'module__n_neurons': 16, 'module__nonlin': ReLU()}
2024-05-29 23:24:10,344 0.845529 (0.017396) with: {'batch_size': 16, 'lr': 0.02, 'max_epochs': 32, 'module__n_features': 20, 'module__n_neurons': 32, 'module__nonlin': Tanh()}
2024-05-29 23:24:10,344 0.852627 (0.018792) with: {'batch_size': 16, 'lr': 0.02, 'max_epochs': 32, 'module__n_features': 20, 'module__n_neurons': 32, 'module__nonlin': ReLU()}
2024-05-29 23:24:10,344 0.845655 (0.017431) with: {'batch_size': 16, 'lr': 0.02, 'max_epochs': 32, 'module__n_features': 20, 'module__n_neurons': 64, 'module__nonlin': Tanh()}
2024-05-29 23:24:10,345 0.859192 (0.016134) with: {'batch_size': 16, 'lr': 0.02, 'max_epochs': 32, 'module__n_features': 20, 'module__n_neurons': 64, 'module__nonlin': ReLU()}
2024-05-29 23:24:10,345 0.845592 (0.018401) with: {'batch_size': 16, 'lr': 0.02, 'max_epochs': 32, 'module__n_features': 20, 'module__n_neurons': 128, 'module__nonlin': Tanh()}
2024-05-29 23:24:10,345 0.860067 (0.015205) with: {'batch_size': 16, 'lr': 0.02, 'max_epochs': 32, 'module__n_features': 20, 'module__n_neurons': 128, 'module__nonlin': ReLU()}
2024-05-29 23:24:10,345 0.845623 (0.018045) with: {'batch_size': 16, 'lr': 0.02, 'max_epochs': 32, 'module__n_features': 20, 'module__n_neurons': 256, 'module__nonlin': Tanh()}
2024-05-29 23:24:10,345 0.868165 (0.022506) with: {'batch_size': 16, 'lr': 0.02, 'max_epochs': 32, 'module__n_features': 20, 'module__n_neurons': 256, 'module__nonlin': ReLU()}
2024-05-29 23:24:10,345 0.848625 (0.018939) with: {'batch_size': 16, 'lr': 0.02, 'max_epochs': 64, 'module__n_features': 20, 'module__n_neurons': 16, 'module__nonlin': Tanh()}
2024-05-29 23:24:10,345 0.851344 (0.014583) with: {'batch_size': 16, 'lr': 0.02, 'max_epochs': 64, 'module__n_features': 20, 'module__n_neurons': 16, 'module__nonlin': ReLU()}
2024-05-29 23:24:10,345 0.848187 (0.018267) with: {'batch_size': 16, 'lr': 0.02, 'max_epochs': 64, 'module__n_features': 20, 'module__n_neurons': 32, 'module__nonlin': Tanh()}
2024-05-29 23:24:10,345 0.859474 (0.024272) with: {'batch_size': 16, 'lr': 0.02, 'max_epochs': 64, 'module__n_features': 20, 'module__n_neurons': 32, 'module__nonlin': ReLU()}
2024-05-29 23:24:10,345 0.847687 (0.017366) with: {'batch_size': 16, 'lr': 0.02, 'max_epochs': 64, 'module__n_features': 20, 'module__n_neurons': 64, 'module__nonlin': Tanh()}
2024-05-29 23:24:10,345 0.872073 (0.024382) with: {'batch_size': 16, 'lr': 0.02, 'max_epochs': 64, 'module__n_features': 20, 'module__n_neurons': 64, 'module__nonlin': ReLU()}
2024-05-29 23:24:10,345 0.847124 (0.018192) with: {'batch_size': 16, 'lr': 0.02, 'max_epochs': 64, 'module__n_features': 20, 'module__n_neurons': 128, 'module__nonlin': Tanh()}
2024-05-29 23:24:10,345 0.878385 (0.008075) with: {'batch_size': 16, 'lr': 0.02, 'max_epochs': 64, 'module__n_features': 20, 'module__n_neurons': 128, 'module__nonlin': ReLU()}
2024-05-29 23:24:10,345 0.846999 (0.018475) with: {'batch_size': 16, 'lr': 0.02, 'max_epochs': 64, 'module__n_features': 20, 'module__n_neurons': 256, 'module__nonlin': Tanh()}
2024-05-29 23:24:10,345 0.895988 (0.012641) with: {'batch_size': 16, 'lr': 0.02, 'max_epochs': 64, 'module__n_features': 20, 'module__n_neurons': 256, 'module__nonlin': ReLU()}
2024-05-29 23:24:10,345 0.869729 (0.021814) with: {'batch_size': 16, 'lr': 0.02, 'max_epochs': 128, 'module__n_features': 20, 'module__n_neurons': 16, 'module__nonlin': Tanh()}
2024-05-29 23:24:10,345 0.858879 (0.021228) with: {'batch_size': 16, 'lr': 0.02, 'max_epochs': 128, 'module__n_features': 20, 'module__n_neurons': 16, 'module__nonlin': ReLU()}
2024-05-29 23:24:10,345 0.871261 (0.024333) with: {'batch_size': 16, 'lr': 0.02, 'max_epochs': 128, 'module__n_features': 20, 'module__n_neurons': 32, 'module__nonlin': Tanh()}
2024-05-29 23:24:10,345 0.867349 (0.014614) with: {'batch_size': 16, 'lr': 0.02, 'max_epochs': 128, 'module__n_features': 20, 'module__n_neurons': 32, 'module__nonlin': ReLU()}
2024-05-29 23:24:10,345 0.867259 (0.024174) with: {'batch_size': 16, 'lr': 0.02, 'max_epochs': 128, 'module__n_features': 20, 'module__n_neurons': 64, 'module__nonlin': Tanh()}
2024-05-29 23:24:10,345 0.879855 (0.009094) with: {'batch_size': 16, 'lr': 0.02, 'max_epochs': 128, 'module__n_features': 20, 'module__n_neurons': 64, 'module__nonlin': ReLU()}
2024-05-29 23:24:10,345 0.868884 (0.023693) with: {'batch_size': 16, 'lr': 0.02, 'max_epochs': 128, 'module__n_features': 20, 'module__n_neurons': 128, 'module__nonlin': Tanh()}
2024-05-29 23:24:10,345 0.884139 (0.022315) with: {'batch_size': 16, 'lr': 0.02, 'max_epochs': 128, 'module__n_features': 20, 'module__n_neurons': 128, 'module__nonlin': ReLU()}
2024-05-29 23:24:10,345 0.866539 (0.023289) with: {'batch_size': 16, 'lr': 0.02, 'max_epochs': 128, 'module__n_features': 20, 'module__n_neurons': 256, 'module__nonlin': Tanh()}
2024-05-29 23:24:10,345 0.904398 (0.017296) with: {'batch_size': 16, 'lr': 0.02, 'max_epochs': 128, 'module__n_features': 20, 'module__n_neurons': 256, 'module__nonlin': ReLU()}
2024-05-29 23:24:10,345 0.743498 (0.062883) with: {'batch_size': 32, 'lr': 0.001, 'max_epochs': 16, 'module__n_features': 20, 'module__n_neurons': 16, 'module__nonlin': Tanh()}
2024-05-29 23:24:10,345 0.751033 (0.078570) with: {'batch_size': 32, 'lr': 0.001, 'max_epochs': 16, 'module__n_features': 20, 'module__n_neurons': 16, 'module__nonlin': ReLU()}
2024-05-29 23:24:10,345 0.787656 (0.058967) with: {'batch_size': 32, 'lr': 0.001, 'max_epochs': 16, 'module__n_features': 20, 'module__n_neurons': 32, 'module__nonlin': Tanh()}
2024-05-29 23:24:10,345 0.774627 (0.032595) with: {'batch_size': 32, 'lr': 0.001, 'max_epochs': 16, 'module__n_features': 20, 'module__n_neurons': 32, 'module__nonlin': ReLU()}
2024-05-29 23:24:10,345 0.809139 (0.029311) with: {'batch_size': 32, 'lr': 0.001, 'max_epochs': 16, 'module__n_features': 20, 'module__n_neurons': 64, 'module__nonlin': Tanh()}
2024-05-29 23:24:10,345 0.807105 (0.016993) with: {'batch_size': 32, 'lr': 0.001, 'max_epochs': 16, 'module__n_features': 20, 'module__n_neurons': 64, 'module__nonlin': ReLU()}
2024-05-29 23:24:10,345 0.821520 (0.038072) with: {'batch_size': 32, 'lr': 0.001, 'max_epochs': 16, 'module__n_features': 20, 'module__n_neurons': 128, 'module__nonlin': Tanh()}
2024-05-29 23:24:10,345 0.817801 (0.035233) with: {'batch_size': 32, 'lr': 0.001, 'max_epochs': 16, 'module__n_features': 20, 'module__n_neurons': 128, 'module__nonlin': ReLU()}
2024-05-29 23:24:10,345 0.836434 (0.033316) with: {'batch_size': 32, 'lr': 0.001, 'max_epochs': 16, 'module__n_features': 20, 'module__n_neurons': 256, 'module__nonlin': Tanh()}
2024-05-29 23:24:10,345 0.831463 (0.031914) with: {'batch_size': 32, 'lr': 0.001, 'max_epochs': 16, 'module__n_features': 20, 'module__n_neurons': 256, 'module__nonlin': ReLU()}
2024-05-29 23:24:10,345 0.801199 (0.047195) with: {'batch_size': 32, 'lr': 0.001, 'max_epochs': 32, 'module__n_features': 20, 'module__n_neurons': 16, 'module__nonlin': Tanh()}
2024-05-29 23:24:10,345 0.803635 (0.023606) with: {'batch_size': 32, 'lr': 0.001, 'max_epochs': 32, 'module__n_features': 20, 'module__n_neurons': 16, 'module__nonlin': ReLU()}
2024-05-29 23:24:10,345 0.814456 (0.034661) with: {'batch_size': 32, 'lr': 0.001, 'max_epochs': 32, 'module__n_features': 20, 'module__n_neurons': 32, 'module__nonlin': Tanh()}
2024-05-29 23:24:10,345 0.815079 (0.030199) with: {'batch_size': 32, 'lr': 0.001, 'max_epochs': 32, 'module__n_features': 20, 'module__n_neurons': 32, 'module__nonlin': ReLU()}
2024-05-29 23:24:10,345 0.832621 (0.031852) with: {'batch_size': 32, 'lr': 0.001, 'max_epochs': 32, 'module__n_features': 20, 'module__n_neurons': 64, 'module__nonlin': Tanh()}
2024-05-29 23:24:10,345 0.832684 (0.034708) with: {'batch_size': 32, 'lr': 0.001, 'max_epochs': 32, 'module__n_features': 20, 'module__n_neurons': 64, 'module__nonlin': ReLU()}
2024-05-29 23:24:10,345 0.827087 (0.035473) with: {'batch_size': 32, 'lr': 0.001, 'max_epochs': 32, 'module__n_features': 20, 'module__n_neurons': 128, 'module__nonlin': Tanh()}
2024-05-29 23:24:10,345 0.833904 (0.038665) with: {'batch_size': 32, 'lr': 0.001, 'max_epochs': 32, 'module__n_features': 20, 'module__n_neurons': 128, 'module__nonlin': ReLU()}
2024-05-29 23:24:10,345 0.839186 (0.032763) with: {'batch_size': 32, 'lr': 0.001, 'max_epochs': 32, 'module__n_features': 20, 'module__n_neurons': 256, 'module__nonlin': Tanh()}
2024-05-29 23:24:10,345 0.842750 (0.028068) with: {'batch_size': 32, 'lr': 0.001, 'max_epochs': 32, 'module__n_features': 20, 'module__n_neurons': 256, 'module__nonlin': ReLU()}
2024-05-29 23:24:10,345 0.818272 (0.041275) with: {'batch_size': 32, 'lr': 0.001, 'max_epochs': 64, 'module__n_features': 20, 'module__n_neurons': 16, 'module__nonlin': Tanh()}
2024-05-29 23:24:10,345 0.827244 (0.036769) with: {'batch_size': 32, 'lr': 0.001, 'max_epochs': 64, 'module__n_features': 20, 'module__n_neurons': 16, 'module__nonlin': ReLU()}
2024-05-29 23:24:10,345 0.831401 (0.030704) with: {'batch_size': 32, 'lr': 0.001, 'max_epochs': 64, 'module__n_features': 20, 'module__n_neurons': 32, 'module__nonlin': Tanh()}
2024-05-29 23:24:10,346 0.836594 (0.044300) with: {'batch_size': 32, 'lr': 0.001, 'max_epochs': 64, 'module__n_features': 20, 'module__n_neurons': 32, 'module__nonlin': ReLU()}
2024-05-29 23:24:10,346 0.840904 (0.026214) with: {'batch_size': 32, 'lr': 0.001, 'max_epochs': 64, 'module__n_features': 20, 'module__n_neurons': 64, 'module__nonlin': Tanh()}
2024-05-29 23:24:10,346 0.834683 (0.030060) with: {'batch_size': 32, 'lr': 0.001, 'max_epochs': 64, 'module__n_features': 20, 'module__n_neurons': 64, 'module__nonlin': ReLU()}
2024-05-29 23:24:10,346 0.843594 (0.026957) with: {'batch_size': 32, 'lr': 0.001, 'max_epochs': 64, 'module__n_features': 20, 'module__n_neurons': 128, 'module__nonlin': Tanh()}
2024-05-29 23:24:10,346 0.845782 (0.029659) with: {'batch_size': 32, 'lr': 0.001, 'max_epochs': 64, 'module__n_features': 20, 'module__n_neurons': 128, 'module__nonlin': ReLU()}
2024-05-29 23:24:10,346 0.845562 (0.022189) with: {'batch_size': 32, 'lr': 0.001, 'max_epochs': 64, 'module__n_features': 20, 'module__n_neurons': 256, 'module__nonlin': Tanh()}
2024-05-29 23:24:10,346 0.847064 (0.026210) with: {'batch_size': 32, 'lr': 0.001, 'max_epochs': 64, 'module__n_features': 20, 'module__n_neurons': 256, 'module__nonlin': ReLU()}
2024-05-29 23:24:10,346 0.842186 (0.024950) with: {'batch_size': 32, 'lr': 0.001, 'max_epochs': 128, 'module__n_features': 20, 'module__n_neurons': 16, 'module__nonlin': Tanh()}
2024-05-29 23:24:10,346 0.835215 (0.030359) with: {'batch_size': 32, 'lr': 0.001, 'max_epochs': 128, 'module__n_features': 20, 'module__n_neurons': 16, 'module__nonlin': ReLU()}
2024-05-29 23:24:10,346 0.846063 (0.025039) with: {'batch_size': 32, 'lr': 0.001, 'max_epochs': 128, 'module__n_features': 20, 'module__n_neurons': 32, 'module__nonlin': Tanh()}
2024-05-29 23:24:10,346 0.843562 (0.027167) with: {'batch_size': 32, 'lr': 0.001, 'max_epochs': 128, 'module__n_features': 20, 'module__n_neurons': 32, 'module__nonlin': ReLU()}
2024-05-29 23:24:10,346 0.846906 (0.021574) with: {'batch_size': 32, 'lr': 0.001, 'max_epochs': 128, 'module__n_features': 20, 'module__n_neurons': 64, 'module__nonlin': Tanh()}
2024-05-29 23:24:10,346 0.847282 (0.023929) with: {'batch_size': 32, 'lr': 0.001, 'max_epochs': 128, 'module__n_features': 20, 'module__n_neurons': 64, 'module__nonlin': ReLU()}
2024-05-29 23:24:10,346 0.845499 (0.018628) with: {'batch_size': 32, 'lr': 0.001, 'max_epochs': 128, 'module__n_features': 20, 'module__n_neurons': 128, 'module__nonlin': Tanh()}
2024-05-29 23:24:10,346 0.852190 (0.022743) with: {'batch_size': 32, 'lr': 0.001, 'max_epochs': 128, 'module__n_features': 20, 'module__n_neurons': 128, 'module__nonlin': ReLU()}
2024-05-29 23:24:10,346 0.846155 (0.017248) with: {'batch_size': 32, 'lr': 0.001, 'max_epochs': 128, 'module__n_features': 20, 'module__n_neurons': 256, 'module__nonlin': Tanh()}
2024-05-29 23:24:10,346 0.855472 (0.020197) with: {'batch_size': 32, 'lr': 0.001, 'max_epochs': 128, 'module__n_features': 20, 'module__n_neurons': 256, 'module__nonlin': ReLU()}
2024-05-29 23:24:10,346 0.843656 (0.024850) with: {'batch_size': 32, 'lr': 0.01, 'max_epochs': 16, 'module__n_features': 20, 'module__n_neurons': 16, 'module__nonlin': Tanh()}
2024-05-29 23:24:10,346 0.837467 (0.031795) with: {'batch_size': 32, 'lr': 0.01, 'max_epochs': 16, 'module__n_features': 20, 'module__n_neurons': 16, 'module__nonlin': ReLU()}
2024-05-29 23:24:10,346 0.843405 (0.023740) with: {'batch_size': 32, 'lr': 0.01, 'max_epochs': 16, 'module__n_features': 20, 'module__n_neurons': 32, 'module__nonlin': Tanh()}
2024-05-29 23:24:10,346 0.840999 (0.027197) with: {'batch_size': 32, 'lr': 0.01, 'max_epochs': 16, 'module__n_features': 20, 'module__n_neurons': 32, 'module__nonlin': ReLU()}
2024-05-29 23:24:10,346 0.845375 (0.023651) with: {'batch_size': 32, 'lr': 0.01, 'max_epochs': 16, 'module__n_features': 20, 'module__n_neurons': 64, 'module__nonlin': Tanh()}
2024-05-29 23:24:10,346 0.845532 (0.026848) with: {'batch_size': 32, 'lr': 0.01, 'max_epochs': 16, 'module__n_features': 20, 'module__n_neurons': 64, 'module__nonlin': ReLU()}
2024-05-29 23:24:10,346 0.844686 (0.019978) with: {'batch_size': 32, 'lr': 0.01, 'max_epochs': 16, 'module__n_features': 20, 'module__n_neurons': 128, 'module__nonlin': Tanh()}
2024-05-29 23:24:10,346 0.847938 (0.022735) with: {'batch_size': 32, 'lr': 0.01, 'max_epochs': 16, 'module__n_features': 20, 'module__n_neurons': 128, 'module__nonlin': ReLU()}
2024-05-29 23:24:10,346 0.844436 (0.018152) with: {'batch_size': 32, 'lr': 0.01, 'max_epochs': 16, 'module__n_features': 20, 'module__n_neurons': 256, 'module__nonlin': Tanh()}
2024-05-29 23:24:10,346 0.851346 (0.021191) with: {'batch_size': 32, 'lr': 0.01, 'max_epochs': 16, 'module__n_features': 20, 'module__n_neurons': 256, 'module__nonlin': ReLU()}
2024-05-29 23:24:10,346 0.845718 (0.022113) with: {'batch_size': 32, 'lr': 0.01, 'max_epochs': 32, 'module__n_features': 20, 'module__n_neurons': 16, 'module__nonlin': Tanh()}
2024-05-29 23:24:10,346 0.844375 (0.024595) with: {'batch_size': 32, 'lr': 0.01, 'max_epochs': 32, 'module__n_features': 20, 'module__n_neurons': 16, 'module__nonlin': ReLU()}
2024-05-29 23:24:10,346 0.846249 (0.019116) with: {'batch_size': 32, 'lr': 0.01, 'max_epochs': 32, 'module__n_features': 20, 'module__n_neurons': 32, 'module__nonlin': Tanh()}
2024-05-29 23:24:10,346 0.848908 (0.023098) with: {'batch_size': 32, 'lr': 0.01, 'max_epochs': 32, 'module__n_features': 20, 'module__n_neurons': 32, 'module__nonlin': ReLU()}
2024-05-29 23:24:10,346 0.846093 (0.018233) with: {'batch_size': 32, 'lr': 0.01, 'max_epochs': 32, 'module__n_features': 20, 'module__n_neurons': 64, 'module__nonlin': Tanh()}
2024-05-29 23:24:10,346 0.849907 (0.020388) with: {'batch_size': 32, 'lr': 0.01, 'max_epochs': 32, 'module__n_features': 20, 'module__n_neurons': 64, 'module__nonlin': ReLU()}
2024-05-29 23:24:10,346 0.845467 (0.016933) with: {'batch_size': 32, 'lr': 0.01, 'max_epochs': 32, 'module__n_features': 20, 'module__n_neurons': 128, 'module__nonlin': Tanh()}
2024-05-29 23:24:10,346 0.855847 (0.017442) with: {'batch_size': 32, 'lr': 0.01, 'max_epochs': 32, 'module__n_features': 20, 'module__n_neurons': 128, 'module__nonlin': ReLU()}
2024-05-29 23:24:10,346 0.845029 (0.017944) with: {'batch_size': 32, 'lr': 0.01, 'max_epochs': 32, 'module__n_features': 20, 'module__n_neurons': 256, 'module__nonlin': Tanh()}
2024-05-29 23:24:10,346 0.865226 (0.017326) with: {'batch_size': 32, 'lr': 0.01, 'max_epochs': 32, 'module__n_features': 20, 'module__n_neurons': 256, 'module__nonlin': ReLU()}
2024-05-29 23:24:10,346 0.845967 (0.017309) with: {'batch_size': 32, 'lr': 0.01, 'max_epochs': 64, 'module__n_features': 20, 'module__n_neurons': 16, 'module__nonlin': Tanh()}
2024-05-29 23:24:10,346 0.849470 (0.021686) with: {'batch_size': 32, 'lr': 0.01, 'max_epochs': 64, 'module__n_features': 20, 'module__n_neurons': 16, 'module__nonlin': ReLU()}
2024-05-29 23:24:10,346 0.847062 (0.018106) with: {'batch_size': 32, 'lr': 0.01, 'max_epochs': 64, 'module__n_features': 20, 'module__n_neurons': 32, 'module__nonlin': Tanh()}
2024-05-29 23:24:10,346 0.852784 (0.022874) with: {'batch_size': 32, 'lr': 0.01, 'max_epochs': 64, 'module__n_features': 20, 'module__n_neurons': 32, 'module__nonlin': ReLU()}
2024-05-29 23:24:10,346 0.846905 (0.017807) with: {'batch_size': 32, 'lr': 0.01, 'max_epochs': 64, 'module__n_features': 20, 'module__n_neurons': 64, 'module__nonlin': Tanh()}
2024-05-29 23:24:10,346 0.864257 (0.022299) with: {'batch_size': 32, 'lr': 0.01, 'max_epochs': 64, 'module__n_features': 20, 'module__n_neurons': 64, 'module__nonlin': ReLU()}
2024-05-29 23:24:10,346 0.845748 (0.017286) with: {'batch_size': 32, 'lr': 0.01, 'max_epochs': 64, 'module__n_features': 20, 'module__n_neurons': 128, 'module__nonlin': Tanh()}
2024-05-29 23:24:10,346 0.872730 (0.022221) with: {'batch_size': 32, 'lr': 0.01, 'max_epochs': 64, 'module__n_features': 20, 'module__n_neurons': 128, 'module__nonlin': ReLU()}
2024-05-29 23:24:10,346 0.845405 (0.017771) with: {'batch_size': 32, 'lr': 0.01, 'max_epochs': 64, 'module__n_features': 20, 'module__n_neurons': 256, 'module__nonlin': Tanh()}
2024-05-29 23:24:10,346 0.898053 (0.022457) with: {'batch_size': 32, 'lr': 0.01, 'max_epochs': 64, 'module__n_features': 20, 'module__n_neurons': 256, 'module__nonlin': ReLU()}
2024-05-29 23:24:10,346 0.847968 (0.017765) with: {'batch_size': 32, 'lr': 0.01, 'max_epochs': 128, 'module__n_features': 20, 'module__n_neurons': 16, 'module__nonlin': Tanh()}
2024-05-29 23:24:10,346 0.847811 (0.014408) with: {'batch_size': 32, 'lr': 0.01, 'max_epochs': 128, 'module__n_features': 20, 'module__n_neurons': 16, 'module__nonlin': ReLU()}
2024-05-29 23:24:10,347 0.848594 (0.018683) with: {'batch_size': 32, 'lr': 0.01, 'max_epochs': 128, 'module__n_features': 20, 'module__n_neurons': 32, 'module__nonlin': Tanh()}
2024-05-29 23:24:10,347 0.865134 (0.031005) with: {'batch_size': 32, 'lr': 0.01, 'max_epochs': 128, 'module__n_features': 20, 'module__n_neurons': 32, 'module__nonlin': ReLU()}
2024-05-29 23:24:10,347 0.849907 (0.017981) with: {'batch_size': 32, 'lr': 0.01, 'max_epochs': 128, 'module__n_features': 20, 'module__n_neurons': 64, 'module__nonlin': Tanh()}
2024-05-29 23:24:10,347 0.877826 (0.022348) with: {'batch_size': 32, 'lr': 0.01, 'max_epochs': 128, 'module__n_features': 20, 'module__n_neurons': 64, 'module__nonlin': ReLU()}
2024-05-29 23:24:10,347 0.850970 (0.018441) with: {'batch_size': 32, 'lr': 0.01, 'max_epochs': 128, 'module__n_features': 20, 'module__n_neurons': 128, 'module__nonlin': Tanh()}
2024-05-29 23:24:10,347 0.896520 (0.018066) with: {'batch_size': 32, 'lr': 0.01, 'max_epochs': 128, 'module__n_features': 20, 'module__n_neurons': 128, 'module__nonlin': ReLU()}
2024-05-29 23:24:10,347 0.851282 (0.019856) with: {'batch_size': 32, 'lr': 0.01, 'max_epochs': 128, 'module__n_features': 20, 'module__n_neurons': 256, 'module__nonlin': Tanh()}
2024-05-29 23:24:10,347 0.905711 (0.016486) with: {'batch_size': 32, 'lr': 0.01, 'max_epochs': 128, 'module__n_features': 20, 'module__n_neurons': 256, 'module__nonlin': ReLU()}
2024-05-29 23:24:10,347 0.845562 (0.022128) with: {'batch_size': 32, 'lr': 0.02, 'max_epochs': 16, 'module__n_features': 20, 'module__n_neurons': 16, 'module__nonlin': Tanh()}
2024-05-29 23:24:10,347 0.842249 (0.030013) with: {'batch_size': 32, 'lr': 0.02, 'max_epochs': 16, 'module__n_features': 20, 'module__n_neurons': 16, 'module__nonlin': ReLU()}
2024-05-29 23:24:10,347 0.845561 (0.018193) with: {'batch_size': 32, 'lr': 0.02, 'max_epochs': 16, 'module__n_features': 20, 'module__n_neurons': 32, 'module__nonlin': Tanh()}
2024-05-29 23:24:10,347 0.846157 (0.026773) with: {'batch_size': 32, 'lr': 0.02, 'max_epochs': 16, 'module__n_features': 20, 'module__n_neurons': 32, 'module__nonlin': ReLU()}
2024-05-29 23:24:10,347 0.845499 (0.018841) with: {'batch_size': 32, 'lr': 0.02, 'max_epochs': 16, 'module__n_features': 20, 'module__n_neurons': 64, 'module__nonlin': Tanh()}
2024-05-29 23:24:10,347 0.848719 (0.020591) with: {'batch_size': 32, 'lr': 0.02, 'max_epochs': 16, 'module__n_features': 20, 'module__n_neurons': 64, 'module__nonlin': ReLU()}
2024-05-29 23:24:10,347 0.844967 (0.018666) with: {'batch_size': 32, 'lr': 0.02, 'max_epochs': 16, 'module__n_features': 20, 'module__n_neurons': 128, 'module__nonlin': Tanh()}
2024-05-29 23:24:10,347 0.850470 (0.018357) with: {'batch_size': 32, 'lr': 0.02, 'max_epochs': 16, 'module__n_features': 20, 'module__n_neurons': 128, 'module__nonlin': ReLU()}
2024-05-29 23:24:10,347 0.845030 (0.018387) with: {'batch_size': 32, 'lr': 0.02, 'max_epochs': 16, 'module__n_features': 20, 'module__n_neurons': 256, 'module__nonlin': Tanh()}
2024-05-29 23:24:10,347 0.850376 (0.017712) with: {'batch_size': 32, 'lr': 0.02, 'max_epochs': 16, 'module__n_features': 20, 'module__n_neurons': 256, 'module__nonlin': ReLU()}
2024-05-29 23:24:10,347 0.845842 (0.017189) with: {'batch_size': 32, 'lr': 0.02, 'max_epochs': 32, 'module__n_features': 20, 'module__n_neurons': 16, 'module__nonlin': Tanh()}
2024-05-29 23:24:10,347 0.849314 (0.022090) with: {'batch_size': 32, 'lr': 0.02, 'max_epochs': 32, 'module__n_features': 20, 'module__n_neurons': 16, 'module__nonlin': ReLU()}
2024-05-29 23:24:10,347 0.845280 (0.017664) with: {'batch_size': 32, 'lr': 0.02, 'max_epochs': 32, 'module__n_features': 20, 'module__n_neurons': 32, 'module__nonlin': Tanh()}
2024-05-29 23:24:10,347 0.847875 (0.020857) with: {'batch_size': 32, 'lr': 0.02, 'max_epochs': 32, 'module__n_features': 20, 'module__n_neurons': 32, 'module__nonlin': ReLU()}
2024-05-29 23:24:10,347 0.844936 (0.018122) with: {'batch_size': 32, 'lr': 0.02, 'max_epochs': 32, 'module__n_features': 20, 'module__n_neurons': 64, 'module__nonlin': Tanh()}
2024-05-29 23:24:10,347 0.857254 (0.018180) with: {'batch_size': 32, 'lr': 0.02, 'max_epochs': 32, 'module__n_features': 20, 'module__n_neurons': 64, 'module__nonlin': ReLU()}
2024-05-29 23:24:10,347 0.844967 (0.017987) with: {'batch_size': 32, 'lr': 0.02, 'max_epochs': 32, 'module__n_features': 20, 'module__n_neurons': 128, 'module__nonlin': Tanh()}
2024-05-29 23:24:10,347 0.859724 (0.020703) with: {'batch_size': 32, 'lr': 0.02, 'max_epochs': 32, 'module__n_features': 20, 'module__n_neurons': 128, 'module__nonlin': ReLU()}
2024-05-29 23:24:10,347 0.845217 (0.018009) with: {'batch_size': 32, 'lr': 0.02, 'max_epochs': 32, 'module__n_features': 20, 'module__n_neurons': 256, 'module__nonlin': Tanh()}
2024-05-29 23:24:10,347 0.868977 (0.015076) with: {'batch_size': 32, 'lr': 0.02, 'max_epochs': 32, 'module__n_features': 20, 'module__n_neurons': 256, 'module__nonlin': ReLU()}
2024-05-29 23:24:10,347 0.848719 (0.019096) with: {'batch_size': 32, 'lr': 0.02, 'max_epochs': 64, 'module__n_features': 20, 'module__n_neurons': 16, 'module__nonlin': Tanh()}
2024-05-29 23:24:10,347 0.848327 (0.014342) with: {'batch_size': 32, 'lr': 0.02, 'max_epochs': 64, 'module__n_features': 20, 'module__n_neurons': 16, 'module__nonlin': ReLU()}
2024-05-29 23:24:10,347 0.848437 (0.018179) with: {'batch_size': 32, 'lr': 0.02, 'max_epochs': 64, 'module__n_features': 20, 'module__n_neurons': 32, 'module__nonlin': Tanh()}
2024-05-29 23:24:10,347 0.859755 (0.020064) with: {'batch_size': 32, 'lr': 0.02, 'max_epochs': 64, 'module__n_features': 20, 'module__n_neurons': 32, 'module__nonlin': ReLU()}
2024-05-29 23:24:10,347 0.848406 (0.018031) with: {'batch_size': 32, 'lr': 0.02, 'max_epochs': 64, 'module__n_features': 20, 'module__n_neurons': 64, 'module__nonlin': Tanh()}
2024-05-29 23:24:10,347 0.869821 (0.019113) with: {'batch_size': 32, 'lr': 0.02, 'max_epochs': 64, 'module__n_features': 20, 'module__n_neurons': 64, 'module__nonlin': ReLU()}
2024-05-29 23:24:10,347 0.848031 (0.019172) with: {'batch_size': 32, 'lr': 0.02, 'max_epochs': 64, 'module__n_features': 20, 'module__n_neurons': 128, 'module__nonlin': Tanh()}
2024-05-29 23:24:10,347 0.882171 (0.024897) with: {'batch_size': 32, 'lr': 0.02, 'max_epochs': 64, 'module__n_features': 20, 'module__n_neurons': 128, 'module__nonlin': ReLU()}
2024-05-29 23:24:10,347 0.846843 (0.018392) with: {'batch_size': 32, 'lr': 0.02, 'max_epochs': 64, 'module__n_features': 20, 'module__n_neurons': 256, 'module__nonlin': Tanh()}
2024-05-29 23:24:10,347 0.903930 (0.020159) with: {'batch_size': 32, 'lr': 0.02, 'max_epochs': 64, 'module__n_features': 20, 'module__n_neurons': 256, 'module__nonlin': ReLU()}
2024-05-29 23:24:10,347 0.870385 (0.019906) with: {'batch_size': 32, 'lr': 0.02, 'max_epochs': 128, 'module__n_features': 20, 'module__n_neurons': 16, 'module__nonlin': Tanh()}
2024-05-29 23:24:10,347 0.864821 (0.025828) with: {'batch_size': 32, 'lr': 0.02, 'max_epochs': 128, 'module__n_features': 20, 'module__n_neurons': 16, 'module__nonlin': ReLU()}
2024-05-29 23:24:10,347 0.874387 (0.024255) with: {'batch_size': 32, 'lr': 0.02, 'max_epochs': 128, 'module__n_features': 20, 'module__n_neurons': 32, 'module__nonlin': Tanh()}
2024-05-29 23:24:10,347 0.865635 (0.028690) with: {'batch_size': 32, 'lr': 0.02, 'max_epochs': 128, 'module__n_features': 20, 'module__n_neurons': 32, 'module__nonlin': ReLU()}
2024-05-29 23:24:10,347 0.878139 (0.025658) with: {'batch_size': 32, 'lr': 0.02, 'max_epochs': 128, 'module__n_features': 20, 'module__n_neurons': 64, 'module__nonlin': Tanh()}
2024-05-29 23:24:10,347 0.871697 (0.018088) with: {'batch_size': 32, 'lr': 0.02, 'max_epochs': 128, 'module__n_features': 20, 'module__n_neurons': 64, 'module__nonlin': ReLU()}
2024-05-29 23:24:10,347 0.878639 (0.027024) with: {'batch_size': 32, 'lr': 0.02, 'max_epochs': 128, 'module__n_features': 20, 'module__n_neurons': 128, 'module__nonlin': Tanh()}
2024-05-29 23:24:10,347 0.898833 (0.022311) with: {'batch_size': 32, 'lr': 0.02, 'max_epochs': 128, 'module__n_features': 20, 'module__n_neurons': 128, 'module__nonlin': ReLU()}
2024-05-29 23:24:10,347 0.879358 (0.032177) with: {'batch_size': 32, 'lr': 0.02, 'max_epochs': 128, 'module__n_features': 20, 'module__n_neurons': 256, 'module__nonlin': Tanh()}
2024-05-29 23:24:10,347 0.907087 (0.018693) with: {'batch_size': 32, 'lr': 0.02, 'max_epochs': 128, 'module__n_features': 20, 'module__n_neurons': 256, 'module__nonlin': ReLU()}
2024-05-29 23:24:10,347 0.690647 (0.039484) with: {'batch_size': 64, 'lr': 0.001, 'max_epochs': 16, 'module__n_features': 20, 'module__n_neurons': 16, 'module__nonlin': Tanh()}
2024-05-29 23:24:10,347 0.706214 (0.051221) with: {'batch_size': 64, 'lr': 0.001, 'max_epochs': 16, 'module__n_features': 20, 'module__n_neurons': 16, 'module__nonlin': ReLU()}
2024-05-29 23:24:10,348 0.760996 (0.051934) with: {'batch_size': 64, 'lr': 0.001, 'max_epochs': 16, 'module__n_features': 20, 'module__n_neurons': 32, 'module__nonlin': Tanh()}
2024-05-29 23:24:10,348 0.751388 (0.042462) with: {'batch_size': 64, 'lr': 0.001, 'max_epochs': 16, 'module__n_features': 20, 'module__n_neurons': 32, 'module__nonlin': ReLU()}
2024-05-29 23:24:10,348 0.809235 (0.037352) with: {'batch_size': 64, 'lr': 0.001, 'max_epochs': 16, 'module__n_features': 20, 'module__n_neurons': 64, 'module__nonlin': Tanh()}
2024-05-29 23:24:10,348 0.811889 (0.036071) with: {'batch_size': 64, 'lr': 0.001, 'max_epochs': 16, 'module__n_features': 20, 'module__n_neurons': 64, 'module__nonlin': ReLU()}
2024-05-29 23:24:10,348 0.830275 (0.025662) with: {'batch_size': 64, 'lr': 0.001, 'max_epochs': 16, 'module__n_features': 20, 'module__n_neurons': 128, 'module__nonlin': Tanh()}
2024-05-29 23:24:10,348 0.816430 (0.054856) with: {'batch_size': 64, 'lr': 0.001, 'max_epochs': 16, 'module__n_features': 20, 'module__n_neurons': 128, 'module__nonlin': ReLU()}
2024-05-29 23:24:10,348 0.824586 (0.036190) with: {'batch_size': 64, 'lr': 0.001, 'max_epochs': 16, 'module__n_features': 20, 'module__n_neurons': 256, 'module__nonlin': Tanh()}
2024-05-29 23:24:10,348 0.819896 (0.035396) with: {'batch_size': 64, 'lr': 0.001, 'max_epochs': 16, 'module__n_features': 20, 'module__n_neurons': 256, 'module__nonlin': ReLU()}
2024-05-29 23:24:10,348 0.761458 (0.031606) with: {'batch_size': 64, 'lr': 0.001, 'max_epochs': 32, 'module__n_features': 20, 'module__n_neurons': 16, 'module__nonlin': Tanh()}
2024-05-29 23:24:10,348 0.749799 (0.053889) with: {'batch_size': 64, 'lr': 0.001, 'max_epochs': 32, 'module__n_features': 20, 'module__n_neurons': 16, 'module__nonlin': ReLU()}
2024-05-29 23:24:10,348 0.812646 (0.056408) with: {'batch_size': 64, 'lr': 0.001, 'max_epochs': 32, 'module__n_features': 20, 'module__n_neurons': 32, 'module__nonlin': Tanh()}
2024-05-29 23:24:10,348 0.807390 (0.050325) with: {'batch_size': 64, 'lr': 0.001, 'max_epochs': 32, 'module__n_features': 20, 'module__n_neurons': 32, 'module__nonlin': ReLU()}
2024-05-29 23:24:10,348 0.820428 (0.039469) with: {'batch_size': 64, 'lr': 0.001, 'max_epochs': 32, 'module__n_features': 20, 'module__n_neurons': 64, 'module__nonlin': Tanh()}
2024-05-29 23:24:10,348 0.828336 (0.036666) with: {'batch_size': 64, 'lr': 0.001, 'max_epochs': 32, 'module__n_features': 20, 'module__n_neurons': 64, 'module__nonlin': ReLU()}
2024-05-29 23:24:10,348 0.833152 (0.032299) with: {'batch_size': 64, 'lr': 0.001, 'max_epochs': 32, 'module__n_features': 20, 'module__n_neurons': 128, 'module__nonlin': Tanh()}
2024-05-29 23:24:10,348 0.832871 (0.036755) with: {'batch_size': 64, 'lr': 0.001, 'max_epochs': 32, 'module__n_features': 20, 'module__n_neurons': 128, 'module__nonlin': ReLU()}
2024-05-29 23:24:10,348 0.836278 (0.030355) with: {'batch_size': 64, 'lr': 0.001, 'max_epochs': 32, 'module__n_features': 20, 'module__n_neurons': 256, 'module__nonlin': Tanh()}
2024-05-29 23:24:10,348 0.840842 (0.030496) with: {'batch_size': 64, 'lr': 0.001, 'max_epochs': 32, 'module__n_features': 20, 'module__n_neurons': 256, 'module__nonlin': ReLU()}
2024-05-29 23:24:10,348 0.820835 (0.034692) with: {'batch_size': 64, 'lr': 0.001, 'max_epochs': 64, 'module__n_features': 20, 'module__n_neurons': 16, 'module__nonlin': Tanh()}
2024-05-29 23:24:10,348 0.807389 (0.036892) with: {'batch_size': 64, 'lr': 0.001, 'max_epochs': 64, 'module__n_features': 20, 'module__n_neurons': 16, 'module__nonlin': ReLU()}
2024-05-29 23:24:10,348 0.833404 (0.046691) with: {'batch_size': 64, 'lr': 0.001, 'max_epochs': 64, 'module__n_features': 20, 'module__n_neurons': 32, 'module__nonlin': Tanh()}
2024-05-29 23:24:10,348 0.830319 (0.020875) with: {'batch_size': 64, 'lr': 0.001, 'max_epochs': 64, 'module__n_features': 20, 'module__n_neurons': 32, 'module__nonlin': ReLU()}
2024-05-29 23:24:10,348 0.834590 (0.033789) with: {'batch_size': 64, 'lr': 0.001, 'max_epochs': 64, 'module__n_features': 20, 'module__n_neurons': 64, 'module__nonlin': Tanh()}
2024-05-29 23:24:10,348 0.821802 (0.033804) with: {'batch_size': 64, 'lr': 0.001, 'max_epochs': 64, 'module__n_features': 20, 'module__n_neurons': 64, 'module__nonlin': ReLU()}
2024-05-29 23:24:10,348 0.836497 (0.032194) with: {'batch_size': 64, 'lr': 0.001, 'max_epochs': 64, 'module__n_features': 20, 'module__n_neurons': 128, 'module__nonlin': Tanh()}
2024-05-29 23:24:10,348 0.836370 (0.026920) with: {'batch_size': 64, 'lr': 0.001, 'max_epochs': 64, 'module__n_features': 20, 'module__n_neurons': 128, 'module__nonlin': ReLU()}
2024-05-29 23:24:10,348 0.842999 (0.025533) with: {'batch_size': 64, 'lr': 0.001, 'max_epochs': 64, 'module__n_features': 20, 'module__n_neurons': 256, 'module__nonlin': Tanh()}
2024-05-29 23:24:10,348 0.841718 (0.030383) with: {'batch_size': 64, 'lr': 0.001, 'max_epochs': 64, 'module__n_features': 20, 'module__n_neurons': 256, 'module__nonlin': ReLU()}
2024-05-29 23:24:10,348 0.838591 (0.030895) with: {'batch_size': 64, 'lr': 0.001, 'max_epochs': 128, 'module__n_features': 20, 'module__n_neurons': 16, 'module__nonlin': Tanh()}
2024-05-29 23:24:10,348 0.820207 (0.036899) with: {'batch_size': 64, 'lr': 0.001, 'max_epochs': 128, 'module__n_features': 20, 'module__n_neurons': 16, 'module__nonlin': ReLU()}
2024-05-29 23:24:10,348 0.843062 (0.029641) with: {'batch_size': 64, 'lr': 0.001, 'max_epochs': 128, 'module__n_features': 20, 'module__n_neurons': 32, 'module__nonlin': Tanh()}
2024-05-29 23:24:10,348 0.838403 (0.026691) with: {'batch_size': 64, 'lr': 0.001, 'max_epochs': 128, 'module__n_features': 20, 'module__n_neurons': 32, 'module__nonlin': ReLU()}
2024-05-29 23:24:10,348 0.843718 (0.024332) with: {'batch_size': 64, 'lr': 0.001, 'max_epochs': 128, 'module__n_features': 20, 'module__n_neurons': 64, 'module__nonlin': Tanh()}
2024-05-29 23:24:10,348 0.841780 (0.029116) with: {'batch_size': 64, 'lr': 0.001, 'max_epochs': 128, 'module__n_features': 20, 'module__n_neurons': 64, 'module__nonlin': ReLU()}
2024-05-29 23:24:10,348 0.844468 (0.022055) with: {'batch_size': 64, 'lr': 0.001, 'max_epochs': 128, 'module__n_features': 20, 'module__n_neurons': 128, 'module__nonlin': Tanh()}
2024-05-29 23:24:10,348 0.847032 (0.023798) with: {'batch_size': 64, 'lr': 0.001, 'max_epochs': 128, 'module__n_features': 20, 'module__n_neurons': 128, 'module__nonlin': ReLU()}
2024-05-29 23:24:10,348 0.845092 (0.019627) with: {'batch_size': 64, 'lr': 0.001, 'max_epochs': 128, 'module__n_features': 20, 'module__n_neurons': 256, 'module__nonlin': Tanh()}
2024-05-29 23:24:10,348 0.850971 (0.021832) with: {'batch_size': 64, 'lr': 0.001, 'max_epochs': 128, 'module__n_features': 20, 'module__n_neurons': 256, 'module__nonlin': ReLU()}
2024-05-29 23:24:10,348 0.832119 (0.029514) with: {'batch_size': 64, 'lr': 0.01, 'max_epochs': 16, 'module__n_features': 20, 'module__n_neurons': 16, 'module__nonlin': Tanh()}
2024-05-29 23:24:10,348 0.826117 (0.033166) with: {'batch_size': 64, 'lr': 0.01, 'max_epochs': 16, 'module__n_features': 20, 'module__n_neurons': 16, 'module__nonlin': ReLU()}
2024-05-29 23:24:10,348 0.839311 (0.033067) with: {'batch_size': 64, 'lr': 0.01, 'max_epochs': 16, 'module__n_features': 20, 'module__n_neurons': 32, 'module__nonlin': Tanh()}
2024-05-29 23:24:10,348 0.837779 (0.032765) with: {'batch_size': 64, 'lr': 0.01, 'max_epochs': 16, 'module__n_features': 20, 'module__n_neurons': 32, 'module__nonlin': ReLU()}
2024-05-29 23:24:10,348 0.841623 (0.027054) with: {'batch_size': 64, 'lr': 0.01, 'max_epochs': 16, 'module__n_features': 20, 'module__n_neurons': 64, 'module__nonlin': Tanh()}
2024-05-29 23:24:10,348 0.843188 (0.033006) with: {'batch_size': 64, 'lr': 0.01, 'max_epochs': 16, 'module__n_features': 20, 'module__n_neurons': 64, 'module__nonlin': ReLU()}
2024-05-29 23:24:10,348 0.843780 (0.024239) with: {'batch_size': 64, 'lr': 0.01, 'max_epochs': 16, 'module__n_features': 20, 'module__n_neurons': 128, 'module__nonlin': Tanh()}
2024-05-29 23:24:10,348 0.844437 (0.026585) with: {'batch_size': 64, 'lr': 0.01, 'max_epochs': 16, 'module__n_features': 20, 'module__n_neurons': 128, 'module__nonlin': ReLU()}
2024-05-29 23:24:10,348 0.842780 (0.022637) with: {'batch_size': 64, 'lr': 0.01, 'max_epochs': 16, 'module__n_features': 20, 'module__n_neurons': 256, 'module__nonlin': Tanh()}
2024-05-29 23:24:10,348 0.846406 (0.022586) with: {'batch_size': 64, 'lr': 0.01, 'max_epochs': 16, 'module__n_features': 20, 'module__n_neurons': 256, 'module__nonlin': ReLU()}
2024-05-29 23:24:10,349 0.843999 (0.023566) with: {'batch_size': 64, 'lr': 0.01, 'max_epochs': 32, 'module__n_features': 20, 'module__n_neurons': 16, 'module__nonlin': Tanh()}
2024-05-29 23:24:10,349 0.841249 (0.030408) with: {'batch_size': 64, 'lr': 0.01, 'max_epochs': 32, 'module__n_features': 20, 'module__n_neurons': 16, 'module__nonlin': ReLU()}
2024-05-29 23:24:10,349 0.844498 (0.018993) with: {'batch_size': 64, 'lr': 0.01, 'max_epochs': 32, 'module__n_features': 20, 'module__n_neurons': 32, 'module__nonlin': Tanh()}
2024-05-29 23:24:10,349 0.843687 (0.025287) with: {'batch_size': 64, 'lr': 0.01, 'max_epochs': 32, 'module__n_features': 20, 'module__n_neurons': 32, 'module__nonlin': ReLU()}
2024-05-29 23:24:10,349 0.845280 (0.017622) with: {'batch_size': 64, 'lr': 0.01, 'max_epochs': 32, 'module__n_features': 20, 'module__n_neurons': 64, 'module__nonlin': Tanh()}
2024-05-29 23:24:10,349 0.846312 (0.019856) with: {'batch_size': 64, 'lr': 0.01, 'max_epochs': 32, 'module__n_features': 20, 'module__n_neurons': 64, 'module__nonlin': ReLU()}
2024-05-29 23:24:10,349 0.844936 (0.017736) with: {'batch_size': 64, 'lr': 0.01, 'max_epochs': 32, 'module__n_features': 20, 'module__n_neurons': 128, 'module__nonlin': Tanh()}
2024-05-29 23:24:10,349 0.849751 (0.019383) with: {'batch_size': 64, 'lr': 0.01, 'max_epochs': 32, 'module__n_features': 20, 'module__n_neurons': 128, 'module__nonlin': ReLU()}
2024-05-29 23:24:10,349 0.844717 (0.017288) with: {'batch_size': 64, 'lr': 0.01, 'max_epochs': 32, 'module__n_features': 20, 'module__n_neurons': 256, 'module__nonlin': Tanh()}
2024-05-29 23:24:10,349 0.854315 (0.018211) with: {'batch_size': 64, 'lr': 0.01, 'max_epochs': 32, 'module__n_features': 20, 'module__n_neurons': 256, 'module__nonlin': ReLU()}
2024-05-29 23:24:10,349 0.845561 (0.017621) with: {'batch_size': 64, 'lr': 0.01, 'max_epochs': 64, 'module__n_features': 20, 'module__n_neurons': 16, 'module__nonlin': Tanh()}
2024-05-29 23:24:10,349 0.846749 (0.018873) with: {'batch_size': 64, 'lr': 0.01, 'max_epochs': 64, 'module__n_features': 20, 'module__n_neurons': 16, 'module__nonlin': ReLU()}
2024-05-29 23:24:10,349 0.845873 (0.017437) with: {'batch_size': 64, 'lr': 0.01, 'max_epochs': 64, 'module__n_features': 20, 'module__n_neurons': 32, 'module__nonlin': Tanh()}
2024-05-29 23:24:10,349 0.851658 (0.020651) with: {'batch_size': 64, 'lr': 0.01, 'max_epochs': 64, 'module__n_features': 20, 'module__n_neurons': 32, 'module__nonlin': ReLU()}
2024-05-29 23:24:10,349 0.845717 (0.017054) with: {'batch_size': 64, 'lr': 0.01, 'max_epochs': 64, 'module__n_features': 20, 'module__n_neurons': 64, 'module__nonlin': Tanh()}
2024-05-29 23:24:10,349 0.853346 (0.018828) with: {'batch_size': 64, 'lr': 0.01, 'max_epochs': 64, 'module__n_features': 20, 'module__n_neurons': 64, 'module__nonlin': ReLU()}
2024-05-29 23:24:10,349 0.845123 (0.017852) with: {'batch_size': 64, 'lr': 0.01, 'max_epochs': 64, 'module__n_features': 20, 'module__n_neurons': 128, 'module__nonlin': Tanh()}
2024-05-29 23:24:10,349 0.864507 (0.017179) with: {'batch_size': 64, 'lr': 0.01, 'max_epochs': 64, 'module__n_features': 20, 'module__n_neurons': 128, 'module__nonlin': ReLU()}
2024-05-29 23:24:10,349 0.845248 (0.017937) with: {'batch_size': 64, 'lr': 0.01, 'max_epochs': 64, 'module__n_features': 20, 'module__n_neurons': 256, 'module__nonlin': Tanh()}
2024-05-29 23:24:10,349 0.872573 (0.019076) with: {'batch_size': 64, 'lr': 0.01, 'max_epochs': 64, 'module__n_features': 20, 'module__n_neurons': 256, 'module__nonlin': ReLU()}
2024-05-29 23:24:10,349 0.847562 (0.018299) with: {'batch_size': 64, 'lr': 0.01, 'max_epochs': 128, 'module__n_features': 20, 'module__n_neurons': 16, 'module__nonlin': Tanh()}
2024-05-29 23:24:10,349 0.851782 (0.014725) with: {'batch_size': 64, 'lr': 0.01, 'max_epochs': 128, 'module__n_features': 20, 'module__n_neurons': 16, 'module__nonlin': ReLU()}
2024-05-29 23:24:10,349 0.847406 (0.017915) with: {'batch_size': 64, 'lr': 0.01, 'max_epochs': 128, 'module__n_features': 20, 'module__n_neurons': 32, 'module__nonlin': Tanh()}
2024-05-29 23:24:10,349 0.857599 (0.025762) with: {'batch_size': 64, 'lr': 0.01, 'max_epochs': 128, 'module__n_features': 20, 'module__n_neurons': 32, 'module__nonlin': ReLU()}
2024-05-29 23:24:10,349 0.846874 (0.017943) with: {'batch_size': 64, 'lr': 0.01, 'max_epochs': 128, 'module__n_features': 20, 'module__n_neurons': 64, 'module__nonlin': Tanh()}
2024-05-29 23:24:10,349 0.869542 (0.025054) with: {'batch_size': 64, 'lr': 0.01, 'max_epochs': 128, 'module__n_features': 20, 'module__n_neurons': 64, 'module__nonlin': ReLU()}
2024-05-29 23:24:10,349 0.846280 (0.017619) with: {'batch_size': 64, 'lr': 0.01, 'max_epochs': 128, 'module__n_features': 20, 'module__n_neurons': 128, 'module__nonlin': Tanh()}
2024-05-29 23:24:10,349 0.894176 (0.021107) with: {'batch_size': 64, 'lr': 0.01, 'max_epochs': 128, 'module__n_features': 20, 'module__n_neurons': 128, 'module__nonlin': ReLU()}
2024-05-29 23:24:10,349 0.846374 (0.017625) with: {'batch_size': 64, 'lr': 0.01, 'max_epochs': 128, 'module__n_features': 20, 'module__n_neurons': 256, 'module__nonlin': Tanh()}
2024-05-29 23:24:10,349 0.906899 (0.017896) with: {'batch_size': 64, 'lr': 0.01, 'max_epochs': 128, 'module__n_features': 20, 'module__n_neurons': 256, 'module__nonlin': ReLU()}
2024-05-29 23:24:10,349 0.843718 (0.025508) with: {'batch_size': 64, 'lr': 0.02, 'max_epochs': 16, 'module__n_features': 20, 'module__n_neurons': 16, 'module__nonlin': Tanh()}
2024-05-29 23:24:10,349 0.838279 (0.033655) with: {'batch_size': 64, 'lr': 0.02, 'max_epochs': 16, 'module__n_features': 20, 'module__n_neurons': 16, 'module__nonlin': ReLU()}
2024-05-29 23:24:10,349 0.843124 (0.023483) with: {'batch_size': 64, 'lr': 0.02, 'max_epochs': 16, 'module__n_features': 20, 'module__n_neurons': 32, 'module__nonlin': Tanh()}
2024-05-29 23:24:10,349 0.843843 (0.026885) with: {'batch_size': 64, 'lr': 0.02, 'max_epochs': 16, 'module__n_features': 20, 'module__n_neurons': 32, 'module__nonlin': ReLU()}
2024-05-29 23:24:10,349 0.843467 (0.022171) with: {'batch_size': 64, 'lr': 0.02, 'max_epochs': 16, 'module__n_features': 20, 'module__n_neurons': 64, 'module__nonlin': Tanh()}
2024-05-29 23:24:10,349 0.843968 (0.023471) with: {'batch_size': 64, 'lr': 0.02, 'max_epochs': 16, 'module__n_features': 20, 'module__n_neurons': 64, 'module__nonlin': ReLU()}
2024-05-29 23:24:10,349 0.843592 (0.021551) with: {'batch_size': 64, 'lr': 0.02, 'max_epochs': 16, 'module__n_features': 20, 'module__n_neurons': 128, 'module__nonlin': Tanh()}
2024-05-29 23:24:10,349 0.844968 (0.022357) with: {'batch_size': 64, 'lr': 0.02, 'max_epochs': 16, 'module__n_features': 20, 'module__n_neurons': 128, 'module__nonlin': ReLU()}
2024-05-29 23:24:10,349 0.842498 (0.020956) with: {'batch_size': 64, 'lr': 0.02, 'max_epochs': 16, 'module__n_features': 20, 'module__n_neurons': 256, 'module__nonlin': Tanh()}
2024-05-29 23:24:10,349 0.845718 (0.022122) with: {'batch_size': 64, 'lr': 0.02, 'max_epochs': 16, 'module__n_features': 20, 'module__n_neurons': 256, 'module__nonlin': ReLU()}
2024-05-29 23:24:10,349 0.845405 (0.017244) with: {'batch_size': 64, 'lr': 0.02, 'max_epochs': 32, 'module__n_features': 20, 'module__n_neurons': 16, 'module__nonlin': Tanh()}
2024-05-29 23:24:10,349 0.845187 (0.021823) with: {'batch_size': 64, 'lr': 0.02, 'max_epochs': 32, 'module__n_features': 20, 'module__n_neurons': 16, 'module__nonlin': ReLU()}
2024-05-29 23:24:10,349 0.845123 (0.016975) with: {'batch_size': 64, 'lr': 0.02, 'max_epochs': 32, 'module__n_features': 20, 'module__n_neurons': 32, 'module__nonlin': Tanh()}
2024-05-29 23:24:10,349 0.846218 (0.018336) with: {'batch_size': 64, 'lr': 0.02, 'max_epochs': 32, 'module__n_features': 20, 'module__n_neurons': 32, 'module__nonlin': ReLU()}
2024-05-29 23:24:10,349 0.845123 (0.017084) with: {'batch_size': 64, 'lr': 0.02, 'max_epochs': 32, 'module__n_features': 20, 'module__n_neurons': 64, 'module__nonlin': Tanh()}
2024-05-29 23:24:10,349 0.850063 (0.016906) with: {'batch_size': 64, 'lr': 0.02, 'max_epochs': 32, 'module__n_features': 20, 'module__n_neurons': 64, 'module__nonlin': ReLU()}
2024-05-29 23:24:10,349 0.845373 (0.017224) with: {'batch_size': 64, 'lr': 0.02, 'max_epochs': 32, 'module__n_features': 20, 'module__n_neurons': 128, 'module__nonlin': Tanh()}
2024-05-29 23:24:10,349 0.851157 (0.019584) with: {'batch_size': 64, 'lr': 0.02, 'max_epochs': 32, 'module__n_features': 20, 'module__n_neurons': 128, 'module__nonlin': ReLU()}
2024-05-29 23:24:10,349 0.845186 (0.017785) with: {'batch_size': 64, 'lr': 0.02, 'max_epochs': 32, 'module__n_features': 20, 'module__n_neurons': 256, 'module__nonlin': Tanh()}
2024-05-29 23:24:10,350 0.855909 (0.019088) with: {'batch_size': 64, 'lr': 0.02, 'max_epochs': 32, 'module__n_features': 20, 'module__n_neurons': 256, 'module__nonlin': ReLU()}
2024-05-29 23:24:10,350 0.846624 (0.017032) with: {'batch_size': 64, 'lr': 0.02, 'max_epochs': 64, 'module__n_features': 20, 'module__n_neurons': 16, 'module__nonlin': Tanh()}
2024-05-29 23:24:10,350 0.843872 (0.017702) with: {'batch_size': 64, 'lr': 0.02, 'max_epochs': 64, 'module__n_features': 20, 'module__n_neurons': 16, 'module__nonlin': ReLU()}
2024-05-29 23:24:10,350 0.847030 (0.017485) with: {'batch_size': 64, 'lr': 0.02, 'max_epochs': 64, 'module__n_features': 20, 'module__n_neurons': 32, 'module__nonlin': Tanh()}
2024-05-29 23:24:10,350 0.853690 (0.019332) with: {'batch_size': 64, 'lr': 0.02, 'max_epochs': 64, 'module__n_features': 20, 'module__n_neurons': 32, 'module__nonlin': ReLU()}
2024-05-29 23:24:10,350 0.846280 (0.017875) with: {'batch_size': 64, 'lr': 0.02, 'max_epochs': 64, 'module__n_features': 20, 'module__n_neurons': 64, 'module__nonlin': Tanh()}
2024-05-29 23:24:10,350 0.859662 (0.026223) with: {'batch_size': 64, 'lr': 0.02, 'max_epochs': 64, 'module__n_features': 20, 'module__n_neurons': 64, 'module__nonlin': ReLU()}
2024-05-29 23:24:10,350 0.845967 (0.017482) with: {'batch_size': 64, 'lr': 0.02, 'max_epochs': 64, 'module__n_features': 20, 'module__n_neurons': 128, 'module__nonlin': Tanh()}
2024-05-29 23:24:10,350 0.871136 (0.024973) with: {'batch_size': 64, 'lr': 0.02, 'max_epochs': 64, 'module__n_features': 20, 'module__n_neurons': 128, 'module__nonlin': ReLU()}
2024-05-29 23:24:10,350 0.845811 (0.017057) with: {'batch_size': 64, 'lr': 0.02, 'max_epochs': 64, 'module__n_features': 20, 'module__n_neurons': 256, 'module__nonlin': Tanh()}
2024-05-29 23:24:10,350 0.889988 (0.023189) with: {'batch_size': 64, 'lr': 0.02, 'max_epochs': 64, 'module__n_features': 20, 'module__n_neurons': 256, 'module__nonlin': ReLU()}
2024-05-29 23:24:10,350 0.857598 (0.018448) with: {'batch_size': 64, 'lr': 0.02, 'max_epochs': 128, 'module__n_features': 20, 'module__n_neurons': 16, 'module__nonlin': Tanh()}
2024-05-29 23:24:10,350 0.853471 (0.019718) with: {'batch_size': 64, 'lr': 0.02, 'max_epochs': 128, 'module__n_features': 20, 'module__n_neurons': 16, 'module__nonlin': ReLU()}
2024-05-29 23:24:10,350 0.855566 (0.020007) with: {'batch_size': 64, 'lr': 0.02, 'max_epochs': 128, 'module__n_features': 20, 'module__n_neurons': 32, 'module__nonlin': Tanh()}
2024-05-29 23:24:10,350 0.860693 (0.023628) with: {'batch_size': 64, 'lr': 0.02, 'max_epochs': 128, 'module__n_features': 20, 'module__n_neurons': 32, 'module__nonlin': ReLU()}
2024-05-29 23:24:10,350 0.853534 (0.019394) with: {'batch_size': 64, 'lr': 0.02, 'max_epochs': 128, 'module__n_features': 20, 'module__n_neurons': 64, 'module__nonlin': Tanh()}
2024-05-29 23:24:10,350 0.872853 (0.015815) with: {'batch_size': 64, 'lr': 0.02, 'max_epochs': 128, 'module__n_features': 20, 'module__n_neurons': 64, 'module__nonlin': ReLU()}
2024-05-29 23:24:10,350 0.851690 (0.021206) with: {'batch_size': 64, 'lr': 0.02, 'max_epochs': 128, 'module__n_features': 20, 'module__n_neurons': 128, 'module__nonlin': Tanh()}
2024-05-29 23:24:10,350 0.893394 (0.016140) with: {'batch_size': 64, 'lr': 0.02, 'max_epochs': 128, 'module__n_features': 20, 'module__n_neurons': 128, 'module__nonlin': ReLU()}
2024-05-29 23:24:10,350 0.851814 (0.018597) with: {'batch_size': 64, 'lr': 0.02, 'max_epochs': 128, 'module__n_features': 20, 'module__n_neurons': 256, 'module__nonlin': Tanh()}
2024-05-29 23:24:10,350 0.899897 (0.020856) with: {'batch_size': 64, 'lr': 0.02, 'max_epochs': 128, 'module__n_features': 20, 'module__n_neurons': 256, 'module__nonlin': ReLU()}
2024-05-29 23:24:10,350 0.621745 (0.101386) with: {'batch_size': 128, 'lr': 0.001, 'max_epochs': 16, 'module__n_features': 20, 'module__n_neurons': 16, 'module__nonlin': Tanh()}
2024-05-29 23:24:10,350 0.586606 (0.079594) with: {'batch_size': 128, 'lr': 0.001, 'max_epochs': 16, 'module__n_features': 20, 'module__n_neurons': 16, 'module__nonlin': ReLU()}
2024-05-29 23:24:10,350 0.756303 (0.041734) with: {'batch_size': 128, 'lr': 0.001, 'max_epochs': 16, 'module__n_features': 20, 'module__n_neurons': 32, 'module__nonlin': Tanh()}
2024-05-29 23:24:10,350 0.707786 (0.063284) with: {'batch_size': 128, 'lr': 0.001, 'max_epochs': 16, 'module__n_features': 20, 'module__n_neurons': 32, 'module__nonlin': ReLU()}
2024-05-29 23:24:10,350 0.754890 (0.032702) with: {'batch_size': 128, 'lr': 0.001, 'max_epochs': 16, 'module__n_features': 20, 'module__n_neurons': 64, 'module__nonlin': Tanh()}
2024-05-29 23:24:10,350 0.747336 (0.046245) with: {'batch_size': 128, 'lr': 0.001, 'max_epochs': 16, 'module__n_features': 20, 'module__n_neurons': 64, 'module__nonlin': ReLU()}
2024-05-29 23:24:10,350 0.796664 (0.041864) with: {'batch_size': 128, 'lr': 0.001, 'max_epochs': 16, 'module__n_features': 20, 'module__n_neurons': 128, 'module__nonlin': Tanh()}
2024-05-29 23:24:10,350 0.803509 (0.017632) with: {'batch_size': 128, 'lr': 0.001, 'max_epochs': 16, 'module__n_features': 20, 'module__n_neurons': 128, 'module__nonlin': ReLU()}
2024-05-29 23:24:10,350 0.825084 (0.023234) with: {'batch_size': 128, 'lr': 0.001, 'max_epochs': 16, 'module__n_features': 20, 'module__n_neurons': 256, 'module__nonlin': Tanh()}
2024-05-29 23:24:10,350 0.816578 (0.017139) with: {'batch_size': 128, 'lr': 0.001, 'max_epochs': 16, 'module__n_features': 20, 'module__n_neurons': 256, 'module__nonlin': ReLU()}
2024-05-29 23:24:10,350 0.733824 (0.056295) with: {'batch_size': 128, 'lr': 0.001, 'max_epochs': 32, 'module__n_features': 20, 'module__n_neurons': 16, 'module__nonlin': Tanh()}
2024-05-29 23:24:10,350 0.764616 (0.038977) with: {'batch_size': 128, 'lr': 0.001, 'max_epochs': 32, 'module__n_features': 20, 'module__n_neurons': 16, 'module__nonlin': ReLU()}
2024-05-29 23:24:10,350 0.797418 (0.040848) with: {'batch_size': 128, 'lr': 0.001, 'max_epochs': 32, 'module__n_features': 20, 'module__n_neurons': 32, 'module__nonlin': Tanh()}
2024-05-29 23:24:10,350 0.744010 (0.027363) with: {'batch_size': 128, 'lr': 0.001, 'max_epochs': 32, 'module__n_features': 20, 'module__n_neurons': 32, 'module__nonlin': ReLU()}
2024-05-29 23:24:10,350 0.809985 (0.034401) with: {'batch_size': 128, 'lr': 0.001, 'max_epochs': 32, 'module__n_features': 20, 'module__n_neurons': 64, 'module__nonlin': Tanh()}
2024-05-29 23:24:10,350 0.790064 (0.029782) with: {'batch_size': 128, 'lr': 0.001, 'max_epochs': 32, 'module__n_features': 20, 'module__n_neurons': 64, 'module__nonlin': ReLU()}
2024-05-29 23:24:10,350 0.821366 (0.034572) with: {'batch_size': 128, 'lr': 0.001, 'max_epochs': 32, 'module__n_features': 20, 'module__n_neurons': 128, 'module__nonlin': Tanh()}
2024-05-29 23:24:10,350 0.833306 (0.022224) with: {'batch_size': 128, 'lr': 0.001, 'max_epochs': 32, 'module__n_features': 20, 'module__n_neurons': 128, 'module__nonlin': ReLU()}
2024-05-29 23:24:10,350 0.832931 (0.023557) with: {'batch_size': 128, 'lr': 0.001, 'max_epochs': 32, 'module__n_features': 20, 'module__n_neurons': 256, 'module__nonlin': Tanh()}
2024-05-29 23:24:10,350 0.835557 (0.022650) with: {'batch_size': 128, 'lr': 0.001, 'max_epochs': 32, 'module__n_features': 20, 'module__n_neurons': 256, 'module__nonlin': ReLU()}
2024-05-29 23:24:10,350 0.827492 (0.026960) with: {'batch_size': 128, 'lr': 0.001, 'max_epochs': 64, 'module__n_features': 20, 'module__n_neurons': 16, 'module__nonlin': Tanh()}
2024-05-29 23:24:10,350 0.770033 (0.060289) with: {'batch_size': 128, 'lr': 0.001, 'max_epochs': 64, 'module__n_features': 20, 'module__n_neurons': 16, 'module__nonlin': ReLU()}
2024-05-29 23:24:10,350 0.812890 (0.024491) with: {'batch_size': 128, 'lr': 0.001, 'max_epochs': 64, 'module__n_features': 20, 'module__n_neurons': 32, 'module__nonlin': Tanh()}
2024-05-29 23:24:10,350 0.804389 (0.040327) with: {'batch_size': 128, 'lr': 0.001, 'max_epochs': 64, 'module__n_features': 20, 'module__n_neurons': 32, 'module__nonlin': ReLU()}
2024-05-29 23:24:10,350 0.832527 (0.036758) with: {'batch_size': 128, 'lr': 0.001, 'max_epochs': 64, 'module__n_features': 20, 'module__n_neurons': 64, 'module__nonlin': Tanh()}
2024-05-29 23:24:10,350 0.819085 (0.036822) with: {'batch_size': 128, 'lr': 0.001, 'max_epochs': 64, 'module__n_features': 20, 'module__n_neurons': 64, 'module__nonlin': ReLU()}
2024-05-29 23:24:10,350 0.839934 (0.022348) with: {'batch_size': 128, 'lr': 0.001, 'max_epochs': 64, 'module__n_features': 20, 'module__n_neurons': 128, 'module__nonlin': Tanh()}
2024-05-29 23:24:10,350 0.829493 (0.029423) with: {'batch_size': 128, 'lr': 0.001, 'max_epochs': 64, 'module__n_features': 20, 'module__n_neurons': 128, 'module__nonlin': ReLU()}
2024-05-29 23:24:10,351 0.837152 (0.029505) with: {'batch_size': 128, 'lr': 0.001, 'max_epochs': 64, 'module__n_features': 20, 'module__n_neurons': 256, 'module__nonlin': Tanh()}
2024-05-29 23:24:10,351 0.837559 (0.028450) with: {'batch_size': 128, 'lr': 0.001, 'max_epochs': 64, 'module__n_features': 20, 'module__n_neurons': 256, 'module__nonlin': ReLU()}
2024-05-29 23:24:10,351 0.821115 (0.034947) with: {'batch_size': 128, 'lr': 0.001, 'max_epochs': 128, 'module__n_features': 20, 'module__n_neurons': 16, 'module__nonlin': Tanh()}
2024-05-29 23:24:10,351 0.829116 (0.023574) with: {'batch_size': 128, 'lr': 0.001, 'max_epochs': 128, 'module__n_features': 20, 'module__n_neurons': 16, 'module__nonlin': ReLU()}
2024-05-29 23:24:10,351 0.835558 (0.027786) with: {'batch_size': 128, 'lr': 0.001, 'max_epochs': 128, 'module__n_features': 20, 'module__n_neurons': 32, 'module__nonlin': Tanh()}
2024-05-29 23:24:10,351 0.835869 (0.017561) with: {'batch_size': 128, 'lr': 0.001, 'max_epochs': 128, 'module__n_features': 20, 'module__n_neurons': 32, 'module__nonlin': ReLU()}
2024-05-29 23:24:10,351 0.841123 (0.026037) with: {'batch_size': 128, 'lr': 0.001, 'max_epochs': 128, 'module__n_features': 20, 'module__n_neurons': 64, 'module__nonlin': Tanh()}
2024-05-29 23:24:10,351 0.834840 (0.033259) with: {'batch_size': 128, 'lr': 0.001, 'max_epochs': 128, 'module__n_features': 20, 'module__n_neurons': 64, 'module__nonlin': ReLU()}
2024-05-29 23:24:10,351 0.842498 (0.022925) with: {'batch_size': 128, 'lr': 0.001, 'max_epochs': 128, 'module__n_features': 20, 'module__n_neurons': 128, 'module__nonlin': Tanh()}
2024-05-29 23:24:10,351 0.840028 (0.026061) with: {'batch_size': 128, 'lr': 0.001, 'max_epochs': 128, 'module__n_features': 20, 'module__n_neurons': 128, 'module__nonlin': ReLU()}
2024-05-29 23:24:10,351 0.843904 (0.020631) with: {'batch_size': 128, 'lr': 0.001, 'max_epochs': 128, 'module__n_features': 20, 'module__n_neurons': 256, 'module__nonlin': Tanh()}
2024-05-29 23:24:10,351 0.847563 (0.023907) with: {'batch_size': 128, 'lr': 0.001, 'max_epochs': 128, 'module__n_features': 20, 'module__n_neurons': 256, 'module__nonlin': ReLU()}
2024-05-29 23:24:10,351 0.833338 (0.023087) with: {'batch_size': 128, 'lr': 0.01, 'max_epochs': 16, 'module__n_features': 20, 'module__n_neurons': 16, 'module__nonlin': Tanh()}
2024-05-29 23:24:10,351 0.825744 (0.037502) with: {'batch_size': 128, 'lr': 0.01, 'max_epochs': 16, 'module__n_features': 20, 'module__n_neurons': 16, 'module__nonlin': ReLU()}
2024-05-29 23:24:10,351 0.834214 (0.032487) with: {'batch_size': 128, 'lr': 0.01, 'max_epochs': 16, 'module__n_features': 20, 'module__n_neurons': 32, 'module__nonlin': Tanh()}
2024-05-29 23:24:10,351 0.828806 (0.033448) with: {'batch_size': 128, 'lr': 0.01, 'max_epochs': 16, 'module__n_features': 20, 'module__n_neurons': 32, 'module__nonlin': ReLU()}
2024-05-29 23:24:10,351 0.838841 (0.029050) with: {'batch_size': 128, 'lr': 0.01, 'max_epochs': 16, 'module__n_features': 20, 'module__n_neurons': 64, 'module__nonlin': Tanh()}
2024-05-29 23:24:10,351 0.834245 (0.030042) with: {'batch_size': 128, 'lr': 0.01, 'max_epochs': 16, 'module__n_features': 20, 'module__n_neurons': 64, 'module__nonlin': ReLU()}
2024-05-29 23:24:10,351 0.843499 (0.026004) with: {'batch_size': 128, 'lr': 0.01, 'max_epochs': 16, 'module__n_features': 20, 'module__n_neurons': 128, 'module__nonlin': Tanh()}
2024-05-29 23:24:10,351 0.841123 (0.026378) with: {'batch_size': 128, 'lr': 0.01, 'max_epochs': 16, 'module__n_features': 20, 'module__n_neurons': 128, 'module__nonlin': ReLU()}
2024-05-29 23:24:10,351 0.840123 (0.030826) with: {'batch_size': 128, 'lr': 0.01, 'max_epochs': 16, 'module__n_features': 20, 'module__n_neurons': 256, 'module__nonlin': Tanh()}
2024-05-29 23:24:10,351 0.844125 (0.027486) with: {'batch_size': 128, 'lr': 0.01, 'max_epochs': 16, 'module__n_features': 20, 'module__n_neurons': 256, 'module__nonlin': ReLU()}
2024-05-29 23:24:10,351 0.841655 (0.026506) with: {'batch_size': 128, 'lr': 0.01, 'max_epochs': 32, 'module__n_features': 20, 'module__n_neurons': 16, 'module__nonlin': Tanh()}
2024-05-29 23:24:10,351 0.833024 (0.020535) with: {'batch_size': 128, 'lr': 0.01, 'max_epochs': 32, 'module__n_features': 20, 'module__n_neurons': 16, 'module__nonlin': ReLU()}
2024-05-29 23:24:10,351 0.842811 (0.022322) with: {'batch_size': 128, 'lr': 0.01, 'max_epochs': 32, 'module__n_features': 20, 'module__n_neurons': 32, 'module__nonlin': Tanh()}
2024-05-29 23:24:10,351 0.841373 (0.025283) with: {'batch_size': 128, 'lr': 0.01, 'max_epochs': 32, 'module__n_features': 20, 'module__n_neurons': 32, 'module__nonlin': ReLU()}
2024-05-29 23:24:10,351 0.844280 (0.020251) with: {'batch_size': 128, 'lr': 0.01, 'max_epochs': 32, 'module__n_features': 20, 'module__n_neurons': 64, 'module__nonlin': Tanh()}
2024-05-29 23:24:10,351 0.844030 (0.022348) with: {'batch_size': 128, 'lr': 0.01, 'max_epochs': 32, 'module__n_features': 20, 'module__n_neurons': 64, 'module__nonlin': ReLU()}
2024-05-29 23:24:10,351 0.845311 (0.017669) with: {'batch_size': 128, 'lr': 0.01, 'max_epochs': 32, 'module__n_features': 20, 'module__n_neurons': 128, 'module__nonlin': Tanh()}
2024-05-29 23:24:10,351 0.847562 (0.019861) with: {'batch_size': 128, 'lr': 0.01, 'max_epochs': 32, 'module__n_features': 20, 'module__n_neurons': 128, 'module__nonlin': ReLU()}
2024-05-29 23:24:10,351 0.844873 (0.017761) with: {'batch_size': 128, 'lr': 0.01, 'max_epochs': 32, 'module__n_features': 20, 'module__n_neurons': 256, 'module__nonlin': Tanh()}
2024-05-29 23:24:10,351 0.850532 (0.018509) with: {'batch_size': 128, 'lr': 0.01, 'max_epochs': 32, 'module__n_features': 20, 'module__n_neurons': 256, 'module__nonlin': ReLU()}
2024-05-29 23:24:10,351 0.845123 (0.018438) with: {'batch_size': 128, 'lr': 0.01, 'max_epochs': 64, 'module__n_features': 20, 'module__n_neurons': 16, 'module__nonlin': Tanh()}
2024-05-29 23:24:10,351 0.843623 (0.020824) with: {'batch_size': 128, 'lr': 0.01, 'max_epochs': 64, 'module__n_features': 20, 'module__n_neurons': 16, 'module__nonlin': ReLU()}
2024-05-29 23:24:10,351 0.845654 (0.017127) with: {'batch_size': 128, 'lr': 0.01, 'max_epochs': 64, 'module__n_features': 20, 'module__n_neurons': 32, 'module__nonlin': Tanh()}
2024-05-29 23:24:10,351 0.848625 (0.018220) with: {'batch_size': 128, 'lr': 0.01, 'max_epochs': 64, 'module__n_features': 20, 'module__n_neurons': 32, 'module__nonlin': ReLU()}
2024-05-29 23:24:10,351 0.845873 (0.017307) with: {'batch_size': 128, 'lr': 0.01, 'max_epochs': 64, 'module__n_features': 20, 'module__n_neurons': 64, 'module__nonlin': Tanh()}
2024-05-29 23:24:10,351 0.849469 (0.017977) with: {'batch_size': 128, 'lr': 0.01, 'max_epochs': 64, 'module__n_features': 20, 'module__n_neurons': 64, 'module__nonlin': ReLU()}
2024-05-29 23:24:10,351 0.845342 (0.017144) with: {'batch_size': 128, 'lr': 0.01, 'max_epochs': 64, 'module__n_features': 20, 'module__n_neurons': 128, 'module__nonlin': Tanh()}
2024-05-29 23:24:10,351 0.857253 (0.015181) with: {'batch_size': 128, 'lr': 0.01, 'max_epochs': 64, 'module__n_features': 20, 'module__n_neurons': 128, 'module__nonlin': ReLU()}
2024-05-29 23:24:10,351 0.845154 (0.017735) with: {'batch_size': 128, 'lr': 0.01, 'max_epochs': 64, 'module__n_features': 20, 'module__n_neurons': 256, 'module__nonlin': Tanh()}
2024-05-29 23:24:10,351 0.870666 (0.017645) with: {'batch_size': 128, 'lr': 0.01, 'max_epochs': 64, 'module__n_features': 20, 'module__n_neurons': 256, 'module__nonlin': ReLU()}
2024-05-29 23:24:10,351 0.846561 (0.017479) with: {'batch_size': 128, 'lr': 0.01, 'max_epochs': 128, 'module__n_features': 20, 'module__n_neurons': 16, 'module__nonlin': Tanh()}
2024-05-29 23:24:10,351 0.848061 (0.015800) with: {'batch_size': 128, 'lr': 0.01, 'max_epochs': 128, 'module__n_features': 20, 'module__n_neurons': 16, 'module__nonlin': ReLU()}
2024-05-29 23:24:10,351 0.848281 (0.018232) with: {'batch_size': 128, 'lr': 0.01, 'max_epochs': 128, 'module__n_features': 20, 'module__n_neurons': 32, 'module__nonlin': Tanh()}
2024-05-29 23:24:10,351 0.854846 (0.019715) with: {'batch_size': 128, 'lr': 0.01, 'max_epochs': 128, 'module__n_features': 20, 'module__n_neurons': 32, 'module__nonlin': ReLU()}
2024-05-29 23:24:10,351 0.847374 (0.017362) with: {'batch_size': 128, 'lr': 0.01, 'max_epochs': 128, 'module__n_features': 20, 'module__n_neurons': 64, 'module__nonlin': Tanh()}
2024-05-29 23:24:10,351 0.862350 (0.021111) with: {'batch_size': 128, 'lr': 0.01, 'max_epochs': 128, 'module__n_features': 20, 'module__n_neurons': 64, 'module__nonlin': ReLU()}
2024-05-29 23:24:10,352 0.846561 (0.017698) with: {'batch_size': 128, 'lr': 0.01, 'max_epochs': 128, 'module__n_features': 20, 'module__n_neurons': 128, 'module__nonlin': Tanh()}
2024-05-29 23:24:10,352 0.878795 (0.022904) with: {'batch_size': 128, 'lr': 0.01, 'max_epochs': 128, 'module__n_features': 20, 'module__n_neurons': 128, 'module__nonlin': ReLU()}
2024-05-29 23:24:10,352 0.846811 (0.017430) with: {'batch_size': 128, 'lr': 0.01, 'max_epochs': 128, 'module__n_features': 20, 'module__n_neurons': 256, 'module__nonlin': Tanh()}
2024-05-29 23:24:10,352 0.901556 (0.026266) with: {'batch_size': 128, 'lr': 0.01, 'max_epochs': 128, 'module__n_features': 20, 'module__n_neurons': 256, 'module__nonlin': ReLU()}
2024-05-29 23:24:10,352 0.839121 (0.023388) with: {'batch_size': 128, 'lr': 0.02, 'max_epochs': 16, 'module__n_features': 20, 'module__n_neurons': 16, 'module__nonlin': Tanh()}
2024-05-29 23:24:10,352 0.827869 (0.039082) with: {'batch_size': 128, 'lr': 0.02, 'max_epochs': 16, 'module__n_features': 20, 'module__n_neurons': 16, 'module__nonlin': ReLU()}
2024-05-29 23:24:10,352 0.841310 (0.026483) with: {'batch_size': 128, 'lr': 0.02, 'max_epochs': 16, 'module__n_features': 20, 'module__n_neurons': 32, 'module__nonlin': Tanh()}
2024-05-29 23:24:10,352 0.836684 (0.028319) with: {'batch_size': 128, 'lr': 0.02, 'max_epochs': 16, 'module__n_features': 20, 'module__n_neurons': 32, 'module__nonlin': ReLU()}
2024-05-29 23:24:10,352 0.844843 (0.021999) with: {'batch_size': 128, 'lr': 0.02, 'max_epochs': 16, 'module__n_features': 20, 'module__n_neurons': 64, 'module__nonlin': Tanh()}
2024-05-29 23:24:10,352 0.840123 (0.030363) with: {'batch_size': 128, 'lr': 0.02, 'max_epochs': 16, 'module__n_features': 20, 'module__n_neurons': 64, 'module__nonlin': ReLU()}
2024-05-29 23:24:10,352 0.840842 (0.027483) with: {'batch_size': 128, 'lr': 0.02, 'max_epochs': 16, 'module__n_features': 20, 'module__n_neurons': 128, 'module__nonlin': Tanh()}
2024-05-29 23:24:10,352 0.845594 (0.023986) with: {'batch_size': 128, 'lr': 0.02, 'max_epochs': 16, 'module__n_features': 20, 'module__n_neurons': 128, 'module__nonlin': ReLU()}
2024-05-29 23:24:10,352 0.841967 (0.025632) with: {'batch_size': 128, 'lr': 0.02, 'max_epochs': 16, 'module__n_features': 20, 'module__n_neurons': 256, 'module__nonlin': Tanh()}
2024-05-29 23:24:10,352 0.845062 (0.024000) with: {'batch_size': 128, 'lr': 0.02, 'max_epochs': 16, 'module__n_features': 20, 'module__n_neurons': 256, 'module__nonlin': ReLU()}
2024-05-29 23:24:10,352 0.845186 (0.017159) with: {'batch_size': 128, 'lr': 0.02, 'max_epochs': 32, 'module__n_features': 20, 'module__n_neurons': 16, 'module__nonlin': Tanh()}
2024-05-29 23:24:10,352 0.844467 (0.020704) with: {'batch_size': 128, 'lr': 0.02, 'max_epochs': 32, 'module__n_features': 20, 'module__n_neurons': 16, 'module__nonlin': ReLU()}
2024-05-29 23:24:10,352 0.845092 (0.017660) with: {'batch_size': 128, 'lr': 0.02, 'max_epochs': 32, 'module__n_features': 20, 'module__n_neurons': 32, 'module__nonlin': Tanh()}
2024-05-29 23:24:10,352 0.845217 (0.018600) with: {'batch_size': 128, 'lr': 0.02, 'max_epochs': 32, 'module__n_features': 20, 'module__n_neurons': 32, 'module__nonlin': ReLU()}
2024-05-29 23:24:10,352 0.845154 (0.016862) with: {'batch_size': 128, 'lr': 0.02, 'max_epochs': 32, 'module__n_features': 20, 'module__n_neurons': 64, 'module__nonlin': Tanh()}
2024-05-29 23:24:10,352 0.846624 (0.016963) with: {'batch_size': 128, 'lr': 0.02, 'max_epochs': 32, 'module__n_features': 20, 'module__n_neurons': 64, 'module__nonlin': ReLU()}
2024-05-29 23:24:10,352 0.845248 (0.017264) with: {'batch_size': 128, 'lr': 0.02, 'max_epochs': 32, 'module__n_features': 20, 'module__n_neurons': 128, 'module__nonlin': Tanh()}
2024-05-29 23:24:10,352 0.850157 (0.018980) with: {'batch_size': 128, 'lr': 0.02, 'max_epochs': 32, 'module__n_features': 20, 'module__n_neurons': 128, 'module__nonlin': ReLU()}
2024-05-29 23:24:10,352 0.845717 (0.017492) with: {'batch_size': 128, 'lr': 0.02, 'max_epochs': 32, 'module__n_features': 20, 'module__n_neurons': 256, 'module__nonlin': Tanh()}
2024-05-29 23:24:10,352 0.853033 (0.018948) with: {'batch_size': 128, 'lr': 0.02, 'max_epochs': 32, 'module__n_features': 20, 'module__n_neurons': 256, 'module__nonlin': ReLU()}
2024-05-29 23:24:10,352 0.847218 (0.017214) with: {'batch_size': 128, 'lr': 0.02, 'max_epochs': 64, 'module__n_features': 20, 'module__n_neurons': 16, 'module__nonlin': Tanh()}
2024-05-29 23:24:10,352 0.846530 (0.016281) with: {'batch_size': 128, 'lr': 0.02, 'max_epochs': 64, 'module__n_features': 20, 'module__n_neurons': 16, 'module__nonlin': ReLU()}
2024-05-29 23:24:10,352 0.846030 (0.017318) with: {'batch_size': 128, 'lr': 0.02, 'max_epochs': 64, 'module__n_features': 20, 'module__n_neurons': 32, 'module__nonlin': Tanh()}
2024-05-29 23:24:10,352 0.848469 (0.017941) with: {'batch_size': 128, 'lr': 0.02, 'max_epochs': 64, 'module__n_features': 20, 'module__n_neurons': 32, 'module__nonlin': ReLU()}
2024-05-29 23:24:10,352 0.845873 (0.017284) with: {'batch_size': 128, 'lr': 0.02, 'max_epochs': 64, 'module__n_features': 20, 'module__n_neurons': 64, 'module__nonlin': Tanh()}
2024-05-29 23:24:10,352 0.854034 (0.021744) with: {'batch_size': 128, 'lr': 0.02, 'max_epochs': 64, 'module__n_features': 20, 'module__n_neurons': 64, 'module__nonlin': ReLU()}
2024-05-29 23:24:10,352 0.845967 (0.017081) with: {'batch_size': 128, 'lr': 0.02, 'max_epochs': 64, 'module__n_features': 20, 'module__n_neurons': 128, 'module__nonlin': Tanh()}
2024-05-29 23:24:10,352 0.857785 (0.018878) with: {'batch_size': 128, 'lr': 0.02, 'max_epochs': 64, 'module__n_features': 20, 'module__n_neurons': 128, 'module__nonlin': ReLU()}
2024-05-29 23:24:10,352 0.845655 (0.017508) with: {'batch_size': 128, 'lr': 0.02, 'max_epochs': 64, 'module__n_features': 20, 'module__n_neurons': 256, 'module__nonlin': Tanh()}
2024-05-29 23:24:10,352 0.871916 (0.016803) with: {'batch_size': 128, 'lr': 0.02, 'max_epochs': 64, 'module__n_features': 20, 'module__n_neurons': 256, 'module__nonlin': ReLU()}
2024-05-29 23:24:10,352 0.857410 (0.019829) with: {'batch_size': 128, 'lr': 0.02, 'max_epochs': 128, 'module__n_features': 20, 'module__n_neurons': 16, 'module__nonlin': Tanh()}
2024-05-29 23:24:10,352 0.852189 (0.020065) with: {'batch_size': 128, 'lr': 0.02, 'max_epochs': 128, 'module__n_features': 20, 'module__n_neurons': 16, 'module__nonlin': ReLU()}
2024-05-29 23:24:10,352 0.854877 (0.017898) with: {'batch_size': 128, 'lr': 0.02, 'max_epochs': 128, 'module__n_features': 20, 'module__n_neurons': 32, 'module__nonlin': Tanh()}
2024-05-29 23:24:10,352 0.864755 (0.020407) with: {'batch_size': 128, 'lr': 0.02, 'max_epochs': 128, 'module__n_features': 20, 'module__n_neurons': 32, 'module__nonlin': ReLU()}
2024-05-29 23:24:10,352 0.852502 (0.018955) with: {'batch_size': 128, 'lr': 0.02, 'max_epochs': 128, 'module__n_features': 20, 'module__n_neurons': 64, 'module__nonlin': Tanh()}
2024-05-29 23:24:10,352 0.873790 (0.021713) with: {'batch_size': 128, 'lr': 0.02, 'max_epochs': 128, 'module__n_features': 20, 'module__n_neurons': 64, 'module__nonlin': ReLU()}
2024-05-29 23:24:10,352 0.852408 (0.018598) with: {'batch_size': 128, 'lr': 0.02, 'max_epochs': 128, 'module__n_features': 20, 'module__n_neurons': 128, 'module__nonlin': Tanh()}
2024-05-29 23:24:10,352 0.891582 (0.024285) with: {'batch_size': 128, 'lr': 0.02, 'max_epochs': 128, 'module__n_features': 20, 'module__n_neurons': 128, 'module__nonlin': ReLU()}
2024-05-29 23:24:10,352 0.849844 (0.018156) with: {'batch_size': 128, 'lr': 0.02, 'max_epochs': 128, 'module__n_features': 20, 'module__n_neurons': 256, 'module__nonlin': Tanh()}
2024-05-29 23:24:10,352 0.898710 (0.021327) with: {'batch_size': 128, 'lr': 0.02, 'max_epochs': 128, 'module__n_features': 20, 'module__n_neurons': 256, 'module__nonlin': ReLU()}
