2024-06-03 16:27:56,409 Best: 0.905554 using {'batch_size': 16, 'lr': 0.01, 'max_epochs': 128, 'module__n_features': 20, 'module__n_neurons': 256, 'module__nonlin': ReLU()}
2024-06-03 16:27:56,409 Best estimator configuration: 
 <class 'skorch.classifier.NeuralNetClassifier'>[initialized](
  module_=Module3Layers(
    (act): ReLU()
    (dense0): Linear(in_features=20, out_features=256, bias=True)
    (dense1): Linear(in_features=256, out_features=256, bias=True)
    (dense2): Linear(in_features=256, out_features=256, bias=True)
    (output): Linear(in_features=256, out_features=1, bias=True)
    (sigmoid): Sigmoid()
  ),
)
2024-06-03 16:27:56,409 0.771123 (0.039733) with: {'batch_size': 16, 'lr': 0.001, 'max_epochs': 16, 'module__n_features': 20, 'module__n_neurons': 16, 'module__nonlin': Tanh()}
2024-06-03 16:27:56,409 0.747523 (0.059056) with: {'batch_size': 16, 'lr': 0.001, 'max_epochs': 16, 'module__n_features': 20, 'module__n_neurons': 16, 'module__nonlin': ReLU()}
2024-06-03 16:27:56,409 0.811240 (0.046154) with: {'batch_size': 16, 'lr': 0.001, 'max_epochs': 16, 'module__n_features': 20, 'module__n_neurons': 32, 'module__nonlin': Tanh()}
2024-06-03 16:27:56,409 0.792289 (0.041466) with: {'batch_size': 16, 'lr': 0.001, 'max_epochs': 16, 'module__n_features': 20, 'module__n_neurons': 32, 'module__nonlin': ReLU()}
2024-06-03 16:27:56,409 0.839216 (0.028419) with: {'batch_size': 16, 'lr': 0.001, 'max_epochs': 16, 'module__n_features': 20, 'module__n_neurons': 64, 'module__nonlin': Tanh()}
2024-06-03 16:27:56,409 0.827149 (0.027965) with: {'batch_size': 16, 'lr': 0.001, 'max_epochs': 16, 'module__n_features': 20, 'module__n_neurons': 64, 'module__nonlin': ReLU()}
2024-06-03 16:27:56,409 0.844685 (0.018177) with: {'batch_size': 16, 'lr': 0.001, 'max_epochs': 16, 'module__n_features': 20, 'module__n_neurons': 128, 'module__nonlin': Tanh()}
2024-06-03 16:27:56,409 0.842622 (0.023470) with: {'batch_size': 16, 'lr': 0.001, 'max_epochs': 16, 'module__n_features': 20, 'module__n_neurons': 128, 'module__nonlin': ReLU()}
2024-06-03 16:27:56,409 0.844779 (0.016692) with: {'batch_size': 16, 'lr': 0.001, 'max_epochs': 16, 'module__n_features': 20, 'module__n_neurons': 256, 'module__nonlin': Tanh()}
2024-06-03 16:27:56,409 0.854845 (0.014568) with: {'batch_size': 16, 'lr': 0.001, 'max_epochs': 16, 'module__n_features': 20, 'module__n_neurons': 256, 'module__nonlin': ReLU()}
2024-06-03 16:27:56,409 0.816834 (0.042024) with: {'batch_size': 16, 'lr': 0.001, 'max_epochs': 32, 'module__n_features': 20, 'module__n_neurons': 16, 'module__nonlin': Tanh()}
2024-06-03 16:27:56,410 0.795226 (0.035170) with: {'batch_size': 16, 'lr': 0.001, 'max_epochs': 32, 'module__n_features': 20, 'module__n_neurons': 16, 'module__nonlin': ReLU()}
2024-06-03 16:27:56,410 0.845250 (0.028128) with: {'batch_size': 16, 'lr': 0.001, 'max_epochs': 32, 'module__n_features': 20, 'module__n_neurons': 32, 'module__nonlin': Tanh()}
2024-06-03 16:27:56,410 0.828869 (0.036427) with: {'batch_size': 16, 'lr': 0.001, 'max_epochs': 32, 'module__n_features': 20, 'module__n_neurons': 32, 'module__nonlin': ReLU()}
2024-06-03 16:27:56,410 0.843685 (0.017125) with: {'batch_size': 16, 'lr': 0.001, 'max_epochs': 32, 'module__n_features': 20, 'module__n_neurons': 64, 'module__nonlin': Tanh()}
2024-06-03 16:27:56,410 0.850252 (0.026243) with: {'batch_size': 16, 'lr': 0.001, 'max_epochs': 32, 'module__n_features': 20, 'module__n_neurons': 64, 'module__nonlin': ReLU()}
2024-06-03 16:27:56,410 0.846405 (0.015823) with: {'batch_size': 16, 'lr': 0.001, 'max_epochs': 32, 'module__n_features': 20, 'module__n_neurons': 128, 'module__nonlin': Tanh()}
2024-06-03 16:27:56,410 0.864914 (0.021069) with: {'batch_size': 16, 'lr': 0.001, 'max_epochs': 32, 'module__n_features': 20, 'module__n_neurons': 128, 'module__nonlin': ReLU()}
2024-06-03 16:27:56,410 0.845686 (0.017552) with: {'batch_size': 16, 'lr': 0.001, 'max_epochs': 32, 'module__n_features': 20, 'module__n_neurons': 256, 'module__nonlin': Tanh()}
2024-06-03 16:27:56,413 0.879013 (0.019062) with: {'batch_size': 16, 'lr': 0.001, 'max_epochs': 32, 'module__n_features': 20, 'module__n_neurons': 256, 'module__nonlin': ReLU()}
2024-06-03 16:27:56,413 0.839747 (0.022525) with: {'batch_size': 16, 'lr': 0.001, 'max_epochs': 64, 'module__n_features': 20, 'module__n_neurons': 16, 'module__nonlin': Tanh()}
2024-06-03 16:27:56,413 0.825337 (0.037100) with: {'batch_size': 16, 'lr': 0.001, 'max_epochs': 64, 'module__n_features': 20, 'module__n_neurons': 16, 'module__nonlin': ReLU()}
2024-06-03 16:27:56,413 0.845717 (0.017598) with: {'batch_size': 16, 'lr': 0.001, 'max_epochs': 64, 'module__n_features': 20, 'module__n_neurons': 32, 'module__nonlin': Tanh()}
2024-06-03 16:27:56,413 0.843655 (0.026142) with: {'batch_size': 16, 'lr': 0.001, 'max_epochs': 64, 'module__n_features': 20, 'module__n_neurons': 32, 'module__nonlin': ReLU()}
2024-06-03 16:27:56,414 0.845905 (0.016591) with: {'batch_size': 16, 'lr': 0.001, 'max_epochs': 64, 'module__n_features': 20, 'module__n_neurons': 64, 'module__nonlin': Tanh()}
2024-06-03 16:27:56,414 0.859663 (0.025695) with: {'batch_size': 16, 'lr': 0.001, 'max_epochs': 64, 'module__n_features': 20, 'module__n_neurons': 64, 'module__nonlin': ReLU()}
2024-06-03 16:27:56,414 0.845561 (0.016678) with: {'batch_size': 16, 'lr': 0.001, 'max_epochs': 64, 'module__n_features': 20, 'module__n_neurons': 128, 'module__nonlin': Tanh()}
2024-06-03 16:27:56,414 0.875419 (0.024478) with: {'batch_size': 16, 'lr': 0.001, 'max_epochs': 64, 'module__n_features': 20, 'module__n_neurons': 128, 'module__nonlin': ReLU()}
2024-06-03 16:27:56,414 0.855098 (0.021300) with: {'batch_size': 16, 'lr': 0.001, 'max_epochs': 64, 'module__n_features': 20, 'module__n_neurons': 256, 'module__nonlin': Tanh()}
2024-06-03 16:27:56,414 0.898522 (0.020056) with: {'batch_size': 16, 'lr': 0.001, 'max_epochs': 64, 'module__n_features': 20, 'module__n_neurons': 256, 'module__nonlin': ReLU()}
2024-06-03 16:27:56,414 0.844810 (0.016335) with: {'batch_size': 16, 'lr': 0.001, 'max_epochs': 128, 'module__n_features': 20, 'module__n_neurons': 16, 'module__nonlin': Tanh()}
2024-06-03 16:27:56,414 0.842874 (0.028475) with: {'batch_size': 16, 'lr': 0.001, 'max_epochs': 128, 'module__n_features': 20, 'module__n_neurons': 16, 'module__nonlin': ReLU()}
2024-06-03 16:27:56,414 0.845623 (0.016374) with: {'batch_size': 16, 'lr': 0.001, 'max_epochs': 128, 'module__n_features': 20, 'module__n_neurons': 32, 'module__nonlin': Tanh()}
2024-06-03 16:27:56,414 0.861597 (0.022090) with: {'batch_size': 16, 'lr': 0.001, 'max_epochs': 128, 'module__n_features': 20, 'module__n_neurons': 32, 'module__nonlin': ReLU()}
2024-06-03 16:27:56,414 0.846030 (0.016154) with: {'batch_size': 16, 'lr': 0.001, 'max_epochs': 128, 'module__n_features': 20, 'module__n_neurons': 64, 'module__nonlin': Tanh()}
2024-06-03 16:27:56,414 0.885358 (0.013142) with: {'batch_size': 16, 'lr': 0.001, 'max_epochs': 128, 'module__n_features': 20, 'module__n_neurons': 64, 'module__nonlin': ReLU()}
2024-06-03 16:27:56,414 0.858724 (0.018537) with: {'batch_size': 16, 'lr': 0.001, 'max_epochs': 128, 'module__n_features': 20, 'module__n_neurons': 128, 'module__nonlin': Tanh()}
2024-06-03 16:27:56,414 0.885141 (0.024184) with: {'batch_size': 16, 'lr': 0.001, 'max_epochs': 128, 'module__n_features': 20, 'module__n_neurons': 128, 'module__nonlin': ReLU()}
2024-06-03 16:27:56,414 0.850468 (0.014732) with: {'batch_size': 16, 'lr': 0.001, 'max_epochs': 128, 'module__n_features': 20, 'module__n_neurons': 256, 'module__nonlin': Tanh()}
2024-06-03 16:27:56,414 0.876059 (0.027622) with: {'batch_size': 16, 'lr': 0.001, 'max_epochs': 128, 'module__n_features': 20, 'module__n_neurons': 256, 'module__nonlin': ReLU()}
2024-06-03 16:27:56,414 0.844184 (0.014922) with: {'batch_size': 16, 'lr': 0.01, 'max_epochs': 16, 'module__n_features': 20, 'module__n_neurons': 16, 'module__nonlin': Tanh()}
2024-06-03 16:27:56,414 0.845967 (0.020549) with: {'batch_size': 16, 'lr': 0.01, 'max_epochs': 16, 'module__n_features': 20, 'module__n_neurons': 16, 'module__nonlin': ReLU()}
2024-06-03 16:27:56,414 0.845154 (0.015826) with: {'batch_size': 16, 'lr': 0.01, 'max_epochs': 16, 'module__n_features': 20, 'module__n_neurons': 32, 'module__nonlin': Tanh()}
2024-06-03 16:27:56,414 0.846123 (0.019411) with: {'batch_size': 16, 'lr': 0.01, 'max_epochs': 16, 'module__n_features': 20, 'module__n_neurons': 32, 'module__nonlin': ReLU()}
2024-06-03 16:27:56,414 0.847123 (0.018249) with: {'batch_size': 16, 'lr': 0.01, 'max_epochs': 16, 'module__n_features': 20, 'module__n_neurons': 64, 'module__nonlin': Tanh()}
2024-06-03 16:27:56,414 0.852219 (0.014138) with: {'batch_size': 16, 'lr': 0.01, 'max_epochs': 16, 'module__n_features': 20, 'module__n_neurons': 64, 'module__nonlin': ReLU()}
2024-06-03 16:27:56,414 0.847501 (0.025545) with: {'batch_size': 16, 'lr': 0.01, 'max_epochs': 16, 'module__n_features': 20, 'module__n_neurons': 128, 'module__nonlin': Tanh()}
2024-06-03 16:27:56,414 0.874195 (0.012903) with: {'batch_size': 16, 'lr': 0.01, 'max_epochs': 16, 'module__n_features': 20, 'module__n_neurons': 128, 'module__nonlin': ReLU()}
2024-06-03 16:27:56,414 0.840027 (0.021470) with: {'batch_size': 16, 'lr': 0.01, 'max_epochs': 16, 'module__n_features': 20, 'module__n_neurons': 256, 'module__nonlin': Tanh()}
2024-06-03 16:27:56,414 0.884451 (0.010003) with: {'batch_size': 16, 'lr': 0.01, 'max_epochs': 16, 'module__n_features': 20, 'module__n_neurons': 256, 'module__nonlin': ReLU()}
2024-06-03 16:27:56,414 0.844154 (0.019247) with: {'batch_size': 16, 'lr': 0.01, 'max_epochs': 32, 'module__n_features': 20, 'module__n_neurons': 16, 'module__nonlin': Tanh()}
2024-06-03 16:27:56,414 0.845560 (0.020714) with: {'batch_size': 16, 'lr': 0.01, 'max_epochs': 32, 'module__n_features': 20, 'module__n_neurons': 16, 'module__nonlin': ReLU()}
2024-06-03 16:27:56,414 0.844655 (0.021231) with: {'batch_size': 16, 'lr': 0.01, 'max_epochs': 32, 'module__n_features': 20, 'module__n_neurons': 32, 'module__nonlin': Tanh()}
2024-06-03 16:27:56,414 0.849750 (0.013469) with: {'batch_size': 16, 'lr': 0.01, 'max_epochs': 32, 'module__n_features': 20, 'module__n_neurons': 32, 'module__nonlin': ReLU()}
2024-06-03 16:27:56,414 0.843717 (0.021611) with: {'batch_size': 16, 'lr': 0.01, 'max_epochs': 32, 'module__n_features': 20, 'module__n_neurons': 64, 'module__nonlin': Tanh()}
2024-06-03 16:27:56,414 0.864789 (0.025394) with: {'batch_size': 16, 'lr': 0.01, 'max_epochs': 32, 'module__n_features': 20, 'module__n_neurons': 64, 'module__nonlin': ReLU()}
2024-06-03 16:27:56,414 0.848187 (0.021323) with: {'batch_size': 16, 'lr': 0.01, 'max_epochs': 32, 'module__n_features': 20, 'module__n_neurons': 128, 'module__nonlin': Tanh()}
2024-06-03 16:27:56,414 0.893703 (0.018269) with: {'batch_size': 16, 'lr': 0.01, 'max_epochs': 32, 'module__n_features': 20, 'module__n_neurons': 128, 'module__nonlin': ReLU()}
2024-06-03 16:27:56,414 0.852030 (0.013823) with: {'batch_size': 16, 'lr': 0.01, 'max_epochs': 32, 'module__n_features': 20, 'module__n_neurons': 256, 'module__nonlin': Tanh()}
2024-06-03 16:27:56,414 0.881076 (0.021893) with: {'batch_size': 16, 'lr': 0.01, 'max_epochs': 32, 'module__n_features': 20, 'module__n_neurons': 256, 'module__nonlin': ReLU()}
2024-06-03 16:27:56,414 0.845467 (0.019270) with: {'batch_size': 16, 'lr': 0.01, 'max_epochs': 64, 'module__n_features': 20, 'module__n_neurons': 16, 'module__nonlin': Tanh()}
2024-06-03 16:27:56,414 0.848309 (0.013698) with: {'batch_size': 16, 'lr': 0.01, 'max_epochs': 64, 'module__n_features': 20, 'module__n_neurons': 16, 'module__nonlin': ReLU()}
2024-06-03 16:27:56,414 0.845842 (0.024473) with: {'batch_size': 16, 'lr': 0.01, 'max_epochs': 64, 'module__n_features': 20, 'module__n_neurons': 32, 'module__nonlin': Tanh()}
2024-06-03 16:27:56,414 0.871553 (0.014880) with: {'batch_size': 16, 'lr': 0.01, 'max_epochs': 64, 'module__n_features': 20, 'module__n_neurons': 32, 'module__nonlin': ReLU()}
2024-06-03 16:27:56,414 0.849283 (0.024642) with: {'batch_size': 16, 'lr': 0.01, 'max_epochs': 64, 'module__n_features': 20, 'module__n_neurons': 64, 'module__nonlin': Tanh()}
2024-06-03 16:27:56,414 0.876681 (0.023024) with: {'batch_size': 16, 'lr': 0.01, 'max_epochs': 64, 'module__n_features': 20, 'module__n_neurons': 64, 'module__nonlin': ReLU()}
2024-06-03 16:27:56,414 0.842308 (0.034519) with: {'batch_size': 16, 'lr': 0.01, 'max_epochs': 64, 'module__n_features': 20, 'module__n_neurons': 128, 'module__nonlin': Tanh()}
2024-06-03 16:27:56,414 0.886906 (0.019236) with: {'batch_size': 16, 'lr': 0.01, 'max_epochs': 64, 'module__n_features': 20, 'module__n_neurons': 128, 'module__nonlin': ReLU()}
2024-06-03 16:27:56,414 0.864067 (0.016841) with: {'batch_size': 16, 'lr': 0.01, 'max_epochs': 64, 'module__n_features': 20, 'module__n_neurons': 256, 'module__nonlin': Tanh()}
2024-06-03 16:27:56,415 0.895347 (0.017457) with: {'batch_size': 16, 'lr': 0.01, 'max_epochs': 64, 'module__n_features': 20, 'module__n_neurons': 256, 'module__nonlin': ReLU()}
2024-06-03 16:27:56,415 0.829929 (0.026799) with: {'batch_size': 16, 'lr': 0.01, 'max_epochs': 128, 'module__n_features': 20, 'module__n_neurons': 16, 'module__nonlin': Tanh()}
2024-06-03 16:27:56,415 0.870478 (0.017859) with: {'batch_size': 16, 'lr': 0.01, 'max_epochs': 128, 'module__n_features': 20, 'module__n_neurons': 16, 'module__nonlin': ReLU()}
2024-06-03 16:27:56,415 0.848968 (0.019876) with: {'batch_size': 16, 'lr': 0.01, 'max_epochs': 128, 'module__n_features': 20, 'module__n_neurons': 32, 'module__nonlin': Tanh()}
2024-06-03 16:27:56,415 0.867369 (0.034548) with: {'batch_size': 16, 'lr': 0.01, 'max_epochs': 128, 'module__n_features': 20, 'module__n_neurons': 32, 'module__nonlin': ReLU()}
2024-06-03 16:27:56,415 0.858064 (0.023098) with: {'batch_size': 16, 'lr': 0.01, 'max_epochs': 128, 'module__n_features': 20, 'module__n_neurons': 64, 'module__nonlin': Tanh()}
2024-06-03 16:27:56,415 0.874167 (0.020370) with: {'batch_size': 16, 'lr': 0.01, 'max_epochs': 128, 'module__n_features': 20, 'module__n_neurons': 64, 'module__nonlin': ReLU()}
2024-06-03 16:27:56,415 0.859100 (0.032464) with: {'batch_size': 16, 'lr': 0.01, 'max_epochs': 128, 'module__n_features': 20, 'module__n_neurons': 128, 'module__nonlin': Tanh()}
2024-06-03 16:27:56,415 0.895987 (0.012762) with: {'batch_size': 16, 'lr': 0.01, 'max_epochs': 128, 'module__n_features': 20, 'module__n_neurons': 128, 'module__nonlin': ReLU()}
2024-06-03 16:27:56,415 0.879793 (0.013758) with: {'batch_size': 16, 'lr': 0.01, 'max_epochs': 128, 'module__n_features': 20, 'module__n_neurons': 256, 'module__nonlin': Tanh()}
2024-06-03 16:27:56,415 0.905554 (0.014850) with: {'batch_size': 16, 'lr': 0.01, 'max_epochs': 128, 'module__n_features': 20, 'module__n_neurons': 256, 'module__nonlin': ReLU()}
2024-06-03 16:27:56,415 0.845966 (0.014255) with: {'batch_size': 16, 'lr': 0.02, 'max_epochs': 16, 'module__n_features': 20, 'module__n_neurons': 16, 'module__nonlin': Tanh()}
2024-06-03 16:27:56,415 0.847061 (0.018387) with: {'batch_size': 16, 'lr': 0.02, 'max_epochs': 16, 'module__n_features': 20, 'module__n_neurons': 16, 'module__nonlin': ReLU()}
2024-06-03 16:27:56,415 0.848155 (0.017926) with: {'batch_size': 16, 'lr': 0.02, 'max_epochs': 16, 'module__n_features': 20, 'module__n_neurons': 32, 'module__nonlin': Tanh()}
2024-06-03 16:27:56,415 0.854659 (0.017540) with: {'batch_size': 16, 'lr': 0.02, 'max_epochs': 16, 'module__n_features': 20, 'module__n_neurons': 32, 'module__nonlin': ReLU()}
2024-06-03 16:27:56,415 0.845249 (0.024848) with: {'batch_size': 16, 'lr': 0.02, 'max_epochs': 16, 'module__n_features': 20, 'module__n_neurons': 64, 'module__nonlin': Tanh()}
2024-06-03 16:27:56,415 0.851250 (0.018101) with: {'batch_size': 16, 'lr': 0.02, 'max_epochs': 16, 'module__n_features': 20, 'module__n_neurons': 64, 'module__nonlin': ReLU()}
2024-06-03 16:27:56,415 0.843497 (0.019646) with: {'batch_size': 16, 'lr': 0.02, 'max_epochs': 16, 'module__n_features': 20, 'module__n_neurons': 128, 'module__nonlin': Tanh()}
2024-06-03 16:27:56,415 0.863506 (0.017651) with: {'batch_size': 16, 'lr': 0.02, 'max_epochs': 16, 'module__n_features': 20, 'module__n_neurons': 128, 'module__nonlin': ReLU()}
2024-06-03 16:27:56,415 0.667957 (0.142554) with: {'batch_size': 16, 'lr': 0.02, 'max_epochs': 16, 'module__n_features': 20, 'module__n_neurons': 256, 'module__nonlin': Tanh()}
2024-06-03 16:27:56,415 0.861255 (0.019934) with: {'batch_size': 16, 'lr': 0.02, 'max_epochs': 16, 'module__n_features': 20, 'module__n_neurons': 256, 'module__nonlin': ReLU()}
2024-06-03 16:27:56,415 0.840028 (0.028517) with: {'batch_size': 16, 'lr': 0.02, 'max_epochs': 32, 'module__n_features': 20, 'module__n_neurons': 16, 'module__nonlin': Tanh()}
2024-06-03 16:27:56,415 0.843778 (0.019442) with: {'batch_size': 16, 'lr': 0.02, 'max_epochs': 32, 'module__n_features': 20, 'module__n_neurons': 16, 'module__nonlin': ReLU()}
2024-06-03 16:27:56,415 0.842810 (0.027008) with: {'batch_size': 16, 'lr': 0.02, 'max_epochs': 32, 'module__n_features': 20, 'module__n_neurons': 32, 'module__nonlin': Tanh()}
2024-06-03 16:27:56,415 0.848373 (0.013513) with: {'batch_size': 16, 'lr': 0.02, 'max_epochs': 32, 'module__n_features': 20, 'module__n_neurons': 32, 'module__nonlin': ReLU()}
2024-06-03 16:27:56,415 0.845092 (0.018433) with: {'batch_size': 16, 'lr': 0.02, 'max_epochs': 32, 'module__n_features': 20, 'module__n_neurons': 64, 'module__nonlin': Tanh()}
2024-06-03 16:27:56,415 0.862193 (0.016593) with: {'batch_size': 16, 'lr': 0.02, 'max_epochs': 32, 'module__n_features': 20, 'module__n_neurons': 64, 'module__nonlin': ReLU()}
2024-06-03 16:27:56,415 0.825773 (0.035958) with: {'batch_size': 16, 'lr': 0.02, 'max_epochs': 32, 'module__n_features': 20, 'module__n_neurons': 128, 'module__nonlin': Tanh()}
2024-06-03 16:27:56,415 0.871069 (0.002624) with: {'batch_size': 16, 'lr': 0.02, 'max_epochs': 32, 'module__n_features': 20, 'module__n_neurons': 128, 'module__nonlin': ReLU()}
2024-06-03 16:27:56,415 0.701751 (0.060328) with: {'batch_size': 16, 'lr': 0.02, 'max_epochs': 32, 'module__n_features': 20, 'module__n_neurons': 256, 'module__nonlin': Tanh()}
2024-06-03 16:27:56,415 0.880263 (0.017071) with: {'batch_size': 16, 'lr': 0.02, 'max_epochs': 32, 'module__n_features': 20, 'module__n_neurons': 256, 'module__nonlin': ReLU()}
2024-06-03 16:27:56,415 0.845655 (0.022438) with: {'batch_size': 16, 'lr': 0.02, 'max_epochs': 64, 'module__n_features': 20, 'module__n_neurons': 16, 'module__nonlin': Tanh()}
2024-06-03 16:27:56,415 0.859846 (0.014551) with: {'batch_size': 16, 'lr': 0.02, 'max_epochs': 64, 'module__n_features': 20, 'module__n_neurons': 16, 'module__nonlin': ReLU()}
2024-06-03 16:27:56,415 0.850094 (0.020560) with: {'batch_size': 16, 'lr': 0.02, 'max_epochs': 64, 'module__n_features': 20, 'module__n_neurons': 32, 'module__nonlin': Tanh()}
2024-06-03 16:27:56,415 0.869007 (0.021867) with: {'batch_size': 16, 'lr': 0.02, 'max_epochs': 64, 'module__n_features': 20, 'module__n_neurons': 32, 'module__nonlin': ReLU()}
2024-06-03 16:27:56,415 0.837372 (0.042536) with: {'batch_size': 16, 'lr': 0.02, 'max_epochs': 64, 'module__n_features': 20, 'module__n_neurons': 64, 'module__nonlin': Tanh()}
2024-06-03 16:27:56,415 0.875135 (0.014892) with: {'batch_size': 16, 'lr': 0.02, 'max_epochs': 64, 'module__n_features': 20, 'module__n_neurons': 64, 'module__nonlin': ReLU()}
2024-06-03 16:27:56,415 0.855437 (0.007673) with: {'batch_size': 16, 'lr': 0.02, 'max_epochs': 64, 'module__n_features': 20, 'module__n_neurons': 128, 'module__nonlin': Tanh()}
2024-06-03 16:27:56,415 0.882075 (0.017007) with: {'batch_size': 16, 'lr': 0.02, 'max_epochs': 64, 'module__n_features': 20, 'module__n_neurons': 128, 'module__nonlin': ReLU()}
2024-06-03 16:27:56,415 0.661487 (0.095020) with: {'batch_size': 16, 'lr': 0.02, 'max_epochs': 64, 'module__n_features': 20, 'module__n_neurons': 256, 'module__nonlin': Tanh()}
2024-06-03 16:27:56,415 0.886638 (0.010860) with: {'batch_size': 16, 'lr': 0.02, 'max_epochs': 64, 'module__n_features': 20, 'module__n_neurons': 256, 'module__nonlin': ReLU()}
2024-06-03 16:27:56,415 0.829585 (0.023428) with: {'batch_size': 16, 'lr': 0.02, 'max_epochs': 128, 'module__n_features': 20, 'module__n_neurons': 16, 'module__nonlin': Tanh()}
2024-06-03 16:27:56,415 0.853518 (0.021479) with: {'batch_size': 16, 'lr': 0.02, 'max_epochs': 128, 'module__n_features': 20, 'module__n_neurons': 16, 'module__nonlin': ReLU()}
2024-06-03 16:27:56,415 0.860035 (0.015202) with: {'batch_size': 16, 'lr': 0.02, 'max_epochs': 128, 'module__n_features': 20, 'module__n_neurons': 32, 'module__nonlin': Tanh()}
2024-06-03 16:27:56,415 0.871744 (0.036108) with: {'batch_size': 16, 'lr': 0.02, 'max_epochs': 128, 'module__n_features': 20, 'module__n_neurons': 32, 'module__nonlin': ReLU()}
2024-06-03 16:27:56,415 0.859348 (0.032085) with: {'batch_size': 16, 'lr': 0.02, 'max_epochs': 128, 'module__n_features': 20, 'module__n_neurons': 64, 'module__nonlin': Tanh()}
2024-06-03 16:27:56,416 0.895581 (0.015559) with: {'batch_size': 16, 'lr': 0.02, 'max_epochs': 128, 'module__n_features': 20, 'module__n_neurons': 64, 'module__nonlin': ReLU()}
2024-06-03 16:27:56,416 0.856468 (0.028881) with: {'batch_size': 16, 'lr': 0.02, 'max_epochs': 128, 'module__n_features': 20, 'module__n_neurons': 128, 'module__nonlin': Tanh()}
2024-06-03 16:27:56,416 0.896819 (0.025436) with: {'batch_size': 16, 'lr': 0.02, 'max_epochs': 128, 'module__n_features': 20, 'module__n_neurons': 128, 'module__nonlin': ReLU()}
2024-06-03 16:27:56,416 0.755655 (0.121017) with: {'batch_size': 16, 'lr': 0.02, 'max_epochs': 128, 'module__n_features': 20, 'module__n_neurons': 256, 'module__nonlin': Tanh()}
2024-06-03 16:27:56,416 0.894661 (0.027559) with: {'batch_size': 16, 'lr': 0.02, 'max_epochs': 128, 'module__n_features': 20, 'module__n_neurons': 256, 'module__nonlin': ReLU()}
2024-06-03 16:27:56,416 0.814831 (0.027093) with: {'batch_size': 32, 'lr': 0.001, 'max_epochs': 16, 'module__n_features': 20, 'module__n_neurons': 16, 'module__nonlin': Tanh()}
2024-06-03 16:27:56,416 0.702775 (0.062396) with: {'batch_size': 32, 'lr': 0.001, 'max_epochs': 16, 'module__n_features': 20, 'module__n_neurons': 16, 'module__nonlin': ReLU()}
2024-06-03 16:27:56,416 0.803572 (0.031531) with: {'batch_size': 32, 'lr': 0.001, 'max_epochs': 16, 'module__n_features': 20, 'module__n_neurons': 32, 'module__nonlin': Tanh()}
2024-06-03 16:27:56,416 0.789007 (0.028882) with: {'batch_size': 32, 'lr': 0.001, 'max_epochs': 16, 'module__n_features': 20, 'module__n_neurons': 32, 'module__nonlin': ReLU()}
2024-06-03 16:27:56,416 0.835182 (0.020766) with: {'batch_size': 32, 'lr': 0.001, 'max_epochs': 16, 'module__n_features': 20, 'module__n_neurons': 64, 'module__nonlin': Tanh()}
2024-06-03 16:27:56,416 0.822644 (0.028686) with: {'batch_size': 32, 'lr': 0.001, 'max_epochs': 16, 'module__n_features': 20, 'module__n_neurons': 64, 'module__nonlin': ReLU()}
2024-06-03 16:27:56,416 0.843372 (0.016156) with: {'batch_size': 32, 'lr': 0.001, 'max_epochs': 16, 'module__n_features': 20, 'module__n_neurons': 128, 'module__nonlin': Tanh()}
2024-06-03 16:27:56,416 0.851784 (0.024488) with: {'batch_size': 32, 'lr': 0.001, 'max_epochs': 16, 'module__n_features': 20, 'module__n_neurons': 128, 'module__nonlin': ReLU()}
2024-06-03 16:27:56,416 0.844498 (0.017352) with: {'batch_size': 32, 'lr': 0.001, 'max_epochs': 16, 'module__n_features': 20, 'module__n_neurons': 256, 'module__nonlin': Tanh()}
2024-06-03 16:27:56,416 0.855722 (0.021245) with: {'batch_size': 32, 'lr': 0.001, 'max_epochs': 16, 'module__n_features': 20, 'module__n_neurons': 256, 'module__nonlin': ReLU()}
2024-06-03 16:27:56,416 0.821459 (0.037721) with: {'batch_size': 32, 'lr': 0.001, 'max_epochs': 32, 'module__n_features': 20, 'module__n_neurons': 16, 'module__nonlin': Tanh()}
2024-06-03 16:27:56,416 0.810985 (0.026626) with: {'batch_size': 32, 'lr': 0.001, 'max_epochs': 32, 'module__n_features': 20, 'module__n_neurons': 16, 'module__nonlin': ReLU()}
2024-06-03 16:27:56,416 0.839779 (0.025553) with: {'batch_size': 32, 'lr': 0.001, 'max_epochs': 32, 'module__n_features': 20, 'module__n_neurons': 32, 'module__nonlin': Tanh()}
2024-06-03 16:27:56,416 0.830870 (0.038532) with: {'batch_size': 32, 'lr': 0.001, 'max_epochs': 32, 'module__n_features': 20, 'module__n_neurons': 32, 'module__nonlin': ReLU()}
2024-06-03 16:27:56,416 0.843247 (0.017773) with: {'batch_size': 32, 'lr': 0.001, 'max_epochs': 32, 'module__n_features': 20, 'module__n_neurons': 64, 'module__nonlin': Tanh()}
2024-06-03 16:27:56,416 0.841810 (0.022685) with: {'batch_size': 32, 'lr': 0.001, 'max_epochs': 32, 'module__n_features': 20, 'module__n_neurons': 64, 'module__nonlin': ReLU()}
2024-06-03 16:27:56,416 0.846030 (0.017582) with: {'batch_size': 32, 'lr': 0.001, 'max_epochs': 32, 'module__n_features': 20, 'module__n_neurons': 128, 'module__nonlin': Tanh()}
2024-06-03 16:27:56,416 0.851814 (0.022417) with: {'batch_size': 32, 'lr': 0.001, 'max_epochs': 32, 'module__n_features': 20, 'module__n_neurons': 128, 'module__nonlin': ReLU()}
2024-06-03 16:27:56,416 0.845373 (0.016863) with: {'batch_size': 32, 'lr': 0.001, 'max_epochs': 32, 'module__n_features': 20, 'module__n_neurons': 256, 'module__nonlin': Tanh()}
2024-06-03 16:27:56,416 0.868384 (0.018615) with: {'batch_size': 32, 'lr': 0.001, 'max_epochs': 32, 'module__n_features': 20, 'module__n_neurons': 256, 'module__nonlin': ReLU()}
2024-06-03 16:27:56,416 0.839246 (0.021005) with: {'batch_size': 32, 'lr': 0.001, 'max_epochs': 64, 'module__n_features': 20, 'module__n_neurons': 16, 'module__nonlin': Tanh()}
2024-06-03 16:27:56,416 0.822803 (0.030587) with: {'batch_size': 32, 'lr': 0.001, 'max_epochs': 64, 'module__n_features': 20, 'module__n_neurons': 16, 'module__nonlin': ReLU()}
2024-06-03 16:27:56,416 0.842591 (0.017984) with: {'batch_size': 32, 'lr': 0.001, 'max_epochs': 64, 'module__n_features': 20, 'module__n_neurons': 32, 'module__nonlin': Tanh()}
2024-06-03 16:27:56,416 0.844467 (0.024796) with: {'batch_size': 32, 'lr': 0.001, 'max_epochs': 64, 'module__n_features': 20, 'module__n_neurons': 32, 'module__nonlin': ReLU()}
2024-06-03 16:27:56,416 0.845811 (0.017377) with: {'batch_size': 32, 'lr': 0.001, 'max_epochs': 64, 'module__n_features': 20, 'module__n_neurons': 64, 'module__nonlin': Tanh()}
2024-06-03 16:27:56,416 0.854534 (0.017407) with: {'batch_size': 32, 'lr': 0.001, 'max_epochs': 64, 'module__n_features': 20, 'module__n_neurons': 64, 'module__nonlin': ReLU()}
2024-06-03 16:27:56,416 0.846030 (0.017046) with: {'batch_size': 32, 'lr': 0.001, 'max_epochs': 64, 'module__n_features': 20, 'module__n_neurons': 128, 'module__nonlin': Tanh()}
2024-06-03 16:27:56,416 0.877731 (0.013632) with: {'batch_size': 32, 'lr': 0.001, 'max_epochs': 64, 'module__n_features': 20, 'module__n_neurons': 128, 'module__nonlin': ReLU()}
2024-06-03 16:27:56,416 0.846968 (0.017598) with: {'batch_size': 32, 'lr': 0.001, 'max_epochs': 64, 'module__n_features': 20, 'module__n_neurons': 256, 'module__nonlin': Tanh()}
2024-06-03 16:27:56,416 0.894896 (0.022469) with: {'batch_size': 32, 'lr': 0.001, 'max_epochs': 64, 'module__n_features': 20, 'module__n_neurons': 256, 'module__nonlin': ReLU()}
2024-06-03 16:27:56,416 0.845717 (0.018178) with: {'batch_size': 32, 'lr': 0.001, 'max_epochs': 128, 'module__n_features': 20, 'module__n_neurons': 16, 'module__nonlin': Tanh()}
2024-06-03 16:27:56,416 0.847061 (0.015913) with: {'batch_size': 32, 'lr': 0.001, 'max_epochs': 128, 'module__n_features': 20, 'module__n_neurons': 16, 'module__nonlin': ReLU()}
2024-06-03 16:27:56,416 0.845998 (0.016256) with: {'batch_size': 32, 'lr': 0.001, 'max_epochs': 128, 'module__n_features': 20, 'module__n_neurons': 32, 'module__nonlin': Tanh()}
2024-06-03 16:27:56,416 0.856910 (0.015440) with: {'batch_size': 32, 'lr': 0.001, 'max_epochs': 128, 'module__n_features': 20, 'module__n_neurons': 32, 'module__nonlin': ReLU()}
2024-06-03 16:27:56,416 0.845811 (0.017181) with: {'batch_size': 32, 'lr': 0.001, 'max_epochs': 128, 'module__n_features': 20, 'module__n_neurons': 64, 'module__nonlin': Tanh()}
2024-06-03 16:27:56,416 0.875668 (0.018380) with: {'batch_size': 32, 'lr': 0.001, 'max_epochs': 128, 'module__n_features': 20, 'module__n_neurons': 64, 'module__nonlin': ReLU()}
2024-06-03 16:27:56,416 0.853502 (0.019005) with: {'batch_size': 32, 'lr': 0.001, 'max_epochs': 128, 'module__n_features': 20, 'module__n_neurons': 128, 'module__nonlin': Tanh()}
2024-06-03 16:27:56,416 0.881199 (0.018646) with: {'batch_size': 32, 'lr': 0.001, 'max_epochs': 128, 'module__n_features': 20, 'module__n_neurons': 128, 'module__nonlin': ReLU()}
2024-06-03 16:27:56,416 0.852500 (0.015422) with: {'batch_size': 32, 'lr': 0.001, 'max_epochs': 128, 'module__n_features': 20, 'module__n_neurons': 256, 'module__nonlin': Tanh()}
2024-06-03 16:27:56,416 0.885923 (0.026971) with: {'batch_size': 32, 'lr': 0.001, 'max_epochs': 128, 'module__n_features': 20, 'module__n_neurons': 256, 'module__nonlin': ReLU()}
2024-06-03 16:27:56,416 0.846061 (0.016489) with: {'batch_size': 32, 'lr': 0.01, 'max_epochs': 16, 'module__n_features': 20, 'module__n_neurons': 16, 'module__nonlin': Tanh()}
2024-06-03 16:27:56,417 0.844717 (0.021223) with: {'batch_size': 32, 'lr': 0.01, 'max_epochs': 16, 'module__n_features': 20, 'module__n_neurons': 16, 'module__nonlin': ReLU()}
2024-06-03 16:27:56,417 0.844029 (0.016027) with: {'batch_size': 32, 'lr': 0.01, 'max_epochs': 16, 'module__n_features': 20, 'module__n_neurons': 32, 'module__nonlin': Tanh()}
2024-06-03 16:27:56,417 0.844153 (0.013439) with: {'batch_size': 32, 'lr': 0.01, 'max_epochs': 16, 'module__n_features': 20, 'module__n_neurons': 32, 'module__nonlin': ReLU()}
2024-06-03 16:27:56,417 0.844966 (0.015843) with: {'batch_size': 32, 'lr': 0.01, 'max_epochs': 16, 'module__n_features': 20, 'module__n_neurons': 64, 'module__nonlin': Tanh()}
2024-06-03 16:27:56,417 0.857627 (0.013525) with: {'batch_size': 32, 'lr': 0.01, 'max_epochs': 16, 'module__n_features': 20, 'module__n_neurons': 64, 'module__nonlin': ReLU()}
2024-06-03 16:27:56,417 0.850313 (0.019470) with: {'batch_size': 32, 'lr': 0.01, 'max_epochs': 16, 'module__n_features': 20, 'module__n_neurons': 128, 'module__nonlin': Tanh()}
2024-06-03 16:27:56,417 0.867507 (0.014186) with: {'batch_size': 32, 'lr': 0.01, 'max_epochs': 16, 'module__n_features': 20, 'module__n_neurons': 128, 'module__nonlin': ReLU()}
2024-06-03 16:27:56,417 0.846249 (0.020119) with: {'batch_size': 32, 'lr': 0.01, 'max_epochs': 16, 'module__n_features': 20, 'module__n_neurons': 256, 'module__nonlin': Tanh()}
2024-06-03 16:27:56,417 0.889173 (0.017135) with: {'batch_size': 32, 'lr': 0.01, 'max_epochs': 16, 'module__n_features': 20, 'module__n_neurons': 256, 'module__nonlin': ReLU()}
2024-06-03 16:27:56,417 0.845498 (0.013685) with: {'batch_size': 32, 'lr': 0.01, 'max_epochs': 32, 'module__n_features': 20, 'module__n_neurons': 16, 'module__nonlin': Tanh()}
2024-06-03 16:27:56,417 0.850251 (0.018418) with: {'batch_size': 32, 'lr': 0.01, 'max_epochs': 32, 'module__n_features': 20, 'module__n_neurons': 16, 'module__nonlin': ReLU()}
2024-06-03 16:27:56,417 0.848249 (0.018164) with: {'batch_size': 32, 'lr': 0.01, 'max_epochs': 32, 'module__n_features': 20, 'module__n_neurons': 32, 'module__nonlin': Tanh()}
2024-06-03 16:27:56,417 0.849124 (0.016707) with: {'batch_size': 32, 'lr': 0.01, 'max_epochs': 32, 'module__n_features': 20, 'module__n_neurons': 32, 'module__nonlin': ReLU()}
2024-06-03 16:27:56,417 0.853377 (0.018827) with: {'batch_size': 32, 'lr': 0.01, 'max_epochs': 32, 'module__n_features': 20, 'module__n_neurons': 64, 'module__nonlin': Tanh()}
2024-06-03 16:27:56,417 0.871194 (0.007125) with: {'batch_size': 32, 'lr': 0.01, 'max_epochs': 32, 'module__n_features': 20, 'module__n_neurons': 64, 'module__nonlin': ReLU()}
2024-06-03 16:27:56,417 0.848281 (0.018947) with: {'batch_size': 32, 'lr': 0.01, 'max_epochs': 32, 'module__n_features': 20, 'module__n_neurons': 128, 'module__nonlin': Tanh()}
2024-06-03 16:27:56,417 0.883515 (0.019900) with: {'batch_size': 32, 'lr': 0.01, 'max_epochs': 32, 'module__n_features': 20, 'module__n_neurons': 128, 'module__nonlin': ReLU()}
2024-06-03 16:27:56,417 0.851220 (0.022795) with: {'batch_size': 32, 'lr': 0.01, 'max_epochs': 32, 'module__n_features': 20, 'module__n_neurons': 256, 'module__nonlin': Tanh()}
2024-06-03 16:27:56,417 0.890266 (0.016078) with: {'batch_size': 32, 'lr': 0.01, 'max_epochs': 32, 'module__n_features': 20, 'module__n_neurons': 256, 'module__nonlin': ReLU()}
2024-06-03 16:27:56,417 0.846280 (0.020378) with: {'batch_size': 32, 'lr': 0.01, 'max_epochs': 64, 'module__n_features': 20, 'module__n_neurons': 16, 'module__nonlin': Tanh()}
2024-06-03 16:27:56,417 0.857219 (0.024130) with: {'batch_size': 32, 'lr': 0.01, 'max_epochs': 64, 'module__n_features': 20, 'module__n_neurons': 16, 'module__nonlin': ReLU()}
2024-06-03 16:27:56,417 0.841685 (0.023652) with: {'batch_size': 32, 'lr': 0.01, 'max_epochs': 64, 'module__n_features': 20, 'module__n_neurons': 32, 'module__nonlin': Tanh()}
2024-06-03 16:27:56,417 0.872326 (0.036544) with: {'batch_size': 32, 'lr': 0.01, 'max_epochs': 64, 'module__n_features': 20, 'module__n_neurons': 32, 'module__nonlin': ReLU()}
2024-06-03 16:27:56,417 0.853846 (0.025480) with: {'batch_size': 32, 'lr': 0.01, 'max_epochs': 64, 'module__n_features': 20, 'module__n_neurons': 64, 'module__nonlin': Tanh()}
2024-06-03 16:27:56,417 0.887390 (0.024199) with: {'batch_size': 32, 'lr': 0.01, 'max_epochs': 64, 'module__n_features': 20, 'module__n_neurons': 64, 'module__nonlin': ReLU()}
2024-06-03 16:27:56,417 0.848344 (0.021187) with: {'batch_size': 32, 'lr': 0.01, 'max_epochs': 64, 'module__n_features': 20, 'module__n_neurons': 128, 'module__nonlin': Tanh()}
2024-06-03 16:27:56,417 0.894925 (0.016817) with: {'batch_size': 32, 'lr': 0.01, 'max_epochs': 64, 'module__n_features': 20, 'module__n_neurons': 128, 'module__nonlin': ReLU()}
2024-06-03 16:27:56,417 0.856382 (0.035501) with: {'batch_size': 32, 'lr': 0.01, 'max_epochs': 64, 'module__n_features': 20, 'module__n_neurons': 256, 'module__nonlin': Tanh()}
2024-06-03 16:27:56,417 0.900192 (0.012124) with: {'batch_size': 32, 'lr': 0.01, 'max_epochs': 64, 'module__n_features': 20, 'module__n_neurons': 256, 'module__nonlin': ReLU()}
2024-06-03 16:27:56,417 0.842436 (0.026187) with: {'batch_size': 32, 'lr': 0.01, 'max_epochs': 128, 'module__n_features': 20, 'module__n_neurons': 16, 'module__nonlin': Tanh()}
2024-06-03 16:27:56,417 0.864570 (0.027006) with: {'batch_size': 32, 'lr': 0.01, 'max_epochs': 128, 'module__n_features': 20, 'module__n_neurons': 16, 'module__nonlin': ReLU()}
2024-06-03 16:27:56,417 0.836026 (0.025772) with: {'batch_size': 32, 'lr': 0.01, 'max_epochs': 128, 'module__n_features': 20, 'module__n_neurons': 32, 'module__nonlin': Tanh()}
2024-06-03 16:27:56,417 0.862820 (0.026450) with: {'batch_size': 32, 'lr': 0.01, 'max_epochs': 128, 'module__n_features': 20, 'module__n_neurons': 32, 'module__nonlin': ReLU()}
2024-06-03 16:27:56,417 0.832835 (0.014083) with: {'batch_size': 32, 'lr': 0.01, 'max_epochs': 128, 'module__n_features': 20, 'module__n_neurons': 64, 'module__nonlin': Tanh()}
2024-06-03 16:27:56,417 0.884392 (0.022377) with: {'batch_size': 32, 'lr': 0.01, 'max_epochs': 128, 'module__n_features': 20, 'module__n_neurons': 64, 'module__nonlin': ReLU()}
2024-06-03 16:27:56,417 0.858661 (0.025449) with: {'batch_size': 32, 'lr': 0.01, 'max_epochs': 128, 'module__n_features': 20, 'module__n_neurons': 128, 'module__nonlin': Tanh()}
2024-06-03 16:27:56,417 0.888125 (0.011468) with: {'batch_size': 32, 'lr': 0.01, 'max_epochs': 128, 'module__n_features': 20, 'module__n_neurons': 128, 'module__nonlin': ReLU()}
2024-06-03 16:27:56,417 0.875480 (0.019767) with: {'batch_size': 32, 'lr': 0.01, 'max_epochs': 128, 'module__n_features': 20, 'module__n_neurons': 256, 'module__nonlin': Tanh()}
2024-06-03 16:27:56,417 0.901582 (0.022290) with: {'batch_size': 32, 'lr': 0.01, 'max_epochs': 128, 'module__n_features': 20, 'module__n_neurons': 256, 'module__nonlin': ReLU()}
2024-06-03 16:27:56,417 0.845967 (0.015022) with: {'batch_size': 32, 'lr': 0.02, 'max_epochs': 16, 'module__n_features': 20, 'module__n_neurons': 16, 'module__nonlin': Tanh()}
2024-06-03 16:27:56,417 0.851689 (0.019180) with: {'batch_size': 32, 'lr': 0.02, 'max_epochs': 16, 'module__n_features': 20, 'module__n_neurons': 16, 'module__nonlin': ReLU()}
2024-06-03 16:27:56,417 0.848249 (0.016599) with: {'batch_size': 32, 'lr': 0.02, 'max_epochs': 16, 'module__n_features': 20, 'module__n_neurons': 32, 'module__nonlin': Tanh()}
2024-06-03 16:27:56,417 0.847030 (0.017588) with: {'batch_size': 32, 'lr': 0.02, 'max_epochs': 16, 'module__n_features': 20, 'module__n_neurons': 32, 'module__nonlin': ReLU()}
2024-06-03 16:27:56,417 0.851095 (0.017710) with: {'batch_size': 32, 'lr': 0.02, 'max_epochs': 16, 'module__n_features': 20, 'module__n_neurons': 64, 'module__nonlin': Tanh()}
2024-06-03 16:27:56,417 0.861379 (0.013453) with: {'batch_size': 32, 'lr': 0.02, 'max_epochs': 16, 'module__n_features': 20, 'module__n_neurons': 64, 'module__nonlin': ReLU()}
2024-06-03 16:27:56,417 0.848907 (0.021138) with: {'batch_size': 32, 'lr': 0.02, 'max_epochs': 16, 'module__n_features': 20, 'module__n_neurons': 128, 'module__nonlin': Tanh()}
2024-06-03 16:27:56,417 0.863192 (0.021095) with: {'batch_size': 32, 'lr': 0.02, 'max_epochs': 16, 'module__n_features': 20, 'module__n_neurons': 128, 'module__nonlin': ReLU()}
2024-06-03 16:27:56,418 0.668528 (0.197803) with: {'batch_size': 32, 'lr': 0.02, 'max_epochs': 16, 'module__n_features': 20, 'module__n_neurons': 256, 'module__nonlin': Tanh()}
2024-06-03 16:27:56,418 0.876108 (0.028579) with: {'batch_size': 32, 'lr': 0.02, 'max_epochs': 16, 'module__n_features': 20, 'module__n_neurons': 256, 'module__nonlin': ReLU()}
2024-06-03 16:27:56,418 0.847030 (0.020213) with: {'batch_size': 32, 'lr': 0.02, 'max_epochs': 32, 'module__n_features': 20, 'module__n_neurons': 16, 'module__nonlin': Tanh()}
2024-06-03 16:27:56,418 0.848000 (0.021345) with: {'batch_size': 32, 'lr': 0.02, 'max_epochs': 32, 'module__n_features': 20, 'module__n_neurons': 16, 'module__nonlin': ReLU()}
2024-06-03 16:27:56,418 0.844404 (0.019536) with: {'batch_size': 32, 'lr': 0.02, 'max_epochs': 32, 'module__n_features': 20, 'module__n_neurons': 32, 'module__nonlin': Tanh()}
2024-06-03 16:27:56,418 0.853235 (0.017875) with: {'batch_size': 32, 'lr': 0.02, 'max_epochs': 32, 'module__n_features': 20, 'module__n_neurons': 32, 'module__nonlin': ReLU()}
2024-06-03 16:27:56,418 0.844652 (0.015412) with: {'batch_size': 32, 'lr': 0.02, 'max_epochs': 32, 'module__n_features': 20, 'module__n_neurons': 64, 'module__nonlin': Tanh()}
2024-06-03 16:27:56,418 0.870508 (0.011320) with: {'batch_size': 32, 'lr': 0.02, 'max_epochs': 32, 'module__n_features': 20, 'module__n_neurons': 64, 'module__nonlin': ReLU()}
2024-06-03 16:27:56,418 0.836368 (0.025045) with: {'batch_size': 32, 'lr': 0.02, 'max_epochs': 32, 'module__n_features': 20, 'module__n_neurons': 128, 'module__nonlin': Tanh()}
2024-06-03 16:27:56,418 0.879322 (0.019901) with: {'batch_size': 32, 'lr': 0.02, 'max_epochs': 32, 'module__n_features': 20, 'module__n_neurons': 128, 'module__nonlin': ReLU()}
2024-06-03 16:27:56,418 0.659083 (0.197249) with: {'batch_size': 32, 'lr': 0.02, 'max_epochs': 32, 'module__n_features': 20, 'module__n_neurons': 256, 'module__nonlin': Tanh()}
2024-06-03 16:27:56,418 0.885953 (0.018435) with: {'batch_size': 32, 'lr': 0.02, 'max_epochs': 32, 'module__n_features': 20, 'module__n_neurons': 256, 'module__nonlin': ReLU()}
2024-06-03 16:27:56,418 0.841028 (0.026051) with: {'batch_size': 32, 'lr': 0.02, 'max_epochs': 64, 'module__n_features': 20, 'module__n_neurons': 16, 'module__nonlin': Tanh()}
2024-06-03 16:27:56,418 0.850783 (0.025354) with: {'batch_size': 32, 'lr': 0.02, 'max_epochs': 64, 'module__n_features': 20, 'module__n_neurons': 16, 'module__nonlin': ReLU()}
2024-06-03 16:27:56,418 0.846061 (0.021946) with: {'batch_size': 32, 'lr': 0.02, 'max_epochs': 64, 'module__n_features': 20, 'module__n_neurons': 32, 'module__nonlin': Tanh()}
2024-06-03 16:27:56,418 0.853407 (0.024234) with: {'batch_size': 32, 'lr': 0.02, 'max_epochs': 64, 'module__n_features': 20, 'module__n_neurons': 32, 'module__nonlin': ReLU()}
2024-06-03 16:27:56,418 0.838340 (0.046725) with: {'batch_size': 32, 'lr': 0.02, 'max_epochs': 64, 'module__n_features': 20, 'module__n_neurons': 64, 'module__nonlin': Tanh()}
2024-06-03 16:27:56,418 0.891267 (0.012169) with: {'batch_size': 32, 'lr': 0.02, 'max_epochs': 64, 'module__n_features': 20, 'module__n_neurons': 64, 'module__nonlin': ReLU()}
2024-06-03 16:27:56,418 0.850592 (0.012836) with: {'batch_size': 32, 'lr': 0.02, 'max_epochs': 64, 'module__n_features': 20, 'module__n_neurons': 128, 'module__nonlin': Tanh()}
2024-06-03 16:27:56,418 0.902816 (0.015043) with: {'batch_size': 32, 'lr': 0.02, 'max_epochs': 64, 'module__n_features': 20, 'module__n_neurons': 128, 'module__nonlin': ReLU()}
2024-06-03 16:27:56,418 0.774313 (0.078114) with: {'batch_size': 32, 'lr': 0.02, 'max_epochs': 64, 'module__n_features': 20, 'module__n_neurons': 256, 'module__nonlin': Tanh()}
2024-06-03 16:27:56,418 0.877790 (0.006712) with: {'batch_size': 32, 'lr': 0.02, 'max_epochs': 64, 'module__n_features': 20, 'module__n_neurons': 256, 'module__nonlin': ReLU()}
2024-06-03 16:27:56,418 0.836557 (0.029443) with: {'batch_size': 32, 'lr': 0.02, 'max_epochs': 128, 'module__n_features': 20, 'module__n_neurons': 16, 'module__nonlin': Tanh()}
2024-06-03 16:27:56,418 0.846086 (0.043496) with: {'batch_size': 32, 'lr': 0.02, 'max_epochs': 128, 'module__n_features': 20, 'module__n_neurons': 16, 'module__nonlin': ReLU()}
2024-06-03 16:27:56,418 0.843371 (0.011135) with: {'batch_size': 32, 'lr': 0.02, 'max_epochs': 128, 'module__n_features': 20, 'module__n_neurons': 32, 'module__nonlin': Tanh()}
2024-06-03 16:27:56,418 0.879043 (0.013063) with: {'batch_size': 32, 'lr': 0.02, 'max_epochs': 128, 'module__n_features': 20, 'module__n_neurons': 32, 'module__nonlin': ReLU()}
2024-06-03 16:27:56,418 0.842998 (0.044732) with: {'batch_size': 32, 'lr': 0.02, 'max_epochs': 128, 'module__n_features': 20, 'module__n_neurons': 64, 'module__nonlin': Tanh()}
2024-06-03 16:27:56,418 0.874569 (0.006242) with: {'batch_size': 32, 'lr': 0.02, 'max_epochs': 128, 'module__n_features': 20, 'module__n_neurons': 64, 'module__nonlin': ReLU()}
2024-06-03 16:27:56,418 0.867600 (0.022861) with: {'batch_size': 32, 'lr': 0.02, 'max_epochs': 128, 'module__n_features': 20, 'module__n_neurons': 128, 'module__nonlin': Tanh()}
2024-06-03 16:27:56,418 0.890359 (0.015113) with: {'batch_size': 32, 'lr': 0.02, 'max_epochs': 128, 'module__n_features': 20, 'module__n_neurons': 128, 'module__nonlin': ReLU()}
2024-06-03 16:27:56,418 0.813724 (0.084352) with: {'batch_size': 32, 'lr': 0.02, 'max_epochs': 128, 'module__n_features': 20, 'module__n_neurons': 256, 'module__nonlin': Tanh()}
2024-06-03 16:27:56,418 0.894784 (0.015450) with: {'batch_size': 32, 'lr': 0.02, 'max_epochs': 128, 'module__n_features': 20, 'module__n_neurons': 256, 'module__nonlin': ReLU()}
2024-06-03 16:27:56,418 0.759525 (0.043414) with: {'batch_size': 64, 'lr': 0.001, 'max_epochs': 16, 'module__n_features': 20, 'module__n_neurons': 16, 'module__nonlin': Tanh()}
2024-06-03 16:27:56,418 0.742173 (0.080208) with: {'batch_size': 64, 'lr': 0.001, 'max_epochs': 16, 'module__n_features': 20, 'module__n_neurons': 16, 'module__nonlin': ReLU()}
2024-06-03 16:27:56,418 0.800320 (0.028270) with: {'batch_size': 64, 'lr': 0.001, 'max_epochs': 16, 'module__n_features': 20, 'module__n_neurons': 32, 'module__nonlin': Tanh()}
2024-06-03 16:27:56,418 0.801231 (0.042859) with: {'batch_size': 64, 'lr': 0.001, 'max_epochs': 16, 'module__n_features': 20, 'module__n_neurons': 32, 'module__nonlin': ReLU()}
2024-06-03 16:27:56,418 0.825836 (0.031013) with: {'batch_size': 64, 'lr': 0.001, 'max_epochs': 16, 'module__n_features': 20, 'module__n_neurons': 64, 'module__nonlin': Tanh()}
2024-06-03 16:27:56,418 0.830023 (0.031814) with: {'batch_size': 64, 'lr': 0.001, 'max_epochs': 16, 'module__n_features': 20, 'module__n_neurons': 64, 'module__nonlin': ReLU()}
2024-06-03 16:27:56,418 0.839340 (0.022432) with: {'batch_size': 64, 'lr': 0.001, 'max_epochs': 16, 'module__n_features': 20, 'module__n_neurons': 128, 'module__nonlin': Tanh()}
2024-06-03 16:27:56,418 0.837059 (0.024675) with: {'batch_size': 64, 'lr': 0.001, 'max_epochs': 16, 'module__n_features': 20, 'module__n_neurons': 128, 'module__nonlin': ReLU()}
2024-06-03 16:27:56,418 0.844373 (0.018510) with: {'batch_size': 64, 'lr': 0.001, 'max_epochs': 16, 'module__n_features': 20, 'module__n_neurons': 256, 'module__nonlin': Tanh()}
2024-06-03 16:27:56,418 0.852565 (0.023194) with: {'batch_size': 64, 'lr': 0.001, 'max_epochs': 16, 'module__n_features': 20, 'module__n_neurons': 256, 'module__nonlin': ReLU()}
2024-06-03 16:27:56,418 0.801888 (0.040125) with: {'batch_size': 64, 'lr': 0.001, 'max_epochs': 32, 'module__n_features': 20, 'module__n_neurons': 16, 'module__nonlin': Tanh()}
2024-06-03 16:27:56,418 0.796412 (0.022867) with: {'batch_size': 64, 'lr': 0.001, 'max_epochs': 32, 'module__n_features': 20, 'module__n_neurons': 16, 'module__nonlin': ReLU()}
2024-06-03 16:27:56,418 0.834588 (0.021344) with: {'batch_size': 64, 'lr': 0.001, 'max_epochs': 32, 'module__n_features': 20, 'module__n_neurons': 32, 'module__nonlin': Tanh()}
2024-06-03 16:27:56,419 0.794357 (0.067587) with: {'batch_size': 64, 'lr': 0.001, 'max_epochs': 32, 'module__n_features': 20, 'module__n_neurons': 32, 'module__nonlin': ReLU()}
2024-06-03 16:27:56,419 0.844686 (0.017817) with: {'batch_size': 64, 'lr': 0.001, 'max_epochs': 32, 'module__n_features': 20, 'module__n_neurons': 64, 'module__nonlin': Tanh()}
2024-06-03 16:27:56,419 0.831590 (0.044891) with: {'batch_size': 64, 'lr': 0.001, 'max_epochs': 32, 'module__n_features': 20, 'module__n_neurons': 64, 'module__nonlin': ReLU()}
2024-06-03 16:27:56,419 0.844654 (0.016983) with: {'batch_size': 64, 'lr': 0.001, 'max_epochs': 32, 'module__n_features': 20, 'module__n_neurons': 128, 'module__nonlin': Tanh()}
2024-06-03 16:27:56,419 0.853441 (0.024111) with: {'batch_size': 64, 'lr': 0.001, 'max_epochs': 32, 'module__n_features': 20, 'module__n_neurons': 128, 'module__nonlin': ReLU()}
2024-06-03 16:27:56,419 0.844373 (0.017795) with: {'batch_size': 64, 'lr': 0.001, 'max_epochs': 32, 'module__n_features': 20, 'module__n_neurons': 256, 'module__nonlin': Tanh()}
2024-06-03 16:27:56,419 0.864382 (0.021930) with: {'batch_size': 64, 'lr': 0.001, 'max_epochs': 32, 'module__n_features': 20, 'module__n_neurons': 256, 'module__nonlin': ReLU()}
2024-06-03 16:27:56,419 0.838621 (0.030565) with: {'batch_size': 64, 'lr': 0.001, 'max_epochs': 64, 'module__n_features': 20, 'module__n_neurons': 16, 'module__nonlin': Tanh()}
2024-06-03 16:27:56,419 0.816014 (0.033789) with: {'batch_size': 64, 'lr': 0.001, 'max_epochs': 64, 'module__n_features': 20, 'module__n_neurons': 16, 'module__nonlin': ReLU()}
2024-06-03 16:27:56,419 0.843561 (0.020328) with: {'batch_size': 64, 'lr': 0.001, 'max_epochs': 64, 'module__n_features': 20, 'module__n_neurons': 32, 'module__nonlin': Tanh()}
2024-06-03 16:27:56,419 0.844936 (0.021918) with: {'batch_size': 64, 'lr': 0.001, 'max_epochs': 64, 'module__n_features': 20, 'module__n_neurons': 32, 'module__nonlin': ReLU()}
2024-06-03 16:27:56,419 0.844623 (0.016517) with: {'batch_size': 64, 'lr': 0.001, 'max_epochs': 64, 'module__n_features': 20, 'module__n_neurons': 64, 'module__nonlin': Tanh()}
2024-06-03 16:27:56,419 0.853252 (0.020973) with: {'batch_size': 64, 'lr': 0.001, 'max_epochs': 64, 'module__n_features': 20, 'module__n_neurons': 64, 'module__nonlin': ReLU()}
2024-06-03 16:27:56,419 0.845373 (0.016738) with: {'batch_size': 64, 'lr': 0.001, 'max_epochs': 64, 'module__n_features': 20, 'module__n_neurons': 128, 'module__nonlin': Tanh()}
2024-06-03 16:27:56,419 0.870259 (0.018888) with: {'batch_size': 64, 'lr': 0.001, 'max_epochs': 64, 'module__n_features': 20, 'module__n_neurons': 128, 'module__nonlin': ReLU()}
2024-06-03 16:27:56,419 0.844811 (0.017821) with: {'batch_size': 64, 'lr': 0.001, 'max_epochs': 64, 'module__n_features': 20, 'module__n_neurons': 256, 'module__nonlin': Tanh()}
2024-06-03 16:27:56,419 0.888331 (0.030292) with: {'batch_size': 64, 'lr': 0.001, 'max_epochs': 64, 'module__n_features': 20, 'module__n_neurons': 256, 'module__nonlin': ReLU()}
2024-06-03 16:27:56,419 0.844935 (0.016237) with: {'batch_size': 64, 'lr': 0.001, 'max_epochs': 128, 'module__n_features': 20, 'module__n_neurons': 16, 'module__nonlin': Tanh()}
2024-06-03 16:27:56,419 0.839591 (0.026364) with: {'batch_size': 64, 'lr': 0.001, 'max_epochs': 128, 'module__n_features': 20, 'module__n_neurons': 16, 'module__nonlin': ReLU()}
2024-06-03 16:27:56,419 0.845748 (0.016183) with: {'batch_size': 64, 'lr': 0.001, 'max_epochs': 128, 'module__n_features': 20, 'module__n_neurons': 32, 'module__nonlin': Tanh()}
2024-06-03 16:27:56,419 0.854722 (0.024218) with: {'batch_size': 64, 'lr': 0.001, 'max_epochs': 128, 'module__n_features': 20, 'module__n_neurons': 32, 'module__nonlin': ReLU()}
2024-06-03 16:27:56,419 0.845529 (0.016151) with: {'batch_size': 64, 'lr': 0.001, 'max_epochs': 128, 'module__n_features': 20, 'module__n_neurons': 64, 'module__nonlin': Tanh()}
2024-06-03 16:27:56,419 0.863941 (0.009143) with: {'batch_size': 64, 'lr': 0.001, 'max_epochs': 128, 'module__n_features': 20, 'module__n_neurons': 64, 'module__nonlin': ReLU()}
2024-06-03 16:27:56,419 0.845061 (0.016962) with: {'batch_size': 64, 'lr': 0.001, 'max_epochs': 128, 'module__n_features': 20, 'module__n_neurons': 128, 'module__nonlin': Tanh()}
2024-06-03 16:27:56,419 0.872979 (0.028557) with: {'batch_size': 64, 'lr': 0.001, 'max_epochs': 128, 'module__n_features': 20, 'module__n_neurons': 128, 'module__nonlin': ReLU()}
2024-06-03 16:27:56,419 0.855504 (0.021123) with: {'batch_size': 64, 'lr': 0.001, 'max_epochs': 128, 'module__n_features': 20, 'module__n_neurons': 256, 'module__nonlin': Tanh()}
2024-06-03 16:27:56,419 0.892111 (0.018660) with: {'batch_size': 64, 'lr': 0.001, 'max_epochs': 128, 'module__n_features': 20, 'module__n_neurons': 256, 'module__nonlin': ReLU()}
2024-06-03 16:27:56,419 0.843904 (0.020539) with: {'batch_size': 64, 'lr': 0.01, 'max_epochs': 16, 'module__n_features': 20, 'module__n_neurons': 16, 'module__nonlin': Tanh()}
2024-06-03 16:27:56,419 0.831463 (0.033339) with: {'batch_size': 64, 'lr': 0.01, 'max_epochs': 16, 'module__n_features': 20, 'module__n_neurons': 16, 'module__nonlin': ReLU()}
2024-06-03 16:27:56,419 0.843779 (0.019236) with: {'batch_size': 64, 'lr': 0.01, 'max_epochs': 16, 'module__n_features': 20, 'module__n_neurons': 32, 'module__nonlin': Tanh()}
2024-06-03 16:27:56,419 0.846062 (0.024246) with: {'batch_size': 64, 'lr': 0.01, 'max_epochs': 16, 'module__n_features': 20, 'module__n_neurons': 32, 'module__nonlin': ReLU()}
2024-06-03 16:27:56,419 0.845749 (0.017642) with: {'batch_size': 64, 'lr': 0.01, 'max_epochs': 16, 'module__n_features': 20, 'module__n_neurons': 64, 'module__nonlin': Tanh()}
2024-06-03 16:27:56,419 0.850689 (0.026798) with: {'batch_size': 64, 'lr': 0.01, 'max_epochs': 16, 'module__n_features': 20, 'module__n_neurons': 64, 'module__nonlin': ReLU()}
2024-06-03 16:27:56,419 0.846999 (0.016278) with: {'batch_size': 64, 'lr': 0.01, 'max_epochs': 16, 'module__n_features': 20, 'module__n_neurons': 128, 'module__nonlin': Tanh()}
2024-06-03 16:27:56,419 0.868040 (0.021072) with: {'batch_size': 64, 'lr': 0.01, 'max_epochs': 16, 'module__n_features': 20, 'module__n_neurons': 128, 'module__nonlin': ReLU()}
2024-06-03 16:27:56,419 0.849469 (0.016023) with: {'batch_size': 64, 'lr': 0.01, 'max_epochs': 16, 'module__n_features': 20, 'module__n_neurons': 256, 'module__nonlin': Tanh()}
2024-06-03 16:27:56,419 0.882985 (0.022072) with: {'batch_size': 64, 'lr': 0.01, 'max_epochs': 16, 'module__n_features': 20, 'module__n_neurons': 256, 'module__nonlin': ReLU()}
2024-06-03 16:27:56,419 0.845967 (0.017143) with: {'batch_size': 64, 'lr': 0.01, 'max_epochs': 32, 'module__n_features': 20, 'module__n_neurons': 16, 'module__nonlin': Tanh()}
2024-06-03 16:27:56,419 0.851314 (0.018517) with: {'batch_size': 64, 'lr': 0.01, 'max_epochs': 32, 'module__n_features': 20, 'module__n_neurons': 16, 'module__nonlin': ReLU()}
2024-06-03 16:27:56,419 0.845842 (0.015729) with: {'batch_size': 64, 'lr': 0.01, 'max_epochs': 32, 'module__n_features': 20, 'module__n_neurons': 32, 'module__nonlin': Tanh()}
2024-06-03 16:27:56,419 0.853471 (0.022541) with: {'batch_size': 64, 'lr': 0.01, 'max_epochs': 32, 'module__n_features': 20, 'module__n_neurons': 32, 'module__nonlin': ReLU()}
2024-06-03 16:27:56,419 0.845217 (0.016568) with: {'batch_size': 64, 'lr': 0.01, 'max_epochs': 32, 'module__n_features': 20, 'module__n_neurons': 64, 'module__nonlin': Tanh()}
2024-06-03 16:27:56,419 0.867977 (0.015718) with: {'batch_size': 64, 'lr': 0.01, 'max_epochs': 32, 'module__n_features': 20, 'module__n_neurons': 64, 'module__nonlin': ReLU()}
2024-06-03 16:27:56,419 0.853440 (0.018361) with: {'batch_size': 64, 'lr': 0.01, 'max_epochs': 32, 'module__n_features': 20, 'module__n_neurons': 128, 'module__nonlin': Tanh()}
2024-06-03 16:27:56,420 0.883952 (0.016217) with: {'batch_size': 64, 'lr': 0.01, 'max_epochs': 32, 'module__n_features': 20, 'module__n_neurons': 128, 'module__nonlin': ReLU()}
2024-06-03 16:27:56,420 0.857005 (0.024832) with: {'batch_size': 64, 'lr': 0.01, 'max_epochs': 32, 'module__n_features': 20, 'module__n_neurons': 256, 'module__nonlin': Tanh()}
2024-06-03 16:27:56,420 0.901303 (0.018249) with: {'batch_size': 64, 'lr': 0.01, 'max_epochs': 32, 'module__n_features': 20, 'module__n_neurons': 256, 'module__nonlin': ReLU()}
2024-06-03 16:27:56,420 0.845686 (0.017083) with: {'batch_size': 64, 'lr': 0.01, 'max_epochs': 64, 'module__n_features': 20, 'module__n_neurons': 16, 'module__nonlin': Tanh()}
2024-06-03 16:27:56,420 0.856222 (0.026225) with: {'batch_size': 64, 'lr': 0.01, 'max_epochs': 64, 'module__n_features': 20, 'module__n_neurons': 16, 'module__nonlin': ReLU()}
2024-06-03 16:27:56,420 0.856536 (0.021590) with: {'batch_size': 64, 'lr': 0.01, 'max_epochs': 64, 'module__n_features': 20, 'module__n_neurons': 32, 'module__nonlin': Tanh()}
2024-06-03 16:27:56,420 0.859035 (0.024375) with: {'batch_size': 64, 'lr': 0.01, 'max_epochs': 64, 'module__n_features': 20, 'module__n_neurons': 32, 'module__nonlin': ReLU()}
2024-06-03 16:27:56,420 0.852971 (0.020422) with: {'batch_size': 64, 'lr': 0.01, 'max_epochs': 64, 'module__n_features': 20, 'module__n_neurons': 64, 'module__nonlin': Tanh()}
2024-06-03 16:27:56,420 0.861757 (0.026323) with: {'batch_size': 64, 'lr': 0.01, 'max_epochs': 64, 'module__n_features': 20, 'module__n_neurons': 64, 'module__nonlin': ReLU()}
2024-06-03 16:27:56,420 0.850566 (0.028406) with: {'batch_size': 64, 'lr': 0.01, 'max_epochs': 64, 'module__n_features': 20, 'module__n_neurons': 128, 'module__nonlin': Tanh()}
2024-06-03 16:27:56,420 0.898895 (0.012692) with: {'batch_size': 64, 'lr': 0.01, 'max_epochs': 64, 'module__n_features': 20, 'module__n_neurons': 128, 'module__nonlin': ReLU()}
2024-06-03 16:27:56,420 0.857288 (0.033293) with: {'batch_size': 64, 'lr': 0.01, 'max_epochs': 64, 'module__n_features': 20, 'module__n_neurons': 256, 'module__nonlin': Tanh()}
2024-06-03 16:27:56,420 0.901116 (0.016450) with: {'batch_size': 64, 'lr': 0.01, 'max_epochs': 64, 'module__n_features': 20, 'module__n_neurons': 256, 'module__nonlin': ReLU()}
2024-06-03 16:27:56,420 0.854378 (0.025686) with: {'batch_size': 64, 'lr': 0.01, 'max_epochs': 128, 'module__n_features': 20, 'module__n_neurons': 16, 'module__nonlin': Tanh()}
2024-06-03 16:27:56,420 0.854125 (0.021342) with: {'batch_size': 64, 'lr': 0.01, 'max_epochs': 128, 'module__n_features': 20, 'module__n_neurons': 16, 'module__nonlin': ReLU()}
2024-06-03 16:27:56,420 0.852753 (0.026083) with: {'batch_size': 64, 'lr': 0.01, 'max_epochs': 128, 'module__n_features': 20, 'module__n_neurons': 32, 'module__nonlin': Tanh()}
2024-06-03 16:27:56,420 0.870761 (0.022213) with: {'batch_size': 64, 'lr': 0.01, 'max_epochs': 128, 'module__n_features': 20, 'module__n_neurons': 32, 'module__nonlin': ReLU()}
2024-06-03 16:27:56,420 0.838152 (0.020411) with: {'batch_size': 64, 'lr': 0.01, 'max_epochs': 128, 'module__n_features': 20, 'module__n_neurons': 64, 'module__nonlin': Tanh()}
2024-06-03 16:27:56,420 0.875560 (0.023082) with: {'batch_size': 64, 'lr': 0.01, 'max_epochs': 128, 'module__n_features': 20, 'module__n_neurons': 64, 'module__nonlin': ReLU()}
2024-06-03 16:27:56,420 0.847688 (0.026701) with: {'batch_size': 64, 'lr': 0.01, 'max_epochs': 128, 'module__n_features': 20, 'module__n_neurons': 128, 'module__nonlin': Tanh()}
2024-06-03 16:27:56,420 0.888374 (0.015731) with: {'batch_size': 64, 'lr': 0.01, 'max_epochs': 128, 'module__n_features': 20, 'module__n_neurons': 128, 'module__nonlin': ReLU()}
2024-06-03 16:27:56,420 0.857627 (0.029453) with: {'batch_size': 64, 'lr': 0.01, 'max_epochs': 128, 'module__n_features': 20, 'module__n_neurons': 256, 'module__nonlin': Tanh()}
2024-06-03 16:27:56,420 0.894611 (0.013154) with: {'batch_size': 64, 'lr': 0.01, 'max_epochs': 128, 'module__n_features': 20, 'module__n_neurons': 256, 'module__nonlin': ReLU()}
2024-06-03 16:27:56,420 0.841934 (0.020516) with: {'batch_size': 64, 'lr': 0.02, 'max_epochs': 16, 'module__n_features': 20, 'module__n_neurons': 16, 'module__nonlin': Tanh()}
2024-06-03 16:27:56,420 0.843186 (0.022264) with: {'batch_size': 64, 'lr': 0.02, 'max_epochs': 16, 'module__n_features': 20, 'module__n_neurons': 16, 'module__nonlin': ReLU()}
2024-06-03 16:27:56,420 0.845873 (0.016949) with: {'batch_size': 64, 'lr': 0.02, 'max_epochs': 16, 'module__n_features': 20, 'module__n_neurons': 32, 'module__nonlin': Tanh()}
2024-06-03 16:27:56,420 0.849031 (0.015561) with: {'batch_size': 64, 'lr': 0.02, 'max_epochs': 16, 'module__n_features': 20, 'module__n_neurons': 32, 'module__nonlin': ReLU()}
2024-06-03 16:27:56,420 0.843497 (0.017961) with: {'batch_size': 64, 'lr': 0.02, 'max_epochs': 16, 'module__n_features': 20, 'module__n_neurons': 64, 'module__nonlin': Tanh()}
2024-06-03 16:27:56,420 0.848999 (0.014577) with: {'batch_size': 64, 'lr': 0.02, 'max_epochs': 16, 'module__n_features': 20, 'module__n_neurons': 64, 'module__nonlin': ReLU()}
2024-06-03 16:27:56,420 0.835340 (0.025805) with: {'batch_size': 64, 'lr': 0.02, 'max_epochs': 16, 'module__n_features': 20, 'module__n_neurons': 128, 'module__nonlin': Tanh()}
2024-06-03 16:27:56,420 0.859721 (0.008240) with: {'batch_size': 64, 'lr': 0.02, 'max_epochs': 16, 'module__n_features': 20, 'module__n_neurons': 128, 'module__nonlin': ReLU()}
2024-06-03 16:27:56,420 0.728491 (0.109265) with: {'batch_size': 64, 'lr': 0.02, 'max_epochs': 16, 'module__n_features': 20, 'module__n_neurons': 256, 'module__nonlin': Tanh()}
2024-06-03 16:27:56,420 0.872231 (0.024786) with: {'batch_size': 64, 'lr': 0.02, 'max_epochs': 16, 'module__n_features': 20, 'module__n_neurons': 256, 'module__nonlin': ReLU()}
2024-06-03 16:27:56,420 0.848437 (0.015461) with: {'batch_size': 64, 'lr': 0.02, 'max_epochs': 32, 'module__n_features': 20, 'module__n_neurons': 16, 'module__nonlin': Tanh()}
2024-06-03 16:27:56,420 0.845123 (0.016481) with: {'batch_size': 64, 'lr': 0.02, 'max_epochs': 32, 'module__n_features': 20, 'module__n_neurons': 16, 'module__nonlin': ReLU()}
2024-06-03 16:27:56,420 0.853503 (0.019993) with: {'batch_size': 64, 'lr': 0.02, 'max_epochs': 32, 'module__n_features': 20, 'module__n_neurons': 32, 'module__nonlin': Tanh()}
2024-06-03 16:27:56,420 0.853097 (0.022990) with: {'batch_size': 64, 'lr': 0.02, 'max_epochs': 32, 'module__n_features': 20, 'module__n_neurons': 32, 'module__nonlin': ReLU()}
2024-06-03 16:27:56,420 0.849500 (0.016795) with: {'batch_size': 64, 'lr': 0.02, 'max_epochs': 32, 'module__n_features': 20, 'module__n_neurons': 64, 'module__nonlin': Tanh()}
2024-06-03 16:27:56,420 0.871478 (0.027246) with: {'batch_size': 64, 'lr': 0.02, 'max_epochs': 32, 'module__n_features': 20, 'module__n_neurons': 64, 'module__nonlin': ReLU()}
2024-06-03 16:27:56,420 0.854316 (0.020560) with: {'batch_size': 64, 'lr': 0.02, 'max_epochs': 32, 'module__n_features': 20, 'module__n_neurons': 128, 'module__nonlin': Tanh()}
2024-06-03 16:27:56,420 0.876262 (0.026214) with: {'batch_size': 64, 'lr': 0.02, 'max_epochs': 32, 'module__n_features': 20, 'module__n_neurons': 128, 'module__nonlin': ReLU()}
2024-06-03 16:27:56,420 0.676154 (0.173385) with: {'batch_size': 64, 'lr': 0.02, 'max_epochs': 32, 'module__n_features': 20, 'module__n_neurons': 256, 'module__nonlin': Tanh()}
2024-06-03 16:27:56,420 0.886452 (0.015551) with: {'batch_size': 64, 'lr': 0.02, 'max_epochs': 32, 'module__n_features': 20, 'module__n_neurons': 256, 'module__nonlin': ReLU()}
2024-06-03 16:27:56,420 0.855192 (0.025831) with: {'batch_size': 64, 'lr': 0.02, 'max_epochs': 64, 'module__n_features': 20, 'module__n_neurons': 16, 'module__nonlin': Tanh()}
2024-06-03 16:27:56,420 0.857631 (0.026524) with: {'batch_size': 64, 'lr': 0.02, 'max_epochs': 64, 'module__n_features': 20, 'module__n_neurons': 16, 'module__nonlin': ReLU()}
2024-06-03 16:27:56,420 0.843936 (0.022570) with: {'batch_size': 64, 'lr': 0.02, 'max_epochs': 64, 'module__n_features': 20, 'module__n_neurons': 32, 'module__nonlin': Tanh()}
2024-06-03 16:27:56,420 0.866600 (0.011361) with: {'batch_size': 64, 'lr': 0.02, 'max_epochs': 64, 'module__n_features': 20, 'module__n_neurons': 32, 'module__nonlin': ReLU()}
2024-06-03 16:27:56,421 0.863570 (0.021682) with: {'batch_size': 64, 'lr': 0.02, 'max_epochs': 64, 'module__n_features': 20, 'module__n_neurons': 64, 'module__nonlin': Tanh()}
2024-06-03 16:27:56,421 0.879495 (0.017672) with: {'batch_size': 64, 'lr': 0.02, 'max_epochs': 64, 'module__n_features': 20, 'module__n_neurons': 64, 'module__nonlin': ReLU()}
2024-06-03 16:27:56,421 0.854069 (0.040350) with: {'batch_size': 64, 'lr': 0.02, 'max_epochs': 64, 'module__n_features': 20, 'module__n_neurons': 128, 'module__nonlin': Tanh()}
2024-06-03 16:27:56,421 0.876196 (0.023419) with: {'batch_size': 64, 'lr': 0.02, 'max_epochs': 64, 'module__n_features': 20, 'module__n_neurons': 128, 'module__nonlin': ReLU()}
2024-06-03 16:27:56,421 0.810535 (0.047680) with: {'batch_size': 64, 'lr': 0.02, 'max_epochs': 64, 'module__n_features': 20, 'module__n_neurons': 256, 'module__nonlin': Tanh()}
2024-06-03 16:27:56,421 0.887452 (0.019721) with: {'batch_size': 64, 'lr': 0.02, 'max_epochs': 64, 'module__n_features': 20, 'module__n_neurons': 256, 'module__nonlin': ReLU()}
2024-06-03 16:27:56,421 0.855161 (0.026860) with: {'batch_size': 64, 'lr': 0.02, 'max_epochs': 128, 'module__n_features': 20, 'module__n_neurons': 16, 'module__nonlin': Tanh()}
2024-06-03 16:27:56,421 0.860472 (0.012519) with: {'batch_size': 64, 'lr': 0.02, 'max_epochs': 128, 'module__n_features': 20, 'module__n_neurons': 16, 'module__nonlin': ReLU()}
2024-06-03 16:27:56,421 0.849781 (0.024309) with: {'batch_size': 64, 'lr': 0.02, 'max_epochs': 128, 'module__n_features': 20, 'module__n_neurons': 32, 'module__nonlin': Tanh()}
2024-06-03 16:27:56,421 0.856971 (0.014898) with: {'batch_size': 64, 'lr': 0.02, 'max_epochs': 128, 'module__n_features': 20, 'module__n_neurons': 32, 'module__nonlin': ReLU()}
2024-06-03 16:27:56,421 0.854315 (0.029061) with: {'batch_size': 64, 'lr': 0.02, 'max_epochs': 128, 'module__n_features': 20, 'module__n_neurons': 64, 'module__nonlin': Tanh()}
2024-06-03 16:27:56,421 0.893176 (0.025138) with: {'batch_size': 64, 'lr': 0.02, 'max_epochs': 128, 'module__n_features': 20, 'module__n_neurons': 64, 'module__nonlin': ReLU()}
2024-06-03 16:27:56,421 0.862398 (0.027157) with: {'batch_size': 64, 'lr': 0.02, 'max_epochs': 128, 'module__n_features': 20, 'module__n_neurons': 128, 'module__nonlin': Tanh()}
2024-06-03 16:27:56,421 0.893223 (0.020830) with: {'batch_size': 64, 'lr': 0.02, 'max_epochs': 128, 'module__n_features': 20, 'module__n_neurons': 128, 'module__nonlin': ReLU()}
2024-06-03 16:27:56,421 0.741732 (0.196092) with: {'batch_size': 64, 'lr': 0.02, 'max_epochs': 128, 'module__n_features': 20, 'module__n_neurons': 256, 'module__nonlin': Tanh()}
2024-06-03 16:27:56,421 0.887220 (0.030761) with: {'batch_size': 64, 'lr': 0.02, 'max_epochs': 128, 'module__n_features': 20, 'module__n_neurons': 256, 'module__nonlin': ReLU()}
2024-06-03 16:27:56,421 0.758148 (0.051899) with: {'batch_size': 128, 'lr': 0.001, 'max_epochs': 16, 'module__n_features': 20, 'module__n_neurons': 16, 'module__nonlin': Tanh()}
2024-06-03 16:27:56,421 0.685703 (0.080143) with: {'batch_size': 128, 'lr': 0.001, 'max_epochs': 16, 'module__n_features': 20, 'module__n_neurons': 16, 'module__nonlin': ReLU()}
2024-06-03 16:27:56,421 0.779782 (0.022703) with: {'batch_size': 128, 'lr': 0.001, 'max_epochs': 16, 'module__n_features': 20, 'module__n_neurons': 32, 'module__nonlin': Tanh()}
2024-06-03 16:27:56,421 0.764368 (0.032458) with: {'batch_size': 128, 'lr': 0.001, 'max_epochs': 16, 'module__n_features': 20, 'module__n_neurons': 32, 'module__nonlin': ReLU()}
2024-06-03 16:27:56,421 0.805859 (0.038386) with: {'batch_size': 128, 'lr': 0.001, 'max_epochs': 16, 'module__n_features': 20, 'module__n_neurons': 64, 'module__nonlin': Tanh()}
2024-06-03 16:27:56,421 0.802516 (0.053447) with: {'batch_size': 128, 'lr': 0.001, 'max_epochs': 16, 'module__n_features': 20, 'module__n_neurons': 64, 'module__nonlin': ReLU()}
2024-06-03 16:27:56,421 0.820706 (0.019878) with: {'batch_size': 128, 'lr': 0.001, 'max_epochs': 16, 'module__n_features': 20, 'module__n_neurons': 128, 'module__nonlin': Tanh()}
2024-06-03 16:27:56,421 0.820550 (0.028261) with: {'batch_size': 128, 'lr': 0.001, 'max_epochs': 16, 'module__n_features': 20, 'module__n_neurons': 128, 'module__nonlin': ReLU()}
2024-06-03 16:27:56,421 0.844623 (0.018034) with: {'batch_size': 128, 'lr': 0.001, 'max_epochs': 16, 'module__n_features': 20, 'module__n_neurons': 256, 'module__nonlin': Tanh()}
2024-06-03 16:27:56,421 0.839340 (0.029028) with: {'batch_size': 128, 'lr': 0.001, 'max_epochs': 16, 'module__n_features': 20, 'module__n_neurons': 256, 'module__nonlin': ReLU()}
2024-06-03 16:27:56,421 0.785785 (0.021661) with: {'batch_size': 128, 'lr': 0.001, 'max_epochs': 32, 'module__n_features': 20, 'module__n_neurons': 16, 'module__nonlin': Tanh()}
2024-06-03 16:27:56,421 0.736330 (0.034550) with: {'batch_size': 128, 'lr': 0.001, 'max_epochs': 32, 'module__n_features': 20, 'module__n_neurons': 16, 'module__nonlin': ReLU()}
2024-06-03 16:27:56,421 0.813674 (0.034987) with: {'batch_size': 128, 'lr': 0.001, 'max_epochs': 32, 'module__n_features': 20, 'module__n_neurons': 32, 'module__nonlin': Tanh()}
2024-06-03 16:27:56,421 0.789822 (0.055576) with: {'batch_size': 128, 'lr': 0.001, 'max_epochs': 32, 'module__n_features': 20, 'module__n_neurons': 32, 'module__nonlin': ReLU()}
2024-06-03 16:27:56,421 0.838840 (0.020805) with: {'batch_size': 128, 'lr': 0.001, 'max_epochs': 32, 'module__n_features': 20, 'module__n_neurons': 64, 'module__nonlin': Tanh()}
2024-06-03 16:27:56,421 0.821396 (0.031870) with: {'batch_size': 128, 'lr': 0.001, 'max_epochs': 32, 'module__n_features': 20, 'module__n_neurons': 64, 'module__nonlin': ReLU()}
2024-06-03 16:27:56,421 0.844091 (0.017433) with: {'batch_size': 128, 'lr': 0.001, 'max_epochs': 32, 'module__n_features': 20, 'module__n_neurons': 128, 'module__nonlin': Tanh()}
2024-06-03 16:27:56,421 0.838434 (0.028184) with: {'batch_size': 128, 'lr': 0.001, 'max_epochs': 32, 'module__n_features': 20, 'module__n_neurons': 128, 'module__nonlin': ReLU()}
2024-06-03 16:27:56,421 0.845592 (0.016305) with: {'batch_size': 128, 'lr': 0.001, 'max_epochs': 32, 'module__n_features': 20, 'module__n_neurons': 256, 'module__nonlin': Tanh()}
2024-06-03 16:27:56,421 0.861036 (0.015632) with: {'batch_size': 128, 'lr': 0.001, 'max_epochs': 32, 'module__n_features': 20, 'module__n_neurons': 256, 'module__nonlin': ReLU()}
2024-06-03 16:27:56,421 0.822396 (0.031550) with: {'batch_size': 128, 'lr': 0.001, 'max_epochs': 64, 'module__n_features': 20, 'module__n_neurons': 16, 'module__nonlin': Tanh()}
2024-06-03 16:27:56,421 0.812360 (0.035824) with: {'batch_size': 128, 'lr': 0.001, 'max_epochs': 64, 'module__n_features': 20, 'module__n_neurons': 16, 'module__nonlin': ReLU()}
2024-06-03 16:27:56,421 0.840402 (0.019108) with: {'batch_size': 128, 'lr': 0.001, 'max_epochs': 64, 'module__n_features': 20, 'module__n_neurons': 32, 'module__nonlin': Tanh()}
2024-06-03 16:27:56,421 0.831772 (0.020125) with: {'batch_size': 128, 'lr': 0.001, 'max_epochs': 64, 'module__n_features': 20, 'module__n_neurons': 32, 'module__nonlin': ReLU()}
2024-06-03 16:27:56,421 0.845748 (0.016856) with: {'batch_size': 128, 'lr': 0.001, 'max_epochs': 64, 'module__n_features': 20, 'module__n_neurons': 64, 'module__nonlin': Tanh()}
2024-06-03 16:27:56,421 0.847938 (0.022412) with: {'batch_size': 128, 'lr': 0.001, 'max_epochs': 64, 'module__n_features': 20, 'module__n_neurons': 64, 'module__nonlin': ReLU()}
2024-06-03 16:27:56,421 0.845561 (0.017074) with: {'batch_size': 128, 'lr': 0.001, 'max_epochs': 64, 'module__n_features': 20, 'module__n_neurons': 128, 'module__nonlin': Tanh()}
2024-06-03 16:27:56,421 0.856441 (0.018513) with: {'batch_size': 128, 'lr': 0.001, 'max_epochs': 64, 'module__n_features': 20, 'module__n_neurons': 128, 'module__nonlin': ReLU()}
2024-06-03 16:27:56,421 0.844779 (0.017561) with: {'batch_size': 128, 'lr': 0.001, 'max_epochs': 64, 'module__n_features': 20, 'module__n_neurons': 256, 'module__nonlin': Tanh()}
2024-06-03 16:27:56,421 0.883797 (0.020088) with: {'batch_size': 128, 'lr': 0.001, 'max_epochs': 64, 'module__n_features': 20, 'module__n_neurons': 256, 'module__nonlin': ReLU()}
2024-06-03 16:27:56,422 0.841966 (0.018110) with: {'batch_size': 128, 'lr': 0.001, 'max_epochs': 128, 'module__n_features': 20, 'module__n_neurons': 16, 'module__nonlin': Tanh()}
2024-06-03 16:27:56,422 0.828680 (0.036148) with: {'batch_size': 128, 'lr': 0.001, 'max_epochs': 128, 'module__n_features': 20, 'module__n_neurons': 16, 'module__nonlin': ReLU()}
2024-06-03 16:27:56,422 0.845435 (0.015727) with: {'batch_size': 128, 'lr': 0.001, 'max_epochs': 128, 'module__n_features': 20, 'module__n_neurons': 32, 'module__nonlin': Tanh()}
2024-06-03 16:27:56,422 0.846529 (0.020220) with: {'batch_size': 128, 'lr': 0.001, 'max_epochs': 128, 'module__n_features': 20, 'module__n_neurons': 32, 'module__nonlin': ReLU()}
2024-06-03 16:27:56,422 0.845342 (0.016268) with: {'batch_size': 128, 'lr': 0.001, 'max_epochs': 128, 'module__n_features': 20, 'module__n_neurons': 64, 'module__nonlin': Tanh()}
2024-06-03 16:27:56,422 0.857190 (0.015344) with: {'batch_size': 128, 'lr': 0.001, 'max_epochs': 128, 'module__n_features': 20, 'module__n_neurons': 64, 'module__nonlin': ReLU()}
2024-06-03 16:27:56,422 0.845592 (0.016753) with: {'batch_size': 128, 'lr': 0.001, 'max_epochs': 128, 'module__n_features': 20, 'module__n_neurons': 128, 'module__nonlin': Tanh()}
2024-06-03 16:27:56,422 0.890300 (0.019627) with: {'batch_size': 128, 'lr': 0.001, 'max_epochs': 128, 'module__n_features': 20, 'module__n_neurons': 128, 'module__nonlin': ReLU()}
2024-06-03 16:27:56,422 0.847124 (0.016489) with: {'batch_size': 128, 'lr': 0.001, 'max_epochs': 128, 'module__n_features': 20, 'module__n_neurons': 256, 'module__nonlin': Tanh()}
2024-06-03 16:27:56,422 0.880546 (0.024840) with: {'batch_size': 128, 'lr': 0.001, 'max_epochs': 128, 'module__n_features': 20, 'module__n_neurons': 256, 'module__nonlin': ReLU()}
2024-06-03 16:27:56,422 0.833744 (0.024802) with: {'batch_size': 128, 'lr': 0.01, 'max_epochs': 16, 'module__n_features': 20, 'module__n_neurons': 16, 'module__nonlin': Tanh()}
2024-06-03 16:27:56,422 0.839870 (0.015650) with: {'batch_size': 128, 'lr': 0.01, 'max_epochs': 16, 'module__n_features': 20, 'module__n_neurons': 16, 'module__nonlin': ReLU()}
2024-06-03 16:27:56,422 0.842247 (0.017593) with: {'batch_size': 128, 'lr': 0.01, 'max_epochs': 16, 'module__n_features': 20, 'module__n_neurons': 32, 'module__nonlin': Tanh()}
2024-06-03 16:27:56,422 0.839434 (0.023300) with: {'batch_size': 128, 'lr': 0.01, 'max_epochs': 16, 'module__n_features': 20, 'module__n_neurons': 32, 'module__nonlin': ReLU()}
2024-06-03 16:27:56,422 0.845811 (0.016158) with: {'batch_size': 128, 'lr': 0.01, 'max_epochs': 16, 'module__n_features': 20, 'module__n_neurons': 64, 'module__nonlin': Tanh()}
2024-06-03 16:27:56,422 0.847875 (0.019171) with: {'batch_size': 128, 'lr': 0.01, 'max_epochs': 16, 'module__n_features': 20, 'module__n_neurons': 64, 'module__nonlin': ReLU()}
2024-06-03 16:27:56,422 0.845936 (0.015837) with: {'batch_size': 128, 'lr': 0.01, 'max_epochs': 16, 'module__n_features': 20, 'module__n_neurons': 128, 'module__nonlin': Tanh()}
2024-06-03 16:27:56,422 0.848908 (0.023007) with: {'batch_size': 128, 'lr': 0.01, 'max_epochs': 16, 'module__n_features': 20, 'module__n_neurons': 128, 'module__nonlin': ReLU()}
2024-06-03 16:27:56,422 0.844685 (0.015874) with: {'batch_size': 128, 'lr': 0.01, 'max_epochs': 16, 'module__n_features': 20, 'module__n_neurons': 256, 'module__nonlin': Tanh()}
2024-06-03 16:27:56,422 0.859941 (0.015404) with: {'batch_size': 128, 'lr': 0.01, 'max_epochs': 16, 'module__n_features': 20, 'module__n_neurons': 256, 'module__nonlin': ReLU()}
2024-06-03 16:27:56,422 0.845466 (0.014333) with: {'batch_size': 128, 'lr': 0.01, 'max_epochs': 32, 'module__n_features': 20, 'module__n_neurons': 16, 'module__nonlin': Tanh()}
2024-06-03 16:27:56,422 0.852095 (0.019073) with: {'batch_size': 128, 'lr': 0.01, 'max_epochs': 32, 'module__n_features': 20, 'module__n_neurons': 16, 'module__nonlin': ReLU()}
2024-06-03 16:27:56,422 0.845779 (0.016352) with: {'batch_size': 128, 'lr': 0.01, 'max_epochs': 32, 'module__n_features': 20, 'module__n_neurons': 32, 'module__nonlin': Tanh()}
2024-06-03 16:27:56,422 0.847249 (0.019197) with: {'batch_size': 128, 'lr': 0.01, 'max_epochs': 32, 'module__n_features': 20, 'module__n_neurons': 32, 'module__nonlin': ReLU()}
2024-06-03 16:27:56,422 0.846061 (0.016441) with: {'batch_size': 128, 'lr': 0.01, 'max_epochs': 32, 'module__n_features': 20, 'module__n_neurons': 64, 'module__nonlin': Tanh()}
2024-06-03 16:27:56,422 0.864039 (0.024931) with: {'batch_size': 128, 'lr': 0.01, 'max_epochs': 32, 'module__n_features': 20, 'module__n_neurons': 64, 'module__nonlin': ReLU()}
2024-06-03 16:27:56,422 0.846280 (0.016202) with: {'batch_size': 128, 'lr': 0.01, 'max_epochs': 32, 'module__n_features': 20, 'module__n_neurons': 128, 'module__nonlin': Tanh()}
2024-06-03 16:27:56,422 0.869477 (0.015713) with: {'batch_size': 128, 'lr': 0.01, 'max_epochs': 32, 'module__n_features': 20, 'module__n_neurons': 128, 'module__nonlin': ReLU()}
2024-06-03 16:27:56,422 0.849687 (0.014478) with: {'batch_size': 128, 'lr': 0.01, 'max_epochs': 32, 'module__n_features': 20, 'module__n_neurons': 256, 'module__nonlin': Tanh()}
2024-06-03 16:27:56,422 0.892142 (0.010065) with: {'batch_size': 128, 'lr': 0.01, 'max_epochs': 32, 'module__n_features': 20, 'module__n_neurons': 256, 'module__nonlin': ReLU()}
2024-06-03 16:27:56,422 0.846623 (0.013986) with: {'batch_size': 128, 'lr': 0.01, 'max_epochs': 64, 'module__n_features': 20, 'module__n_neurons': 16, 'module__nonlin': Tanh()}
2024-06-03 16:27:56,422 0.844839 (0.010731) with: {'batch_size': 128, 'lr': 0.01, 'max_epochs': 64, 'module__n_features': 20, 'module__n_neurons': 16, 'module__nonlin': ReLU()}
2024-06-03 16:27:56,422 0.847905 (0.016116) with: {'batch_size': 128, 'lr': 0.01, 'max_epochs': 64, 'module__n_features': 20, 'module__n_neurons': 32, 'module__nonlin': Tanh()}
2024-06-03 16:27:56,422 0.860285 (0.021590) with: {'batch_size': 128, 'lr': 0.01, 'max_epochs': 64, 'module__n_features': 20, 'module__n_neurons': 32, 'module__nonlin': ReLU()}
2024-06-03 16:27:56,422 0.854222 (0.018880) with: {'batch_size': 128, 'lr': 0.01, 'max_epochs': 64, 'module__n_features': 20, 'module__n_neurons': 64, 'module__nonlin': Tanh()}
2024-06-03 16:27:56,422 0.861318 (0.032310) with: {'batch_size': 128, 'lr': 0.01, 'max_epochs': 64, 'module__n_features': 20, 'module__n_neurons': 64, 'module__nonlin': ReLU()}
2024-06-03 16:27:56,422 0.849595 (0.025174) with: {'batch_size': 128, 'lr': 0.01, 'max_epochs': 64, 'module__n_features': 20, 'module__n_neurons': 128, 'module__nonlin': Tanh()}
2024-06-03 16:27:56,422 0.874042 (0.017572) with: {'batch_size': 128, 'lr': 0.01, 'max_epochs': 64, 'module__n_features': 20, 'module__n_neurons': 128, 'module__nonlin': ReLU()}
2024-06-03 16:27:56,422 0.848314 (0.028244) with: {'batch_size': 128, 'lr': 0.01, 'max_epochs': 64, 'module__n_features': 20, 'module__n_neurons': 256, 'module__nonlin': Tanh()}
2024-06-03 16:27:56,422 0.887202 (0.020252) with: {'batch_size': 128, 'lr': 0.01, 'max_epochs': 64, 'module__n_features': 20, 'module__n_neurons': 256, 'module__nonlin': ReLU()}
2024-06-03 16:27:56,422 0.858287 (0.027062) with: {'batch_size': 128, 'lr': 0.01, 'max_epochs': 128, 'module__n_features': 20, 'module__n_neurons': 16, 'module__nonlin': Tanh()}
2024-06-03 16:27:56,422 0.862851 (0.022067) with: {'batch_size': 128, 'lr': 0.01, 'max_epochs': 128, 'module__n_features': 20, 'module__n_neurons': 16, 'module__nonlin': ReLU()}
2024-06-03 16:27:56,422 0.856818 (0.028522) with: {'batch_size': 128, 'lr': 0.01, 'max_epochs': 128, 'module__n_features': 20, 'module__n_neurons': 32, 'module__nonlin': Tanh()}
2024-06-03 16:27:56,422 0.875320 (0.018647) with: {'batch_size': 128, 'lr': 0.01, 'max_epochs': 128, 'module__n_features': 20, 'module__n_neurons': 32, 'module__nonlin': ReLU()}
2024-06-03 16:27:56,422 0.864384 (0.025767) with: {'batch_size': 128, 'lr': 0.01, 'max_epochs': 128, 'module__n_features': 20, 'module__n_neurons': 64, 'module__nonlin': Tanh()}
2024-06-03 16:27:56,422 0.860626 (0.017339) with: {'batch_size': 128, 'lr': 0.01, 'max_epochs': 128, 'module__n_features': 20, 'module__n_neurons': 64, 'module__nonlin': ReLU()}
2024-06-03 16:27:56,423 0.853752 (0.020848) with: {'batch_size': 128, 'lr': 0.01, 'max_epochs': 128, 'module__n_features': 20, 'module__n_neurons': 128, 'module__nonlin': Tanh()}
2024-06-03 16:27:56,423 0.871728 (0.015401) with: {'batch_size': 128, 'lr': 0.01, 'max_epochs': 128, 'module__n_features': 20, 'module__n_neurons': 128, 'module__nonlin': ReLU()}
2024-06-03 16:27:56,423 0.847187 (0.025372) with: {'batch_size': 128, 'lr': 0.01, 'max_epochs': 128, 'module__n_features': 20, 'module__n_neurons': 256, 'module__nonlin': Tanh()}
2024-06-03 16:27:56,423 0.900381 (0.015223) with: {'batch_size': 128, 'lr': 0.01, 'max_epochs': 128, 'module__n_features': 20, 'module__n_neurons': 256, 'module__nonlin': ReLU()}
2024-06-03 16:27:56,423 0.845061 (0.017621) with: {'batch_size': 128, 'lr': 0.02, 'max_epochs': 16, 'module__n_features': 20, 'module__n_neurons': 16, 'module__nonlin': Tanh()}
2024-06-03 16:27:56,423 0.837872 (0.029834) with: {'batch_size': 128, 'lr': 0.02, 'max_epochs': 16, 'module__n_features': 20, 'module__n_neurons': 16, 'module__nonlin': ReLU()}
2024-06-03 16:27:56,423 0.843809 (0.013977) with: {'batch_size': 128, 'lr': 0.02, 'max_epochs': 16, 'module__n_features': 20, 'module__n_neurons': 32, 'module__nonlin': Tanh()}
2024-06-03 16:27:56,423 0.852628 (0.022832) with: {'batch_size': 128, 'lr': 0.02, 'max_epochs': 16, 'module__n_features': 20, 'module__n_neurons': 32, 'module__nonlin': ReLU()}
2024-06-03 16:27:56,423 0.844997 (0.014846) with: {'batch_size': 128, 'lr': 0.02, 'max_epochs': 16, 'module__n_features': 20, 'module__n_neurons': 64, 'module__nonlin': Tanh()}
2024-06-03 16:27:56,423 0.851345 (0.019719) with: {'batch_size': 128, 'lr': 0.02, 'max_epochs': 16, 'module__n_features': 20, 'module__n_neurons': 64, 'module__nonlin': ReLU()}
2024-06-03 16:27:56,423 0.845623 (0.016486) with: {'batch_size': 128, 'lr': 0.02, 'max_epochs': 16, 'module__n_features': 20, 'module__n_neurons': 128, 'module__nonlin': Tanh()}
2024-06-03 16:27:56,423 0.854846 (0.019043) with: {'batch_size': 128, 'lr': 0.02, 'max_epochs': 16, 'module__n_features': 20, 'module__n_neurons': 128, 'module__nonlin': ReLU()}
2024-06-03 16:27:56,423 0.622695 (0.178392) with: {'batch_size': 128, 'lr': 0.02, 'max_epochs': 16, 'module__n_features': 20, 'module__n_neurons': 256, 'module__nonlin': Tanh()}
2024-06-03 16:27:56,423 0.850845 (0.025460) with: {'batch_size': 128, 'lr': 0.02, 'max_epochs': 16, 'module__n_features': 20, 'module__n_neurons': 256, 'module__nonlin': ReLU()}
2024-06-03 16:27:56,423 0.845122 (0.014554) with: {'batch_size': 128, 'lr': 0.02, 'max_epochs': 32, 'module__n_features': 20, 'module__n_neurons': 16, 'module__nonlin': Tanh()}
2024-06-03 16:27:56,423 0.846874 (0.017201) with: {'batch_size': 128, 'lr': 0.02, 'max_epochs': 32, 'module__n_features': 20, 'module__n_neurons': 16, 'module__nonlin': ReLU()}
2024-06-03 16:27:56,423 0.845904 (0.015510) with: {'batch_size': 128, 'lr': 0.02, 'max_epochs': 32, 'module__n_features': 20, 'module__n_neurons': 32, 'module__nonlin': Tanh()}
2024-06-03 16:27:56,423 0.857097 (0.018703) with: {'batch_size': 128, 'lr': 0.02, 'max_epochs': 32, 'module__n_features': 20, 'module__n_neurons': 32, 'module__nonlin': ReLU()}
2024-06-03 16:27:56,423 0.847624 (0.015032) with: {'batch_size': 128, 'lr': 0.02, 'max_epochs': 32, 'module__n_features': 20, 'module__n_neurons': 64, 'module__nonlin': Tanh()}
2024-06-03 16:27:56,423 0.858942 (0.021247) with: {'batch_size': 128, 'lr': 0.02, 'max_epochs': 32, 'module__n_features': 20, 'module__n_neurons': 64, 'module__nonlin': ReLU()}
2024-06-03 16:27:56,423 0.846092 (0.016355) with: {'batch_size': 128, 'lr': 0.02, 'max_epochs': 32, 'module__n_features': 20, 'module__n_neurons': 128, 'module__nonlin': Tanh()}
2024-06-03 16:27:56,423 0.878011 (0.013302) with: {'batch_size': 128, 'lr': 0.02, 'max_epochs': 32, 'module__n_features': 20, 'module__n_neurons': 128, 'module__nonlin': ReLU()}
2024-06-03 16:27:56,423 0.723693 (0.090863) with: {'batch_size': 128, 'lr': 0.02, 'max_epochs': 32, 'module__n_features': 20, 'module__n_neurons': 256, 'module__nonlin': Tanh()}
2024-06-03 16:27:56,423 0.881076 (0.017840) with: {'batch_size': 128, 'lr': 0.02, 'max_epochs': 32, 'module__n_features': 20, 'module__n_neurons': 256, 'module__nonlin': ReLU()}
2024-06-03 16:27:56,423 0.854284 (0.017138) with: {'batch_size': 128, 'lr': 0.02, 'max_epochs': 64, 'module__n_features': 20, 'module__n_neurons': 16, 'module__nonlin': Tanh()}
2024-06-03 16:27:56,423 0.849844 (0.014823) with: {'batch_size': 128, 'lr': 0.02, 'max_epochs': 64, 'module__n_features': 20, 'module__n_neurons': 16, 'module__nonlin': ReLU()}
2024-06-03 16:27:56,423 0.856224 (0.026430) with: {'batch_size': 128, 'lr': 0.02, 'max_epochs': 64, 'module__n_features': 20, 'module__n_neurons': 32, 'module__nonlin': Tanh()}
2024-06-03 16:27:56,423 0.864599 (0.009286) with: {'batch_size': 128, 'lr': 0.02, 'max_epochs': 64, 'module__n_features': 20, 'module__n_neurons': 32, 'module__nonlin': ReLU()}
2024-06-03 16:27:56,423 0.849032 (0.020589) with: {'batch_size': 128, 'lr': 0.02, 'max_epochs': 64, 'module__n_features': 20, 'module__n_neurons': 64, 'module__nonlin': Tanh()}
2024-06-03 16:27:56,423 0.875605 (0.021234) with: {'batch_size': 128, 'lr': 0.02, 'max_epochs': 64, 'module__n_features': 20, 'module__n_neurons': 64, 'module__nonlin': ReLU()}
2024-06-03 16:27:56,423 0.847156 (0.023991) with: {'batch_size': 128, 'lr': 0.02, 'max_epochs': 64, 'module__n_features': 20, 'module__n_neurons': 128, 'module__nonlin': Tanh()}
2024-06-03 16:27:56,423 0.879701 (0.030688) with: {'batch_size': 128, 'lr': 0.02, 'max_epochs': 64, 'module__n_features': 20, 'module__n_neurons': 128, 'module__nonlin': ReLU()}
2024-06-03 16:27:56,423 0.601891 (0.253028) with: {'batch_size': 128, 'lr': 0.02, 'max_epochs': 64, 'module__n_features': 20, 'module__n_neurons': 256, 'module__nonlin': Tanh()}
2024-06-03 16:27:56,423 0.892583 (0.025188) with: {'batch_size': 128, 'lr': 0.02, 'max_epochs': 64, 'module__n_features': 20, 'module__n_neurons': 256, 'module__nonlin': ReLU()}
2024-06-03 16:27:56,423 0.850533 (0.024597) with: {'batch_size': 128, 'lr': 0.02, 'max_epochs': 128, 'module__n_features': 20, 'module__n_neurons': 16, 'module__nonlin': Tanh()}
2024-06-03 16:27:56,423 0.855785 (0.021017) with: {'batch_size': 128, 'lr': 0.02, 'max_epochs': 128, 'module__n_features': 20, 'module__n_neurons': 16, 'module__nonlin': ReLU()}
2024-06-03 16:27:56,423 0.854346 (0.014786) with: {'batch_size': 128, 'lr': 0.02, 'max_epochs': 128, 'module__n_features': 20, 'module__n_neurons': 32, 'module__nonlin': Tanh()}
2024-06-03 16:27:56,423 0.863005 (0.018568) with: {'batch_size': 128, 'lr': 0.02, 'max_epochs': 128, 'module__n_features': 20, 'module__n_neurons': 32, 'module__nonlin': ReLU()}
2024-06-03 16:27:56,423 0.851470 (0.017813) with: {'batch_size': 128, 'lr': 0.02, 'max_epochs': 128, 'module__n_features': 20, 'module__n_neurons': 64, 'module__nonlin': Tanh()}
2024-06-03 16:27:56,423 0.893597 (0.017356) with: {'batch_size': 128, 'lr': 0.02, 'max_epochs': 128, 'module__n_features': 20, 'module__n_neurons': 64, 'module__nonlin': ReLU()}
2024-06-03 16:27:56,423 0.844313 (0.027328) with: {'batch_size': 128, 'lr': 0.02, 'max_epochs': 128, 'module__n_features': 20, 'module__n_neurons': 128, 'module__nonlin': Tanh()}
2024-06-03 16:27:56,423 0.882952 (0.015439) with: {'batch_size': 128, 'lr': 0.02, 'max_epochs': 128, 'module__n_features': 20, 'module__n_neurons': 128, 'module__nonlin': ReLU()}
2024-06-03 16:27:56,423 0.644472 (0.250456) with: {'batch_size': 128, 'lr': 0.02, 'max_epochs': 128, 'module__n_features': 20, 'module__n_neurons': 256, 'module__nonlin': Tanh()}
2024-06-03 16:27:56,423 0.885156 (0.023379) with: {'batch_size': 128, 'lr': 0.02, 'max_epochs': 128, 'module__n_features': 20, 'module__n_neurons': 256, 'module__nonlin': ReLU()}
