2024-05-31 17:29:14,888 Best: 0.912651 using {'batch_size': 64, 'lr': 0.01, 'max_epochs': 64, 'module__n_features': 20, 'module__n_neurons': 256, 'module__nonlin': ReLU()}
2024-05-31 17:29:14,888 Best estimator configuration: 
 <class 'skorch.classifier.NeuralNetClassifier'>[initialized](
  module_=Module2Layers(
    (dense0): Linear(in_features=20, out_features=256, bias=True)
    (act): ReLU()
    (dense1): Linear(in_features=256, out_features=256, bias=True)
    (output): Linear(in_features=256, out_features=1, bias=True)
    (sigmoid): Sigmoid()
  ),
)
2024-05-31 17:29:14,888 0.761404 (0.081569) with: {'batch_size': 16, 'lr': 0.001, 'max_epochs': 16, 'module__n_features': 20, 'module__n_neurons': 16, 'module__nonlin': Tanh()}
2024-05-31 17:29:14,888 0.758867 (0.049763) with: {'batch_size': 16, 'lr': 0.001, 'max_epochs': 16, 'module__n_features': 20, 'module__n_neurons': 16, 'module__nonlin': ReLU()}
2024-05-31 17:29:14,888 0.808925 (0.041273) with: {'batch_size': 16, 'lr': 0.001, 'max_epochs': 16, 'module__n_features': 20, 'module__n_neurons': 32, 'module__nonlin': Tanh()}
2024-05-31 17:29:14,888 0.795042 (0.034182) with: {'batch_size': 16, 'lr': 0.001, 'max_epochs': 16, 'module__n_features': 20, 'module__n_neurons': 32, 'module__nonlin': ReLU()}
2024-05-31 17:29:14,888 0.831683 (0.034319) with: {'batch_size': 16, 'lr': 0.001, 'max_epochs': 16, 'module__n_features': 20, 'module__n_neurons': 64, 'module__nonlin': Tanh()}
2024-05-31 17:29:14,888 0.817083 (0.040859) with: {'batch_size': 16, 'lr': 0.001, 'max_epochs': 16, 'module__n_features': 20, 'module__n_neurons': 64, 'module__nonlin': ReLU()}
2024-05-31 17:29:14,888 0.838154 (0.029157) with: {'batch_size': 16, 'lr': 0.001, 'max_epochs': 16, 'module__n_features': 20, 'module__n_neurons': 128, 'module__nonlin': Tanh()}
2024-05-31 17:29:14,888 0.837716 (0.028078) with: {'batch_size': 16, 'lr': 0.001, 'max_epochs': 16, 'module__n_features': 20, 'module__n_neurons': 128, 'module__nonlin': ReLU()}
2024-05-31 17:29:14,888 0.845531 (0.021199) with: {'batch_size': 16, 'lr': 0.001, 'max_epochs': 16, 'module__n_features': 20, 'module__n_neurons': 256, 'module__nonlin': Tanh()}
2024-05-31 17:29:14,888 0.846907 (0.027623) with: {'batch_size': 16, 'lr': 0.001, 'max_epochs': 16, 'module__n_features': 20, 'module__n_neurons': 256, 'module__nonlin': ReLU()}
2024-05-31 17:29:14,888 0.815520 (0.041006) with: {'batch_size': 16, 'lr': 0.001, 'max_epochs': 32, 'module__n_features': 20, 'module__n_neurons': 16, 'module__nonlin': Tanh()}
2024-05-31 17:29:14,888 0.799167 (0.035668) with: {'batch_size': 16, 'lr': 0.001, 'max_epochs': 32, 'module__n_features': 20, 'module__n_neurons': 16, 'module__nonlin': ReLU()}
2024-05-31 17:29:14,888 0.824895 (0.023588) with: {'batch_size': 16, 'lr': 0.001, 'max_epochs': 32, 'module__n_features': 20, 'module__n_neurons': 32, 'module__nonlin': Tanh()}
2024-05-31 17:29:14,888 0.809641 (0.024354) with: {'batch_size': 16, 'lr': 0.001, 'max_epochs': 32, 'module__n_features': 20, 'module__n_neurons': 32, 'module__nonlin': ReLU()}
2024-05-31 17:29:14,888 0.843717 (0.020538) with: {'batch_size': 16, 'lr': 0.001, 'max_epochs': 32, 'module__n_features': 20, 'module__n_neurons': 64, 'module__nonlin': Tanh()}
2024-05-31 17:29:14,889 0.842468 (0.028454) with: {'batch_size': 16, 'lr': 0.001, 'max_epochs': 32, 'module__n_features': 20, 'module__n_neurons': 64, 'module__nonlin': ReLU()}
2024-05-31 17:29:14,889 0.843685 (0.019142) with: {'batch_size': 16, 'lr': 0.001, 'max_epochs': 32, 'module__n_features': 20, 'module__n_neurons': 128, 'module__nonlin': Tanh()}
2024-05-31 17:29:14,889 0.848375 (0.018697) with: {'batch_size': 16, 'lr': 0.001, 'max_epochs': 32, 'module__n_features': 20, 'module__n_neurons': 128, 'module__nonlin': ReLU()}
2024-05-31 17:29:14,889 0.845717 (0.017378) with: {'batch_size': 16, 'lr': 0.001, 'max_epochs': 32, 'module__n_features': 20, 'module__n_neurons': 256, 'module__nonlin': Tanh()}
2024-05-31 17:29:14,892 0.860099 (0.017698) with: {'batch_size': 16, 'lr': 0.001, 'max_epochs': 32, 'module__n_features': 20, 'module__n_neurons': 256, 'module__nonlin': ReLU()}
2024-05-31 17:29:14,892 0.841435 (0.024431) with: {'batch_size': 16, 'lr': 0.001, 'max_epochs': 64, 'module__n_features': 20, 'module__n_neurons': 16, 'module__nonlin': Tanh()}
2024-05-31 17:29:14,892 0.828244 (0.037413) with: {'batch_size': 16, 'lr': 0.001, 'max_epochs': 64, 'module__n_features': 20, 'module__n_neurons': 16, 'module__nonlin': ReLU()}
2024-05-31 17:29:14,892 0.840871 (0.018514) with: {'batch_size': 16, 'lr': 0.001, 'max_epochs': 64, 'module__n_features': 20, 'module__n_neurons': 32, 'module__nonlin': Tanh()}
2024-05-31 17:29:14,892 0.836464 (0.024123) with: {'batch_size': 16, 'lr': 0.001, 'max_epochs': 64, 'module__n_features': 20, 'module__n_neurons': 32, 'module__nonlin': ReLU()}
2024-05-31 17:29:14,892 0.845405 (0.017801) with: {'batch_size': 16, 'lr': 0.001, 'max_epochs': 64, 'module__n_features': 20, 'module__n_neurons': 64, 'module__nonlin': Tanh()}
2024-05-31 17:29:14,892 0.849220 (0.026134) with: {'batch_size': 16, 'lr': 0.001, 'max_epochs': 64, 'module__n_features': 20, 'module__n_neurons': 64, 'module__nonlin': ReLU()}
2024-05-31 17:29:14,892 0.845780 (0.016695) with: {'batch_size': 16, 'lr': 0.001, 'max_epochs': 64, 'module__n_features': 20, 'module__n_neurons': 128, 'module__nonlin': Tanh()}
2024-05-31 17:29:14,892 0.863068 (0.013800) with: {'batch_size': 16, 'lr': 0.001, 'max_epochs': 64, 'module__n_features': 20, 'module__n_neurons': 128, 'module__nonlin': ReLU()}
2024-05-31 17:29:14,892 0.845373 (0.017050) with: {'batch_size': 16, 'lr': 0.001, 'max_epochs': 64, 'module__n_features': 20, 'module__n_neurons': 256, 'module__nonlin': Tanh()}
2024-05-31 17:29:14,892 0.879295 (0.021268) with: {'batch_size': 16, 'lr': 0.001, 'max_epochs': 64, 'module__n_features': 20, 'module__n_neurons': 256, 'module__nonlin': ReLU()}
2024-05-31 17:29:14,892 0.844123 (0.019826) with: {'batch_size': 16, 'lr': 0.001, 'max_epochs': 128, 'module__n_features': 20, 'module__n_neurons': 16, 'module__nonlin': Tanh()}
2024-05-31 17:29:14,892 0.832245 (0.032898) with: {'batch_size': 16, 'lr': 0.001, 'max_epochs': 128, 'module__n_features': 20, 'module__n_neurons': 16, 'module__nonlin': ReLU()}
2024-05-31 17:29:14,892 0.846030 (0.017544) with: {'batch_size': 16, 'lr': 0.001, 'max_epochs': 128, 'module__n_features': 20, 'module__n_neurons': 32, 'module__nonlin': Tanh()}
2024-05-31 17:29:14,892 0.850813 (0.018479) with: {'batch_size': 16, 'lr': 0.001, 'max_epochs': 128, 'module__n_features': 20, 'module__n_neurons': 32, 'module__nonlin': ReLU()}
2024-05-31 17:29:14,892 0.845373 (0.016765) with: {'batch_size': 16, 'lr': 0.001, 'max_epochs': 128, 'module__n_features': 20, 'module__n_neurons': 64, 'module__nonlin': Tanh()}
2024-05-31 17:29:14,892 0.865881 (0.012944) with: {'batch_size': 16, 'lr': 0.001, 'max_epochs': 128, 'module__n_features': 20, 'module__n_neurons': 64, 'module__nonlin': ReLU()}
2024-05-31 17:29:14,892 0.846061 (0.017838) with: {'batch_size': 16, 'lr': 0.001, 'max_epochs': 128, 'module__n_features': 20, 'module__n_neurons': 128, 'module__nonlin': Tanh()}
2024-05-31 17:29:14,892 0.888393 (0.022479) with: {'batch_size': 16, 'lr': 0.001, 'max_epochs': 128, 'module__n_features': 20, 'module__n_neurons': 128, 'module__nonlin': ReLU()}
2024-05-31 17:29:14,892 0.847593 (0.016939) with: {'batch_size': 16, 'lr': 0.001, 'max_epochs': 128, 'module__n_features': 20, 'module__n_neurons': 256, 'module__nonlin': Tanh()}
2024-05-31 17:29:14,892 0.900020 (0.017584) with: {'batch_size': 16, 'lr': 0.001, 'max_epochs': 128, 'module__n_features': 20, 'module__n_neurons': 256, 'module__nonlin': ReLU()}
2024-05-31 17:29:14,892 0.844560 (0.016936) with: {'batch_size': 16, 'lr': 0.01, 'max_epochs': 16, 'module__n_features': 20, 'module__n_neurons': 16, 'module__nonlin': Tanh()}
2024-05-31 17:29:14,893 0.846248 (0.018222) with: {'batch_size': 16, 'lr': 0.01, 'max_epochs': 16, 'module__n_features': 20, 'module__n_neurons': 16, 'module__nonlin': ReLU()}
2024-05-31 17:29:14,893 0.845592 (0.016690) with: {'batch_size': 16, 'lr': 0.01, 'max_epochs': 16, 'module__n_features': 20, 'module__n_neurons': 32, 'module__nonlin': Tanh()}
2024-05-31 17:29:14,893 0.844029 (0.021502) with: {'batch_size': 16, 'lr': 0.01, 'max_epochs': 16, 'module__n_features': 20, 'module__n_neurons': 32, 'module__nonlin': ReLU()}
2024-05-31 17:29:14,893 0.845123 (0.016938) with: {'batch_size': 16, 'lr': 0.01, 'max_epochs': 16, 'module__n_features': 20, 'module__n_neurons': 64, 'module__nonlin': Tanh()}
2024-05-31 17:29:14,893 0.851719 (0.017846) with: {'batch_size': 16, 'lr': 0.01, 'max_epochs': 16, 'module__n_features': 20, 'module__n_neurons': 64, 'module__nonlin': ReLU()}
2024-05-31 17:29:14,893 0.846843 (0.017378) with: {'batch_size': 16, 'lr': 0.01, 'max_epochs': 16, 'module__n_features': 20, 'module__n_neurons': 128, 'module__nonlin': Tanh()}
2024-05-31 17:29:14,893 0.855970 (0.015270) with: {'batch_size': 16, 'lr': 0.01, 'max_epochs': 16, 'module__n_features': 20, 'module__n_neurons': 128, 'module__nonlin': ReLU()}
2024-05-31 17:29:14,893 0.850626 (0.019143) with: {'batch_size': 16, 'lr': 0.01, 'max_epochs': 16, 'module__n_features': 20, 'module__n_neurons': 256, 'module__nonlin': Tanh()}
2024-05-31 17:29:14,893 0.871040 (0.012746) with: {'batch_size': 16, 'lr': 0.01, 'max_epochs': 16, 'module__n_features': 20, 'module__n_neurons': 256, 'module__nonlin': ReLU()}
2024-05-31 17:29:14,893 0.846186 (0.016497) with: {'batch_size': 16, 'lr': 0.01, 'max_epochs': 32, 'module__n_features': 20, 'module__n_neurons': 16, 'module__nonlin': Tanh()}
2024-05-31 17:29:14,893 0.859629 (0.016344) with: {'batch_size': 16, 'lr': 0.01, 'max_epochs': 32, 'module__n_features': 20, 'module__n_neurons': 16, 'module__nonlin': ReLU()}
2024-05-31 17:29:14,893 0.846405 (0.017361) with: {'batch_size': 16, 'lr': 0.01, 'max_epochs': 32, 'module__n_features': 20, 'module__n_neurons': 32, 'module__nonlin': Tanh()}
2024-05-31 17:29:14,893 0.851343 (0.015019) with: {'batch_size': 16, 'lr': 0.01, 'max_epochs': 32, 'module__n_features': 20, 'module__n_neurons': 32, 'module__nonlin': ReLU()}
2024-05-31 17:29:14,893 0.850000 (0.017470) with: {'batch_size': 16, 'lr': 0.01, 'max_epochs': 32, 'module__n_features': 20, 'module__n_neurons': 64, 'module__nonlin': Tanh()}
2024-05-31 17:29:14,893 0.866693 (0.009067) with: {'batch_size': 16, 'lr': 0.01, 'max_epochs': 32, 'module__n_features': 20, 'module__n_neurons': 64, 'module__nonlin': ReLU()}
2024-05-31 17:29:14,893 0.845968 (0.020896) with: {'batch_size': 16, 'lr': 0.01, 'max_epochs': 32, 'module__n_features': 20, 'module__n_neurons': 128, 'module__nonlin': Tanh()}
2024-05-31 17:29:14,893 0.880294 (0.017377) with: {'batch_size': 16, 'lr': 0.01, 'max_epochs': 32, 'module__n_features': 20, 'module__n_neurons': 128, 'module__nonlin': ReLU()}
2024-05-31 17:29:14,893 0.849000 (0.021939) with: {'batch_size': 16, 'lr': 0.01, 'max_epochs': 32, 'module__n_features': 20, 'module__n_neurons': 256, 'module__nonlin': Tanh()}
2024-05-31 17:29:14,893 0.888203 (0.015151) with: {'batch_size': 16, 'lr': 0.01, 'max_epochs': 32, 'module__n_features': 20, 'module__n_neurons': 256, 'module__nonlin': ReLU()}
2024-05-31 17:29:14,893 0.854284 (0.018652) with: {'batch_size': 16, 'lr': 0.01, 'max_epochs': 64, 'module__n_features': 20, 'module__n_neurons': 16, 'module__nonlin': Tanh()}
2024-05-31 17:29:14,893 0.847530 (0.013645) with: {'batch_size': 16, 'lr': 0.01, 'max_epochs': 64, 'module__n_features': 20, 'module__n_neurons': 16, 'module__nonlin': ReLU()}
2024-05-31 17:29:14,893 0.856065 (0.015437) with: {'batch_size': 16, 'lr': 0.01, 'max_epochs': 64, 'module__n_features': 20, 'module__n_neurons': 32, 'module__nonlin': Tanh()}
2024-05-31 17:29:14,893 0.860064 (0.010540) with: {'batch_size': 16, 'lr': 0.01, 'max_epochs': 64, 'module__n_features': 20, 'module__n_neurons': 32, 'module__nonlin': ReLU()}
2024-05-31 17:29:14,893 0.850968 (0.017636) with: {'batch_size': 16, 'lr': 0.01, 'max_epochs': 64, 'module__n_features': 20, 'module__n_neurons': 64, 'module__nonlin': Tanh()}
2024-05-31 17:29:14,893 0.881982 (0.017009) with: {'batch_size': 16, 'lr': 0.01, 'max_epochs': 64, 'module__n_features': 20, 'module__n_neurons': 64, 'module__nonlin': ReLU()}
2024-05-31 17:29:14,893 0.863255 (0.029309) with: {'batch_size': 16, 'lr': 0.01, 'max_epochs': 64, 'module__n_features': 20, 'module__n_neurons': 128, 'module__nonlin': Tanh()}
2024-05-31 17:29:14,893 0.881042 (0.022165) with: {'batch_size': 16, 'lr': 0.01, 'max_epochs': 64, 'module__n_features': 20, 'module__n_neurons': 128, 'module__nonlin': ReLU()}
2024-05-31 17:29:14,893 0.872946 (0.013077) with: {'batch_size': 16, 'lr': 0.01, 'max_epochs': 64, 'module__n_features': 20, 'module__n_neurons': 256, 'module__nonlin': Tanh()}
2024-05-31 17:29:14,893 0.892942 (0.027035) with: {'batch_size': 16, 'lr': 0.01, 'max_epochs': 64, 'module__n_features': 20, 'module__n_neurons': 256, 'module__nonlin': ReLU()}
2024-05-31 17:29:14,893 0.859316 (0.017327) with: {'batch_size': 16, 'lr': 0.01, 'max_epochs': 128, 'module__n_features': 20, 'module__n_neurons': 16, 'module__nonlin': Tanh()}
2024-05-31 17:29:14,893 0.863848 (0.011795) with: {'batch_size': 16, 'lr': 0.01, 'max_epochs': 128, 'module__n_features': 20, 'module__n_neurons': 16, 'module__nonlin': ReLU()}
2024-05-31 17:29:14,893 0.850781 (0.020057) with: {'batch_size': 16, 'lr': 0.01, 'max_epochs': 128, 'module__n_features': 20, 'module__n_neurons': 32, 'module__nonlin': Tanh()}
2024-05-31 17:29:14,893 0.866226 (0.019398) with: {'batch_size': 16, 'lr': 0.01, 'max_epochs': 128, 'module__n_features': 20, 'module__n_neurons': 32, 'module__nonlin': ReLU()}
2024-05-31 17:29:14,893 0.860036 (0.020668) with: {'batch_size': 16, 'lr': 0.01, 'max_epochs': 128, 'module__n_features': 20, 'module__n_neurons': 64, 'module__nonlin': Tanh()}
2024-05-31 17:29:14,893 0.891641 (0.019703) with: {'batch_size': 16, 'lr': 0.01, 'max_epochs': 128, 'module__n_features': 20, 'module__n_neurons': 64, 'module__nonlin': ReLU()}
2024-05-31 17:29:14,893 0.881700 (0.016468) with: {'batch_size': 16, 'lr': 0.01, 'max_epochs': 128, 'module__n_features': 20, 'module__n_neurons': 128, 'module__nonlin': Tanh()}
2024-05-31 17:29:14,893 0.887579 (0.022738) with: {'batch_size': 16, 'lr': 0.01, 'max_epochs': 128, 'module__n_features': 20, 'module__n_neurons': 128, 'module__nonlin': ReLU()}
2024-05-31 17:29:14,893 0.880356 (0.014881) with: {'batch_size': 16, 'lr': 0.01, 'max_epochs': 128, 'module__n_features': 20, 'module__n_neurons': 256, 'module__nonlin': Tanh()}
2024-05-31 17:29:14,893 0.897693 (0.020149) with: {'batch_size': 16, 'lr': 0.01, 'max_epochs': 128, 'module__n_features': 20, 'module__n_neurons': 256, 'module__nonlin': ReLU()}
2024-05-31 17:29:14,893 0.844966 (0.016266) with: {'batch_size': 16, 'lr': 0.02, 'max_epochs': 16, 'module__n_features': 20, 'module__n_neurons': 16, 'module__nonlin': Tanh()}
2024-05-31 17:29:14,893 0.846686 (0.016725) with: {'batch_size': 16, 'lr': 0.02, 'max_epochs': 16, 'module__n_features': 20, 'module__n_neurons': 16, 'module__nonlin': ReLU()}
2024-05-31 17:29:14,893 0.846530 (0.016207) with: {'batch_size': 16, 'lr': 0.02, 'max_epochs': 16, 'module__n_features': 20, 'module__n_neurons': 32, 'module__nonlin': Tanh()}
2024-05-31 17:29:14,893 0.847999 (0.016752) with: {'batch_size': 16, 'lr': 0.02, 'max_epochs': 16, 'module__n_features': 20, 'module__n_neurons': 32, 'module__nonlin': ReLU()}
2024-05-31 17:29:14,893 0.848593 (0.018809) with: {'batch_size': 16, 'lr': 0.02, 'max_epochs': 16, 'module__n_features': 20, 'module__n_neurons': 64, 'module__nonlin': Tanh()}
2024-05-31 17:29:14,893 0.848968 (0.016971) with: {'batch_size': 16, 'lr': 0.02, 'max_epochs': 16, 'module__n_features': 20, 'module__n_neurons': 64, 'module__nonlin': ReLU()}
2024-05-31 17:29:14,893 0.845781 (0.024152) with: {'batch_size': 16, 'lr': 0.02, 'max_epochs': 16, 'module__n_features': 20, 'module__n_neurons': 128, 'module__nonlin': Tanh()}
2024-05-31 17:29:14,893 0.853064 (0.017462) with: {'batch_size': 16, 'lr': 0.02, 'max_epochs': 16, 'module__n_features': 20, 'module__n_neurons': 128, 'module__nonlin': ReLU()}
2024-05-31 17:29:14,893 0.847280 (0.018540) with: {'batch_size': 16, 'lr': 0.02, 'max_epochs': 16, 'module__n_features': 20, 'module__n_neurons': 256, 'module__nonlin': Tanh()}
2024-05-31 17:29:14,894 0.867351 (0.013877) with: {'batch_size': 16, 'lr': 0.02, 'max_epochs': 16, 'module__n_features': 20, 'module__n_neurons': 256, 'module__nonlin': ReLU()}
2024-05-31 17:29:14,894 0.849908 (0.023584) with: {'batch_size': 16, 'lr': 0.02, 'max_epochs': 32, 'module__n_features': 20, 'module__n_neurons': 16, 'module__nonlin': Tanh()}
2024-05-31 17:29:14,894 0.848467 (0.013886) with: {'batch_size': 16, 'lr': 0.02, 'max_epochs': 32, 'module__n_features': 20, 'module__n_neurons': 16, 'module__nonlin': ReLU()}
2024-05-31 17:29:14,894 0.851002 (0.023367) with: {'batch_size': 16, 'lr': 0.02, 'max_epochs': 32, 'module__n_features': 20, 'module__n_neurons': 32, 'module__nonlin': Tanh()}
2024-05-31 17:29:14,894 0.848469 (0.020609) with: {'batch_size': 16, 'lr': 0.02, 'max_epochs': 32, 'module__n_features': 20, 'module__n_neurons': 32, 'module__nonlin': ReLU()}
2024-05-31 17:29:14,894 0.846905 (0.020875) with: {'batch_size': 16, 'lr': 0.02, 'max_epochs': 32, 'module__n_features': 20, 'module__n_neurons': 64, 'module__nonlin': Tanh()}
2024-05-31 17:29:14,894 0.854907 (0.010587) with: {'batch_size': 16, 'lr': 0.02, 'max_epochs': 32, 'module__n_features': 20, 'module__n_neurons': 64, 'module__nonlin': ReLU()}
2024-05-31 17:29:14,894 0.841745 (0.015181) with: {'batch_size': 16, 'lr': 0.02, 'max_epochs': 32, 'module__n_features': 20, 'module__n_neurons': 128, 'module__nonlin': Tanh()}
2024-05-31 17:29:14,894 0.875388 (0.026126) with: {'batch_size': 16, 'lr': 0.02, 'max_epochs': 32, 'module__n_features': 20, 'module__n_neurons': 128, 'module__nonlin': ReLU()}
2024-05-31 17:29:14,894 0.851311 (0.020953) with: {'batch_size': 16, 'lr': 0.02, 'max_epochs': 32, 'module__n_features': 20, 'module__n_neurons': 256, 'module__nonlin': Tanh()}
2024-05-31 17:29:14,894 0.883921 (0.014143) with: {'batch_size': 16, 'lr': 0.02, 'max_epochs': 32, 'module__n_features': 20, 'module__n_neurons': 256, 'module__nonlin': ReLU()}
2024-05-31 17:29:14,894 0.850688 (0.022878) with: {'batch_size': 16, 'lr': 0.02, 'max_epochs': 64, 'module__n_features': 20, 'module__n_neurons': 16, 'module__nonlin': Tanh()}
2024-05-31 17:29:14,894 0.855111 (0.011385) with: {'batch_size': 16, 'lr': 0.02, 'max_epochs': 64, 'module__n_features': 20, 'module__n_neurons': 16, 'module__nonlin': ReLU()}
2024-05-31 17:29:14,894 0.852937 (0.009311) with: {'batch_size': 16, 'lr': 0.02, 'max_epochs': 64, 'module__n_features': 20, 'module__n_neurons': 32, 'module__nonlin': Tanh()}
2024-05-31 17:29:14,894 0.860784 (0.012585) with: {'batch_size': 16, 'lr': 0.02, 'max_epochs': 64, 'module__n_features': 20, 'module__n_neurons': 32, 'module__nonlin': ReLU()}
2024-05-31 17:29:14,894 0.852312 (0.027004) with: {'batch_size': 16, 'lr': 0.02, 'max_epochs': 64, 'module__n_features': 20, 'module__n_neurons': 64, 'module__nonlin': Tanh()}
2024-05-31 17:29:14,894 0.864315 (0.018098) with: {'batch_size': 16, 'lr': 0.02, 'max_epochs': 64, 'module__n_features': 20, 'module__n_neurons': 64, 'module__nonlin': ReLU()}
2024-05-31 17:29:14,894 0.848658 (0.036121) with: {'batch_size': 16, 'lr': 0.02, 'max_epochs': 64, 'module__n_features': 20, 'module__n_neurons': 128, 'module__nonlin': Tanh()}
2024-05-31 17:29:14,894 0.882999 (0.019198) with: {'batch_size': 16, 'lr': 0.02, 'max_epochs': 64, 'module__n_features': 20, 'module__n_neurons': 128, 'module__nonlin': ReLU()}
2024-05-31 17:29:14,894 0.837832 (0.048436) with: {'batch_size': 16, 'lr': 0.02, 'max_epochs': 64, 'module__n_features': 20, 'module__n_neurons': 256, 'module__nonlin': Tanh()}
2024-05-31 17:29:14,894 0.886576 (0.006833) with: {'batch_size': 16, 'lr': 0.02, 'max_epochs': 64, 'module__n_features': 20, 'module__n_neurons': 256, 'module__nonlin': ReLU()}
2024-05-31 17:29:14,894 0.844620 (0.022637) with: {'batch_size': 16, 'lr': 0.02, 'max_epochs': 128, 'module__n_features': 20, 'module__n_neurons': 16, 'module__nonlin': Tanh()}
2024-05-31 17:29:14,894 0.849562 (0.018973) with: {'batch_size': 16, 'lr': 0.02, 'max_epochs': 128, 'module__n_features': 20, 'module__n_neurons': 16, 'module__nonlin': ReLU()}
2024-05-31 17:29:14,894 0.859375 (0.022143) with: {'batch_size': 16, 'lr': 0.02, 'max_epochs': 128, 'module__n_features': 20, 'module__n_neurons': 32, 'module__nonlin': Tanh()}
2024-05-31 17:29:14,894 0.870159 (0.015692) with: {'batch_size': 16, 'lr': 0.02, 'max_epochs': 128, 'module__n_features': 20, 'module__n_neurons': 32, 'module__nonlin': ReLU()}
2024-05-31 17:29:14,894 0.852504 (0.031563) with: {'batch_size': 16, 'lr': 0.02, 'max_epochs': 128, 'module__n_features': 20, 'module__n_neurons': 64, 'module__nonlin': Tanh()}
2024-05-31 17:29:14,894 0.878309 (0.019146) with: {'batch_size': 16, 'lr': 0.02, 'max_epochs': 128, 'module__n_features': 20, 'module__n_neurons': 64, 'module__nonlin': ReLU()}
2024-05-31 17:29:14,894 0.881793 (0.017650) with: {'batch_size': 16, 'lr': 0.02, 'max_epochs': 128, 'module__n_features': 20, 'module__n_neurons': 128, 'module__nonlin': Tanh()}
2024-05-31 17:29:14,894 0.884106 (0.022770) with: {'batch_size': 16, 'lr': 0.02, 'max_epochs': 128, 'module__n_features': 20, 'module__n_neurons': 128, 'module__nonlin': ReLU()}
2024-05-31 17:29:14,894 0.884552 (0.044851) with: {'batch_size': 16, 'lr': 0.02, 'max_epochs': 128, 'module__n_features': 20, 'module__n_neurons': 256, 'module__nonlin': Tanh()}
2024-05-31 17:29:14,894 0.891547 (0.012667) with: {'batch_size': 16, 'lr': 0.02, 'max_epochs': 128, 'module__n_features': 20, 'module__n_neurons': 256, 'module__nonlin': ReLU()}
2024-05-31 17:29:14,894 0.781188 (0.029152) with: {'batch_size': 32, 'lr': 0.001, 'max_epochs': 16, 'module__n_features': 20, 'module__n_neurons': 16, 'module__nonlin': Tanh()}
2024-05-31 17:29:14,894 0.743989 (0.053965) with: {'batch_size': 32, 'lr': 0.001, 'max_epochs': 16, 'module__n_features': 20, 'module__n_neurons': 16, 'module__nonlin': ReLU()}
2024-05-31 17:29:14,894 0.815424 (0.039249) with: {'batch_size': 32, 'lr': 0.001, 'max_epochs': 16, 'module__n_features': 20, 'module__n_neurons': 32, 'module__nonlin': Tanh()}
2024-05-31 17:29:14,894 0.790974 (0.024933) with: {'batch_size': 32, 'lr': 0.001, 'max_epochs': 16, 'module__n_features': 20, 'module__n_neurons': 32, 'module__nonlin': ReLU()}
2024-05-31 17:29:14,894 0.823881 (0.031069) with: {'batch_size': 32, 'lr': 0.001, 'max_epochs': 16, 'module__n_features': 20, 'module__n_neurons': 64, 'module__nonlin': Tanh()}
2024-05-31 17:29:14,894 0.833024 (0.016410) with: {'batch_size': 32, 'lr': 0.001, 'max_epochs': 16, 'module__n_features': 20, 'module__n_neurons': 64, 'module__nonlin': ReLU()}
2024-05-31 17:29:14,894 0.834370 (0.026755) with: {'batch_size': 32, 'lr': 0.001, 'max_epochs': 16, 'module__n_features': 20, 'module__n_neurons': 128, 'module__nonlin': Tanh()}
2024-05-31 17:29:14,894 0.832089 (0.034693) with: {'batch_size': 32, 'lr': 0.001, 'max_epochs': 16, 'module__n_features': 20, 'module__n_neurons': 128, 'module__nonlin': ReLU()}
2024-05-31 17:29:14,894 0.844279 (0.019016) with: {'batch_size': 32, 'lr': 0.001, 'max_epochs': 16, 'module__n_features': 20, 'module__n_neurons': 256, 'module__nonlin': Tanh()}
2024-05-31 17:29:14,894 0.840966 (0.024638) with: {'batch_size': 32, 'lr': 0.001, 'max_epochs': 16, 'module__n_features': 20, 'module__n_neurons': 256, 'module__nonlin': ReLU()}
2024-05-31 17:29:14,894 0.812267 (0.047578) with: {'batch_size': 32, 'lr': 0.001, 'max_epochs': 32, 'module__n_features': 20, 'module__n_neurons': 16, 'module__nonlin': Tanh()}
2024-05-31 17:29:14,894 0.810645 (0.045671) with: {'batch_size': 32, 'lr': 0.001, 'max_epochs': 32, 'module__n_features': 20, 'module__n_neurons': 16, 'module__nonlin': ReLU()}
2024-05-31 17:29:14,894 0.834716 (0.035246) with: {'batch_size': 32, 'lr': 0.001, 'max_epochs': 32, 'module__n_features': 20, 'module__n_neurons': 32, 'module__nonlin': Tanh()}
2024-05-31 17:29:14,894 0.814644 (0.040202) with: {'batch_size': 32, 'lr': 0.001, 'max_epochs': 32, 'module__n_features': 20, 'module__n_neurons': 32, 'module__nonlin': ReLU()}
2024-05-31 17:29:14,894 0.840216 (0.024020) with: {'batch_size': 32, 'lr': 0.001, 'max_epochs': 32, 'module__n_features': 20, 'module__n_neurons': 64, 'module__nonlin': Tanh()}
2024-05-31 17:29:14,894 0.842718 (0.027432) with: {'batch_size': 32, 'lr': 0.001, 'max_epochs': 32, 'module__n_features': 20, 'module__n_neurons': 64, 'module__nonlin': ReLU()}
2024-05-31 17:29:14,894 0.845999 (0.019752) with: {'batch_size': 32, 'lr': 0.001, 'max_epochs': 32, 'module__n_features': 20, 'module__n_neurons': 128, 'module__nonlin': Tanh()}
2024-05-31 17:29:14,894 0.847938 (0.020761) with: {'batch_size': 32, 'lr': 0.001, 'max_epochs': 32, 'module__n_features': 20, 'module__n_neurons': 128, 'module__nonlin': ReLU()}
2024-05-31 17:29:14,895 0.844810 (0.016803) with: {'batch_size': 32, 'lr': 0.001, 'max_epochs': 32, 'module__n_features': 20, 'module__n_neurons': 256, 'module__nonlin': Tanh()}
2024-05-31 17:29:14,895 0.859786 (0.018673) with: {'batch_size': 32, 'lr': 0.001, 'max_epochs': 32, 'module__n_features': 20, 'module__n_neurons': 256, 'module__nonlin': ReLU()}
2024-05-31 17:29:14,895 0.839748 (0.025862) with: {'batch_size': 32, 'lr': 0.001, 'max_epochs': 64, 'module__n_features': 20, 'module__n_neurons': 16, 'module__nonlin': Tanh()}
2024-05-31 17:29:14,895 0.829086 (0.027967) with: {'batch_size': 32, 'lr': 0.001, 'max_epochs': 64, 'module__n_features': 20, 'module__n_neurons': 16, 'module__nonlin': ReLU()}
2024-05-31 17:29:14,895 0.846125 (0.021121) with: {'batch_size': 32, 'lr': 0.001, 'max_epochs': 64, 'module__n_features': 20, 'module__n_neurons': 32, 'module__nonlin': Tanh()}
2024-05-31 17:29:14,895 0.845968 (0.021566) with: {'batch_size': 32, 'lr': 0.001, 'max_epochs': 64, 'module__n_features': 20, 'module__n_neurons': 32, 'module__nonlin': ReLU()}
2024-05-31 17:29:14,895 0.846655 (0.018042) with: {'batch_size': 32, 'lr': 0.001, 'max_epochs': 64, 'module__n_features': 20, 'module__n_neurons': 64, 'module__nonlin': Tanh()}
2024-05-31 17:29:14,895 0.846344 (0.022790) with: {'batch_size': 32, 'lr': 0.001, 'max_epochs': 64, 'module__n_features': 20, 'module__n_neurons': 64, 'module__nonlin': ReLU()}
2024-05-31 17:29:14,895 0.846249 (0.016965) with: {'batch_size': 32, 'lr': 0.001, 'max_epochs': 64, 'module__n_features': 20, 'module__n_neurons': 128, 'module__nonlin': Tanh()}
2024-05-31 17:29:14,895 0.861662 (0.018914) with: {'batch_size': 32, 'lr': 0.001, 'max_epochs': 64, 'module__n_features': 20, 'module__n_neurons': 128, 'module__nonlin': ReLU()}
2024-05-31 17:29:14,895 0.844998 (0.017432) with: {'batch_size': 32, 'lr': 0.001, 'max_epochs': 64, 'module__n_features': 20, 'module__n_neurons': 256, 'module__nonlin': Tanh()}
2024-05-31 17:29:14,895 0.871417 (0.022337) with: {'batch_size': 32, 'lr': 0.001, 'max_epochs': 64, 'module__n_features': 20, 'module__n_neurons': 256, 'module__nonlin': ReLU()}
2024-05-31 17:29:14,895 0.848938 (0.020714) with: {'batch_size': 32, 'lr': 0.001, 'max_epochs': 128, 'module__n_features': 20, 'module__n_neurons': 16, 'module__nonlin': Tanh()}
2024-05-31 17:29:14,895 0.848221 (0.028821) with: {'batch_size': 32, 'lr': 0.001, 'max_epochs': 128, 'module__n_features': 20, 'module__n_neurons': 16, 'module__nonlin': ReLU()}
2024-05-31 17:29:14,895 0.845436 (0.015894) with: {'batch_size': 32, 'lr': 0.001, 'max_epochs': 128, 'module__n_features': 20, 'module__n_neurons': 32, 'module__nonlin': Tanh()}
2024-05-31 17:29:14,895 0.851814 (0.017326) with: {'batch_size': 32, 'lr': 0.001, 'max_epochs': 128, 'module__n_features': 20, 'module__n_neurons': 32, 'module__nonlin': ReLU()}
2024-05-31 17:29:14,895 0.845217 (0.016564) with: {'batch_size': 32, 'lr': 0.001, 'max_epochs': 128, 'module__n_features': 20, 'module__n_neurons': 64, 'module__nonlin': Tanh()}
2024-05-31 17:29:14,895 0.857380 (0.025111) with: {'batch_size': 32, 'lr': 0.001, 'max_epochs': 128, 'module__n_features': 20, 'module__n_neurons': 64, 'module__nonlin': ReLU()}
2024-05-31 17:29:14,895 0.845373 (0.017948) with: {'batch_size': 32, 'lr': 0.001, 'max_epochs': 128, 'module__n_features': 20, 'module__n_neurons': 128, 'module__nonlin': Tanh()}
2024-05-31 17:29:14,895 0.874167 (0.015187) with: {'batch_size': 32, 'lr': 0.001, 'max_epochs': 128, 'module__n_features': 20, 'module__n_neurons': 128, 'module__nonlin': ReLU()}
2024-05-31 17:29:14,895 0.845592 (0.017892) with: {'batch_size': 32, 'lr': 0.001, 'max_epochs': 128, 'module__n_features': 20, 'module__n_neurons': 256, 'module__nonlin': Tanh()}
2024-05-31 17:29:14,895 0.892674 (0.016662) with: {'batch_size': 32, 'lr': 0.001, 'max_epochs': 128, 'module__n_features': 20, 'module__n_neurons': 256, 'module__nonlin': ReLU()}
2024-05-31 17:29:14,895 0.843967 (0.019030) with: {'batch_size': 32, 'lr': 0.01, 'max_epochs': 16, 'module__n_features': 20, 'module__n_neurons': 16, 'module__nonlin': Tanh()}
2024-05-31 17:29:14,895 0.845031 (0.025607) with: {'batch_size': 32, 'lr': 0.01, 'max_epochs': 16, 'module__n_features': 20, 'module__n_neurons': 16, 'module__nonlin': ReLU()}
2024-05-31 17:29:14,895 0.844404 (0.017234) with: {'batch_size': 32, 'lr': 0.01, 'max_epochs': 16, 'module__n_features': 20, 'module__n_neurons': 32, 'module__nonlin': Tanh()}
2024-05-31 17:29:14,895 0.848094 (0.019760) with: {'batch_size': 32, 'lr': 0.01, 'max_epochs': 16, 'module__n_features': 20, 'module__n_neurons': 32, 'module__nonlin': ReLU()}
2024-05-31 17:29:14,895 0.844842 (0.017648) with: {'batch_size': 32, 'lr': 0.01, 'max_epochs': 16, 'module__n_features': 20, 'module__n_neurons': 64, 'module__nonlin': Tanh()}
2024-05-31 17:29:14,895 0.848499 (0.015354) with: {'batch_size': 32, 'lr': 0.01, 'max_epochs': 16, 'module__n_features': 20, 'module__n_neurons': 64, 'module__nonlin': ReLU()}
2024-05-31 17:29:14,895 0.844936 (0.017503) with: {'batch_size': 32, 'lr': 0.01, 'max_epochs': 16, 'module__n_features': 20, 'module__n_neurons': 128, 'module__nonlin': Tanh()}
2024-05-31 17:29:14,895 0.861661 (0.016053) with: {'batch_size': 32, 'lr': 0.01, 'max_epochs': 16, 'module__n_features': 20, 'module__n_neurons': 128, 'module__nonlin': ReLU()}
2024-05-31 17:29:14,895 0.847249 (0.017696) with: {'batch_size': 32, 'lr': 0.01, 'max_epochs': 16, 'module__n_features': 20, 'module__n_neurons': 256, 'module__nonlin': Tanh()}
2024-05-31 17:29:14,895 0.886111 (0.023868) with: {'batch_size': 32, 'lr': 0.01, 'max_epochs': 16, 'module__n_features': 20, 'module__n_neurons': 256, 'module__nonlin': ReLU()}
2024-05-31 17:29:14,895 0.845686 (0.015421) with: {'batch_size': 32, 'lr': 0.01, 'max_epochs': 32, 'module__n_features': 20, 'module__n_neurons': 16, 'module__nonlin': Tanh()}
2024-05-31 17:29:14,895 0.847281 (0.020819) with: {'batch_size': 32, 'lr': 0.01, 'max_epochs': 32, 'module__n_features': 20, 'module__n_neurons': 16, 'module__nonlin': ReLU()}
2024-05-31 17:29:14,895 0.845561 (0.016574) with: {'batch_size': 32, 'lr': 0.01, 'max_epochs': 32, 'module__n_features': 20, 'module__n_neurons': 32, 'module__nonlin': Tanh()}
2024-05-31 17:29:14,895 0.853689 (0.016467) with: {'batch_size': 32, 'lr': 0.01, 'max_epochs': 32, 'module__n_features': 20, 'module__n_neurons': 32, 'module__nonlin': ReLU()}
2024-05-31 17:29:14,895 0.846374 (0.017998) with: {'batch_size': 32, 'lr': 0.01, 'max_epochs': 32, 'module__n_features': 20, 'module__n_neurons': 64, 'module__nonlin': Tanh()}
2024-05-31 17:29:14,895 0.874074 (0.020307) with: {'batch_size': 32, 'lr': 0.01, 'max_epochs': 32, 'module__n_features': 20, 'module__n_neurons': 64, 'module__nonlin': ReLU()}
2024-05-31 17:29:14,895 0.850094 (0.017033) with: {'batch_size': 32, 'lr': 0.01, 'max_epochs': 32, 'module__n_features': 20, 'module__n_neurons': 128, 'module__nonlin': Tanh()}
2024-05-31 17:29:14,895 0.899584 (0.020466) with: {'batch_size': 32, 'lr': 0.01, 'max_epochs': 32, 'module__n_features': 20, 'module__n_neurons': 128, 'module__nonlin': ReLU()}
2024-05-31 17:29:14,895 0.860536 (0.017754) with: {'batch_size': 32, 'lr': 0.01, 'max_epochs': 32, 'module__n_features': 20, 'module__n_neurons': 256, 'module__nonlin': Tanh()}
2024-05-31 17:29:14,895 0.901489 (0.014824) with: {'batch_size': 32, 'lr': 0.01, 'max_epochs': 32, 'module__n_features': 20, 'module__n_neurons': 256, 'module__nonlin': ReLU()}
2024-05-31 17:29:14,895 0.851251 (0.017674) with: {'batch_size': 32, 'lr': 0.01, 'max_epochs': 64, 'module__n_features': 20, 'module__n_neurons': 16, 'module__nonlin': Tanh()}
2024-05-31 17:29:14,895 0.846530 (0.019085) with: {'batch_size': 32, 'lr': 0.01, 'max_epochs': 64, 'module__n_features': 20, 'module__n_neurons': 16, 'module__nonlin': ReLU()}
2024-05-31 17:29:14,895 0.852251 (0.018030) with: {'batch_size': 32, 'lr': 0.01, 'max_epochs': 64, 'module__n_features': 20, 'module__n_neurons': 32, 'module__nonlin': Tanh()}
2024-05-31 17:29:14,895 0.868883 (0.016258) with: {'batch_size': 32, 'lr': 0.01, 'max_epochs': 64, 'module__n_features': 20, 'module__n_neurons': 32, 'module__nonlin': ReLU()}
2024-05-31 17:29:14,895 0.865133 (0.020563) with: {'batch_size': 32, 'lr': 0.01, 'max_epochs': 64, 'module__n_features': 20, 'module__n_neurons': 64, 'module__nonlin': Tanh()}
2024-05-31 17:29:14,895 0.884733 (0.028649) with: {'batch_size': 32, 'lr': 0.01, 'max_epochs': 64, 'module__n_features': 20, 'module__n_neurons': 64, 'module__nonlin': ReLU()}
2024-05-31 17:29:14,895 0.854660 (0.032072) with: {'batch_size': 32, 'lr': 0.01, 'max_epochs': 64, 'module__n_features': 20, 'module__n_neurons': 128, 'module__nonlin': Tanh()}
2024-05-31 17:29:14,896 0.885327 (0.025342) with: {'batch_size': 32, 'lr': 0.01, 'max_epochs': 64, 'module__n_features': 20, 'module__n_neurons': 128, 'module__nonlin': ReLU()}
2024-05-31 17:29:14,896 0.864601 (0.023827) with: {'batch_size': 32, 'lr': 0.01, 'max_epochs': 64, 'module__n_features': 20, 'module__n_neurons': 256, 'module__nonlin': Tanh()}
2024-05-31 17:29:14,896 0.904445 (0.018119) with: {'batch_size': 32, 'lr': 0.01, 'max_epochs': 64, 'module__n_features': 20, 'module__n_neurons': 256, 'module__nonlin': ReLU()}
2024-05-31 17:29:14,896 0.852191 (0.033397) with: {'batch_size': 32, 'lr': 0.01, 'max_epochs': 128, 'module__n_features': 20, 'module__n_neurons': 16, 'module__nonlin': Tanh()}
2024-05-31 17:29:14,896 0.863974 (0.016218) with: {'batch_size': 32, 'lr': 0.01, 'max_epochs': 128, 'module__n_features': 20, 'module__n_neurons': 16, 'module__nonlin': ReLU()}
2024-05-31 17:29:14,896 0.849283 (0.031198) with: {'batch_size': 32, 'lr': 0.01, 'max_epochs': 128, 'module__n_features': 20, 'module__n_neurons': 32, 'module__nonlin': Tanh()}
2024-05-31 17:29:14,896 0.870756 (0.023351) with: {'batch_size': 32, 'lr': 0.01, 'max_epochs': 128, 'module__n_features': 20, 'module__n_neurons': 32, 'module__nonlin': ReLU()}
2024-05-31 17:29:14,896 0.862350 (0.026113) with: {'batch_size': 32, 'lr': 0.01, 'max_epochs': 128, 'module__n_features': 20, 'module__n_neurons': 64, 'module__nonlin': Tanh()}
2024-05-31 17:29:14,896 0.877478 (0.016397) with: {'batch_size': 32, 'lr': 0.01, 'max_epochs': 128, 'module__n_features': 20, 'module__n_neurons': 64, 'module__nonlin': ReLU()}
2024-05-31 17:29:14,896 0.877952 (0.034616) with: {'batch_size': 32, 'lr': 0.01, 'max_epochs': 128, 'module__n_features': 20, 'module__n_neurons': 128, 'module__nonlin': Tanh()}
2024-05-31 17:29:14,896 0.874556 (0.013928) with: {'batch_size': 32, 'lr': 0.01, 'max_epochs': 128, 'module__n_features': 20, 'module__n_neurons': 128, 'module__nonlin': ReLU()}
2024-05-31 17:29:14,896 0.898332 (0.018950) with: {'batch_size': 32, 'lr': 0.01, 'max_epochs': 128, 'module__n_features': 20, 'module__n_neurons': 256, 'module__nonlin': Tanh()}
2024-05-31 17:29:14,896 0.899380 (0.017919) with: {'batch_size': 32, 'lr': 0.01, 'max_epochs': 128, 'module__n_features': 20, 'module__n_neurons': 256, 'module__nonlin': ReLU()}
2024-05-31 17:29:14,896 0.844404 (0.016667) with: {'batch_size': 32, 'lr': 0.02, 'max_epochs': 16, 'module__n_features': 20, 'module__n_neurons': 16, 'module__nonlin': Tanh()}
2024-05-31 17:29:14,896 0.850282 (0.020644) with: {'batch_size': 32, 'lr': 0.02, 'max_epochs': 16, 'module__n_features': 20, 'module__n_neurons': 16, 'module__nonlin': ReLU()}
2024-05-31 17:29:14,896 0.845092 (0.016319) with: {'batch_size': 32, 'lr': 0.02, 'max_epochs': 16, 'module__n_features': 20, 'module__n_neurons': 32, 'module__nonlin': Tanh()}
2024-05-31 17:29:14,896 0.848906 (0.019200) with: {'batch_size': 32, 'lr': 0.02, 'max_epochs': 16, 'module__n_features': 20, 'module__n_neurons': 32, 'module__nonlin': ReLU()}
2024-05-31 17:29:14,896 0.846937 (0.017920) with: {'batch_size': 32, 'lr': 0.02, 'max_epochs': 16, 'module__n_features': 20, 'module__n_neurons': 64, 'module__nonlin': Tanh()}
2024-05-31 17:29:14,896 0.854971 (0.015420) with: {'batch_size': 32, 'lr': 0.02, 'max_epochs': 16, 'module__n_features': 20, 'module__n_neurons': 64, 'module__nonlin': ReLU()}
2024-05-31 17:29:14,896 0.848250 (0.019295) with: {'batch_size': 32, 'lr': 0.02, 'max_epochs': 16, 'module__n_features': 20, 'module__n_neurons': 128, 'module__nonlin': Tanh()}
2024-05-31 17:29:14,896 0.871884 (0.014649) with: {'batch_size': 32, 'lr': 0.02, 'max_epochs': 16, 'module__n_features': 20, 'module__n_neurons': 128, 'module__nonlin': ReLU()}
2024-05-31 17:29:14,896 0.852471 (0.019157) with: {'batch_size': 32, 'lr': 0.02, 'max_epochs': 16, 'module__n_features': 20, 'module__n_neurons': 256, 'module__nonlin': Tanh()}
2024-05-31 17:29:14,896 0.876106 (0.017130) with: {'batch_size': 32, 'lr': 0.02, 'max_epochs': 16, 'module__n_features': 20, 'module__n_neurons': 256, 'module__nonlin': ReLU()}
2024-05-31 17:29:14,896 0.849031 (0.017901) with: {'batch_size': 32, 'lr': 0.02, 'max_epochs': 32, 'module__n_features': 20, 'module__n_neurons': 16, 'module__nonlin': Tanh()}
2024-05-31 17:29:14,896 0.847061 (0.019034) with: {'batch_size': 32, 'lr': 0.02, 'max_epochs': 32, 'module__n_features': 20, 'module__n_neurons': 16, 'module__nonlin': ReLU()}
2024-05-31 17:29:14,896 0.852533 (0.018731) with: {'batch_size': 32, 'lr': 0.02, 'max_epochs': 32, 'module__n_features': 20, 'module__n_neurons': 32, 'module__nonlin': Tanh()}
2024-05-31 17:29:14,896 0.853782 (0.019100) with: {'batch_size': 32, 'lr': 0.02, 'max_epochs': 32, 'module__n_features': 20, 'module__n_neurons': 32, 'module__nonlin': ReLU()}
2024-05-31 17:29:14,896 0.857098 (0.018436) with: {'batch_size': 32, 'lr': 0.02, 'max_epochs': 32, 'module__n_features': 20, 'module__n_neurons': 64, 'module__nonlin': Tanh()}
2024-05-31 17:29:14,896 0.869478 (0.018919) with: {'batch_size': 32, 'lr': 0.02, 'max_epochs': 32, 'module__n_features': 20, 'module__n_neurons': 64, 'module__nonlin': ReLU()}
2024-05-31 17:29:14,896 0.852752 (0.018326) with: {'batch_size': 32, 'lr': 0.02, 'max_epochs': 32, 'module__n_features': 20, 'module__n_neurons': 128, 'module__nonlin': Tanh()}
2024-05-31 17:29:14,896 0.884327 (0.016780) with: {'batch_size': 32, 'lr': 0.02, 'max_epochs': 32, 'module__n_features': 20, 'module__n_neurons': 128, 'module__nonlin': ReLU()}
2024-05-31 17:29:14,896 0.865256 (0.027353) with: {'batch_size': 32, 'lr': 0.02, 'max_epochs': 32, 'module__n_features': 20, 'module__n_neurons': 256, 'module__nonlin': Tanh()}
2024-05-31 17:29:14,896 0.897613 (0.013756) with: {'batch_size': 32, 'lr': 0.02, 'max_epochs': 32, 'module__n_features': 20, 'module__n_neurons': 256, 'module__nonlin': ReLU()}
2024-05-31 17:29:14,896 0.853409 (0.021395) with: {'batch_size': 32, 'lr': 0.02, 'max_epochs': 64, 'module__n_features': 20, 'module__n_neurons': 16, 'module__nonlin': Tanh()}
2024-05-31 17:29:14,896 0.851846 (0.025607) with: {'batch_size': 32, 'lr': 0.02, 'max_epochs': 64, 'module__n_features': 20, 'module__n_neurons': 16, 'module__nonlin': ReLU()}
2024-05-31 17:29:14,896 0.857909 (0.020999) with: {'batch_size': 32, 'lr': 0.02, 'max_epochs': 64, 'module__n_features': 20, 'module__n_neurons': 32, 'module__nonlin': Tanh()}
2024-05-31 17:29:14,896 0.870102 (0.013982) with: {'batch_size': 32, 'lr': 0.02, 'max_epochs': 64, 'module__n_features': 20, 'module__n_neurons': 32, 'module__nonlin': ReLU()}
2024-05-31 17:29:14,896 0.849092 (0.029463) with: {'batch_size': 32, 'lr': 0.02, 'max_epochs': 64, 'module__n_features': 20, 'module__n_neurons': 64, 'module__nonlin': Tanh()}
2024-05-31 17:29:14,896 0.866785 (0.005689) with: {'batch_size': 32, 'lr': 0.02, 'max_epochs': 64, 'module__n_features': 20, 'module__n_neurons': 64, 'module__nonlin': ReLU()}
2024-05-31 17:29:14,896 0.872104 (0.020289) with: {'batch_size': 32, 'lr': 0.02, 'max_epochs': 64, 'module__n_features': 20, 'module__n_neurons': 128, 'module__nonlin': Tanh()}
2024-05-31 17:29:14,896 0.891582 (0.024759) with: {'batch_size': 32, 'lr': 0.02, 'max_epochs': 64, 'module__n_features': 20, 'module__n_neurons': 128, 'module__nonlin': ReLU()}
2024-05-31 17:29:14,896 0.867071 (0.041156) with: {'batch_size': 32, 'lr': 0.02, 'max_epochs': 64, 'module__n_features': 20, 'module__n_neurons': 256, 'module__nonlin': Tanh()}
2024-05-31 17:29:14,896 0.891264 (0.015309) with: {'batch_size': 32, 'lr': 0.02, 'max_epochs': 64, 'module__n_features': 20, 'module__n_neurons': 256, 'module__nonlin': ReLU()}
2024-05-31 17:29:14,896 0.845842 (0.020290) with: {'batch_size': 32, 'lr': 0.02, 'max_epochs': 128, 'module__n_features': 20, 'module__n_neurons': 16, 'module__nonlin': Tanh()}
2024-05-31 17:29:14,896 0.868192 (0.014731) with: {'batch_size': 32, 'lr': 0.02, 'max_epochs': 128, 'module__n_features': 20, 'module__n_neurons': 16, 'module__nonlin': ReLU()}
2024-05-31 17:29:14,896 0.858692 (0.030614) with: {'batch_size': 32, 'lr': 0.02, 'max_epochs': 128, 'module__n_features': 20, 'module__n_neurons': 32, 'module__nonlin': Tanh()}
2024-05-31 17:29:14,896 0.874353 (0.016061) with: {'batch_size': 32, 'lr': 0.02, 'max_epochs': 128, 'module__n_features': 20, 'module__n_neurons': 32, 'module__nonlin': ReLU()}
2024-05-31 17:29:14,896 0.872291 (0.023642) with: {'batch_size': 32, 'lr': 0.02, 'max_epochs': 128, 'module__n_features': 20, 'module__n_neurons': 64, 'module__nonlin': Tanh()}
2024-05-31 17:29:14,896 0.877668 (0.021130) with: {'batch_size': 32, 'lr': 0.02, 'max_epochs': 128, 'module__n_features': 20, 'module__n_neurons': 64, 'module__nonlin': ReLU()}
2024-05-31 17:29:14,896 0.877450 (0.027214) with: {'batch_size': 32, 'lr': 0.02, 'max_epochs': 128, 'module__n_features': 20, 'module__n_neurons': 128, 'module__nonlin': Tanh()}
2024-05-31 17:29:14,897 0.882969 (0.023595) with: {'batch_size': 32, 'lr': 0.02, 'max_epochs': 128, 'module__n_features': 20, 'module__n_neurons': 128, 'module__nonlin': ReLU()}
2024-05-31 17:29:14,897 0.896612 (0.021356) with: {'batch_size': 32, 'lr': 0.02, 'max_epochs': 128, 'module__n_features': 20, 'module__n_neurons': 256, 'module__nonlin': Tanh()}
2024-05-31 17:29:14,897 0.882044 (0.017931) with: {'batch_size': 32, 'lr': 0.02, 'max_epochs': 128, 'module__n_features': 20, 'module__n_neurons': 256, 'module__nonlin': ReLU()}
2024-05-31 17:29:14,897 0.768281 (0.044628) with: {'batch_size': 64, 'lr': 0.001, 'max_epochs': 16, 'module__n_features': 20, 'module__n_neurons': 16, 'module__nonlin': Tanh()}
2024-05-31 17:29:14,897 0.727237 (0.076936) with: {'batch_size': 64, 'lr': 0.001, 'max_epochs': 16, 'module__n_features': 20, 'module__n_neurons': 16, 'module__nonlin': ReLU()}
2024-05-31 17:29:14,897 0.801644 (0.068322) with: {'batch_size': 64, 'lr': 0.001, 'max_epochs': 16, 'module__n_features': 20, 'module__n_neurons': 32, 'module__nonlin': Tanh()}
2024-05-31 17:29:14,897 0.782037 (0.038211) with: {'batch_size': 64, 'lr': 0.001, 'max_epochs': 16, 'module__n_features': 20, 'module__n_neurons': 32, 'module__nonlin': ReLU()}
2024-05-31 17:29:14,897 0.815893 (0.028800) with: {'batch_size': 64, 'lr': 0.001, 'max_epochs': 16, 'module__n_features': 20, 'module__n_neurons': 64, 'module__nonlin': Tanh()}
2024-05-31 17:29:14,897 0.830744 (0.027019) with: {'batch_size': 64, 'lr': 0.001, 'max_epochs': 16, 'module__n_features': 20, 'module__n_neurons': 64, 'module__nonlin': ReLU()}
2024-05-31 17:29:14,897 0.829244 (0.034905) with: {'batch_size': 64, 'lr': 0.001, 'max_epochs': 16, 'module__n_features': 20, 'module__n_neurons': 128, 'module__nonlin': Tanh()}
2024-05-31 17:29:14,897 0.820834 (0.032016) with: {'batch_size': 64, 'lr': 0.001, 'max_epochs': 16, 'module__n_features': 20, 'module__n_neurons': 128, 'module__nonlin': ReLU()}
2024-05-31 17:29:14,897 0.844343 (0.023202) with: {'batch_size': 64, 'lr': 0.001, 'max_epochs': 16, 'module__n_features': 20, 'module__n_neurons': 256, 'module__nonlin': Tanh()}
2024-05-31 17:29:14,897 0.836122 (0.030985) with: {'batch_size': 64, 'lr': 0.001, 'max_epochs': 16, 'module__n_features': 20, 'module__n_neurons': 256, 'module__nonlin': ReLU()}
2024-05-31 17:29:14,897 0.798915 (0.016620) with: {'batch_size': 64, 'lr': 0.001, 'max_epochs': 32, 'module__n_features': 20, 'module__n_neurons': 16, 'module__nonlin': Tanh()}
2024-05-31 17:29:14,897 0.761358 (0.046043) with: {'batch_size': 64, 'lr': 0.001, 'max_epochs': 32, 'module__n_features': 20, 'module__n_neurons': 16, 'module__nonlin': ReLU()}
2024-05-31 17:29:14,897 0.825618 (0.036077) with: {'batch_size': 64, 'lr': 0.001, 'max_epochs': 32, 'module__n_features': 20, 'module__n_neurons': 32, 'module__nonlin': Tanh()}
2024-05-31 17:29:14,897 0.824838 (0.044429) with: {'batch_size': 64, 'lr': 0.001, 'max_epochs': 32, 'module__n_features': 20, 'module__n_neurons': 32, 'module__nonlin': ReLU()}
2024-05-31 17:29:14,897 0.832183 (0.034052) with: {'batch_size': 64, 'lr': 0.001, 'max_epochs': 32, 'module__n_features': 20, 'module__n_neurons': 64, 'module__nonlin': Tanh()}
2024-05-31 17:29:14,897 0.827275 (0.034597) with: {'batch_size': 64, 'lr': 0.001, 'max_epochs': 32, 'module__n_features': 20, 'module__n_neurons': 64, 'module__nonlin': ReLU()}
2024-05-31 17:29:14,897 0.844374 (0.021851) with: {'batch_size': 64, 'lr': 0.001, 'max_epochs': 32, 'module__n_features': 20, 'module__n_neurons': 128, 'module__nonlin': Tanh()}
2024-05-31 17:29:14,897 0.839561 (0.037079) with: {'batch_size': 64, 'lr': 0.001, 'max_epochs': 32, 'module__n_features': 20, 'module__n_neurons': 128, 'module__nonlin': ReLU()}
2024-05-31 17:29:14,897 0.844998 (0.017429) with: {'batch_size': 64, 'lr': 0.001, 'max_epochs': 32, 'module__n_features': 20, 'module__n_neurons': 256, 'module__nonlin': Tanh()}
2024-05-31 17:29:14,897 0.853315 (0.018308) with: {'batch_size': 64, 'lr': 0.001, 'max_epochs': 32, 'module__n_features': 20, 'module__n_neurons': 256, 'module__nonlin': ReLU()}
2024-05-31 17:29:14,897 0.817019 (0.036404) with: {'batch_size': 64, 'lr': 0.001, 'max_epochs': 64, 'module__n_features': 20, 'module__n_neurons': 16, 'module__nonlin': Tanh()}
2024-05-31 17:29:14,897 0.823709 (0.027175) with: {'batch_size': 64, 'lr': 0.001, 'max_epochs': 64, 'module__n_features': 20, 'module__n_neurons': 16, 'module__nonlin': ReLU()}
2024-05-31 17:29:14,897 0.840903 (0.021816) with: {'batch_size': 64, 'lr': 0.001, 'max_epochs': 64, 'module__n_features': 20, 'module__n_neurons': 32, 'module__nonlin': Tanh()}
2024-05-31 17:29:14,897 0.829118 (0.031021) with: {'batch_size': 64, 'lr': 0.001, 'max_epochs': 64, 'module__n_features': 20, 'module__n_neurons': 32, 'module__nonlin': ReLU()}
2024-05-31 17:29:14,897 0.843967 (0.021207) with: {'batch_size': 64, 'lr': 0.001, 'max_epochs': 64, 'module__n_features': 20, 'module__n_neurons': 64, 'module__nonlin': Tanh()}
2024-05-31 17:29:14,897 0.850002 (0.023109) with: {'batch_size': 64, 'lr': 0.001, 'max_epochs': 64, 'module__n_features': 20, 'module__n_neurons': 64, 'module__nonlin': ReLU()}
2024-05-31 17:29:14,897 0.845279 (0.017225) with: {'batch_size': 64, 'lr': 0.001, 'max_epochs': 64, 'module__n_features': 20, 'module__n_neurons': 128, 'module__nonlin': Tanh()}
2024-05-31 17:29:14,897 0.852909 (0.022467) with: {'batch_size': 64, 'lr': 0.001, 'max_epochs': 64, 'module__n_features': 20, 'module__n_neurons': 128, 'module__nonlin': ReLU()}
2024-05-31 17:29:14,897 0.845373 (0.017291) with: {'batch_size': 64, 'lr': 0.001, 'max_epochs': 64, 'module__n_features': 20, 'module__n_neurons': 256, 'module__nonlin': Tanh()}
2024-05-31 17:29:14,897 0.865132 (0.019148) with: {'batch_size': 64, 'lr': 0.001, 'max_epochs': 64, 'module__n_features': 20, 'module__n_neurons': 256, 'module__nonlin': ReLU()}
2024-05-31 17:29:14,897 0.842279 (0.021239) with: {'batch_size': 64, 'lr': 0.001, 'max_epochs': 128, 'module__n_features': 20, 'module__n_neurons': 16, 'module__nonlin': Tanh()}
2024-05-31 17:29:14,897 0.831120 (0.033425) with: {'batch_size': 64, 'lr': 0.001, 'max_epochs': 128, 'module__n_features': 20, 'module__n_neurons': 16, 'module__nonlin': ReLU()}
2024-05-31 17:29:14,897 0.844529 (0.017512) with: {'batch_size': 64, 'lr': 0.001, 'max_epochs': 128, 'module__n_features': 20, 'module__n_neurons': 32, 'module__nonlin': Tanh()}
2024-05-31 17:29:14,897 0.848593 (0.019369) with: {'batch_size': 64, 'lr': 0.001, 'max_epochs': 128, 'module__n_features': 20, 'module__n_neurons': 32, 'module__nonlin': ReLU()}
2024-05-31 17:29:14,897 0.845467 (0.017375) with: {'batch_size': 64, 'lr': 0.001, 'max_epochs': 128, 'module__n_features': 20, 'module__n_neurons': 64, 'module__nonlin': Tanh()}
2024-05-31 17:29:14,897 0.855253 (0.018320) with: {'batch_size': 64, 'lr': 0.001, 'max_epochs': 128, 'module__n_features': 20, 'module__n_neurons': 64, 'module__nonlin': ReLU()}
2024-05-31 17:29:14,897 0.845061 (0.017293) with: {'batch_size': 64, 'lr': 0.001, 'max_epochs': 128, 'module__n_features': 20, 'module__n_neurons': 128, 'module__nonlin': Tanh()}
2024-05-31 17:29:14,897 0.886547 (0.014287) with: {'batch_size': 64, 'lr': 0.001, 'max_epochs': 128, 'module__n_features': 20, 'module__n_neurons': 128, 'module__nonlin': ReLU()}
2024-05-31 17:29:14,897 0.845561 (0.017704) with: {'batch_size': 64, 'lr': 0.001, 'max_epochs': 128, 'module__n_features': 20, 'module__n_neurons': 256, 'module__nonlin': Tanh()}
2024-05-31 17:29:14,897 0.878139 (0.021841) with: {'batch_size': 64, 'lr': 0.001, 'max_epochs': 128, 'module__n_features': 20, 'module__n_neurons': 256, 'module__nonlin': ReLU()}
2024-05-31 17:29:14,897 0.841873 (0.023502) with: {'batch_size': 64, 'lr': 0.01, 'max_epochs': 16, 'module__n_features': 20, 'module__n_neurons': 16, 'module__nonlin': Tanh()}
2024-05-31 17:29:14,897 0.831027 (0.040117) with: {'batch_size': 64, 'lr': 0.01, 'max_epochs': 16, 'module__n_features': 20, 'module__n_neurons': 16, 'module__nonlin': ReLU()}
2024-05-31 17:29:14,897 0.843748 (0.020255) with: {'batch_size': 64, 'lr': 0.01, 'max_epochs': 16, 'module__n_features': 20, 'module__n_neurons': 32, 'module__nonlin': Tanh()}
2024-05-31 17:29:14,897 0.840998 (0.025662) with: {'batch_size': 64, 'lr': 0.01, 'max_epochs': 16, 'module__n_features': 20, 'module__n_neurons': 32, 'module__nonlin': ReLU()}
2024-05-31 17:29:14,897 0.844842 (0.018128) with: {'batch_size': 64, 'lr': 0.01, 'max_epochs': 16, 'module__n_features': 20, 'module__n_neurons': 64, 'module__nonlin': Tanh()}
2024-05-31 17:29:14,897 0.852439 (0.018927) with: {'batch_size': 64, 'lr': 0.01, 'max_epochs': 16, 'module__n_features': 20, 'module__n_neurons': 64, 'module__nonlin': ReLU()}
2024-05-31 17:29:14,898 0.845467 (0.017896) with: {'batch_size': 64, 'lr': 0.01, 'max_epochs': 16, 'module__n_features': 20, 'module__n_neurons': 128, 'module__nonlin': Tanh()}
2024-05-31 17:29:14,898 0.861099 (0.017602) with: {'batch_size': 64, 'lr': 0.01, 'max_epochs': 16, 'module__n_features': 20, 'module__n_neurons': 128, 'module__nonlin': ReLU()}
2024-05-31 17:29:14,898 0.845186 (0.017640) with: {'batch_size': 64, 'lr': 0.01, 'max_epochs': 16, 'module__n_features': 20, 'module__n_neurons': 256, 'module__nonlin': Tanh()}
2024-05-31 17:29:14,898 0.862255 (0.016148) with: {'batch_size': 64, 'lr': 0.01, 'max_epochs': 16, 'module__n_features': 20, 'module__n_neurons': 256, 'module__nonlin': ReLU()}
2024-05-31 17:29:14,898 0.846655 (0.017114) with: {'batch_size': 64, 'lr': 0.01, 'max_epochs': 32, 'module__n_features': 20, 'module__n_neurons': 16, 'module__nonlin': Tanh()}
2024-05-31 17:29:14,898 0.846062 (0.018993) with: {'batch_size': 64, 'lr': 0.01, 'max_epochs': 32, 'module__n_features': 20, 'module__n_neurons': 16, 'module__nonlin': ReLU()}
2024-05-31 17:29:14,898 0.845279 (0.016646) with: {'batch_size': 64, 'lr': 0.01, 'max_epochs': 32, 'module__n_features': 20, 'module__n_neurons': 32, 'module__nonlin': Tanh()}
2024-05-31 17:29:14,898 0.854596 (0.019619) with: {'batch_size': 64, 'lr': 0.01, 'max_epochs': 32, 'module__n_features': 20, 'module__n_neurons': 32, 'module__nonlin': ReLU()}
2024-05-31 17:29:14,898 0.845029 (0.017023) with: {'batch_size': 64, 'lr': 0.01, 'max_epochs': 32, 'module__n_features': 20, 'module__n_neurons': 64, 'module__nonlin': Tanh()}
2024-05-31 17:29:14,898 0.854220 (0.015300) with: {'batch_size': 64, 'lr': 0.01, 'max_epochs': 32, 'module__n_features': 20, 'module__n_neurons': 64, 'module__nonlin': ReLU()}
2024-05-31 17:29:14,898 0.845592 (0.017034) with: {'batch_size': 64, 'lr': 0.01, 'max_epochs': 32, 'module__n_features': 20, 'module__n_neurons': 128, 'module__nonlin': Tanh()}
2024-05-31 17:29:14,898 0.872323 (0.018525) with: {'batch_size': 64, 'lr': 0.01, 'max_epochs': 32, 'module__n_features': 20, 'module__n_neurons': 128, 'module__nonlin': ReLU()}
2024-05-31 17:29:14,898 0.848906 (0.014288) with: {'batch_size': 64, 'lr': 0.01, 'max_epochs': 32, 'module__n_features': 20, 'module__n_neurons': 256, 'module__nonlin': Tanh()}
2024-05-31 17:29:14,898 0.898582 (0.017249) with: {'batch_size': 64, 'lr': 0.01, 'max_epochs': 32, 'module__n_features': 20, 'module__n_neurons': 256, 'module__nonlin': ReLU()}
2024-05-31 17:29:14,898 0.847749 (0.017752) with: {'batch_size': 64, 'lr': 0.01, 'max_epochs': 64, 'module__n_features': 20, 'module__n_neurons': 16, 'module__nonlin': Tanh()}
2024-05-31 17:29:14,898 0.851188 (0.016564) with: {'batch_size': 64, 'lr': 0.01, 'max_epochs': 64, 'module__n_features': 20, 'module__n_neurons': 16, 'module__nonlin': ReLU()}
2024-05-31 17:29:14,898 0.848125 (0.016909) with: {'batch_size': 64, 'lr': 0.01, 'max_epochs': 64, 'module__n_features': 20, 'module__n_neurons': 32, 'module__nonlin': Tanh()}
2024-05-31 17:29:14,898 0.867193 (0.009841) with: {'batch_size': 64, 'lr': 0.01, 'max_epochs': 64, 'module__n_features': 20, 'module__n_neurons': 32, 'module__nonlin': ReLU()}
2024-05-31 17:29:14,898 0.850313 (0.016280) with: {'batch_size': 64, 'lr': 0.01, 'max_epochs': 64, 'module__n_features': 20, 'module__n_neurons': 64, 'module__nonlin': Tanh()}
2024-05-31 17:29:14,898 0.877416 (0.011186) with: {'batch_size': 64, 'lr': 0.01, 'max_epochs': 64, 'module__n_features': 20, 'module__n_neurons': 64, 'module__nonlin': ReLU()}
2024-05-31 17:29:14,898 0.860067 (0.016470) with: {'batch_size': 64, 'lr': 0.01, 'max_epochs': 64, 'module__n_features': 20, 'module__n_neurons': 128, 'module__nonlin': Tanh()}
2024-05-31 17:29:14,898 0.884108 (0.017276) with: {'batch_size': 64, 'lr': 0.01, 'max_epochs': 64, 'module__n_features': 20, 'module__n_neurons': 128, 'module__nonlin': ReLU()}
2024-05-31 17:29:14,898 0.864695 (0.020424) with: {'batch_size': 64, 'lr': 0.01, 'max_epochs': 64, 'module__n_features': 20, 'module__n_neurons': 256, 'module__nonlin': Tanh()}
2024-05-31 17:29:14,898 0.912651 (0.015016) with: {'batch_size': 64, 'lr': 0.01, 'max_epochs': 64, 'module__n_features': 20, 'module__n_neurons': 256, 'module__nonlin': ReLU()}
2024-05-31 17:29:14,898 0.857661 (0.022158) with: {'batch_size': 64, 'lr': 0.01, 'max_epochs': 128, 'module__n_features': 20, 'module__n_neurons': 16, 'module__nonlin': Tanh()}
2024-05-31 17:29:14,898 0.850032 (0.018656) with: {'batch_size': 64, 'lr': 0.01, 'max_epochs': 128, 'module__n_features': 20, 'module__n_neurons': 16, 'module__nonlin': ReLU()}
2024-05-31 17:29:14,898 0.868510 (0.022157) with: {'batch_size': 64, 'lr': 0.01, 'max_epochs': 128, 'module__n_features': 20, 'module__n_neurons': 32, 'module__nonlin': Tanh()}
2024-05-31 17:29:14,898 0.875855 (0.015327) with: {'batch_size': 64, 'lr': 0.01, 'max_epochs': 128, 'module__n_features': 20, 'module__n_neurons': 32, 'module__nonlin': ReLU()}
2024-05-31 17:29:14,898 0.865009 (0.025119) with: {'batch_size': 64, 'lr': 0.01, 'max_epochs': 128, 'module__n_features': 20, 'module__n_neurons': 64, 'module__nonlin': Tanh()}
2024-05-31 17:29:14,898 0.873541 (0.024678) with: {'batch_size': 64, 'lr': 0.01, 'max_epochs': 128, 'module__n_features': 20, 'module__n_neurons': 64, 'module__nonlin': ReLU()}
2024-05-31 17:29:14,898 0.867728 (0.021814) with: {'batch_size': 64, 'lr': 0.01, 'max_epochs': 128, 'module__n_features': 20, 'module__n_neurons': 128, 'module__nonlin': Tanh()}
2024-05-31 17:29:14,898 0.900551 (0.013195) with: {'batch_size': 64, 'lr': 0.01, 'max_epochs': 128, 'module__n_features': 20, 'module__n_neurons': 128, 'module__nonlin': ReLU()}
2024-05-31 17:29:14,898 0.876199 (0.022851) with: {'batch_size': 64, 'lr': 0.01, 'max_epochs': 128, 'module__n_features': 20, 'module__n_neurons': 256, 'module__nonlin': Tanh()}
2024-05-31 17:29:14,898 0.896879 (0.018177) with: {'batch_size': 64, 'lr': 0.01, 'max_epochs': 128, 'module__n_features': 20, 'module__n_neurons': 256, 'module__nonlin': ReLU()}
2024-05-31 17:29:14,898 0.844967 (0.018432) with: {'batch_size': 64, 'lr': 0.02, 'max_epochs': 16, 'module__n_features': 20, 'module__n_neurons': 16, 'module__nonlin': Tanh()}
2024-05-31 17:29:14,898 0.841279 (0.021489) with: {'batch_size': 64, 'lr': 0.02, 'max_epochs': 16, 'module__n_features': 20, 'module__n_neurons': 16, 'module__nonlin': ReLU()}
2024-05-31 17:29:14,898 0.845624 (0.018437) with: {'batch_size': 64, 'lr': 0.02, 'max_epochs': 16, 'module__n_features': 20, 'module__n_neurons': 32, 'module__nonlin': Tanh()}
2024-05-31 17:29:14,898 0.847375 (0.021071) with: {'batch_size': 64, 'lr': 0.02, 'max_epochs': 16, 'module__n_features': 20, 'module__n_neurons': 32, 'module__nonlin': ReLU()}
2024-05-31 17:29:14,898 0.843966 (0.018433) with: {'batch_size': 64, 'lr': 0.02, 'max_epochs': 16, 'module__n_features': 20, 'module__n_neurons': 64, 'module__nonlin': Tanh()}
2024-05-31 17:29:14,898 0.847719 (0.025658) with: {'batch_size': 64, 'lr': 0.02, 'max_epochs': 16, 'module__n_features': 20, 'module__n_neurons': 64, 'module__nonlin': ReLU()}
2024-05-31 17:29:14,898 0.844154 (0.016818) with: {'batch_size': 64, 'lr': 0.02, 'max_epochs': 16, 'module__n_features': 20, 'module__n_neurons': 128, 'module__nonlin': Tanh()}
2024-05-31 17:29:14,898 0.851314 (0.020318) with: {'batch_size': 64, 'lr': 0.02, 'max_epochs': 16, 'module__n_features': 20, 'module__n_neurons': 128, 'module__nonlin': ReLU()}
2024-05-31 17:29:14,898 0.846811 (0.018427) with: {'batch_size': 64, 'lr': 0.02, 'max_epochs': 16, 'module__n_features': 20, 'module__n_neurons': 256, 'module__nonlin': Tanh()}
2024-05-31 17:29:14,898 0.860943 (0.021384) with: {'batch_size': 64, 'lr': 0.02, 'max_epochs': 16, 'module__n_features': 20, 'module__n_neurons': 256, 'module__nonlin': ReLU()}
2024-05-31 17:29:14,898 0.845561 (0.015796) with: {'batch_size': 64, 'lr': 0.02, 'max_epochs': 32, 'module__n_features': 20, 'module__n_neurons': 16, 'module__nonlin': Tanh()}
2024-05-31 17:29:14,898 0.845186 (0.019151) with: {'batch_size': 64, 'lr': 0.02, 'max_epochs': 32, 'module__n_features': 20, 'module__n_neurons': 16, 'module__nonlin': ReLU()}
2024-05-31 17:29:14,898 0.845998 (0.016174) with: {'batch_size': 64, 'lr': 0.02, 'max_epochs': 32, 'module__n_features': 20, 'module__n_neurons': 32, 'module__nonlin': Tanh()}
2024-05-31 17:29:14,898 0.850250 (0.015684) with: {'batch_size': 64, 'lr': 0.02, 'max_epochs': 32, 'module__n_features': 20, 'module__n_neurons': 32, 'module__nonlin': ReLU()}
2024-05-31 17:29:14,898 0.847343 (0.016061) with: {'batch_size': 64, 'lr': 0.02, 'max_epochs': 32, 'module__n_features': 20, 'module__n_neurons': 64, 'module__nonlin': Tanh()}
2024-05-31 17:29:14,899 0.859099 (0.022948) with: {'batch_size': 64, 'lr': 0.02, 'max_epochs': 32, 'module__n_features': 20, 'module__n_neurons': 64, 'module__nonlin': ReLU()}
2024-05-31 17:29:14,899 0.849875 (0.017660) with: {'batch_size': 64, 'lr': 0.02, 'max_epochs': 32, 'module__n_features': 20, 'module__n_neurons': 128, 'module__nonlin': Tanh()}
2024-05-31 17:29:14,899 0.883360 (0.026197) with: {'batch_size': 64, 'lr': 0.02, 'max_epochs': 32, 'module__n_features': 20, 'module__n_neurons': 128, 'module__nonlin': ReLU()}
2024-05-31 17:29:14,899 0.857160 (0.020189) with: {'batch_size': 64, 'lr': 0.02, 'max_epochs': 32, 'module__n_features': 20, 'module__n_neurons': 256, 'module__nonlin': Tanh()}
2024-05-31 17:29:14,899 0.892673 (0.014602) with: {'batch_size': 64, 'lr': 0.02, 'max_epochs': 32, 'module__n_features': 20, 'module__n_neurons': 256, 'module__nonlin': ReLU()}
2024-05-31 17:29:14,899 0.854973 (0.022196) with: {'batch_size': 64, 'lr': 0.02, 'max_epochs': 64, 'module__n_features': 20, 'module__n_neurons': 16, 'module__nonlin': Tanh()}
2024-05-31 17:29:14,899 0.851908 (0.016508) with: {'batch_size': 64, 'lr': 0.02, 'max_epochs': 64, 'module__n_features': 20, 'module__n_neurons': 16, 'module__nonlin': ReLU()}
2024-05-31 17:29:14,899 0.857973 (0.017532) with: {'batch_size': 64, 'lr': 0.02, 'max_epochs': 64, 'module__n_features': 20, 'module__n_neurons': 32, 'module__nonlin': Tanh()}
2024-05-31 17:29:14,899 0.870292 (0.030724) with: {'batch_size': 64, 'lr': 0.02, 'max_epochs': 64, 'module__n_features': 20, 'module__n_neurons': 32, 'module__nonlin': ReLU()}
2024-05-31 17:29:14,899 0.855659 (0.018208) with: {'batch_size': 64, 'lr': 0.02, 'max_epochs': 64, 'module__n_features': 20, 'module__n_neurons': 64, 'module__nonlin': Tanh()}
2024-05-31 17:29:14,899 0.879919 (0.019014) with: {'batch_size': 64, 'lr': 0.02, 'max_epochs': 64, 'module__n_features': 20, 'module__n_neurons': 64, 'module__nonlin': ReLU()}
2024-05-31 17:29:14,899 0.864007 (0.023787) with: {'batch_size': 64, 'lr': 0.02, 'max_epochs': 64, 'module__n_features': 20, 'module__n_neurons': 128, 'module__nonlin': Tanh()}
2024-05-31 17:29:14,899 0.902898 (0.015411) with: {'batch_size': 64, 'lr': 0.02, 'max_epochs': 64, 'module__n_features': 20, 'module__n_neurons': 128, 'module__nonlin': ReLU()}
2024-05-31 17:29:14,899 0.884170 (0.019277) with: {'batch_size': 64, 'lr': 0.02, 'max_epochs': 64, 'module__n_features': 20, 'module__n_neurons': 256, 'module__nonlin': Tanh()}
2024-05-31 17:29:14,899 0.887996 (0.038507) with: {'batch_size': 64, 'lr': 0.02, 'max_epochs': 64, 'module__n_features': 20, 'module__n_neurons': 256, 'module__nonlin': ReLU()}
2024-05-31 17:29:14,899 0.854911 (0.027510) with: {'batch_size': 64, 'lr': 0.02, 'max_epochs': 128, 'module__n_features': 20, 'module__n_neurons': 16, 'module__nonlin': Tanh()}
2024-05-31 17:29:14,899 0.852501 (0.016429) with: {'batch_size': 64, 'lr': 0.02, 'max_epochs': 128, 'module__n_features': 20, 'module__n_neurons': 16, 'module__nonlin': ReLU()}
2024-05-31 17:29:14,899 0.863666 (0.030521) with: {'batch_size': 64, 'lr': 0.02, 'max_epochs': 128, 'module__n_features': 20, 'module__n_neurons': 32, 'module__nonlin': Tanh()}
2024-05-31 17:29:14,899 0.852311 (0.007213) with: {'batch_size': 64, 'lr': 0.02, 'max_epochs': 128, 'module__n_features': 20, 'module__n_neurons': 32, 'module__nonlin': ReLU()}
2024-05-31 17:29:14,899 0.864758 (0.023191) with: {'batch_size': 64, 'lr': 0.02, 'max_epochs': 128, 'module__n_features': 20, 'module__n_neurons': 64, 'module__nonlin': Tanh()}
2024-05-31 17:29:14,899 0.885329 (0.020427) with: {'batch_size': 64, 'lr': 0.02, 'max_epochs': 128, 'module__n_features': 20, 'module__n_neurons': 64, 'module__nonlin': ReLU()}
2024-05-31 17:29:14,899 0.883139 (0.020022) with: {'batch_size': 64, 'lr': 0.02, 'max_epochs': 128, 'module__n_features': 20, 'module__n_neurons': 128, 'module__nonlin': Tanh()}
2024-05-31 17:29:14,899 0.897864 (0.016841) with: {'batch_size': 64, 'lr': 0.02, 'max_epochs': 128, 'module__n_features': 20, 'module__n_neurons': 128, 'module__nonlin': ReLU()}
2024-05-31 17:29:14,899 0.889673 (0.016412) with: {'batch_size': 64, 'lr': 0.02, 'max_epochs': 128, 'module__n_features': 20, 'module__n_neurons': 256, 'module__nonlin': Tanh()}
2024-05-31 17:29:14,899 0.901302 (0.013157) with: {'batch_size': 64, 'lr': 0.02, 'max_epochs': 128, 'module__n_features': 20, 'module__n_neurons': 256, 'module__nonlin': ReLU()}
2024-05-31 17:29:14,899 0.690046 (0.032810) with: {'batch_size': 128, 'lr': 0.001, 'max_epochs': 16, 'module__n_features': 20, 'module__n_neurons': 16, 'module__nonlin': Tanh()}
2024-05-31 17:29:14,899 0.717655 (0.041612) with: {'batch_size': 128, 'lr': 0.001, 'max_epochs': 16, 'module__n_features': 20, 'module__n_neurons': 16, 'module__nonlin': ReLU()}
2024-05-31 17:29:14,899 0.801761 (0.031808) with: {'batch_size': 128, 'lr': 0.001, 'max_epochs': 16, 'module__n_features': 20, 'module__n_neurons': 32, 'module__nonlin': Tanh()}
2024-05-31 17:29:14,899 0.761083 (0.014818) with: {'batch_size': 128, 'lr': 0.001, 'max_epochs': 16, 'module__n_features': 20, 'module__n_neurons': 32, 'module__nonlin': ReLU()}
2024-05-31 17:29:14,899 0.805320 (0.022734) with: {'batch_size': 128, 'lr': 0.001, 'max_epochs': 16, 'module__n_features': 20, 'module__n_neurons': 64, 'module__nonlin': Tanh()}
2024-05-31 17:29:14,899 0.798329 (0.054007) with: {'batch_size': 128, 'lr': 0.001, 'max_epochs': 16, 'module__n_features': 20, 'module__n_neurons': 64, 'module__nonlin': ReLU()}
2024-05-31 17:29:14,899 0.834465 (0.031535) with: {'batch_size': 128, 'lr': 0.001, 'max_epochs': 16, 'module__n_features': 20, 'module__n_neurons': 128, 'module__nonlin': Tanh()}
2024-05-31 17:29:14,899 0.816328 (0.021507) with: {'batch_size': 128, 'lr': 0.001, 'max_epochs': 16, 'module__n_features': 20, 'module__n_neurons': 128, 'module__nonlin': ReLU()}
2024-05-31 17:29:14,899 0.837152 (0.022972) with: {'batch_size': 128, 'lr': 0.001, 'max_epochs': 16, 'module__n_features': 20, 'module__n_neurons': 256, 'module__nonlin': Tanh()}
2024-05-31 17:29:14,899 0.839748 (0.026826) with: {'batch_size': 128, 'lr': 0.001, 'max_epochs': 16, 'module__n_features': 20, 'module__n_neurons': 256, 'module__nonlin': ReLU()}
2024-05-31 17:29:14,899 0.787378 (0.025471) with: {'batch_size': 128, 'lr': 0.001, 'max_epochs': 32, 'module__n_features': 20, 'module__n_neurons': 16, 'module__nonlin': Tanh()}
2024-05-31 17:29:14,899 0.758402 (0.036963) with: {'batch_size': 128, 'lr': 0.001, 'max_epochs': 32, 'module__n_features': 20, 'module__n_neurons': 16, 'module__nonlin': ReLU()}
2024-05-31 17:29:14,899 0.812923 (0.040333) with: {'batch_size': 128, 'lr': 0.001, 'max_epochs': 32, 'module__n_features': 20, 'module__n_neurons': 32, 'module__nonlin': Tanh()}
2024-05-31 17:29:14,899 0.806479 (0.012500) with: {'batch_size': 128, 'lr': 0.001, 'max_epochs': 32, 'module__n_features': 20, 'module__n_neurons': 32, 'module__nonlin': ReLU()}
2024-05-31 17:29:14,899 0.838653 (0.029907) with: {'batch_size': 128, 'lr': 0.001, 'max_epochs': 32, 'module__n_features': 20, 'module__n_neurons': 64, 'module__nonlin': Tanh()}
2024-05-31 17:29:14,899 0.819365 (0.041167) with: {'batch_size': 128, 'lr': 0.001, 'max_epochs': 32, 'module__n_features': 20, 'module__n_neurons': 64, 'module__nonlin': ReLU()}
2024-05-31 17:29:14,899 0.839936 (0.032830) with: {'batch_size': 128, 'lr': 0.001, 'max_epochs': 32, 'module__n_features': 20, 'module__n_neurons': 128, 'module__nonlin': Tanh()}
2024-05-31 17:29:14,899 0.835402 (0.026470) with: {'batch_size': 128, 'lr': 0.001, 'max_epochs': 32, 'module__n_features': 20, 'module__n_neurons': 128, 'module__nonlin': ReLU()}
2024-05-31 17:29:14,899 0.845248 (0.018175) with: {'batch_size': 128, 'lr': 0.001, 'max_epochs': 32, 'module__n_features': 20, 'module__n_neurons': 256, 'module__nonlin': Tanh()}
2024-05-31 17:29:14,899 0.848595 (0.025420) with: {'batch_size': 128, 'lr': 0.001, 'max_epochs': 32, 'module__n_features': 20, 'module__n_neurons': 256, 'module__nonlin': ReLU()}
2024-05-31 17:29:14,899 0.799321 (0.024087) with: {'batch_size': 128, 'lr': 0.001, 'max_epochs': 64, 'module__n_features': 20, 'module__n_neurons': 16, 'module__nonlin': Tanh()}
2024-05-31 17:29:14,899 0.776164 (0.038436) with: {'batch_size': 128, 'lr': 0.001, 'max_epochs': 64, 'module__n_features': 20, 'module__n_neurons': 16, 'module__nonlin': ReLU()}
2024-05-31 17:29:14,899 0.823430 (0.046273) with: {'batch_size': 128, 'lr': 0.001, 'max_epochs': 64, 'module__n_features': 20, 'module__n_neurons': 32, 'module__nonlin': Tanh()}
2024-05-31 17:29:14,900 0.811519 (0.043152) with: {'batch_size': 128, 'lr': 0.001, 'max_epochs': 64, 'module__n_features': 20, 'module__n_neurons': 32, 'module__nonlin': ReLU()}
2024-05-31 17:29:14,900 0.844624 (0.020835) with: {'batch_size': 128, 'lr': 0.001, 'max_epochs': 64, 'module__n_features': 20, 'module__n_neurons': 64, 'module__nonlin': Tanh()}
2024-05-31 17:29:14,900 0.839464 (0.022266) with: {'batch_size': 128, 'lr': 0.001, 'max_epochs': 64, 'module__n_features': 20, 'module__n_neurons': 64, 'module__nonlin': ReLU()}
2024-05-31 17:29:14,900 0.845186 (0.017420) with: {'batch_size': 128, 'lr': 0.001, 'max_epochs': 64, 'module__n_features': 20, 'module__n_neurons': 128, 'module__nonlin': Tanh()}
2024-05-31 17:29:14,900 0.847532 (0.024178) with: {'batch_size': 128, 'lr': 0.001, 'max_epochs': 64, 'module__n_features': 20, 'module__n_neurons': 128, 'module__nonlin': ReLU()}
2024-05-31 17:29:14,900 0.845373 (0.017542) with: {'batch_size': 128, 'lr': 0.001, 'max_epochs': 64, 'module__n_features': 20, 'module__n_neurons': 256, 'module__nonlin': Tanh()}
2024-05-31 17:29:14,900 0.861974 (0.017647) with: {'batch_size': 128, 'lr': 0.001, 'max_epochs': 64, 'module__n_features': 20, 'module__n_neurons': 256, 'module__nonlin': ReLU()}
2024-05-31 17:29:14,900 0.839060 (0.032697) with: {'batch_size': 128, 'lr': 0.001, 'max_epochs': 128, 'module__n_features': 20, 'module__n_neurons': 16, 'module__nonlin': Tanh()}
2024-05-31 17:29:14,900 0.827336 (0.032443) with: {'batch_size': 128, 'lr': 0.001, 'max_epochs': 128, 'module__n_features': 20, 'module__n_neurons': 16, 'module__nonlin': ReLU()}
2024-05-31 17:29:14,900 0.845186 (0.020107) with: {'batch_size': 128, 'lr': 0.001, 'max_epochs': 128, 'module__n_features': 20, 'module__n_neurons': 32, 'module__nonlin': Tanh()}
2024-05-31 17:29:14,900 0.838621 (0.027456) with: {'batch_size': 128, 'lr': 0.001, 'max_epochs': 128, 'module__n_features': 20, 'module__n_neurons': 32, 'module__nonlin': ReLU()}
2024-05-31 17:29:14,900 0.844842 (0.017039) with: {'batch_size': 128, 'lr': 0.001, 'max_epochs': 128, 'module__n_features': 20, 'module__n_neurons': 64, 'module__nonlin': Tanh()}
2024-05-31 17:29:14,900 0.851157 (0.016827) with: {'batch_size': 128, 'lr': 0.001, 'max_epochs': 128, 'module__n_features': 20, 'module__n_neurons': 64, 'module__nonlin': ReLU()}
2024-05-31 17:29:14,900 0.845436 (0.017024) with: {'batch_size': 128, 'lr': 0.001, 'max_epochs': 128, 'module__n_features': 20, 'module__n_neurons': 128, 'module__nonlin': Tanh()}
2024-05-31 17:29:14,900 0.874386 (0.018526) with: {'batch_size': 128, 'lr': 0.001, 'max_epochs': 128, 'module__n_features': 20, 'module__n_neurons': 128, 'module__nonlin': ReLU()}
2024-05-31 17:29:14,900 0.845217 (0.017503) with: {'batch_size': 128, 'lr': 0.001, 'max_epochs': 128, 'module__n_features': 20, 'module__n_neurons': 256, 'module__nonlin': Tanh()}
2024-05-31 17:29:14,900 0.898583 (0.010682) with: {'batch_size': 128, 'lr': 0.001, 'max_epochs': 128, 'module__n_features': 20, 'module__n_neurons': 256, 'module__nonlin': ReLU()}
2024-05-31 17:29:14,900 0.836965 (0.031601) with: {'batch_size': 128, 'lr': 0.01, 'max_epochs': 16, 'module__n_features': 20, 'module__n_neurons': 16, 'module__nonlin': Tanh()}
2024-05-31 17:29:14,900 0.822897 (0.039650) with: {'batch_size': 128, 'lr': 0.01, 'max_epochs': 16, 'module__n_features': 20, 'module__n_neurons': 16, 'module__nonlin': ReLU()}
2024-05-31 17:29:14,900 0.841310 (0.025026) with: {'batch_size': 128, 'lr': 0.01, 'max_epochs': 16, 'module__n_features': 20, 'module__n_neurons': 32, 'module__nonlin': Tanh()}
2024-05-31 17:29:14,900 0.835402 (0.028577) with: {'batch_size': 128, 'lr': 0.01, 'max_epochs': 16, 'module__n_features': 20, 'module__n_neurons': 32, 'module__nonlin': ReLU()}
2024-05-31 17:29:14,900 0.843373 (0.020330) with: {'batch_size': 128, 'lr': 0.01, 'max_epochs': 16, 'module__n_features': 20, 'module__n_neurons': 64, 'module__nonlin': Tanh()}
2024-05-31 17:29:14,900 0.843343 (0.026057) with: {'batch_size': 128, 'lr': 0.01, 'max_epochs': 16, 'module__n_features': 20, 'module__n_neurons': 64, 'module__nonlin': ReLU()}
2024-05-31 17:29:14,900 0.845749 (0.020238) with: {'batch_size': 128, 'lr': 0.01, 'max_epochs': 16, 'module__n_features': 20, 'module__n_neurons': 128, 'module__nonlin': Tanh()}
2024-05-31 17:29:14,900 0.852470 (0.019199) with: {'batch_size': 128, 'lr': 0.01, 'max_epochs': 16, 'module__n_features': 20, 'module__n_neurons': 128, 'module__nonlin': ReLU()}
2024-05-31 17:29:14,900 0.847156 (0.019648) with: {'batch_size': 128, 'lr': 0.01, 'max_epochs': 16, 'module__n_features': 20, 'module__n_neurons': 256, 'module__nonlin': Tanh()}
2024-05-31 17:29:14,900 0.860973 (0.013366) with: {'batch_size': 128, 'lr': 0.01, 'max_epochs': 16, 'module__n_features': 20, 'module__n_neurons': 256, 'module__nonlin': ReLU()}
2024-05-31 17:29:14,900 0.844841 (0.016218) with: {'batch_size': 128, 'lr': 0.01, 'max_epochs': 32, 'module__n_features': 20, 'module__n_neurons': 16, 'module__nonlin': Tanh()}
2024-05-31 17:29:14,900 0.843467 (0.020493) with: {'batch_size': 128, 'lr': 0.01, 'max_epochs': 32, 'module__n_features': 20, 'module__n_neurons': 16, 'module__nonlin': ReLU()}
2024-05-31 17:29:14,900 0.845467 (0.016869) with: {'batch_size': 128, 'lr': 0.01, 'max_epochs': 32, 'module__n_features': 20, 'module__n_neurons': 32, 'module__nonlin': Tanh()}
2024-05-31 17:29:14,900 0.849374 (0.013076) with: {'batch_size': 128, 'lr': 0.01, 'max_epochs': 32, 'module__n_features': 20, 'module__n_neurons': 32, 'module__nonlin': ReLU()}
2024-05-31 17:29:14,900 0.844842 (0.016363) with: {'batch_size': 128, 'lr': 0.01, 'max_epochs': 32, 'module__n_features': 20, 'module__n_neurons': 64, 'module__nonlin': Tanh()}
2024-05-31 17:29:14,900 0.854282 (0.016587) with: {'batch_size': 128, 'lr': 0.01, 'max_epochs': 32, 'module__n_features': 20, 'module__n_neurons': 64, 'module__nonlin': ReLU()}
2024-05-31 17:29:14,900 0.845936 (0.016263) with: {'batch_size': 128, 'lr': 0.01, 'max_epochs': 32, 'module__n_features': 20, 'module__n_neurons': 128, 'module__nonlin': Tanh()}
2024-05-31 17:29:14,900 0.861975 (0.017551) with: {'batch_size': 128, 'lr': 0.01, 'max_epochs': 32, 'module__n_features': 20, 'module__n_neurons': 128, 'module__nonlin': ReLU()}
2024-05-31 17:29:14,900 0.845905 (0.016332) with: {'batch_size': 128, 'lr': 0.01, 'max_epochs': 32, 'module__n_features': 20, 'module__n_neurons': 256, 'module__nonlin': Tanh()}
2024-05-31 17:29:14,900 0.887767 (0.018524) with: {'batch_size': 128, 'lr': 0.01, 'max_epochs': 32, 'module__n_features': 20, 'module__n_neurons': 256, 'module__nonlin': ReLU()}
2024-05-31 17:29:14,900 0.846217 (0.016236) with: {'batch_size': 128, 'lr': 0.01, 'max_epochs': 64, 'module__n_features': 20, 'module__n_neurons': 16, 'module__nonlin': Tanh()}
2024-05-31 17:29:14,900 0.847218 (0.020046) with: {'batch_size': 128, 'lr': 0.01, 'max_epochs': 64, 'module__n_features': 20, 'module__n_neurons': 16, 'module__nonlin': ReLU()}
2024-05-31 17:29:14,900 0.846717 (0.017073) with: {'batch_size': 128, 'lr': 0.01, 'max_epochs': 64, 'module__n_features': 20, 'module__n_neurons': 32, 'module__nonlin': Tanh()}
2024-05-31 17:29:14,900 0.857440 (0.014209) with: {'batch_size': 128, 'lr': 0.01, 'max_epochs': 64, 'module__n_features': 20, 'module__n_neurons': 32, 'module__nonlin': ReLU()}
2024-05-31 17:29:14,900 0.845967 (0.017152) with: {'batch_size': 128, 'lr': 0.01, 'max_epochs': 64, 'module__n_features': 20, 'module__n_neurons': 64, 'module__nonlin': Tanh()}
2024-05-31 17:29:14,900 0.879607 (0.024126) with: {'batch_size': 128, 'lr': 0.01, 'max_epochs': 64, 'module__n_features': 20, 'module__n_neurons': 64, 'module__nonlin': ReLU()}
2024-05-31 17:29:14,900 0.849938 (0.020579) with: {'batch_size': 128, 'lr': 0.01, 'max_epochs': 64, 'module__n_features': 20, 'module__n_neurons': 128, 'module__nonlin': Tanh()}
2024-05-31 17:29:14,900 0.890110 (0.019330) with: {'batch_size': 128, 'lr': 0.01, 'max_epochs': 64, 'module__n_features': 20, 'module__n_neurons': 128, 'module__nonlin': ReLU()}
2024-05-31 17:29:14,900 0.856535 (0.018418) with: {'batch_size': 128, 'lr': 0.01, 'max_epochs': 64, 'module__n_features': 20, 'module__n_neurons': 256, 'module__nonlin': Tanh()}
2024-05-31 17:29:14,900 0.894707 (0.015813) with: {'batch_size': 128, 'lr': 0.01, 'max_epochs': 64, 'module__n_features': 20, 'module__n_neurons': 256, 'module__nonlin': ReLU()}
2024-05-31 17:29:14,900 0.853377 (0.016782) with: {'batch_size': 128, 'lr': 0.01, 'max_epochs': 128, 'module__n_features': 20, 'module__n_neurons': 16, 'module__nonlin': Tanh()}
2024-05-31 17:29:14,900 0.852031 (0.013036) with: {'batch_size': 128, 'lr': 0.01, 'max_epochs': 128, 'module__n_features': 20, 'module__n_neurons': 16, 'module__nonlin': ReLU()}
2024-05-31 17:29:14,901 0.862945 (0.021191) with: {'batch_size': 128, 'lr': 0.01, 'max_epochs': 128, 'module__n_features': 20, 'module__n_neurons': 32, 'module__nonlin': Tanh()}
2024-05-31 17:29:14,901 0.864321 (0.024002) with: {'batch_size': 128, 'lr': 0.01, 'max_epochs': 128, 'module__n_features': 20, 'module__n_neurons': 32, 'module__nonlin': ReLU()}
2024-05-31 17:29:14,901 0.866508 (0.019338) with: {'batch_size': 128, 'lr': 0.01, 'max_epochs': 128, 'module__n_features': 20, 'module__n_neurons': 64, 'module__nonlin': Tanh()}
2024-05-31 17:29:14,901 0.872509 (0.012290) with: {'batch_size': 128, 'lr': 0.01, 'max_epochs': 128, 'module__n_features': 20, 'module__n_neurons': 64, 'module__nonlin': ReLU()}
2024-05-31 17:29:14,901 0.863476 (0.019763) with: {'batch_size': 128, 'lr': 0.01, 'max_epochs': 128, 'module__n_features': 20, 'module__n_neurons': 128, 'module__nonlin': Tanh()}
2024-05-31 17:29:14,901 0.891799 (0.014685) with: {'batch_size': 128, 'lr': 0.01, 'max_epochs': 128, 'module__n_features': 20, 'module__n_neurons': 128, 'module__nonlin': ReLU()}
2024-05-31 17:29:14,901 0.867508 (0.018028) with: {'batch_size': 128, 'lr': 0.01, 'max_epochs': 128, 'module__n_features': 20, 'module__n_neurons': 256, 'module__nonlin': Tanh()}
2024-05-31 17:29:14,901 0.898474 (0.013250) with: {'batch_size': 128, 'lr': 0.01, 'max_epochs': 128, 'module__n_features': 20, 'module__n_neurons': 256, 'module__nonlin': ReLU()}
2024-05-31 17:29:14,901 0.844373 (0.019362) with: {'batch_size': 128, 'lr': 0.02, 'max_epochs': 16, 'module__n_features': 20, 'module__n_neurons': 16, 'module__nonlin': Tanh()}
2024-05-31 17:29:14,901 0.838776 (0.020734) with: {'batch_size': 128, 'lr': 0.02, 'max_epochs': 16, 'module__n_features': 20, 'module__n_neurons': 16, 'module__nonlin': ReLU()}
2024-05-31 17:29:14,901 0.843654 (0.022068) with: {'batch_size': 128, 'lr': 0.02, 'max_epochs': 16, 'module__n_features': 20, 'module__n_neurons': 32, 'module__nonlin': Tanh()}
2024-05-31 17:29:14,901 0.843655 (0.025374) with: {'batch_size': 128, 'lr': 0.02, 'max_epochs': 16, 'module__n_features': 20, 'module__n_neurons': 32, 'module__nonlin': ReLU()}
2024-05-31 17:29:14,901 0.844186 (0.019668) with: {'batch_size': 128, 'lr': 0.02, 'max_epochs': 16, 'module__n_features': 20, 'module__n_neurons': 64, 'module__nonlin': Tanh()}
2024-05-31 17:29:14,901 0.846125 (0.023290) with: {'batch_size': 128, 'lr': 0.02, 'max_epochs': 16, 'module__n_features': 20, 'module__n_neurons': 64, 'module__nonlin': ReLU()}
2024-05-31 17:29:14,901 0.844967 (0.018705) with: {'batch_size': 128, 'lr': 0.02, 'max_epochs': 16, 'module__n_features': 20, 'module__n_neurons': 128, 'module__nonlin': Tanh()}
2024-05-31 17:29:14,901 0.852878 (0.021400) with: {'batch_size': 128, 'lr': 0.02, 'max_epochs': 16, 'module__n_features': 20, 'module__n_neurons': 128, 'module__nonlin': ReLU()}
2024-05-31 17:29:14,901 0.846436 (0.015465) with: {'batch_size': 128, 'lr': 0.02, 'max_epochs': 16, 'module__n_features': 20, 'module__n_neurons': 256, 'module__nonlin': Tanh()}
2024-05-31 17:29:14,901 0.850063 (0.016349) with: {'batch_size': 128, 'lr': 0.02, 'max_epochs': 16, 'module__n_features': 20, 'module__n_neurons': 256, 'module__nonlin': ReLU()}
2024-05-31 17:29:14,901 0.845686 (0.015873) with: {'batch_size': 128, 'lr': 0.02, 'max_epochs': 32, 'module__n_features': 20, 'module__n_neurons': 16, 'module__nonlin': Tanh()}
2024-05-31 17:29:14,901 0.847593 (0.017020) with: {'batch_size': 128, 'lr': 0.02, 'max_epochs': 32, 'module__n_features': 20, 'module__n_neurons': 16, 'module__nonlin': ReLU()}
2024-05-31 17:29:14,901 0.845998 (0.016663) with: {'batch_size': 128, 'lr': 0.02, 'max_epochs': 32, 'module__n_features': 20, 'module__n_neurons': 32, 'module__nonlin': Tanh()}
2024-05-31 17:29:14,901 0.851752 (0.018919) with: {'batch_size': 128, 'lr': 0.02, 'max_epochs': 32, 'module__n_features': 20, 'module__n_neurons': 32, 'module__nonlin': ReLU()}
2024-05-31 17:29:14,901 0.845186 (0.016784) with: {'batch_size': 128, 'lr': 0.02, 'max_epochs': 32, 'module__n_features': 20, 'module__n_neurons': 64, 'module__nonlin': Tanh()}
2024-05-31 17:29:14,901 0.859536 (0.021277) with: {'batch_size': 128, 'lr': 0.02, 'max_epochs': 32, 'module__n_features': 20, 'module__n_neurons': 64, 'module__nonlin': ReLU()}
2024-05-31 17:29:14,901 0.847155 (0.013959) with: {'batch_size': 128, 'lr': 0.02, 'max_epochs': 32, 'module__n_features': 20, 'module__n_neurons': 128, 'module__nonlin': Tanh()}
2024-05-31 17:29:14,901 0.863851 (0.024676) with: {'batch_size': 128, 'lr': 0.02, 'max_epochs': 32, 'module__n_features': 20, 'module__n_neurons': 128, 'module__nonlin': ReLU()}
2024-05-31 17:29:14,901 0.850500 (0.014784) with: {'batch_size': 128, 'lr': 0.02, 'max_epochs': 32, 'module__n_features': 20, 'module__n_neurons': 256, 'module__nonlin': Tanh()}
2024-05-31 17:29:14,901 0.882015 (0.021491) with: {'batch_size': 128, 'lr': 0.02, 'max_epochs': 32, 'module__n_features': 20, 'module__n_neurons': 256, 'module__nonlin': ReLU()}
2024-05-31 17:29:14,901 0.848718 (0.017178) with: {'batch_size': 128, 'lr': 0.02, 'max_epochs': 64, 'module__n_features': 20, 'module__n_neurons': 16, 'module__nonlin': Tanh()}
2024-05-31 17:29:14,901 0.858912 (0.026420) with: {'batch_size': 128, 'lr': 0.02, 'max_epochs': 64, 'module__n_features': 20, 'module__n_neurons': 16, 'module__nonlin': ReLU()}
2024-05-31 17:29:14,901 0.851782 (0.017183) with: {'batch_size': 128, 'lr': 0.02, 'max_epochs': 64, 'module__n_features': 20, 'module__n_neurons': 32, 'module__nonlin': Tanh()}
2024-05-31 17:29:14,901 0.856473 (0.020794) with: {'batch_size': 128, 'lr': 0.02, 'max_epochs': 64, 'module__n_features': 20, 'module__n_neurons': 32, 'module__nonlin': ReLU()}
2024-05-31 17:29:14,901 0.857661 (0.018325) with: {'batch_size': 128, 'lr': 0.02, 'max_epochs': 64, 'module__n_features': 20, 'module__n_neurons': 64, 'module__nonlin': Tanh()}
2024-05-31 17:29:14,901 0.869008 (0.015433) with: {'batch_size': 128, 'lr': 0.02, 'max_epochs': 64, 'module__n_features': 20, 'module__n_neurons': 64, 'module__nonlin': ReLU()}
2024-05-31 17:29:14,901 0.857536 (0.021739) with: {'batch_size': 128, 'lr': 0.02, 'max_epochs': 64, 'module__n_features': 20, 'module__n_neurons': 128, 'module__nonlin': Tanh()}
2024-05-31 17:29:14,901 0.888672 (0.012036) with: {'batch_size': 128, 'lr': 0.02, 'max_epochs': 64, 'module__n_features': 20, 'module__n_neurons': 128, 'module__nonlin': ReLU()}
2024-05-31 17:29:14,901 0.863101 (0.018900) with: {'batch_size': 128, 'lr': 0.02, 'max_epochs': 64, 'module__n_features': 20, 'module__n_neurons': 256, 'module__nonlin': Tanh()}
2024-05-31 17:29:14,901 0.898302 (0.021559) with: {'batch_size': 128, 'lr': 0.02, 'max_epochs': 64, 'module__n_features': 20, 'module__n_neurons': 256, 'module__nonlin': ReLU()}
2024-05-31 17:29:14,901 0.855597 (0.021728) with: {'batch_size': 128, 'lr': 0.02, 'max_epochs': 128, 'module__n_features': 20, 'module__n_neurons': 16, 'module__nonlin': Tanh()}
2024-05-31 17:29:14,901 0.855066 (0.023001) with: {'batch_size': 128, 'lr': 0.02, 'max_epochs': 128, 'module__n_features': 20, 'module__n_neurons': 16, 'module__nonlin': ReLU()}
2024-05-31 17:29:14,901 0.869136 (0.027581) with: {'batch_size': 128, 'lr': 0.02, 'max_epochs': 128, 'module__n_features': 20, 'module__n_neurons': 32, 'module__nonlin': Tanh()}
2024-05-31 17:29:14,901 0.859912 (0.023941) with: {'batch_size': 128, 'lr': 0.02, 'max_epochs': 128, 'module__n_features': 20, 'module__n_neurons': 32, 'module__nonlin': ReLU()}
2024-05-31 17:29:14,901 0.864508 (0.020162) with: {'batch_size': 128, 'lr': 0.02, 'max_epochs': 128, 'module__n_features': 20, 'module__n_neurons': 64, 'module__nonlin': Tanh()}
2024-05-31 17:29:14,901 0.878016 (0.038514) with: {'batch_size': 128, 'lr': 0.02, 'max_epochs': 128, 'module__n_features': 20, 'module__n_neurons': 64, 'module__nonlin': ReLU()}
2024-05-31 17:29:14,901 0.869602 (0.012114) with: {'batch_size': 128, 'lr': 0.02, 'max_epochs': 128, 'module__n_features': 20, 'module__n_neurons': 128, 'module__nonlin': Tanh()}
2024-05-31 17:29:14,901 0.893725 (0.027997) with: {'batch_size': 128, 'lr': 0.02, 'max_epochs': 128, 'module__n_features': 20, 'module__n_neurons': 128, 'module__nonlin': ReLU()}
2024-05-31 17:29:14,901 0.870574 (0.029104) with: {'batch_size': 128, 'lr': 0.02, 'max_epochs': 128, 'module__n_features': 20, 'module__n_neurons': 256, 'module__nonlin': Tanh()}
2024-05-31 17:29:14,901 0.888735 (0.018638) with: {'batch_size': 128, 'lr': 0.02, 'max_epochs': 128, 'module__n_features': 20, 'module__n_neurons': 256, 'module__nonlin': ReLU()}
