2024-06-03 16:05:00,462 Best: 0.852499 using {'batch_size': 16, 'lr': 0.01, 'max_epochs': 16, 'module__n_features': 8, 'module__n_neurons': 64, 'module__nonlin': ReLU()}
2024-06-03 16:05:00,463 Best estimator configuration: 
 <class 'skorch.classifier.NeuralNetClassifier'>[initialized](
  module_=Module3Layers(
    (act): ReLU()
    (dense0): Linear(in_features=8, out_features=64, bias=True)
    (dense1): Linear(in_features=64, out_features=64, bias=True)
    (dense2): Linear(in_features=64, out_features=64, bias=True)
    (output): Linear(in_features=64, out_features=1, bias=True)
    (sigmoid): Sigmoid()
  ),
)
2024-06-03 16:05:00,463 0.761216 (0.055245) with: {'batch_size': 16, 'lr': 0.001, 'max_epochs': 16, 'module__n_features': 8, 'module__n_neurons': 16, 'module__nonlin': Tanh()}
2024-06-03 16:05:00,463 0.650256 (0.113624) with: {'batch_size': 16, 'lr': 0.001, 'max_epochs': 16, 'module__n_features': 8, 'module__n_neurons': 16, 'module__nonlin': ReLU()}
2024-06-03 16:05:00,463 0.784418 (0.013744) with: {'batch_size': 16, 'lr': 0.001, 'max_epochs': 16, 'module__n_features': 8, 'module__n_neurons': 32, 'module__nonlin': Tanh()}
2024-06-03 16:05:00,463 0.745595 (0.062087) with: {'batch_size': 16, 'lr': 0.001, 'max_epochs': 16, 'module__n_features': 8, 'module__n_neurons': 32, 'module__nonlin': ReLU()}
2024-06-03 16:05:00,463 0.830001 (0.025081) with: {'batch_size': 16, 'lr': 0.001, 'max_epochs': 16, 'module__n_features': 8, 'module__n_neurons': 64, 'module__nonlin': Tanh()}
2024-06-03 16:05:00,463 0.811709 (0.023229) with: {'batch_size': 16, 'lr': 0.001, 'max_epochs': 16, 'module__n_features': 8, 'module__n_neurons': 64, 'module__nonlin': ReLU()}
2024-06-03 16:05:00,463 0.836979 (0.020296) with: {'batch_size': 16, 'lr': 0.001, 'max_epochs': 16, 'module__n_features': 8, 'module__n_neurons': 128, 'module__nonlin': Tanh()}
2024-06-03 16:05:00,463 0.831826 (0.025091) with: {'batch_size': 16, 'lr': 0.001, 'max_epochs': 16, 'module__n_features': 8, 'module__n_neurons': 128, 'module__nonlin': ReLU()}
2024-06-03 16:05:00,463 0.836282 (0.022249) with: {'batch_size': 16, 'lr': 0.001, 'max_epochs': 16, 'module__n_features': 8, 'module__n_neurons': 256, 'module__nonlin': Tanh()}
2024-06-03 16:05:00,463 0.843845 (0.022088) with: {'batch_size': 16, 'lr': 0.001, 'max_epochs': 16, 'module__n_features': 8, 'module__n_neurons': 256, 'module__nonlin': ReLU()}
2024-06-03 16:05:00,463 0.796386 (0.031123) with: {'batch_size': 16, 'lr': 0.001, 'max_epochs': 32, 'module__n_features': 8, 'module__n_neurons': 16, 'module__nonlin': Tanh()}
2024-06-03 16:05:00,463 0.769152 (0.021920) with: {'batch_size': 16, 'lr': 0.001, 'max_epochs': 32, 'module__n_features': 8, 'module__n_neurons': 16, 'module__nonlin': ReLU()}
2024-06-03 16:05:00,463 0.830460 (0.024703) with: {'batch_size': 16, 'lr': 0.001, 'max_epochs': 32, 'module__n_features': 8, 'module__n_neurons': 32, 'module__nonlin': Tanh()}
2024-06-03 16:05:00,463 0.803399 (0.031796) with: {'batch_size': 16, 'lr': 0.001, 'max_epochs': 32, 'module__n_features': 8, 'module__n_neurons': 32, 'module__nonlin': ReLU()}
2024-06-03 16:05:00,463 0.835915 (0.021362) with: {'batch_size': 16, 'lr': 0.001, 'max_epochs': 32, 'module__n_features': 8, 'module__n_neurons': 64, 'module__nonlin': Tanh()}
2024-06-03 16:05:00,463 0.832840 (0.028419) with: {'batch_size': 16, 'lr': 0.001, 'max_epochs': 32, 'module__n_features': 8, 'module__n_neurons': 64, 'module__nonlin': ReLU()}
2024-06-03 16:05:00,463 0.836446 (0.021844) with: {'batch_size': 16, 'lr': 0.001, 'max_epochs': 32, 'module__n_features': 8, 'module__n_neurons': 128, 'module__nonlin': Tanh()}
2024-06-03 16:05:00,463 0.846575 (0.018311) with: {'batch_size': 16, 'lr': 0.001, 'max_epochs': 32, 'module__n_features': 8, 'module__n_neurons': 128, 'module__nonlin': ReLU()}
2024-06-03 16:05:00,463 0.835806 (0.021897) with: {'batch_size': 16, 'lr': 0.001, 'max_epochs': 32, 'module__n_features': 8, 'module__n_neurons': 256, 'module__nonlin': Tanh()}
2024-06-03 16:05:00,467 0.848977 (0.016472) with: {'batch_size': 16, 'lr': 0.001, 'max_epochs': 32, 'module__n_features': 8, 'module__n_neurons': 256, 'module__nonlin': ReLU()}
2024-06-03 16:05:00,467 0.825025 (0.030869) with: {'batch_size': 16, 'lr': 0.001, 'max_epochs': 64, 'module__n_features': 8, 'module__n_neurons': 16, 'module__nonlin': Tanh()}
2024-06-03 16:05:00,467 0.775606 (0.037264) with: {'batch_size': 16, 'lr': 0.001, 'max_epochs': 64, 'module__n_features': 8, 'module__n_neurons': 16, 'module__nonlin': ReLU()}
2024-06-03 16:05:00,467 0.836861 (0.022636) with: {'batch_size': 16, 'lr': 0.001, 'max_epochs': 64, 'module__n_features': 8, 'module__n_neurons': 32, 'module__nonlin': Tanh()}
2024-06-03 16:05:00,467 0.842471 (0.020791) with: {'batch_size': 16, 'lr': 0.001, 'max_epochs': 64, 'module__n_features': 8, 'module__n_neurons': 32, 'module__nonlin': ReLU()}
2024-06-03 16:05:00,467 0.835679 (0.021851) with: {'batch_size': 16, 'lr': 0.001, 'max_epochs': 64, 'module__n_features': 8, 'module__n_neurons': 64, 'module__nonlin': Tanh()}
2024-06-03 16:05:00,467 0.842485 (0.018179) with: {'batch_size': 16, 'lr': 0.001, 'max_epochs': 64, 'module__n_features': 8, 'module__n_neurons': 64, 'module__nonlin': ReLU()}
2024-06-03 16:05:00,468 0.835680 (0.021611) with: {'batch_size': 16, 'lr': 0.001, 'max_epochs': 64, 'module__n_features': 8, 'module__n_neurons': 128, 'module__nonlin': Tanh()}
2024-06-03 16:05:00,468 0.846261 (0.020229) with: {'batch_size': 16, 'lr': 0.001, 'max_epochs': 64, 'module__n_features': 8, 'module__n_neurons': 128, 'module__nonlin': ReLU()}
2024-06-03 16:05:00,468 0.834412 (0.022345) with: {'batch_size': 16, 'lr': 0.001, 'max_epochs': 64, 'module__n_features': 8, 'module__n_neurons': 256, 'module__nonlin': Tanh()}
2024-06-03 16:05:00,468 0.843292 (0.013741) with: {'batch_size': 16, 'lr': 0.001, 'max_epochs': 64, 'module__n_features': 8, 'module__n_neurons': 256, 'module__nonlin': ReLU()}
2024-06-03 16:05:00,468 0.836330 (0.021621) with: {'batch_size': 16, 'lr': 0.001, 'max_epochs': 128, 'module__n_features': 8, 'module__n_neurons': 16, 'module__nonlin': Tanh()}
2024-06-03 16:05:00,468 0.841960 (0.022914) with: {'batch_size': 16, 'lr': 0.001, 'max_epochs': 128, 'module__n_features': 8, 'module__n_neurons': 16, 'module__nonlin': ReLU()}
2024-06-03 16:05:00,468 0.836039 (0.021856) with: {'batch_size': 16, 'lr': 0.001, 'max_epochs': 128, 'module__n_features': 8, 'module__n_neurons': 32, 'module__nonlin': Tanh()}
2024-06-03 16:05:00,468 0.844326 (0.019574) with: {'batch_size': 16, 'lr': 0.001, 'max_epochs': 128, 'module__n_features': 8, 'module__n_neurons': 32, 'module__nonlin': ReLU()}
2024-06-03 16:05:00,468 0.835973 (0.022175) with: {'batch_size': 16, 'lr': 0.001, 'max_epochs': 128, 'module__n_features': 8, 'module__n_neurons': 64, 'module__nonlin': Tanh()}
2024-06-03 16:05:00,468 0.842962 (0.017264) with: {'batch_size': 16, 'lr': 0.001, 'max_epochs': 128, 'module__n_features': 8, 'module__n_neurons': 64, 'module__nonlin': ReLU()}
2024-06-03 16:05:00,468 0.836897 (0.024909) with: {'batch_size': 16, 'lr': 0.001, 'max_epochs': 128, 'module__n_features': 8, 'module__n_neurons': 128, 'module__nonlin': Tanh()}
2024-06-03 16:05:00,468 0.838007 (0.016243) with: {'batch_size': 16, 'lr': 0.001, 'max_epochs': 128, 'module__n_features': 8, 'module__n_neurons': 128, 'module__nonlin': ReLU()}
2024-06-03 16:05:00,468 0.832635 (0.024896) with: {'batch_size': 16, 'lr': 0.001, 'max_epochs': 128, 'module__n_features': 8, 'module__n_neurons': 256, 'module__nonlin': Tanh()}
2024-06-03 16:05:00,468 0.799697 (0.023029) with: {'batch_size': 16, 'lr': 0.001, 'max_epochs': 128, 'module__n_features': 8, 'module__n_neurons': 256, 'module__nonlin': ReLU()}
2024-06-03 16:05:00,468 0.834275 (0.020706) with: {'batch_size': 16, 'lr': 0.01, 'max_epochs': 16, 'module__n_features': 8, 'module__n_neurons': 16, 'module__nonlin': Tanh()}
2024-06-03 16:05:00,468 0.831333 (0.025824) with: {'batch_size': 16, 'lr': 0.01, 'max_epochs': 16, 'module__n_features': 8, 'module__n_neurons': 16, 'module__nonlin': ReLU()}
2024-06-03 16:05:00,468 0.834854 (0.021130) with: {'batch_size': 16, 'lr': 0.01, 'max_epochs': 16, 'module__n_features': 8, 'module__n_neurons': 32, 'module__nonlin': Tanh()}
2024-06-03 16:05:00,468 0.840691 (0.022713) with: {'batch_size': 16, 'lr': 0.01, 'max_epochs': 16, 'module__n_features': 8, 'module__n_neurons': 32, 'module__nonlin': ReLU()}
2024-06-03 16:05:00,468 0.835221 (0.021756) with: {'batch_size': 16, 'lr': 0.01, 'max_epochs': 16, 'module__n_features': 8, 'module__n_neurons': 64, 'module__nonlin': Tanh()}
2024-06-03 16:05:00,468 0.852499 (0.022190) with: {'batch_size': 16, 'lr': 0.01, 'max_epochs': 16, 'module__n_features': 8, 'module__n_neurons': 64, 'module__nonlin': ReLU()}
2024-06-03 16:05:00,468 0.834470 (0.023886) with: {'batch_size': 16, 'lr': 0.01, 'max_epochs': 16, 'module__n_features': 8, 'module__n_neurons': 128, 'module__nonlin': Tanh()}
2024-06-03 16:05:00,468 0.842895 (0.020724) with: {'batch_size': 16, 'lr': 0.01, 'max_epochs': 16, 'module__n_features': 8, 'module__n_neurons': 128, 'module__nonlin': ReLU()}
2024-06-03 16:05:00,468 0.830609 (0.020194) with: {'batch_size': 16, 'lr': 0.01, 'max_epochs': 16, 'module__n_features': 8, 'module__n_neurons': 256, 'module__nonlin': Tanh()}
2024-06-03 16:05:00,468 0.836400 (0.011697) with: {'batch_size': 16, 'lr': 0.01, 'max_epochs': 16, 'module__n_features': 8, 'module__n_neurons': 256, 'module__nonlin': ReLU()}
2024-06-03 16:05:00,468 0.835387 (0.021019) with: {'batch_size': 16, 'lr': 0.01, 'max_epochs': 32, 'module__n_features': 8, 'module__n_neurons': 16, 'module__nonlin': Tanh()}
2024-06-03 16:05:00,468 0.843353 (0.018081) with: {'batch_size': 16, 'lr': 0.01, 'max_epochs': 32, 'module__n_features': 8, 'module__n_neurons': 16, 'module__nonlin': ReLU()}
2024-06-03 16:05:00,468 0.834840 (0.024198) with: {'batch_size': 16, 'lr': 0.01, 'max_epochs': 32, 'module__n_features': 8, 'module__n_neurons': 32, 'module__nonlin': Tanh()}
2024-06-03 16:05:00,468 0.842008 (0.027089) with: {'batch_size': 16, 'lr': 0.01, 'max_epochs': 32, 'module__n_features': 8, 'module__n_neurons': 32, 'module__nonlin': ReLU()}
2024-06-03 16:05:00,468 0.824017 (0.018279) with: {'batch_size': 16, 'lr': 0.01, 'max_epochs': 32, 'module__n_features': 8, 'module__n_neurons': 64, 'module__nonlin': Tanh()}
2024-06-03 16:05:00,468 0.832512 (0.018122) with: {'batch_size': 16, 'lr': 0.01, 'max_epochs': 32, 'module__n_features': 8, 'module__n_neurons': 64, 'module__nonlin': ReLU()}
2024-06-03 16:05:00,468 0.824770 (0.020668) with: {'batch_size': 16, 'lr': 0.01, 'max_epochs': 32, 'module__n_features': 8, 'module__n_neurons': 128, 'module__nonlin': Tanh()}
2024-06-03 16:05:00,468 0.827997 (0.014132) with: {'batch_size': 16, 'lr': 0.01, 'max_epochs': 32, 'module__n_features': 8, 'module__n_neurons': 128, 'module__nonlin': ReLU()}
2024-06-03 16:05:00,468 0.826384 (0.017072) with: {'batch_size': 16, 'lr': 0.01, 'max_epochs': 32, 'module__n_features': 8, 'module__n_neurons': 256, 'module__nonlin': Tanh()}
2024-06-03 16:05:00,468 0.815672 (0.012155) with: {'batch_size': 16, 'lr': 0.01, 'max_epochs': 32, 'module__n_features': 8, 'module__n_neurons': 256, 'module__nonlin': ReLU()}
2024-06-03 16:05:00,468 0.834762 (0.013329) with: {'batch_size': 16, 'lr': 0.01, 'max_epochs': 64, 'module__n_features': 8, 'module__n_neurons': 16, 'module__nonlin': Tanh()}
2024-06-03 16:05:00,468 0.833592 (0.020201) with: {'batch_size': 16, 'lr': 0.01, 'max_epochs': 64, 'module__n_features': 8, 'module__n_neurons': 16, 'module__nonlin': ReLU()}
2024-06-03 16:05:00,468 0.828369 (0.016866) with: {'batch_size': 16, 'lr': 0.01, 'max_epochs': 64, 'module__n_features': 8, 'module__n_neurons': 32, 'module__nonlin': Tanh()}
2024-06-03 16:05:00,468 0.830889 (0.018936) with: {'batch_size': 16, 'lr': 0.01, 'max_epochs': 64, 'module__n_features': 8, 'module__n_neurons': 32, 'module__nonlin': ReLU()}
2024-06-03 16:05:00,468 0.821971 (0.012980) with: {'batch_size': 16, 'lr': 0.01, 'max_epochs': 64, 'module__n_features': 8, 'module__n_neurons': 64, 'module__nonlin': Tanh()}
2024-06-03 16:05:00,468 0.807806 (0.007754) with: {'batch_size': 16, 'lr': 0.01, 'max_epochs': 64, 'module__n_features': 8, 'module__n_neurons': 64, 'module__nonlin': ReLU()}
2024-06-03 16:05:00,468 0.814624 (0.019536) with: {'batch_size': 16, 'lr': 0.01, 'max_epochs': 64, 'module__n_features': 8, 'module__n_neurons': 128, 'module__nonlin': Tanh()}
2024-06-03 16:05:00,468 0.751063 (0.023806) with: {'batch_size': 16, 'lr': 0.01, 'max_epochs': 64, 'module__n_features': 8, 'module__n_neurons': 128, 'module__nonlin': ReLU()}
2024-06-03 16:05:00,468 0.789962 (0.026879) with: {'batch_size': 16, 'lr': 0.01, 'max_epochs': 64, 'module__n_features': 8, 'module__n_neurons': 256, 'module__nonlin': Tanh()}
2024-06-03 16:05:00,468 0.759055 (0.027859) with: {'batch_size': 16, 'lr': 0.01, 'max_epochs': 64, 'module__n_features': 8, 'module__n_neurons': 256, 'module__nonlin': ReLU()}
2024-06-03 16:05:00,469 0.837838 (0.017206) with: {'batch_size': 16, 'lr': 0.01, 'max_epochs': 128, 'module__n_features': 8, 'module__n_neurons': 16, 'module__nonlin': Tanh()}
2024-06-03 16:05:00,469 0.827339 (0.024880) with: {'batch_size': 16, 'lr': 0.01, 'max_epochs': 128, 'module__n_features': 8, 'module__n_neurons': 16, 'module__nonlin': ReLU()}
2024-06-03 16:05:00,469 0.807853 (0.030758) with: {'batch_size': 16, 'lr': 0.01, 'max_epochs': 128, 'module__n_features': 8, 'module__n_neurons': 32, 'module__nonlin': Tanh()}
2024-06-03 16:05:00,469 0.794802 (0.017352) with: {'batch_size': 16, 'lr': 0.01, 'max_epochs': 128, 'module__n_features': 8, 'module__n_neurons': 32, 'module__nonlin': ReLU()}
2024-06-03 16:05:00,469 0.777901 (0.023675) with: {'batch_size': 16, 'lr': 0.01, 'max_epochs': 128, 'module__n_features': 8, 'module__n_neurons': 64, 'module__nonlin': Tanh()}
2024-06-03 16:05:00,469 0.749349 (0.051983) with: {'batch_size': 16, 'lr': 0.01, 'max_epochs': 128, 'module__n_features': 8, 'module__n_neurons': 64, 'module__nonlin': ReLU()}
2024-06-03 16:05:00,469 0.760606 (0.019389) with: {'batch_size': 16, 'lr': 0.01, 'max_epochs': 128, 'module__n_features': 8, 'module__n_neurons': 128, 'module__nonlin': Tanh()}
2024-06-03 16:05:00,469 0.773828 (0.030117) with: {'batch_size': 16, 'lr': 0.01, 'max_epochs': 128, 'module__n_features': 8, 'module__n_neurons': 128, 'module__nonlin': ReLU()}
2024-06-03 16:05:00,469 0.763069 (0.022894) with: {'batch_size': 16, 'lr': 0.01, 'max_epochs': 128, 'module__n_features': 8, 'module__n_neurons': 256, 'module__nonlin': Tanh()}
2024-06-03 16:05:00,469 0.767017 (0.016535) with: {'batch_size': 16, 'lr': 0.01, 'max_epochs': 128, 'module__n_features': 8, 'module__n_neurons': 256, 'module__nonlin': ReLU()}
2024-06-03 16:05:00,469 0.838813 (0.021912) with: {'batch_size': 16, 'lr': 0.02, 'max_epochs': 16, 'module__n_features': 8, 'module__n_neurons': 16, 'module__nonlin': Tanh()}
2024-06-03 16:05:00,469 0.839698 (0.014570) with: {'batch_size': 16, 'lr': 0.02, 'max_epochs': 16, 'module__n_features': 8, 'module__n_neurons': 16, 'module__nonlin': ReLU()}
2024-06-03 16:05:00,469 0.837873 (0.023060) with: {'batch_size': 16, 'lr': 0.02, 'max_epochs': 16, 'module__n_features': 8, 'module__n_neurons': 32, 'module__nonlin': Tanh()}
2024-06-03 16:05:00,469 0.845495 (0.022930) with: {'batch_size': 16, 'lr': 0.02, 'max_epochs': 16, 'module__n_features': 8, 'module__n_neurons': 32, 'module__nonlin': ReLU()}
2024-06-03 16:05:00,469 0.836539 (0.018105) with: {'batch_size': 16, 'lr': 0.02, 'max_epochs': 16, 'module__n_features': 8, 'module__n_neurons': 64, 'module__nonlin': Tanh()}
2024-06-03 16:05:00,469 0.842064 (0.020126) with: {'batch_size': 16, 'lr': 0.02, 'max_epochs': 16, 'module__n_features': 8, 'module__n_neurons': 64, 'module__nonlin': ReLU()}
2024-06-03 16:05:00,469 0.831805 (0.023642) with: {'batch_size': 16, 'lr': 0.02, 'max_epochs': 16, 'module__n_features': 8, 'module__n_neurons': 128, 'module__nonlin': Tanh()}
2024-06-03 16:05:00,469 0.837694 (0.020273) with: {'batch_size': 16, 'lr': 0.02, 'max_epochs': 16, 'module__n_features': 8, 'module__n_neurons': 128, 'module__nonlin': ReLU()}
2024-06-03 16:05:00,469 0.605049 (0.243786) with: {'batch_size': 16, 'lr': 0.02, 'max_epochs': 16, 'module__n_features': 8, 'module__n_neurons': 256, 'module__nonlin': Tanh()}
2024-06-03 16:05:00,469 0.836502 (0.017597) with: {'batch_size': 16, 'lr': 0.02, 'max_epochs': 16, 'module__n_features': 8, 'module__n_neurons': 256, 'module__nonlin': ReLU()}
2024-06-03 16:05:00,469 0.834946 (0.022449) with: {'batch_size': 16, 'lr': 0.02, 'max_epochs': 32, 'module__n_features': 8, 'module__n_neurons': 16, 'module__nonlin': Tanh()}
2024-06-03 16:05:00,469 0.844283 (0.020531) with: {'batch_size': 16, 'lr': 0.02, 'max_epochs': 32, 'module__n_features': 8, 'module__n_neurons': 16, 'module__nonlin': ReLU()}
2024-06-03 16:05:00,469 0.829574 (0.017786) with: {'batch_size': 16, 'lr': 0.02, 'max_epochs': 32, 'module__n_features': 8, 'module__n_neurons': 32, 'module__nonlin': Tanh()}
2024-06-03 16:05:00,469 0.844325 (0.020906) with: {'batch_size': 16, 'lr': 0.02, 'max_epochs': 32, 'module__n_features': 8, 'module__n_neurons': 32, 'module__nonlin': ReLU()}
2024-06-03 16:05:00,469 0.823961 (0.018756) with: {'batch_size': 16, 'lr': 0.02, 'max_epochs': 32, 'module__n_features': 8, 'module__n_neurons': 64, 'module__nonlin': Tanh()}
2024-06-03 16:05:00,469 0.821922 (0.021128) with: {'batch_size': 16, 'lr': 0.02, 'max_epochs': 32, 'module__n_features': 8, 'module__n_neurons': 64, 'module__nonlin': ReLU()}
2024-06-03 16:05:00,469 0.827373 (0.020718) with: {'batch_size': 16, 'lr': 0.02, 'max_epochs': 32, 'module__n_features': 8, 'module__n_neurons': 128, 'module__nonlin': Tanh()}
2024-06-03 16:05:00,469 0.800255 (0.024606) with: {'batch_size': 16, 'lr': 0.02, 'max_epochs': 32, 'module__n_features': 8, 'module__n_neurons': 128, 'module__nonlin': ReLU()}
2024-06-03 16:05:00,469 0.384980 (0.240535) with: {'batch_size': 16, 'lr': 0.02, 'max_epochs': 32, 'module__n_features': 8, 'module__n_neurons': 256, 'module__nonlin': Tanh()}
2024-06-03 16:05:00,469 0.816888 (0.014164) with: {'batch_size': 16, 'lr': 0.02, 'max_epochs': 32, 'module__n_features': 8, 'module__n_neurons': 256, 'module__nonlin': ReLU()}
2024-06-03 16:05:00,469 0.827367 (0.021939) with: {'batch_size': 16, 'lr': 0.02, 'max_epochs': 64, 'module__n_features': 8, 'module__n_neurons': 16, 'module__nonlin': Tanh()}
2024-06-03 16:05:00,469 0.831186 (0.022298) with: {'batch_size': 16, 'lr': 0.02, 'max_epochs': 64, 'module__n_features': 8, 'module__n_neurons': 16, 'module__nonlin': ReLU()}
2024-06-03 16:05:00,469 0.814839 (0.012936) with: {'batch_size': 16, 'lr': 0.02, 'max_epochs': 64, 'module__n_features': 8, 'module__n_neurons': 32, 'module__nonlin': Tanh()}
2024-06-03 16:05:00,469 0.824365 (0.017794) with: {'batch_size': 16, 'lr': 0.02, 'max_epochs': 64, 'module__n_features': 8, 'module__n_neurons': 32, 'module__nonlin': ReLU()}
2024-06-03 16:05:00,469 0.815933 (0.020440) with: {'batch_size': 16, 'lr': 0.02, 'max_epochs': 64, 'module__n_features': 8, 'module__n_neurons': 64, 'module__nonlin': Tanh()}
2024-06-03 16:05:00,469 0.786560 (0.013867) with: {'batch_size': 16, 'lr': 0.02, 'max_epochs': 64, 'module__n_features': 8, 'module__n_neurons': 64, 'module__nonlin': ReLU()}
2024-06-03 16:05:00,469 0.778742 (0.035701) with: {'batch_size': 16, 'lr': 0.02, 'max_epochs': 64, 'module__n_features': 8, 'module__n_neurons': 128, 'module__nonlin': Tanh()}
2024-06-03 16:05:00,469 0.770997 (0.031635) with: {'batch_size': 16, 'lr': 0.02, 'max_epochs': 64, 'module__n_features': 8, 'module__n_neurons': 128, 'module__nonlin': ReLU()}
2024-06-03 16:05:00,469 0.707857 (0.178495) with: {'batch_size': 16, 'lr': 0.02, 'max_epochs': 64, 'module__n_features': 8, 'module__n_neurons': 256, 'module__nonlin': Tanh()}
2024-06-03 16:05:00,469 0.777764 (0.022116) with: {'batch_size': 16, 'lr': 0.02, 'max_epochs': 64, 'module__n_features': 8, 'module__n_neurons': 256, 'module__nonlin': ReLU()}
2024-06-03 16:05:00,469 0.816038 (0.027206) with: {'batch_size': 16, 'lr': 0.02, 'max_epochs': 128, 'module__n_features': 8, 'module__n_neurons': 16, 'module__nonlin': Tanh()}
2024-06-03 16:05:00,469 0.821162 (0.029467) with: {'batch_size': 16, 'lr': 0.02, 'max_epochs': 128, 'module__n_features': 8, 'module__n_neurons': 16, 'module__nonlin': ReLU()}
2024-06-03 16:05:00,469 0.799936 (0.036519) with: {'batch_size': 16, 'lr': 0.02, 'max_epochs': 128, 'module__n_features': 8, 'module__n_neurons': 32, 'module__nonlin': Tanh()}
2024-06-03 16:05:00,469 0.794017 (0.035149) with: {'batch_size': 16, 'lr': 0.02, 'max_epochs': 128, 'module__n_features': 8, 'module__n_neurons': 32, 'module__nonlin': ReLU()}
2024-06-03 16:05:00,469 0.748607 (0.024537) with: {'batch_size': 16, 'lr': 0.02, 'max_epochs': 128, 'module__n_features': 8, 'module__n_neurons': 64, 'module__nonlin': Tanh()}
2024-06-03 16:05:00,469 0.770479 (0.025895) with: {'batch_size': 16, 'lr': 0.02, 'max_epochs': 128, 'module__n_features': 8, 'module__n_neurons': 64, 'module__nonlin': ReLU()}
2024-06-03 16:05:00,469 0.762107 (0.024232) with: {'batch_size': 16, 'lr': 0.02, 'max_epochs': 128, 'module__n_features': 8, 'module__n_neurons': 128, 'module__nonlin': Tanh()}
2024-06-03 16:05:00,470 0.766144 (0.025049) with: {'batch_size': 16, 'lr': 0.02, 'max_epochs': 128, 'module__n_features': 8, 'module__n_neurons': 128, 'module__nonlin': ReLU()}
2024-06-03 16:05:00,470 0.809669 (0.023975) with: {'batch_size': 16, 'lr': 0.02, 'max_epochs': 128, 'module__n_features': 8, 'module__n_neurons': 256, 'module__nonlin': Tanh()}
2024-06-03 16:05:00,470 0.754016 (0.019604) with: {'batch_size': 16, 'lr': 0.02, 'max_epochs': 128, 'module__n_features': 8, 'module__n_neurons': 256, 'module__nonlin': ReLU()}
2024-06-03 16:05:00,470 0.719327 (0.034496) with: {'batch_size': 32, 'lr': 0.001, 'max_epochs': 16, 'module__n_features': 8, 'module__n_neurons': 16, 'module__nonlin': Tanh()}
2024-06-03 16:05:00,470 0.550674 (0.194143) with: {'batch_size': 32, 'lr': 0.001, 'max_epochs': 16, 'module__n_features': 8, 'module__n_neurons': 16, 'module__nonlin': ReLU()}
2024-06-03 16:05:00,470 0.790206 (0.021369) with: {'batch_size': 32, 'lr': 0.001, 'max_epochs': 16, 'module__n_features': 8, 'module__n_neurons': 32, 'module__nonlin': Tanh()}
2024-06-03 16:05:00,470 0.659036 (0.158925) with: {'batch_size': 32, 'lr': 0.001, 'max_epochs': 16, 'module__n_features': 8, 'module__n_neurons': 32, 'module__nonlin': ReLU()}
2024-06-03 16:05:00,470 0.826239 (0.020407) with: {'batch_size': 32, 'lr': 0.001, 'max_epochs': 16, 'module__n_features': 8, 'module__n_neurons': 64, 'module__nonlin': Tanh()}
2024-06-03 16:05:00,470 0.769474 (0.029054) with: {'batch_size': 32, 'lr': 0.001, 'max_epochs': 16, 'module__n_features': 8, 'module__n_neurons': 64, 'module__nonlin': ReLU()}
2024-06-03 16:05:00,470 0.833735 (0.022636) with: {'batch_size': 32, 'lr': 0.001, 'max_epochs': 16, 'module__n_features': 8, 'module__n_neurons': 128, 'module__nonlin': Tanh()}
2024-06-03 16:05:00,470 0.824692 (0.030085) with: {'batch_size': 32, 'lr': 0.001, 'max_epochs': 16, 'module__n_features': 8, 'module__n_neurons': 128, 'module__nonlin': ReLU()}
2024-06-03 16:05:00,470 0.836199 (0.022161) with: {'batch_size': 32, 'lr': 0.001, 'max_epochs': 16, 'module__n_features': 8, 'module__n_neurons': 256, 'module__nonlin': Tanh()}
2024-06-03 16:05:00,470 0.844154 (0.019166) with: {'batch_size': 32, 'lr': 0.001, 'max_epochs': 16, 'module__n_features': 8, 'module__n_neurons': 256, 'module__nonlin': ReLU()}
2024-06-03 16:05:00,470 0.764661 (0.031729) with: {'batch_size': 32, 'lr': 0.001, 'max_epochs': 32, 'module__n_features': 8, 'module__n_neurons': 16, 'module__nonlin': Tanh()}
2024-06-03 16:05:00,470 0.714418 (0.076528) with: {'batch_size': 32, 'lr': 0.001, 'max_epochs': 32, 'module__n_features': 8, 'module__n_neurons': 16, 'module__nonlin': ReLU()}
2024-06-03 16:05:00,470 0.821164 (0.026362) with: {'batch_size': 32, 'lr': 0.001, 'max_epochs': 32, 'module__n_features': 8, 'module__n_neurons': 32, 'module__nonlin': Tanh()}
2024-06-03 16:05:00,470 0.745386 (0.122072) with: {'batch_size': 32, 'lr': 0.001, 'max_epochs': 32, 'module__n_features': 8, 'module__n_neurons': 32, 'module__nonlin': ReLU()}
2024-06-03 16:05:00,470 0.833801 (0.023356) with: {'batch_size': 32, 'lr': 0.001, 'max_epochs': 32, 'module__n_features': 8, 'module__n_neurons': 64, 'module__nonlin': Tanh()}
2024-06-03 16:05:00,470 0.812811 (0.031437) with: {'batch_size': 32, 'lr': 0.001, 'max_epochs': 32, 'module__n_features': 8, 'module__n_neurons': 64, 'module__nonlin': ReLU()}
2024-06-03 16:05:00,470 0.834786 (0.021443) with: {'batch_size': 32, 'lr': 0.001, 'max_epochs': 32, 'module__n_features': 8, 'module__n_neurons': 128, 'module__nonlin': Tanh()}
2024-06-03 16:05:00,470 0.843070 (0.018513) with: {'batch_size': 32, 'lr': 0.001, 'max_epochs': 32, 'module__n_features': 8, 'module__n_neurons': 128, 'module__nonlin': ReLU()}
2024-06-03 16:05:00,470 0.836549 (0.021601) with: {'batch_size': 32, 'lr': 0.001, 'max_epochs': 32, 'module__n_features': 8, 'module__n_neurons': 256, 'module__nonlin': Tanh()}
2024-06-03 16:05:00,470 0.847138 (0.018309) with: {'batch_size': 32, 'lr': 0.001, 'max_epochs': 32, 'module__n_features': 8, 'module__n_neurons': 256, 'module__nonlin': ReLU()}
2024-06-03 16:05:00,470 0.815502 (0.027397) with: {'batch_size': 32, 'lr': 0.001, 'max_epochs': 64, 'module__n_features': 8, 'module__n_neurons': 16, 'module__nonlin': Tanh()}
2024-06-03 16:05:00,470 0.786305 (0.021975) with: {'batch_size': 32, 'lr': 0.001, 'max_epochs': 64, 'module__n_features': 8, 'module__n_neurons': 16, 'module__nonlin': ReLU()}
2024-06-03 16:05:00,470 0.835004 (0.022682) with: {'batch_size': 32, 'lr': 0.001, 'max_epochs': 64, 'module__n_features': 8, 'module__n_neurons': 32, 'module__nonlin': Tanh()}
2024-06-03 16:05:00,470 0.825785 (0.025399) with: {'batch_size': 32, 'lr': 0.001, 'max_epochs': 64, 'module__n_features': 8, 'module__n_neurons': 32, 'module__nonlin': ReLU()}
2024-06-03 16:05:00,470 0.835498 (0.021493) with: {'batch_size': 32, 'lr': 0.001, 'max_epochs': 64, 'module__n_features': 8, 'module__n_neurons': 64, 'module__nonlin': Tanh()}
2024-06-03 16:05:00,470 0.846397 (0.020406) with: {'batch_size': 32, 'lr': 0.001, 'max_epochs': 64, 'module__n_features': 8, 'module__n_neurons': 64, 'module__nonlin': ReLU()}
2024-06-03 16:05:00,470 0.835606 (0.021450) with: {'batch_size': 32, 'lr': 0.001, 'max_epochs': 64, 'module__n_features': 8, 'module__n_neurons': 128, 'module__nonlin': Tanh()}
2024-06-03 16:05:00,470 0.846923 (0.018586) with: {'batch_size': 32, 'lr': 0.001, 'max_epochs': 64, 'module__n_features': 8, 'module__n_neurons': 128, 'module__nonlin': ReLU()}
2024-06-03 16:05:00,470 0.837073 (0.021781) with: {'batch_size': 32, 'lr': 0.001, 'max_epochs': 64, 'module__n_features': 8, 'module__n_neurons': 256, 'module__nonlin': Tanh()}
2024-06-03 16:05:00,470 0.844725 (0.017614) with: {'batch_size': 32, 'lr': 0.001, 'max_epochs': 64, 'module__n_features': 8, 'module__n_neurons': 256, 'module__nonlin': ReLU()}
2024-06-03 16:05:00,470 0.834758 (0.018815) with: {'batch_size': 32, 'lr': 0.001, 'max_epochs': 128, 'module__n_features': 8, 'module__n_neurons': 16, 'module__nonlin': Tanh()}
2024-06-03 16:05:00,470 0.821209 (0.022115) with: {'batch_size': 32, 'lr': 0.001, 'max_epochs': 128, 'module__n_features': 8, 'module__n_neurons': 16, 'module__nonlin': ReLU()}
2024-06-03 16:05:00,470 0.835609 (0.021394) with: {'batch_size': 32, 'lr': 0.001, 'max_epochs': 128, 'module__n_features': 8, 'module__n_neurons': 32, 'module__nonlin': Tanh()}
2024-06-03 16:05:00,470 0.837501 (0.021958) with: {'batch_size': 32, 'lr': 0.001, 'max_epochs': 128, 'module__n_features': 8, 'module__n_neurons': 32, 'module__nonlin': ReLU()}
2024-06-03 16:05:00,470 0.835844 (0.022091) with: {'batch_size': 32, 'lr': 0.001, 'max_epochs': 128, 'module__n_features': 8, 'module__n_neurons': 64, 'module__nonlin': Tanh()}
2024-06-03 16:05:00,470 0.847517 (0.021207) with: {'batch_size': 32, 'lr': 0.001, 'max_epochs': 128, 'module__n_features': 8, 'module__n_neurons': 64, 'module__nonlin': ReLU()}
2024-06-03 16:05:00,470 0.838289 (0.023033) with: {'batch_size': 32, 'lr': 0.001, 'max_epochs': 128, 'module__n_features': 8, 'module__n_neurons': 128, 'module__nonlin': Tanh()}
2024-06-03 16:05:00,470 0.840219 (0.019269) with: {'batch_size': 32, 'lr': 0.001, 'max_epochs': 128, 'module__n_features': 8, 'module__n_neurons': 128, 'module__nonlin': ReLU()}
2024-06-03 16:05:00,470 0.834863 (0.018204) with: {'batch_size': 32, 'lr': 0.001, 'max_epochs': 128, 'module__n_features': 8, 'module__n_neurons': 256, 'module__nonlin': Tanh()}
2024-06-03 16:05:00,470 0.807098 (0.025064) with: {'batch_size': 32, 'lr': 0.001, 'max_epochs': 128, 'module__n_features': 8, 'module__n_neurons': 256, 'module__nonlin': ReLU()}
2024-06-03 16:05:00,470 0.835823 (0.020189) with: {'batch_size': 32, 'lr': 0.01, 'max_epochs': 16, 'module__n_features': 8, 'module__n_neurons': 16, 'module__nonlin': Tanh()}
2024-06-03 16:05:00,470 0.822766 (0.014917) with: {'batch_size': 32, 'lr': 0.01, 'max_epochs': 16, 'module__n_features': 8, 'module__n_neurons': 16, 'module__nonlin': ReLU()}
2024-06-03 16:05:00,470 0.836494 (0.022989) with: {'batch_size': 32, 'lr': 0.01, 'max_epochs': 16, 'module__n_features': 8, 'module__n_neurons': 32, 'module__nonlin': Tanh()}
2024-06-03 16:05:00,471 0.840452 (0.020598) with: {'batch_size': 32, 'lr': 0.01, 'max_epochs': 16, 'module__n_features': 8, 'module__n_neurons': 32, 'module__nonlin': ReLU()}
2024-06-03 16:05:00,471 0.835314 (0.021554) with: {'batch_size': 32, 'lr': 0.01, 'max_epochs': 16, 'module__n_features': 8, 'module__n_neurons': 64, 'module__nonlin': Tanh()}
2024-06-03 16:05:00,471 0.843521 (0.024045) with: {'batch_size': 32, 'lr': 0.01, 'max_epochs': 16, 'module__n_features': 8, 'module__n_neurons': 64, 'module__nonlin': ReLU()}
2024-06-03 16:05:00,471 0.835490 (0.020955) with: {'batch_size': 32, 'lr': 0.01, 'max_epochs': 16, 'module__n_features': 8, 'module__n_neurons': 128, 'module__nonlin': Tanh()}
2024-06-03 16:05:00,471 0.846592 (0.020722) with: {'batch_size': 32, 'lr': 0.01, 'max_epochs': 16, 'module__n_features': 8, 'module__n_neurons': 128, 'module__nonlin': ReLU()}
2024-06-03 16:05:00,471 0.841132 (0.025183) with: {'batch_size': 32, 'lr': 0.01, 'max_epochs': 16, 'module__n_features': 8, 'module__n_neurons': 256, 'module__nonlin': Tanh()}
2024-06-03 16:05:00,471 0.840845 (0.015111) with: {'batch_size': 32, 'lr': 0.01, 'max_epochs': 16, 'module__n_features': 8, 'module__n_neurons': 256, 'module__nonlin': ReLU()}
2024-06-03 16:05:00,471 0.836136 (0.020761) with: {'batch_size': 32, 'lr': 0.01, 'max_epochs': 32, 'module__n_features': 8, 'module__n_neurons': 16, 'module__nonlin': Tanh()}
2024-06-03 16:05:00,471 0.846441 (0.016957) with: {'batch_size': 32, 'lr': 0.01, 'max_epochs': 32, 'module__n_features': 8, 'module__n_neurons': 16, 'module__nonlin': ReLU()}
2024-06-03 16:05:00,471 0.837244 (0.021278) with: {'batch_size': 32, 'lr': 0.01, 'max_epochs': 32, 'module__n_features': 8, 'module__n_neurons': 32, 'module__nonlin': Tanh()}
2024-06-03 16:05:00,471 0.845480 (0.018571) with: {'batch_size': 32, 'lr': 0.01, 'max_epochs': 32, 'module__n_features': 8, 'module__n_neurons': 32, 'module__nonlin': ReLU()}
2024-06-03 16:05:00,471 0.837114 (0.021483) with: {'batch_size': 32, 'lr': 0.01, 'max_epochs': 32, 'module__n_features': 8, 'module__n_neurons': 64, 'module__nonlin': Tanh()}
2024-06-03 16:05:00,471 0.837499 (0.011278) with: {'batch_size': 32, 'lr': 0.01, 'max_epochs': 32, 'module__n_features': 8, 'module__n_neurons': 64, 'module__nonlin': ReLU()}
2024-06-03 16:05:00,471 0.829825 (0.025385) with: {'batch_size': 32, 'lr': 0.01, 'max_epochs': 32, 'module__n_features': 8, 'module__n_neurons': 128, 'module__nonlin': Tanh()}
2024-06-03 16:05:00,471 0.837592 (0.009147) with: {'batch_size': 32, 'lr': 0.01, 'max_epochs': 32, 'module__n_features': 8, 'module__n_neurons': 128, 'module__nonlin': ReLU()}
2024-06-03 16:05:00,471 0.835353 (0.018713) with: {'batch_size': 32, 'lr': 0.01, 'max_epochs': 32, 'module__n_features': 8, 'module__n_neurons': 256, 'module__nonlin': Tanh()}
2024-06-03 16:05:00,471 0.820281 (0.011168) with: {'batch_size': 32, 'lr': 0.01, 'max_epochs': 32, 'module__n_features': 8, 'module__n_neurons': 256, 'module__nonlin': ReLU()}
2024-06-03 16:05:00,471 0.840204 (0.023816) with: {'batch_size': 32, 'lr': 0.01, 'max_epochs': 64, 'module__n_features': 8, 'module__n_neurons': 16, 'module__nonlin': Tanh()}
2024-06-03 16:05:00,471 0.843445 (0.016787) with: {'batch_size': 32, 'lr': 0.01, 'max_epochs': 64, 'module__n_features': 8, 'module__n_neurons': 16, 'module__nonlin': ReLU()}
2024-06-03 16:05:00,471 0.841379 (0.023128) with: {'batch_size': 32, 'lr': 0.01, 'max_epochs': 64, 'module__n_features': 8, 'module__n_neurons': 32, 'module__nonlin': Tanh()}
2024-06-03 16:05:00,471 0.830115 (0.014868) with: {'batch_size': 32, 'lr': 0.01, 'max_epochs': 64, 'module__n_features': 8, 'module__n_neurons': 32, 'module__nonlin': ReLU()}
2024-06-03 16:05:00,471 0.821518 (0.016228) with: {'batch_size': 32, 'lr': 0.01, 'max_epochs': 64, 'module__n_features': 8, 'module__n_neurons': 64, 'module__nonlin': Tanh()}
2024-06-03 16:05:00,471 0.815702 (0.016073) with: {'batch_size': 32, 'lr': 0.01, 'max_epochs': 64, 'module__n_features': 8, 'module__n_neurons': 64, 'module__nonlin': ReLU()}
2024-06-03 16:05:00,471 0.811718 (0.017521) with: {'batch_size': 32, 'lr': 0.01, 'max_epochs': 64, 'module__n_features': 8, 'module__n_neurons': 128, 'module__nonlin': Tanh()}
2024-06-03 16:05:00,471 0.800415 (0.021880) with: {'batch_size': 32, 'lr': 0.01, 'max_epochs': 64, 'module__n_features': 8, 'module__n_neurons': 128, 'module__nonlin': ReLU()}
2024-06-03 16:05:00,471 0.817585 (0.014006) with: {'batch_size': 32, 'lr': 0.01, 'max_epochs': 64, 'module__n_features': 8, 'module__n_neurons': 256, 'module__nonlin': Tanh()}
2024-06-03 16:05:00,471 0.761967 (0.024663) with: {'batch_size': 32, 'lr': 0.01, 'max_epochs': 64, 'module__n_features': 8, 'module__n_neurons': 256, 'module__nonlin': ReLU()}
2024-06-03 16:05:00,471 0.843761 (0.021212) with: {'batch_size': 32, 'lr': 0.01, 'max_epochs': 128, 'module__n_features': 8, 'module__n_neurons': 16, 'module__nonlin': Tanh()}
2024-06-03 16:05:00,471 0.825754 (0.020859) with: {'batch_size': 32, 'lr': 0.01, 'max_epochs': 128, 'module__n_features': 8, 'module__n_neurons': 16, 'module__nonlin': ReLU()}
2024-06-03 16:05:00,471 0.815085 (0.029035) with: {'batch_size': 32, 'lr': 0.01, 'max_epochs': 128, 'module__n_features': 8, 'module__n_neurons': 32, 'module__nonlin': Tanh()}
2024-06-03 16:05:00,471 0.815939 (0.023669) with: {'batch_size': 32, 'lr': 0.01, 'max_epochs': 128, 'module__n_features': 8, 'module__n_neurons': 32, 'module__nonlin': ReLU()}
2024-06-03 16:05:00,471 0.807309 (0.025399) with: {'batch_size': 32, 'lr': 0.01, 'max_epochs': 128, 'module__n_features': 8, 'module__n_neurons': 64, 'module__nonlin': Tanh()}
2024-06-03 16:05:00,471 0.784524 (0.010435) with: {'batch_size': 32, 'lr': 0.01, 'max_epochs': 128, 'module__n_features': 8, 'module__n_neurons': 64, 'module__nonlin': ReLU()}
2024-06-03 16:05:00,471 0.778734 (0.018306) with: {'batch_size': 32, 'lr': 0.01, 'max_epochs': 128, 'module__n_features': 8, 'module__n_neurons': 128, 'module__nonlin': Tanh()}
2024-06-03 16:05:00,471 0.761563 (0.019486) with: {'batch_size': 32, 'lr': 0.01, 'max_epochs': 128, 'module__n_features': 8, 'module__n_neurons': 128, 'module__nonlin': ReLU()}
2024-06-03 16:05:00,471 0.771218 (0.018304) with: {'batch_size': 32, 'lr': 0.01, 'max_epochs': 128, 'module__n_features': 8, 'module__n_neurons': 256, 'module__nonlin': Tanh()}
2024-06-03 16:05:00,471 0.760173 (0.021756) with: {'batch_size': 32, 'lr': 0.01, 'max_epochs': 128, 'module__n_features': 8, 'module__n_neurons': 256, 'module__nonlin': ReLU()}
2024-06-03 16:05:00,471 0.837064 (0.020537) with: {'batch_size': 32, 'lr': 0.02, 'max_epochs': 16, 'module__n_features': 8, 'module__n_neurons': 16, 'module__nonlin': Tanh()}
2024-06-03 16:05:00,471 0.840615 (0.019611) with: {'batch_size': 32, 'lr': 0.02, 'max_epochs': 16, 'module__n_features': 8, 'module__n_neurons': 16, 'module__nonlin': ReLU()}
2024-06-03 16:05:00,471 0.837389 (0.022292) with: {'batch_size': 32, 'lr': 0.02, 'max_epochs': 16, 'module__n_features': 8, 'module__n_neurons': 32, 'module__nonlin': Tanh()}
2024-06-03 16:05:00,471 0.845533 (0.019524) with: {'batch_size': 32, 'lr': 0.02, 'max_epochs': 16, 'module__n_features': 8, 'module__n_neurons': 32, 'module__nonlin': ReLU()}
2024-06-03 16:05:00,471 0.835022 (0.022554) with: {'batch_size': 32, 'lr': 0.02, 'max_epochs': 16, 'module__n_features': 8, 'module__n_neurons': 64, 'module__nonlin': Tanh()}
2024-06-03 16:05:00,471 0.847501 (0.020192) with: {'batch_size': 32, 'lr': 0.02, 'max_epochs': 16, 'module__n_features': 8, 'module__n_neurons': 64, 'module__nonlin': ReLU()}
2024-06-03 16:05:00,471 0.839103 (0.020034) with: {'batch_size': 32, 'lr': 0.02, 'max_epochs': 16, 'module__n_features': 8, 'module__n_neurons': 128, 'module__nonlin': Tanh()}
2024-06-03 16:05:00,471 0.841154 (0.016481) with: {'batch_size': 32, 'lr': 0.02, 'max_epochs': 16, 'module__n_features': 8, 'module__n_neurons': 128, 'module__nonlin': ReLU()}
2024-06-03 16:05:00,471 0.612664 (0.247683) with: {'batch_size': 32, 'lr': 0.02, 'max_epochs': 16, 'module__n_features': 8, 'module__n_neurons': 256, 'module__nonlin': Tanh()}
2024-06-03 16:05:00,471 0.835517 (0.009115) with: {'batch_size': 32, 'lr': 0.02, 'max_epochs': 16, 'module__n_features': 8, 'module__n_neurons': 256, 'module__nonlin': ReLU()}
2024-06-03 16:05:00,472 0.837951 (0.020960) with: {'batch_size': 32, 'lr': 0.02, 'max_epochs': 32, 'module__n_features': 8, 'module__n_neurons': 16, 'module__nonlin': Tanh()}
2024-06-03 16:05:00,472 0.843293 (0.017592) with: {'batch_size': 32, 'lr': 0.02, 'max_epochs': 32, 'module__n_features': 8, 'module__n_neurons': 16, 'module__nonlin': ReLU()}
2024-06-03 16:05:00,472 0.836675 (0.018434) with: {'batch_size': 32, 'lr': 0.02, 'max_epochs': 32, 'module__n_features': 8, 'module__n_neurons': 32, 'module__nonlin': Tanh()}
2024-06-03 16:05:00,472 0.842217 (0.015940) with: {'batch_size': 32, 'lr': 0.02, 'max_epochs': 32, 'module__n_features': 8, 'module__n_neurons': 32, 'module__nonlin': ReLU()}
2024-06-03 16:05:00,472 0.832760 (0.024112) with: {'batch_size': 32, 'lr': 0.02, 'max_epochs': 32, 'module__n_features': 8, 'module__n_neurons': 64, 'module__nonlin': Tanh()}
2024-06-03 16:05:00,472 0.838115 (0.018092) with: {'batch_size': 32, 'lr': 0.02, 'max_epochs': 32, 'module__n_features': 8, 'module__n_neurons': 64, 'module__nonlin': ReLU()}
2024-06-03 16:05:00,472 0.827493 (0.024307) with: {'batch_size': 32, 'lr': 0.02, 'max_epochs': 32, 'module__n_features': 8, 'module__n_neurons': 128, 'module__nonlin': Tanh()}
2024-06-03 16:05:00,472 0.819496 (0.011521) with: {'batch_size': 32, 'lr': 0.02, 'max_epochs': 32, 'module__n_features': 8, 'module__n_neurons': 128, 'module__nonlin': ReLU()}
2024-06-03 16:05:00,472 0.641834 (0.178766) with: {'batch_size': 32, 'lr': 0.02, 'max_epochs': 32, 'module__n_features': 8, 'module__n_neurons': 256, 'module__nonlin': Tanh()}
2024-06-03 16:05:00,472 0.825184 (0.012442) with: {'batch_size': 32, 'lr': 0.02, 'max_epochs': 32, 'module__n_features': 8, 'module__n_neurons': 256, 'module__nonlin': ReLU()}
2024-06-03 16:05:00,472 0.837645 (0.020671) with: {'batch_size': 32, 'lr': 0.02, 'max_epochs': 64, 'module__n_features': 8, 'module__n_neurons': 16, 'module__nonlin': Tanh()}
2024-06-03 16:05:00,472 0.847050 (0.020365) with: {'batch_size': 32, 'lr': 0.02, 'max_epochs': 64, 'module__n_features': 8, 'module__n_neurons': 16, 'module__nonlin': ReLU()}
2024-06-03 16:05:00,472 0.825712 (0.020909) with: {'batch_size': 32, 'lr': 0.02, 'max_epochs': 64, 'module__n_features': 8, 'module__n_neurons': 32, 'module__nonlin': Tanh()}
2024-06-03 16:05:00,472 0.825911 (0.023377) with: {'batch_size': 32, 'lr': 0.02, 'max_epochs': 64, 'module__n_features': 8, 'module__n_neurons': 32, 'module__nonlin': ReLU()}
2024-06-03 16:05:00,472 0.814897 (0.023972) with: {'batch_size': 32, 'lr': 0.02, 'max_epochs': 64, 'module__n_features': 8, 'module__n_neurons': 64, 'module__nonlin': Tanh()}
2024-06-03 16:05:00,472 0.775683 (0.028348) with: {'batch_size': 32, 'lr': 0.02, 'max_epochs': 64, 'module__n_features': 8, 'module__n_neurons': 64, 'module__nonlin': ReLU()}
2024-06-03 16:05:00,472 0.814639 (0.016831) with: {'batch_size': 32, 'lr': 0.02, 'max_epochs': 64, 'module__n_features': 8, 'module__n_neurons': 128, 'module__nonlin': Tanh()}
2024-06-03 16:05:00,472 0.778333 (0.025720) with: {'batch_size': 32, 'lr': 0.02, 'max_epochs': 64, 'module__n_features': 8, 'module__n_neurons': 128, 'module__nonlin': ReLU()}
2024-06-03 16:05:00,472 0.669036 (0.237788) with: {'batch_size': 32, 'lr': 0.02, 'max_epochs': 64, 'module__n_features': 8, 'module__n_neurons': 256, 'module__nonlin': Tanh()}
2024-06-03 16:05:00,472 0.774715 (0.014962) with: {'batch_size': 32, 'lr': 0.02, 'max_epochs': 64, 'module__n_features': 8, 'module__n_neurons': 256, 'module__nonlin': ReLU()}
2024-06-03 16:05:00,472 0.819419 (0.015592) with: {'batch_size': 32, 'lr': 0.02, 'max_epochs': 128, 'module__n_features': 8, 'module__n_neurons': 16, 'module__nonlin': Tanh()}
2024-06-03 16:05:00,472 0.828082 (0.009493) with: {'batch_size': 32, 'lr': 0.02, 'max_epochs': 128, 'module__n_features': 8, 'module__n_neurons': 16, 'module__nonlin': ReLU()}
2024-06-03 16:05:00,472 0.798453 (0.025176) with: {'batch_size': 32, 'lr': 0.02, 'max_epochs': 128, 'module__n_features': 8, 'module__n_neurons': 32, 'module__nonlin': Tanh()}
2024-06-03 16:05:00,472 0.771135 (0.048160) with: {'batch_size': 32, 'lr': 0.02, 'max_epochs': 128, 'module__n_features': 8, 'module__n_neurons': 32, 'module__nonlin': ReLU()}
2024-06-03 16:05:00,472 0.789446 (0.033446) with: {'batch_size': 32, 'lr': 0.02, 'max_epochs': 128, 'module__n_features': 8, 'module__n_neurons': 64, 'module__nonlin': Tanh()}
2024-06-03 16:05:00,472 0.771739 (0.011510) with: {'batch_size': 32, 'lr': 0.02, 'max_epochs': 128, 'module__n_features': 8, 'module__n_neurons': 64, 'module__nonlin': ReLU()}
2024-06-03 16:05:00,472 0.753981 (0.037395) with: {'batch_size': 32, 'lr': 0.02, 'max_epochs': 128, 'module__n_features': 8, 'module__n_neurons': 128, 'module__nonlin': Tanh()}
2024-06-03 16:05:00,472 0.757665 (0.033723) with: {'batch_size': 32, 'lr': 0.02, 'max_epochs': 128, 'module__n_features': 8, 'module__n_neurons': 128, 'module__nonlin': ReLU()}
2024-06-03 16:05:00,472 0.667998 (0.199416) with: {'batch_size': 32, 'lr': 0.02, 'max_epochs': 128, 'module__n_features': 8, 'module__n_neurons': 256, 'module__nonlin': Tanh()}
2024-06-03 16:05:00,472 0.757073 (0.019752) with: {'batch_size': 32, 'lr': 0.02, 'max_epochs': 128, 'module__n_features': 8, 'module__n_neurons': 256, 'module__nonlin': ReLU()}
2024-06-03 16:05:00,472 0.659831 (0.087346) with: {'batch_size': 64, 'lr': 0.001, 'max_epochs': 16, 'module__n_features': 8, 'module__n_neurons': 16, 'module__nonlin': Tanh()}
2024-06-03 16:05:00,472 0.534388 (0.135074) with: {'batch_size': 64, 'lr': 0.001, 'max_epochs': 16, 'module__n_features': 8, 'module__n_neurons': 16, 'module__nonlin': ReLU()}
2024-06-03 16:05:00,472 0.761916 (0.034600) with: {'batch_size': 64, 'lr': 0.001, 'max_epochs': 16, 'module__n_features': 8, 'module__n_neurons': 32, 'module__nonlin': Tanh()}
2024-06-03 16:05:00,472 0.616214 (0.163351) with: {'batch_size': 64, 'lr': 0.001, 'max_epochs': 16, 'module__n_features': 8, 'module__n_neurons': 32, 'module__nonlin': ReLU()}
2024-06-03 16:05:00,472 0.793720 (0.020226) with: {'batch_size': 64, 'lr': 0.001, 'max_epochs': 16, 'module__n_features': 8, 'module__n_neurons': 64, 'module__nonlin': Tanh()}
2024-06-03 16:05:00,472 0.741280 (0.068911) with: {'batch_size': 64, 'lr': 0.001, 'max_epochs': 16, 'module__n_features': 8, 'module__n_neurons': 64, 'module__nonlin': ReLU()}
2024-06-03 16:05:00,472 0.821412 (0.022358) with: {'batch_size': 64, 'lr': 0.001, 'max_epochs': 16, 'module__n_features': 8, 'module__n_neurons': 128, 'module__nonlin': Tanh()}
2024-06-03 16:05:00,472 0.801126 (0.031355) with: {'batch_size': 64, 'lr': 0.001, 'max_epochs': 16, 'module__n_features': 8, 'module__n_neurons': 128, 'module__nonlin': ReLU()}
2024-06-03 16:05:00,472 0.832038 (0.022646) with: {'batch_size': 64, 'lr': 0.001, 'max_epochs': 16, 'module__n_features': 8, 'module__n_neurons': 256, 'module__nonlin': Tanh()}
2024-06-03 16:05:00,472 0.832794 (0.020979) with: {'batch_size': 64, 'lr': 0.001, 'max_epochs': 16, 'module__n_features': 8, 'module__n_neurons': 256, 'module__nonlin': ReLU()}
2024-06-03 16:05:00,472 0.689759 (0.161471) with: {'batch_size': 64, 'lr': 0.001, 'max_epochs': 32, 'module__n_features': 8, 'module__n_neurons': 16, 'module__nonlin': Tanh()}
2024-06-03 16:05:00,472 0.579973 (0.171311) with: {'batch_size': 64, 'lr': 0.001, 'max_epochs': 32, 'module__n_features': 8, 'module__n_neurons': 16, 'module__nonlin': ReLU()}
2024-06-03 16:05:00,472 0.778389 (0.024955) with: {'batch_size': 64, 'lr': 0.001, 'max_epochs': 32, 'module__n_features': 8, 'module__n_neurons': 32, 'module__nonlin': Tanh()}
2024-06-03 16:05:00,472 0.778694 (0.029453) with: {'batch_size': 64, 'lr': 0.001, 'max_epochs': 32, 'module__n_features': 8, 'module__n_neurons': 32, 'module__nonlin': ReLU()}
2024-06-03 16:05:00,472 0.826772 (0.022245) with: {'batch_size': 64, 'lr': 0.001, 'max_epochs': 32, 'module__n_features': 8, 'module__n_neurons': 64, 'module__nonlin': Tanh()}
2024-06-03 16:05:00,472 0.809309 (0.017177) with: {'batch_size': 64, 'lr': 0.001, 'max_epochs': 32, 'module__n_features': 8, 'module__n_neurons': 64, 'module__nonlin': ReLU()}
2024-06-03 16:05:00,472 0.831314 (0.021970) with: {'batch_size': 64, 'lr': 0.001, 'max_epochs': 32, 'module__n_features': 8, 'module__n_neurons': 128, 'module__nonlin': Tanh()}
2024-06-03 16:05:00,473 0.835351 (0.017900) with: {'batch_size': 64, 'lr': 0.001, 'max_epochs': 32, 'module__n_features': 8, 'module__n_neurons': 128, 'module__nonlin': ReLU()}
2024-06-03 16:05:00,473 0.832041 (0.022079) with: {'batch_size': 64, 'lr': 0.001, 'max_epochs': 32, 'module__n_features': 8, 'module__n_neurons': 256, 'module__nonlin': Tanh()}
2024-06-03 16:05:00,473 0.840855 (0.018865) with: {'batch_size': 64, 'lr': 0.001, 'max_epochs': 32, 'module__n_features': 8, 'module__n_neurons': 256, 'module__nonlin': ReLU()}
2024-06-03 16:05:00,473 0.772956 (0.046151) with: {'batch_size': 64, 'lr': 0.001, 'max_epochs': 64, 'module__n_features': 8, 'module__n_neurons': 16, 'module__nonlin': Tanh()}
2024-06-03 16:05:00,473 0.755945 (0.017881) with: {'batch_size': 64, 'lr': 0.001, 'max_epochs': 64, 'module__n_features': 8, 'module__n_neurons': 16, 'module__nonlin': ReLU()}
2024-06-03 16:05:00,473 0.814669 (0.030837) with: {'batch_size': 64, 'lr': 0.001, 'max_epochs': 64, 'module__n_features': 8, 'module__n_neurons': 32, 'module__nonlin': Tanh()}
2024-06-03 16:05:00,473 0.807680 (0.023590) with: {'batch_size': 64, 'lr': 0.001, 'max_epochs': 64, 'module__n_features': 8, 'module__n_neurons': 32, 'module__nonlin': ReLU()}
2024-06-03 16:05:00,473 0.833442 (0.022774) with: {'batch_size': 64, 'lr': 0.001, 'max_epochs': 64, 'module__n_features': 8, 'module__n_neurons': 64, 'module__nonlin': Tanh()}
2024-06-03 16:05:00,473 0.836084 (0.019700) with: {'batch_size': 64, 'lr': 0.001, 'max_epochs': 64, 'module__n_features': 8, 'module__n_neurons': 64, 'module__nonlin': ReLU()}
2024-06-03 16:05:00,473 0.831915 (0.022324) with: {'batch_size': 64, 'lr': 0.001, 'max_epochs': 64, 'module__n_features': 8, 'module__n_neurons': 128, 'module__nonlin': Tanh()}
2024-06-03 16:05:00,473 0.842165 (0.022204) with: {'batch_size': 64, 'lr': 0.001, 'max_epochs': 64, 'module__n_features': 8, 'module__n_neurons': 128, 'module__nonlin': ReLU()}
2024-06-03 16:05:00,473 0.832148 (0.022558) with: {'batch_size': 64, 'lr': 0.001, 'max_epochs': 64, 'module__n_features': 8, 'module__n_neurons': 256, 'module__nonlin': Tanh()}
2024-06-03 16:05:00,473 0.841521 (0.017751) with: {'batch_size': 64, 'lr': 0.001, 'max_epochs': 64, 'module__n_features': 8, 'module__n_neurons': 256, 'module__nonlin': ReLU()}
2024-06-03 16:05:00,473 0.823298 (0.021875) with: {'batch_size': 64, 'lr': 0.001, 'max_epochs': 128, 'module__n_features': 8, 'module__n_neurons': 16, 'module__nonlin': Tanh()}
2024-06-03 16:05:00,473 0.804642 (0.032245) with: {'batch_size': 64, 'lr': 0.001, 'max_epochs': 128, 'module__n_features': 8, 'module__n_neurons': 16, 'module__nonlin': ReLU()}
2024-06-03 16:05:00,473 0.831781 (0.021603) with: {'batch_size': 64, 'lr': 0.001, 'max_epochs': 128, 'module__n_features': 8, 'module__n_neurons': 32, 'module__nonlin': Tanh()}
2024-06-03 16:05:00,473 0.837786 (0.015996) with: {'batch_size': 64, 'lr': 0.001, 'max_epochs': 128, 'module__n_features': 8, 'module__n_neurons': 32, 'module__nonlin': ReLU()}
2024-06-03 16:05:00,473 0.832263 (0.021644) with: {'batch_size': 64, 'lr': 0.001, 'max_epochs': 128, 'module__n_features': 8, 'module__n_neurons': 64, 'module__nonlin': Tanh()}
2024-06-03 16:05:00,473 0.841294 (0.014695) with: {'batch_size': 64, 'lr': 0.001, 'max_epochs': 128, 'module__n_features': 8, 'module__n_neurons': 64, 'module__nonlin': ReLU()}
2024-06-03 16:05:00,473 0.833609 (0.022457) with: {'batch_size': 64, 'lr': 0.001, 'max_epochs': 128, 'module__n_features': 8, 'module__n_neurons': 128, 'module__nonlin': Tanh()}
2024-06-03 16:05:00,473 0.829766 (0.015708) with: {'batch_size': 64, 'lr': 0.001, 'max_epochs': 128, 'module__n_features': 8, 'module__n_neurons': 128, 'module__nonlin': ReLU()}
2024-06-03 16:05:00,473 0.837881 (0.019444) with: {'batch_size': 64, 'lr': 0.001, 'max_epochs': 128, 'module__n_features': 8, 'module__n_neurons': 256, 'module__nonlin': Tanh()}
2024-06-03 16:05:00,473 0.817177 (0.026699) with: {'batch_size': 64, 'lr': 0.001, 'max_epochs': 128, 'module__n_features': 8, 'module__n_neurons': 256, 'module__nonlin': ReLU()}
2024-06-03 16:05:00,473 0.817813 (0.030624) with: {'batch_size': 64, 'lr': 0.01, 'max_epochs': 16, 'module__n_features': 8, 'module__n_neurons': 16, 'module__nonlin': Tanh()}
2024-06-03 16:05:00,473 0.786699 (0.037048) with: {'batch_size': 64, 'lr': 0.01, 'max_epochs': 16, 'module__n_features': 8, 'module__n_neurons': 16, 'module__nonlin': ReLU()}
2024-06-03 16:05:00,473 0.834243 (0.022594) with: {'batch_size': 64, 'lr': 0.01, 'max_epochs': 16, 'module__n_features': 8, 'module__n_neurons': 32, 'module__nonlin': Tanh()}
2024-06-03 16:05:00,473 0.827296 (0.023021) with: {'batch_size': 64, 'lr': 0.01, 'max_epochs': 16, 'module__n_features': 8, 'module__n_neurons': 32, 'module__nonlin': ReLU()}
2024-06-03 16:05:00,473 0.832908 (0.022468) with: {'batch_size': 64, 'lr': 0.01, 'max_epochs': 16, 'module__n_features': 8, 'module__n_neurons': 64, 'module__nonlin': Tanh()}
2024-06-03 16:05:00,473 0.844311 (0.019872) with: {'batch_size': 64, 'lr': 0.01, 'max_epochs': 16, 'module__n_features': 8, 'module__n_neurons': 64, 'module__nonlin': ReLU()}
2024-06-03 16:05:00,473 0.833134 (0.021938) with: {'batch_size': 64, 'lr': 0.01, 'max_epochs': 16, 'module__n_features': 8, 'module__n_neurons': 128, 'module__nonlin': Tanh()}
2024-06-03 16:05:00,473 0.840571 (0.017000) with: {'batch_size': 64, 'lr': 0.01, 'max_epochs': 16, 'module__n_features': 8, 'module__n_neurons': 128, 'module__nonlin': ReLU()}
2024-06-03 16:05:00,473 0.835232 (0.020643) with: {'batch_size': 64, 'lr': 0.01, 'max_epochs': 16, 'module__n_features': 8, 'module__n_neurons': 256, 'module__nonlin': Tanh()}
2024-06-03 16:05:00,473 0.844011 (0.015867) with: {'batch_size': 64, 'lr': 0.01, 'max_epochs': 16, 'module__n_features': 8, 'module__n_neurons': 256, 'module__nonlin': ReLU()}
2024-06-03 16:05:00,473 0.833550 (0.022310) with: {'batch_size': 64, 'lr': 0.01, 'max_epochs': 32, 'module__n_features': 8, 'module__n_neurons': 16, 'module__nonlin': Tanh()}
2024-06-03 16:05:00,473 0.816066 (0.044540) with: {'batch_size': 64, 'lr': 0.01, 'max_epochs': 32, 'module__n_features': 8, 'module__n_neurons': 16, 'module__nonlin': ReLU()}
2024-06-03 16:05:00,473 0.833436 (0.022042) with: {'batch_size': 64, 'lr': 0.01, 'max_epochs': 32, 'module__n_features': 8, 'module__n_neurons': 32, 'module__nonlin': Tanh()}
2024-06-03 16:05:00,473 0.843773 (0.021735) with: {'batch_size': 64, 'lr': 0.01, 'max_epochs': 32, 'module__n_features': 8, 'module__n_neurons': 32, 'module__nonlin': ReLU()}
2024-06-03 16:05:00,473 0.834317 (0.023022) with: {'batch_size': 64, 'lr': 0.01, 'max_epochs': 32, 'module__n_features': 8, 'module__n_neurons': 64, 'module__nonlin': Tanh()}
2024-06-03 16:05:00,473 0.841507 (0.019224) with: {'batch_size': 64, 'lr': 0.01, 'max_epochs': 32, 'module__n_features': 8, 'module__n_neurons': 64, 'module__nonlin': ReLU()}
2024-06-03 16:05:00,473 0.838711 (0.019955) with: {'batch_size': 64, 'lr': 0.01, 'max_epochs': 32, 'module__n_features': 8, 'module__n_neurons': 128, 'module__nonlin': Tanh()}
2024-06-03 16:05:00,473 0.836495 (0.015095) with: {'batch_size': 64, 'lr': 0.01, 'max_epochs': 32, 'module__n_features': 8, 'module__n_neurons': 128, 'module__nonlin': ReLU()}
2024-06-03 16:05:00,473 0.832970 (0.016294) with: {'batch_size': 64, 'lr': 0.01, 'max_epochs': 32, 'module__n_features': 8, 'module__n_neurons': 256, 'module__nonlin': Tanh()}
2024-06-03 16:05:00,473 0.826258 (0.019952) with: {'batch_size': 64, 'lr': 0.01, 'max_epochs': 32, 'module__n_features': 8, 'module__n_neurons': 256, 'module__nonlin': ReLU()}
2024-06-03 16:05:00,473 0.835186 (0.022875) with: {'batch_size': 64, 'lr': 0.01, 'max_epochs': 64, 'module__n_features': 8, 'module__n_neurons': 16, 'module__nonlin': Tanh()}
2024-06-03 16:05:00,473 0.832314 (0.018796) with: {'batch_size': 64, 'lr': 0.01, 'max_epochs': 64, 'module__n_features': 8, 'module__n_neurons': 16, 'module__nonlin': ReLU()}
2024-06-03 16:05:00,473 0.835193 (0.020525) with: {'batch_size': 64, 'lr': 0.01, 'max_epochs': 64, 'module__n_features': 8, 'module__n_neurons': 32, 'module__nonlin': Tanh()}
2024-06-03 16:05:00,474 0.835225 (0.009995) with: {'batch_size': 64, 'lr': 0.01, 'max_epochs': 64, 'module__n_features': 8, 'module__n_neurons': 32, 'module__nonlin': ReLU()}
2024-06-03 16:05:00,474 0.840318 (0.013635) with: {'batch_size': 64, 'lr': 0.01, 'max_epochs': 64, 'module__n_features': 8, 'module__n_neurons': 64, 'module__nonlin': Tanh()}
2024-06-03 16:05:00,474 0.831229 (0.017027) with: {'batch_size': 64, 'lr': 0.01, 'max_epochs': 64, 'module__n_features': 8, 'module__n_neurons': 64, 'module__nonlin': ReLU()}
2024-06-03 16:05:00,474 0.829527 (0.017016) with: {'batch_size': 64, 'lr': 0.01, 'max_epochs': 64, 'module__n_features': 8, 'module__n_neurons': 128, 'module__nonlin': Tanh()}
2024-06-03 16:05:00,474 0.810631 (0.019903) with: {'batch_size': 64, 'lr': 0.01, 'max_epochs': 64, 'module__n_features': 8, 'module__n_neurons': 128, 'module__nonlin': ReLU()}
2024-06-03 16:05:00,474 0.829880 (0.018434) with: {'batch_size': 64, 'lr': 0.01, 'max_epochs': 64, 'module__n_features': 8, 'module__n_neurons': 256, 'module__nonlin': Tanh()}
2024-06-03 16:05:00,474 0.790003 (0.010533) with: {'batch_size': 64, 'lr': 0.01, 'max_epochs': 64, 'module__n_features': 8, 'module__n_neurons': 256, 'module__nonlin': ReLU()}
2024-06-03 16:05:00,474 0.841895 (0.021190) with: {'batch_size': 64, 'lr': 0.01, 'max_epochs': 128, 'module__n_features': 8, 'module__n_neurons': 16, 'module__nonlin': Tanh()}
2024-06-03 16:05:00,474 0.834117 (0.023180) with: {'batch_size': 64, 'lr': 0.01, 'max_epochs': 128, 'module__n_features': 8, 'module__n_neurons': 16, 'module__nonlin': ReLU()}
2024-06-03 16:05:00,474 0.836495 (0.014367) with: {'batch_size': 64, 'lr': 0.01, 'max_epochs': 128, 'module__n_features': 8, 'module__n_neurons': 32, 'module__nonlin': Tanh()}
2024-06-03 16:05:00,474 0.813288 (0.043496) with: {'batch_size': 64, 'lr': 0.01, 'max_epochs': 128, 'module__n_features': 8, 'module__n_neurons': 32, 'module__nonlin': ReLU()}
2024-06-03 16:05:00,474 0.802736 (0.020704) with: {'batch_size': 64, 'lr': 0.01, 'max_epochs': 128, 'module__n_features': 8, 'module__n_neurons': 64, 'module__nonlin': Tanh()}
2024-06-03 16:05:00,474 0.794520 (0.025466) with: {'batch_size': 64, 'lr': 0.01, 'max_epochs': 128, 'module__n_features': 8, 'module__n_neurons': 64, 'module__nonlin': ReLU()}
2024-06-03 16:05:00,474 0.785010 (0.026116) with: {'batch_size': 64, 'lr': 0.01, 'max_epochs': 128, 'module__n_features': 8, 'module__n_neurons': 128, 'module__nonlin': Tanh()}
2024-06-03 16:05:00,474 0.754297 (0.030403) with: {'batch_size': 64, 'lr': 0.01, 'max_epochs': 128, 'module__n_features': 8, 'module__n_neurons': 128, 'module__nonlin': ReLU()}
2024-06-03 16:05:00,474 0.785505 (0.027100) with: {'batch_size': 64, 'lr': 0.01, 'max_epochs': 128, 'module__n_features': 8, 'module__n_neurons': 256, 'module__nonlin': Tanh()}
2024-06-03 16:05:00,474 0.736855 (0.016416) with: {'batch_size': 64, 'lr': 0.01, 'max_epochs': 128, 'module__n_features': 8, 'module__n_neurons': 256, 'module__nonlin': ReLU()}
2024-06-03 16:05:00,474 0.832443 (0.024716) with: {'batch_size': 64, 'lr': 0.02, 'max_epochs': 16, 'module__n_features': 8, 'module__n_neurons': 16, 'module__nonlin': Tanh()}
2024-06-03 16:05:00,474 0.818707 (0.020547) with: {'batch_size': 64, 'lr': 0.02, 'max_epochs': 16, 'module__n_features': 8, 'module__n_neurons': 16, 'module__nonlin': ReLU()}
2024-06-03 16:05:00,474 0.834087 (0.022812) with: {'batch_size': 64, 'lr': 0.02, 'max_epochs': 16, 'module__n_features': 8, 'module__n_neurons': 32, 'module__nonlin': Tanh()}
2024-06-03 16:05:00,474 0.837823 (0.018017) with: {'batch_size': 64, 'lr': 0.02, 'max_epochs': 16, 'module__n_features': 8, 'module__n_neurons': 32, 'module__nonlin': ReLU()}
2024-06-03 16:05:00,474 0.834135 (0.022248) with: {'batch_size': 64, 'lr': 0.02, 'max_epochs': 16, 'module__n_features': 8, 'module__n_neurons': 64, 'module__nonlin': Tanh()}
2024-06-03 16:05:00,474 0.842193 (0.017852) with: {'batch_size': 64, 'lr': 0.02, 'max_epochs': 16, 'module__n_features': 8, 'module__n_neurons': 64, 'module__nonlin': ReLU()}
2024-06-03 16:05:00,474 0.836421 (0.020492) with: {'batch_size': 64, 'lr': 0.02, 'max_epochs': 16, 'module__n_features': 8, 'module__n_neurons': 128, 'module__nonlin': Tanh()}
2024-06-03 16:05:00,474 0.838012 (0.016127) with: {'batch_size': 64, 'lr': 0.02, 'max_epochs': 16, 'module__n_features': 8, 'module__n_neurons': 128, 'module__nonlin': ReLU()}
2024-06-03 16:05:00,474 0.800141 (0.048617) with: {'batch_size': 64, 'lr': 0.02, 'max_epochs': 16, 'module__n_features': 8, 'module__n_neurons': 256, 'module__nonlin': Tanh()}
2024-06-03 16:05:00,474 0.847395 (0.018983) with: {'batch_size': 64, 'lr': 0.02, 'max_epochs': 16, 'module__n_features': 8, 'module__n_neurons': 256, 'module__nonlin': ReLU()}
2024-06-03 16:05:00,474 0.834299 (0.022357) with: {'batch_size': 64, 'lr': 0.02, 'max_epochs': 32, 'module__n_features': 8, 'module__n_neurons': 16, 'module__nonlin': Tanh()}
2024-06-03 16:05:00,474 0.838917 (0.021303) with: {'batch_size': 64, 'lr': 0.02, 'max_epochs': 32, 'module__n_features': 8, 'module__n_neurons': 16, 'module__nonlin': ReLU()}
2024-06-03 16:05:00,474 0.835019 (0.022974) with: {'batch_size': 64, 'lr': 0.02, 'max_epochs': 32, 'module__n_features': 8, 'module__n_neurons': 32, 'module__nonlin': Tanh()}
2024-06-03 16:05:00,474 0.848119 (0.023092) with: {'batch_size': 64, 'lr': 0.02, 'max_epochs': 32, 'module__n_features': 8, 'module__n_neurons': 32, 'module__nonlin': ReLU()}
2024-06-03 16:05:00,474 0.838747 (0.019011) with: {'batch_size': 64, 'lr': 0.02, 'max_epochs': 32, 'module__n_features': 8, 'module__n_neurons': 64, 'module__nonlin': Tanh()}
2024-06-03 16:05:00,474 0.843092 (0.014438) with: {'batch_size': 64, 'lr': 0.02, 'max_epochs': 32, 'module__n_features': 8, 'module__n_neurons': 64, 'module__nonlin': ReLU()}
2024-06-03 16:05:00,474 0.835949 (0.019134) with: {'batch_size': 64, 'lr': 0.02, 'max_epochs': 32, 'module__n_features': 8, 'module__n_neurons': 128, 'module__nonlin': Tanh()}
2024-06-03 16:05:00,474 0.830287 (0.019210) with: {'batch_size': 64, 'lr': 0.02, 'max_epochs': 32, 'module__n_features': 8, 'module__n_neurons': 128, 'module__nonlin': ReLU()}
2024-06-03 16:05:00,474 0.817090 (0.039744) with: {'batch_size': 64, 'lr': 0.02, 'max_epochs': 32, 'module__n_features': 8, 'module__n_neurons': 256, 'module__nonlin': Tanh()}
2024-06-03 16:05:00,474 0.831238 (0.019330) with: {'batch_size': 64, 'lr': 0.02, 'max_epochs': 32, 'module__n_features': 8, 'module__n_neurons': 256, 'module__nonlin': ReLU()}
2024-06-03 16:05:00,474 0.839631 (0.021889) with: {'batch_size': 64, 'lr': 0.02, 'max_epochs': 64, 'module__n_features': 8, 'module__n_neurons': 16, 'module__nonlin': Tanh()}
2024-06-03 16:05:00,474 0.833726 (0.019657) with: {'batch_size': 64, 'lr': 0.02, 'max_epochs': 64, 'module__n_features': 8, 'module__n_neurons': 16, 'module__nonlin': ReLU()}
2024-06-03 16:05:00,474 0.832462 (0.020424) with: {'batch_size': 64, 'lr': 0.02, 'max_epochs': 64, 'module__n_features': 8, 'module__n_neurons': 32, 'module__nonlin': Tanh()}
2024-06-03 16:05:00,474 0.826856 (0.012039) with: {'batch_size': 64, 'lr': 0.02, 'max_epochs': 64, 'module__n_features': 8, 'module__n_neurons': 32, 'module__nonlin': ReLU()}
2024-06-03 16:05:00,474 0.824411 (0.029761) with: {'batch_size': 64, 'lr': 0.02, 'max_epochs': 64, 'module__n_features': 8, 'module__n_neurons': 64, 'module__nonlin': Tanh()}
2024-06-03 16:05:00,474 0.812760 (0.009940) with: {'batch_size': 64, 'lr': 0.02, 'max_epochs': 64, 'module__n_features': 8, 'module__n_neurons': 64, 'module__nonlin': ReLU()}
2024-06-03 16:05:00,474 0.817657 (0.031233) with: {'batch_size': 64, 'lr': 0.02, 'max_epochs': 64, 'module__n_features': 8, 'module__n_neurons': 128, 'module__nonlin': Tanh()}
2024-06-03 16:05:00,474 0.767494 (0.020396) with: {'batch_size': 64, 'lr': 0.02, 'max_epochs': 64, 'module__n_features': 8, 'module__n_neurons': 128, 'module__nonlin': ReLU()}
2024-06-03 16:05:00,474 0.806174 (0.032243) with: {'batch_size': 64, 'lr': 0.02, 'max_epochs': 64, 'module__n_features': 8, 'module__n_neurons': 256, 'module__nonlin': Tanh()}
2024-06-03 16:05:00,474 0.778626 (0.014886) with: {'batch_size': 64, 'lr': 0.02, 'max_epochs': 64, 'module__n_features': 8, 'module__n_neurons': 256, 'module__nonlin': ReLU()}
2024-06-03 16:05:00,475 0.823094 (0.017539) with: {'batch_size': 64, 'lr': 0.02, 'max_epochs': 128, 'module__n_features': 8, 'module__n_neurons': 16, 'module__nonlin': Tanh()}
2024-06-03 16:05:00,475 0.811932 (0.017406) with: {'batch_size': 64, 'lr': 0.02, 'max_epochs': 128, 'module__n_features': 8, 'module__n_neurons': 16, 'module__nonlin': ReLU()}
2024-06-03 16:05:00,475 0.796117 (0.023218) with: {'batch_size': 64, 'lr': 0.02, 'max_epochs': 128, 'module__n_features': 8, 'module__n_neurons': 32, 'module__nonlin': Tanh()}
2024-06-03 16:05:00,475 0.801679 (0.012871) with: {'batch_size': 64, 'lr': 0.02, 'max_epochs': 128, 'module__n_features': 8, 'module__n_neurons': 32, 'module__nonlin': ReLU()}
2024-06-03 16:05:00,475 0.788948 (0.024015) with: {'batch_size': 64, 'lr': 0.02, 'max_epochs': 128, 'module__n_features': 8, 'module__n_neurons': 64, 'module__nonlin': Tanh()}
2024-06-03 16:05:00,475 0.754952 (0.025024) with: {'batch_size': 64, 'lr': 0.02, 'max_epochs': 128, 'module__n_features': 8, 'module__n_neurons': 64, 'module__nonlin': ReLU()}
2024-06-03 16:05:00,475 0.767872 (0.017612) with: {'batch_size': 64, 'lr': 0.02, 'max_epochs': 128, 'module__n_features': 8, 'module__n_neurons': 128, 'module__nonlin': Tanh()}
2024-06-03 16:05:00,475 0.743189 (0.023603) with: {'batch_size': 64, 'lr': 0.02, 'max_epochs': 128, 'module__n_features': 8, 'module__n_neurons': 128, 'module__nonlin': ReLU()}
2024-06-03 16:05:00,475 0.632833 (0.202563) with: {'batch_size': 64, 'lr': 0.02, 'max_epochs': 128, 'module__n_features': 8, 'module__n_neurons': 256, 'module__nonlin': Tanh()}
2024-06-03 16:05:00,475 0.747937 (0.033250) with: {'batch_size': 64, 'lr': 0.02, 'max_epochs': 128, 'module__n_features': 8, 'module__n_neurons': 256, 'module__nonlin': ReLU()}
2024-06-03 16:05:00,475 0.531938 (0.167547) with: {'batch_size': 128, 'lr': 0.001, 'max_epochs': 16, 'module__n_features': 8, 'module__n_neurons': 16, 'module__nonlin': Tanh()}
2024-06-03 16:05:00,475 0.473554 (0.165239) with: {'batch_size': 128, 'lr': 0.001, 'max_epochs': 16, 'module__n_features': 8, 'module__n_neurons': 16, 'module__nonlin': ReLU()}
2024-06-03 16:05:00,475 0.762345 (0.047775) with: {'batch_size': 128, 'lr': 0.001, 'max_epochs': 16, 'module__n_features': 8, 'module__n_neurons': 32, 'module__nonlin': Tanh()}
2024-06-03 16:05:00,475 0.542264 (0.136307) with: {'batch_size': 128, 'lr': 0.001, 'max_epochs': 16, 'module__n_features': 8, 'module__n_neurons': 32, 'module__nonlin': ReLU()}
2024-06-03 16:05:00,475 0.771782 (0.045175) with: {'batch_size': 128, 'lr': 0.001, 'max_epochs': 16, 'module__n_features': 8, 'module__n_neurons': 64, 'module__nonlin': Tanh()}
2024-06-03 16:05:00,475 0.645972 (0.211314) with: {'batch_size': 128, 'lr': 0.001, 'max_epochs': 16, 'module__n_features': 8, 'module__n_neurons': 64, 'module__nonlin': ReLU()}
2024-06-03 16:05:00,475 0.805240 (0.029178) with: {'batch_size': 128, 'lr': 0.001, 'max_epochs': 16, 'module__n_features': 8, 'module__n_neurons': 128, 'module__nonlin': Tanh()}
2024-06-03 16:05:00,475 0.756620 (0.053229) with: {'batch_size': 128, 'lr': 0.001, 'max_epochs': 16, 'module__n_features': 8, 'module__n_neurons': 128, 'module__nonlin': ReLU()}
2024-06-03 16:05:00,475 0.818262 (0.024375) with: {'batch_size': 128, 'lr': 0.001, 'max_epochs': 16, 'module__n_features': 8, 'module__n_neurons': 256, 'module__nonlin': Tanh()}
2024-06-03 16:05:00,475 0.797795 (0.040320) with: {'batch_size': 128, 'lr': 0.001, 'max_epochs': 16, 'module__n_features': 8, 'module__n_neurons': 256, 'module__nonlin': ReLU()}
2024-06-03 16:05:00,475 0.617744 (0.156053) with: {'batch_size': 128, 'lr': 0.001, 'max_epochs': 32, 'module__n_features': 8, 'module__n_neurons': 16, 'module__nonlin': Tanh()}
2024-06-03 16:05:00,475 0.482394 (0.156327) with: {'batch_size': 128, 'lr': 0.001, 'max_epochs': 32, 'module__n_features': 8, 'module__n_neurons': 16, 'module__nonlin': ReLU()}
2024-06-03 16:05:00,475 0.712960 (0.104920) with: {'batch_size': 128, 'lr': 0.001, 'max_epochs': 32, 'module__n_features': 8, 'module__n_neurons': 32, 'module__nonlin': Tanh()}
2024-06-03 16:05:00,475 0.692751 (0.141418) with: {'batch_size': 128, 'lr': 0.001, 'max_epochs': 32, 'module__n_features': 8, 'module__n_neurons': 32, 'module__nonlin': ReLU()}
2024-06-03 16:05:00,475 0.794895 (0.028939) with: {'batch_size': 128, 'lr': 0.001, 'max_epochs': 32, 'module__n_features': 8, 'module__n_neurons': 64, 'module__nonlin': Tanh()}
2024-06-03 16:05:00,475 0.749695 (0.052822) with: {'batch_size': 128, 'lr': 0.001, 'max_epochs': 32, 'module__n_features': 8, 'module__n_neurons': 64, 'module__nonlin': ReLU()}
2024-06-03 16:05:00,475 0.821297 (0.019689) with: {'batch_size': 128, 'lr': 0.001, 'max_epochs': 32, 'module__n_features': 8, 'module__n_neurons': 128, 'module__nonlin': Tanh()}
2024-06-03 16:05:00,475 0.809290 (0.029775) with: {'batch_size': 128, 'lr': 0.001, 'max_epochs': 32, 'module__n_features': 8, 'module__n_neurons': 128, 'module__nonlin': ReLU()}
2024-06-03 16:05:00,475 0.827586 (0.020418) with: {'batch_size': 128, 'lr': 0.001, 'max_epochs': 32, 'module__n_features': 8, 'module__n_neurons': 256, 'module__nonlin': Tanh()}
2024-06-03 16:05:00,475 0.832192 (0.024932) with: {'batch_size': 128, 'lr': 0.001, 'max_epochs': 32, 'module__n_features': 8, 'module__n_neurons': 256, 'module__nonlin': ReLU()}
2024-06-03 16:05:00,475 0.676398 (0.163093) with: {'batch_size': 128, 'lr': 0.001, 'max_epochs': 64, 'module__n_features': 8, 'module__n_neurons': 16, 'module__nonlin': Tanh()}
2024-06-03 16:05:00,475 0.747248 (0.036009) with: {'batch_size': 128, 'lr': 0.001, 'max_epochs': 64, 'module__n_features': 8, 'module__n_neurons': 16, 'module__nonlin': ReLU()}
2024-06-03 16:05:00,475 0.797707 (0.034319) with: {'batch_size': 128, 'lr': 0.001, 'max_epochs': 64, 'module__n_features': 8, 'module__n_neurons': 32, 'module__nonlin': Tanh()}
2024-06-03 16:05:00,475 0.752975 (0.082902) with: {'batch_size': 128, 'lr': 0.001, 'max_epochs': 64, 'module__n_features': 8, 'module__n_neurons': 32, 'module__nonlin': ReLU()}
2024-06-03 16:05:00,475 0.821097 (0.022353) with: {'batch_size': 128, 'lr': 0.001, 'max_epochs': 64, 'module__n_features': 8, 'module__n_neurons': 64, 'module__nonlin': Tanh()}
2024-06-03 16:05:00,475 0.815234 (0.018220) with: {'batch_size': 128, 'lr': 0.001, 'max_epochs': 64, 'module__n_features': 8, 'module__n_neurons': 64, 'module__nonlin': ReLU()}
2024-06-03 16:05:00,475 0.826929 (0.019891) with: {'batch_size': 128, 'lr': 0.001, 'max_epochs': 64, 'module__n_features': 8, 'module__n_neurons': 128, 'module__nonlin': Tanh()}
2024-06-03 16:05:00,475 0.834219 (0.020218) with: {'batch_size': 128, 'lr': 0.001, 'max_epochs': 64, 'module__n_features': 8, 'module__n_neurons': 128, 'module__nonlin': ReLU()}
2024-06-03 16:05:00,475 0.828299 (0.021555) with: {'batch_size': 128, 'lr': 0.001, 'max_epochs': 64, 'module__n_features': 8, 'module__n_neurons': 256, 'module__nonlin': Tanh()}
2024-06-03 16:05:00,475 0.842472 (0.015341) with: {'batch_size': 128, 'lr': 0.001, 'max_epochs': 64, 'module__n_features': 8, 'module__n_neurons': 256, 'module__nonlin': ReLU()}
2024-06-03 16:05:00,475 0.793746 (0.041035) with: {'batch_size': 128, 'lr': 0.001, 'max_epochs': 128, 'module__n_features': 8, 'module__n_neurons': 16, 'module__nonlin': Tanh()}
2024-06-03 16:05:00,475 0.770258 (0.024219) with: {'batch_size': 128, 'lr': 0.001, 'max_epochs': 128, 'module__n_features': 8, 'module__n_neurons': 16, 'module__nonlin': ReLU()}
2024-06-03 16:05:00,475 0.820426 (0.019056) with: {'batch_size': 128, 'lr': 0.001, 'max_epochs': 128, 'module__n_features': 8, 'module__n_neurons': 32, 'module__nonlin': Tanh()}
2024-06-03 16:05:00,475 0.814578 (0.029919) with: {'batch_size': 128, 'lr': 0.001, 'max_epochs': 128, 'module__n_features': 8, 'module__n_neurons': 32, 'module__nonlin': ReLU()}
2024-06-03 16:05:00,475 0.826931 (0.020861) with: {'batch_size': 128, 'lr': 0.001, 'max_epochs': 128, 'module__n_features': 8, 'module__n_neurons': 64, 'module__nonlin': Tanh()}
2024-06-03 16:05:00,475 0.836019 (0.023285) with: {'batch_size': 128, 'lr': 0.001, 'max_epochs': 128, 'module__n_features': 8, 'module__n_neurons': 64, 'module__nonlin': ReLU()}
2024-06-03 16:05:00,475 0.828825 (0.020755) with: {'batch_size': 128, 'lr': 0.001, 'max_epochs': 128, 'module__n_features': 8, 'module__n_neurons': 128, 'module__nonlin': Tanh()}
2024-06-03 16:05:00,476 0.837147 (0.012924) with: {'batch_size': 128, 'lr': 0.001, 'max_epochs': 128, 'module__n_features': 8, 'module__n_neurons': 128, 'module__nonlin': ReLU()}
2024-06-03 16:05:00,476 0.829643 (0.020048) with: {'batch_size': 128, 'lr': 0.001, 'max_epochs': 128, 'module__n_features': 8, 'module__n_neurons': 256, 'module__nonlin': Tanh()}
2024-06-03 16:05:00,476 0.841555 (0.023808) with: {'batch_size': 128, 'lr': 0.001, 'max_epochs': 128, 'module__n_features': 8, 'module__n_neurons': 256, 'module__nonlin': ReLU()}
2024-06-03 16:05:00,476 0.784549 (0.024451) with: {'batch_size': 128, 'lr': 0.01, 'max_epochs': 16, 'module__n_features': 8, 'module__n_neurons': 16, 'module__nonlin': Tanh()}
2024-06-03 16:05:00,476 0.757821 (0.067181) with: {'batch_size': 128, 'lr': 0.01, 'max_epochs': 16, 'module__n_features': 8, 'module__n_neurons': 16, 'module__nonlin': ReLU()}
2024-06-03 16:05:00,476 0.810341 (0.029692) with: {'batch_size': 128, 'lr': 0.01, 'max_epochs': 16, 'module__n_features': 8, 'module__n_neurons': 32, 'module__nonlin': Tanh()}
2024-06-03 16:05:00,476 0.790344 (0.039855) with: {'batch_size': 128, 'lr': 0.01, 'max_epochs': 16, 'module__n_features': 8, 'module__n_neurons': 32, 'module__nonlin': ReLU()}
2024-06-03 16:05:00,476 0.826245 (0.020026) with: {'batch_size': 128, 'lr': 0.01, 'max_epochs': 16, 'module__n_features': 8, 'module__n_neurons': 64, 'module__nonlin': Tanh()}
2024-06-03 16:05:00,476 0.826633 (0.017092) with: {'batch_size': 128, 'lr': 0.01, 'max_epochs': 16, 'module__n_features': 8, 'module__n_neurons': 64, 'module__nonlin': ReLU()}
2024-06-03 16:05:00,476 0.826535 (0.019960) with: {'batch_size': 128, 'lr': 0.01, 'max_epochs': 16, 'module__n_features': 8, 'module__n_neurons': 128, 'module__nonlin': Tanh()}
2024-06-03 16:05:00,476 0.840295 (0.018435) with: {'batch_size': 128, 'lr': 0.01, 'max_epochs': 16, 'module__n_features': 8, 'module__n_neurons': 128, 'module__nonlin': ReLU()}
2024-06-03 16:05:00,476 0.816798 (0.021357) with: {'batch_size': 128, 'lr': 0.01, 'max_epochs': 16, 'module__n_features': 8, 'module__n_neurons': 256, 'module__nonlin': Tanh()}
2024-06-03 16:05:00,476 0.843292 (0.018326) with: {'batch_size': 128, 'lr': 0.01, 'max_epochs': 16, 'module__n_features': 8, 'module__n_neurons': 256, 'module__nonlin': ReLU()}
2024-06-03 16:05:00,476 0.819862 (0.018604) with: {'batch_size': 128, 'lr': 0.01, 'max_epochs': 32, 'module__n_features': 8, 'module__n_neurons': 16, 'module__nonlin': Tanh()}
2024-06-03 16:05:00,476 0.791060 (0.047218) with: {'batch_size': 128, 'lr': 0.01, 'max_epochs': 32, 'module__n_features': 8, 'module__n_neurons': 16, 'module__nonlin': ReLU()}
2024-06-03 16:05:00,476 0.826290 (0.019743) with: {'batch_size': 128, 'lr': 0.01, 'max_epochs': 32, 'module__n_features': 8, 'module__n_neurons': 32, 'module__nonlin': Tanh()}
2024-06-03 16:05:00,476 0.827342 (0.025205) with: {'batch_size': 128, 'lr': 0.01, 'max_epochs': 32, 'module__n_features': 8, 'module__n_neurons': 32, 'module__nonlin': ReLU()}
2024-06-03 16:05:00,476 0.828346 (0.020186) with: {'batch_size': 128, 'lr': 0.01, 'max_epochs': 32, 'module__n_features': 8, 'module__n_neurons': 64, 'module__nonlin': Tanh()}
2024-06-03 16:05:00,476 0.839628 (0.017996) with: {'batch_size': 128, 'lr': 0.01, 'max_epochs': 32, 'module__n_features': 8, 'module__n_neurons': 64, 'module__nonlin': ReLU()}
2024-06-03 16:05:00,476 0.827816 (0.020272) with: {'batch_size': 128, 'lr': 0.01, 'max_epochs': 32, 'module__n_features': 8, 'module__n_neurons': 128, 'module__nonlin': Tanh()}
2024-06-03 16:05:00,476 0.841118 (0.018232) with: {'batch_size': 128, 'lr': 0.01, 'max_epochs': 32, 'module__n_features': 8, 'module__n_neurons': 128, 'module__nonlin': ReLU()}
2024-06-03 16:05:00,476 0.829163 (0.019042) with: {'batch_size': 128, 'lr': 0.01, 'max_epochs': 32, 'module__n_features': 8, 'module__n_neurons': 256, 'module__nonlin': Tanh()}
2024-06-03 16:05:00,476 0.836275 (0.020114) with: {'batch_size': 128, 'lr': 0.01, 'max_epochs': 32, 'module__n_features': 8, 'module__n_neurons': 256, 'module__nonlin': ReLU()}
2024-06-03 16:05:00,476 0.827528 (0.021687) with: {'batch_size': 128, 'lr': 0.01, 'max_epochs': 64, 'module__n_features': 8, 'module__n_neurons': 16, 'module__nonlin': Tanh()}
2024-06-03 16:05:00,476 0.820135 (0.028616) with: {'batch_size': 128, 'lr': 0.01, 'max_epochs': 64, 'module__n_features': 8, 'module__n_neurons': 16, 'module__nonlin': ReLU()}
2024-06-03 16:05:00,476 0.828581 (0.020529) with: {'batch_size': 128, 'lr': 0.01, 'max_epochs': 64, 'module__n_features': 8, 'module__n_neurons': 32, 'module__nonlin': Tanh()}
2024-06-03 16:05:00,476 0.843926 (0.013868) with: {'batch_size': 128, 'lr': 0.01, 'max_epochs': 64, 'module__n_features': 8, 'module__n_neurons': 32, 'module__nonlin': ReLU()}
2024-06-03 16:05:00,476 0.831270 (0.017028) with: {'batch_size': 128, 'lr': 0.01, 'max_epochs': 64, 'module__n_features': 8, 'module__n_neurons': 64, 'module__nonlin': Tanh()}
2024-06-03 16:05:00,476 0.831865 (0.026050) with: {'batch_size': 128, 'lr': 0.01, 'max_epochs': 64, 'module__n_features': 8, 'module__n_neurons': 64, 'module__nonlin': ReLU()}
2024-06-03 16:05:00,476 0.827768 (0.013221) with: {'batch_size': 128, 'lr': 0.01, 'max_epochs': 64, 'module__n_features': 8, 'module__n_neurons': 128, 'module__nonlin': Tanh()}
2024-06-03 16:05:00,476 0.819391 (0.009912) with: {'batch_size': 128, 'lr': 0.01, 'max_epochs': 64, 'module__n_features': 8, 'module__n_neurons': 128, 'module__nonlin': ReLU()}
2024-06-03 16:05:00,476 0.824907 (0.014844) with: {'batch_size': 128, 'lr': 0.01, 'max_epochs': 64, 'module__n_features': 8, 'module__n_neurons': 256, 'module__nonlin': Tanh()}
2024-06-03 16:05:00,476 0.798890 (0.023715) with: {'batch_size': 128, 'lr': 0.01, 'max_epochs': 64, 'module__n_features': 8, 'module__n_neurons': 256, 'module__nonlin': ReLU()}
2024-06-03 16:05:00,476 0.830862 (0.019262) with: {'batch_size': 128, 'lr': 0.01, 'max_epochs': 128, 'module__n_features': 8, 'module__n_neurons': 16, 'module__nonlin': Tanh()}
2024-06-03 16:05:00,476 0.836019 (0.021508) with: {'batch_size': 128, 'lr': 0.01, 'max_epochs': 128, 'module__n_features': 8, 'module__n_neurons': 16, 'module__nonlin': ReLU()}
2024-06-03 16:05:00,476 0.830366 (0.009576) with: {'batch_size': 128, 'lr': 0.01, 'max_epochs': 128, 'module__n_features': 8, 'module__n_neurons': 32, 'module__nonlin': Tanh()}
2024-06-03 16:05:00,476 0.837558 (0.015355) with: {'batch_size': 128, 'lr': 0.01, 'max_epochs': 128, 'module__n_features': 8, 'module__n_neurons': 32, 'module__nonlin': ReLU()}
2024-06-03 16:05:00,476 0.828274 (0.011488) with: {'batch_size': 128, 'lr': 0.01, 'max_epochs': 128, 'module__n_features': 8, 'module__n_neurons': 64, 'module__nonlin': Tanh()}
2024-06-03 16:05:00,476 0.820057 (0.009434) with: {'batch_size': 128, 'lr': 0.01, 'max_epochs': 128, 'module__n_features': 8, 'module__n_neurons': 64, 'module__nonlin': ReLU()}
2024-06-03 16:05:00,476 0.816762 (0.018531) with: {'batch_size': 128, 'lr': 0.01, 'max_epochs': 128, 'module__n_features': 8, 'module__n_neurons': 128, 'module__nonlin': Tanh()}
2024-06-03 16:05:00,476 0.765663 (0.025594) with: {'batch_size': 128, 'lr': 0.01, 'max_epochs': 128, 'module__n_features': 8, 'module__n_neurons': 128, 'module__nonlin': ReLU()}
2024-06-03 16:05:00,476 0.811952 (0.011190) with: {'batch_size': 128, 'lr': 0.01, 'max_epochs': 128, 'module__n_features': 8, 'module__n_neurons': 256, 'module__nonlin': Tanh()}
2024-06-03 16:05:00,476 0.762281 (0.022446) with: {'batch_size': 128, 'lr': 0.01, 'max_epochs': 128, 'module__n_features': 8, 'module__n_neurons': 256, 'module__nonlin': ReLU()}
2024-06-03 16:05:00,476 0.806644 (0.033888) with: {'batch_size': 128, 'lr': 0.02, 'max_epochs': 16, 'module__n_features': 8, 'module__n_neurons': 16, 'module__nonlin': Tanh()}
2024-06-03 16:05:00,476 0.774360 (0.047554) with: {'batch_size': 128, 'lr': 0.02, 'max_epochs': 16, 'module__n_features': 8, 'module__n_neurons': 16, 'module__nonlin': ReLU()}
2024-06-03 16:05:00,476 0.825668 (0.018848) with: {'batch_size': 128, 'lr': 0.02, 'max_epochs': 16, 'module__n_features': 8, 'module__n_neurons': 32, 'module__nonlin': Tanh()}
2024-06-03 16:05:00,476 0.809531 (0.023875) with: {'batch_size': 128, 'lr': 0.02, 'max_epochs': 16, 'module__n_features': 8, 'module__n_neurons': 32, 'module__nonlin': ReLU()}
2024-06-03 16:05:00,476 0.825415 (0.022022) with: {'batch_size': 128, 'lr': 0.02, 'max_epochs': 16, 'module__n_features': 8, 'module__n_neurons': 64, 'module__nonlin': Tanh()}
2024-06-03 16:05:00,477 0.838427 (0.018936) with: {'batch_size': 128, 'lr': 0.02, 'max_epochs': 16, 'module__n_features': 8, 'module__n_neurons': 64, 'module__nonlin': ReLU()}
2024-06-03 16:05:00,477 0.824615 (0.021057) with: {'batch_size': 128, 'lr': 0.02, 'max_epochs': 16, 'module__n_features': 8, 'module__n_neurons': 128, 'module__nonlin': Tanh()}
2024-06-03 16:05:00,477 0.841850 (0.022590) with: {'batch_size': 128, 'lr': 0.02, 'max_epochs': 16, 'module__n_features': 8, 'module__n_neurons': 128, 'module__nonlin': ReLU()}
2024-06-03 16:05:00,477 0.775272 (0.038804) with: {'batch_size': 128, 'lr': 0.02, 'max_epochs': 16, 'module__n_features': 8, 'module__n_neurons': 256, 'module__nonlin': Tanh()}
2024-06-03 16:05:00,477 0.845216 (0.020047) with: {'batch_size': 128, 'lr': 0.02, 'max_epochs': 16, 'module__n_features': 8, 'module__n_neurons': 256, 'module__nonlin': ReLU()}
2024-06-03 16:05:00,477 0.826996 (0.019954) with: {'batch_size': 128, 'lr': 0.02, 'max_epochs': 32, 'module__n_features': 8, 'module__n_neurons': 16, 'module__nonlin': Tanh()}
2024-06-03 16:05:00,477 0.828171 (0.019921) with: {'batch_size': 128, 'lr': 0.02, 'max_epochs': 32, 'module__n_features': 8, 'module__n_neurons': 16, 'module__nonlin': ReLU()}
2024-06-03 16:05:00,477 0.827230 (0.020154) with: {'batch_size': 128, 'lr': 0.02, 'max_epochs': 32, 'module__n_features': 8, 'module__n_neurons': 32, 'module__nonlin': Tanh()}
2024-06-03 16:05:00,477 0.840379 (0.019940) with: {'batch_size': 128, 'lr': 0.02, 'max_epochs': 32, 'module__n_features': 8, 'module__n_neurons': 32, 'module__nonlin': ReLU()}
2024-06-03 16:05:00,477 0.827888 (0.019820) with: {'batch_size': 128, 'lr': 0.02, 'max_epochs': 32, 'module__n_features': 8, 'module__n_neurons': 64, 'module__nonlin': Tanh()}
2024-06-03 16:05:00,477 0.843954 (0.019060) with: {'batch_size': 128, 'lr': 0.02, 'max_epochs': 32, 'module__n_features': 8, 'module__n_neurons': 64, 'module__nonlin': ReLU()}
2024-06-03 16:05:00,477 0.826981 (0.014353) with: {'batch_size': 128, 'lr': 0.02, 'max_epochs': 32, 'module__n_features': 8, 'module__n_neurons': 128, 'module__nonlin': Tanh()}
2024-06-03 16:05:00,477 0.832125 (0.011845) with: {'batch_size': 128, 'lr': 0.02, 'max_epochs': 32, 'module__n_features': 8, 'module__n_neurons': 128, 'module__nonlin': ReLU()}
2024-06-03 16:05:00,477 0.683241 (0.223633) with: {'batch_size': 128, 'lr': 0.02, 'max_epochs': 32, 'module__n_features': 8, 'module__n_neurons': 256, 'module__nonlin': Tanh()}
2024-06-03 16:05:00,477 0.826696 (0.016269) with: {'batch_size': 128, 'lr': 0.02, 'max_epochs': 32, 'module__n_features': 8, 'module__n_neurons': 256, 'module__nonlin': ReLU()}
2024-06-03 16:05:00,477 0.828992 (0.019623) with: {'batch_size': 128, 'lr': 0.02, 'max_epochs': 64, 'module__n_features': 8, 'module__n_neurons': 16, 'module__nonlin': Tanh()}
2024-06-03 16:05:00,477 0.830932 (0.021041) with: {'batch_size': 128, 'lr': 0.02, 'max_epochs': 64, 'module__n_features': 8, 'module__n_neurons': 16, 'module__nonlin': ReLU()}
2024-06-03 16:05:00,477 0.830217 (0.017299) with: {'batch_size': 128, 'lr': 0.02, 'max_epochs': 64, 'module__n_features': 8, 'module__n_neurons': 32, 'module__nonlin': Tanh()}
2024-06-03 16:05:00,477 0.835617 (0.015950) with: {'batch_size': 128, 'lr': 0.02, 'max_epochs': 64, 'module__n_features': 8, 'module__n_neurons': 32, 'module__nonlin': ReLU()}
2024-06-03 16:05:00,477 0.825143 (0.013625) with: {'batch_size': 128, 'lr': 0.02, 'max_epochs': 64, 'module__n_features': 8, 'module__n_neurons': 64, 'module__nonlin': Tanh()}
2024-06-03 16:05:00,477 0.814460 (0.021152) with: {'batch_size': 128, 'lr': 0.02, 'max_epochs': 64, 'module__n_features': 8, 'module__n_neurons': 64, 'module__nonlin': ReLU()}
2024-06-03 16:05:00,477 0.823372 (0.017416) with: {'batch_size': 128, 'lr': 0.02, 'max_epochs': 64, 'module__n_features': 8, 'module__n_neurons': 128, 'module__nonlin': Tanh()}
2024-06-03 16:05:00,477 0.807763 (0.022831) with: {'batch_size': 128, 'lr': 0.02, 'max_epochs': 64, 'module__n_features': 8, 'module__n_neurons': 128, 'module__nonlin': ReLU()}
2024-06-03 16:05:00,477 0.743487 (0.091390) with: {'batch_size': 128, 'lr': 0.02, 'max_epochs': 64, 'module__n_features': 8, 'module__n_neurons': 256, 'module__nonlin': Tanh()}
2024-06-03 16:05:00,477 0.797443 (0.018699) with: {'batch_size': 128, 'lr': 0.02, 'max_epochs': 64, 'module__n_features': 8, 'module__n_neurons': 256, 'module__nonlin': ReLU()}
2024-06-03 16:05:00,477 0.829298 (0.014089) with: {'batch_size': 128, 'lr': 0.02, 'max_epochs': 128, 'module__n_features': 8, 'module__n_neurons': 16, 'module__nonlin': Tanh()}
2024-06-03 16:05:00,477 0.818618 (0.025919) with: {'batch_size': 128, 'lr': 0.02, 'max_epochs': 128, 'module__n_features': 8, 'module__n_neurons': 16, 'module__nonlin': ReLU()}
2024-06-03 16:05:00,477 0.818657 (0.010677) with: {'batch_size': 128, 'lr': 0.02, 'max_epochs': 128, 'module__n_features': 8, 'module__n_neurons': 32, 'module__nonlin': Tanh()}
2024-06-03 16:05:00,477 0.821388 (0.032290) with: {'batch_size': 128, 'lr': 0.02, 'max_epochs': 128, 'module__n_features': 8, 'module__n_neurons': 32, 'module__nonlin': ReLU()}
2024-06-03 16:05:00,477 0.806215 (0.019639) with: {'batch_size': 128, 'lr': 0.02, 'max_epochs': 128, 'module__n_features': 8, 'module__n_neurons': 64, 'module__nonlin': Tanh()}
2024-06-03 16:05:00,477 0.814026 (0.016968) with: {'batch_size': 128, 'lr': 0.02, 'max_epochs': 128, 'module__n_features': 8, 'module__n_neurons': 64, 'module__nonlin': ReLU()}
2024-06-03 16:05:00,477 0.805962 (0.009195) with: {'batch_size': 128, 'lr': 0.02, 'max_epochs': 128, 'module__n_features': 8, 'module__n_neurons': 128, 'module__nonlin': Tanh()}
2024-06-03 16:05:00,477 0.775416 (0.024848) with: {'batch_size': 128, 'lr': 0.02, 'max_epochs': 128, 'module__n_features': 8, 'module__n_neurons': 128, 'module__nonlin': ReLU()}
2024-06-03 16:05:00,477 0.695074 (0.233531) with: {'batch_size': 128, 'lr': 0.02, 'max_epochs': 128, 'module__n_features': 8, 'module__n_neurons': 256, 'module__nonlin': Tanh()}
2024-06-03 16:05:00,477 0.762525 (0.020266) with: {'batch_size': 128, 'lr': 0.02, 'max_epochs': 128, 'module__n_features': 8, 'module__n_neurons': 256, 'module__nonlin': ReLU()}
