2024-05-31 17:04:14,821 Best: 0.849508 using {'batch_size': 32, 'lr': 0.001, 'max_epochs': 128, 'module__n_features': 8, 'module__n_neurons': 128, 'module__nonlin': ReLU()}
2024-05-31 17:04:14,822 Best estimator configuration: 
 <class 'skorch.classifier.NeuralNetClassifier'>[initialized](
  module_=Module2Layers(
    (dense0): Linear(in_features=8, out_features=128, bias=True)
    (act): ReLU()
    (dense1): Linear(in_features=128, out_features=128, bias=True)
    (output): Linear(in_features=128, out_features=1, bias=True)
    (sigmoid): Sigmoid()
  ),
)
2024-05-31 17:04:14,822 0.656813 (0.130196) with: {'batch_size': 16, 'lr': 0.001, 'max_epochs': 16, 'module__n_features': 8, 'module__n_neurons': 16, 'module__nonlin': Tanh()}
2024-05-31 17:04:14,822 0.651444 (0.106055) with: {'batch_size': 16, 'lr': 0.001, 'max_epochs': 16, 'module__n_features': 8, 'module__n_neurons': 16, 'module__nonlin': ReLU()}
2024-05-31 17:04:14,822 0.782573 (0.027945) with: {'batch_size': 16, 'lr': 0.001, 'max_epochs': 16, 'module__n_features': 8, 'module__n_neurons': 32, 'module__nonlin': Tanh()}
2024-05-31 17:04:14,822 0.752898 (0.059388) with: {'batch_size': 16, 'lr': 0.001, 'max_epochs': 16, 'module__n_features': 8, 'module__n_neurons': 32, 'module__nonlin': ReLU()}
2024-05-31 17:04:14,822 0.814419 (0.032603) with: {'batch_size': 16, 'lr': 0.001, 'max_epochs': 16, 'module__n_features': 8, 'module__n_neurons': 64, 'module__nonlin': Tanh()}
2024-05-31 17:04:14,822 0.785879 (0.016941) with: {'batch_size': 16, 'lr': 0.001, 'max_epochs': 16, 'module__n_features': 8, 'module__n_neurons': 64, 'module__nonlin': ReLU()}
2024-05-31 17:04:14,822 0.834363 (0.018362) with: {'batch_size': 16, 'lr': 0.001, 'max_epochs': 16, 'module__n_features': 8, 'module__n_neurons': 128, 'module__nonlin': Tanh()}
2024-05-31 17:04:14,822 0.825726 (0.026699) with: {'batch_size': 16, 'lr': 0.001, 'max_epochs': 16, 'module__n_features': 8, 'module__n_neurons': 128, 'module__nonlin': ReLU()}
2024-05-31 17:04:14,822 0.836974 (0.021253) with: {'batch_size': 16, 'lr': 0.001, 'max_epochs': 16, 'module__n_features': 8, 'module__n_neurons': 256, 'module__nonlin': Tanh()}
2024-05-31 17:04:14,822 0.838650 (0.020457) with: {'batch_size': 16, 'lr': 0.001, 'max_epochs': 16, 'module__n_features': 8, 'module__n_neurons': 256, 'module__nonlin': ReLU()}
2024-05-31 17:04:14,822 0.774576 (0.017950) with: {'batch_size': 16, 'lr': 0.001, 'max_epochs': 32, 'module__n_features': 8, 'module__n_neurons': 16, 'module__nonlin': Tanh()}
2024-05-31 17:04:14,822 0.768517 (0.037648) with: {'batch_size': 16, 'lr': 0.001, 'max_epochs': 32, 'module__n_features': 8, 'module__n_neurons': 16, 'module__nonlin': ReLU()}
2024-05-31 17:04:14,822 0.807867 (0.019043) with: {'batch_size': 16, 'lr': 0.001, 'max_epochs': 32, 'module__n_features': 8, 'module__n_neurons': 32, 'module__nonlin': Tanh()}
2024-05-31 17:04:14,822 0.792839 (0.011777) with: {'batch_size': 16, 'lr': 0.001, 'max_epochs': 32, 'module__n_features': 8, 'module__n_neurons': 32, 'module__nonlin': ReLU()}
2024-05-31 17:04:14,822 0.826625 (0.029389) with: {'batch_size': 16, 'lr': 0.001, 'max_epochs': 32, 'module__n_features': 8, 'module__n_neurons': 64, 'module__nonlin': Tanh()}
2024-05-31 17:04:14,822 0.817520 (0.029859) with: {'batch_size': 16, 'lr': 0.001, 'max_epochs': 32, 'module__n_features': 8, 'module__n_neurons': 64, 'module__nonlin': ReLU()}
2024-05-31 17:04:14,822 0.835452 (0.021996) with: {'batch_size': 16, 'lr': 0.001, 'max_epochs': 32, 'module__n_features': 8, 'module__n_neurons': 128, 'module__nonlin': Tanh()}
2024-05-31 17:04:14,822 0.839958 (0.018441) with: {'batch_size': 16, 'lr': 0.001, 'max_epochs': 32, 'module__n_features': 8, 'module__n_neurons': 128, 'module__nonlin': ReLU()}
2024-05-31 17:04:14,822 0.835688 (0.022778) with: {'batch_size': 16, 'lr': 0.001, 'max_epochs': 32, 'module__n_features': 8, 'module__n_neurons': 256, 'module__nonlin': Tanh()}
2024-05-31 17:04:14,826 0.845934 (0.020799) with: {'batch_size': 16, 'lr': 0.001, 'max_epochs': 32, 'module__n_features': 8, 'module__n_neurons': 256, 'module__nonlin': ReLU()}
2024-05-31 17:04:14,826 0.808733 (0.026188) with: {'batch_size': 16, 'lr': 0.001, 'max_epochs': 64, 'module__n_features': 8, 'module__n_neurons': 16, 'module__nonlin': Tanh()}
2024-05-31 17:04:14,826 0.776503 (0.027657) with: {'batch_size': 16, 'lr': 0.001, 'max_epochs': 64, 'module__n_features': 8, 'module__n_neurons': 16, 'module__nonlin': ReLU()}
2024-05-31 17:04:14,826 0.835445 (0.022542) with: {'batch_size': 16, 'lr': 0.001, 'max_epochs': 64, 'module__n_features': 8, 'module__n_neurons': 32, 'module__nonlin': Tanh()}
2024-05-31 17:04:14,826 0.820679 (0.025039) with: {'batch_size': 16, 'lr': 0.001, 'max_epochs': 64, 'module__n_features': 8, 'module__n_neurons': 32, 'module__nonlin': ReLU()}
2024-05-31 17:04:14,826 0.835968 (0.022883) with: {'batch_size': 16, 'lr': 0.001, 'max_epochs': 64, 'module__n_features': 8, 'module__n_neurons': 64, 'module__nonlin': Tanh()}
2024-05-31 17:04:14,826 0.842976 (0.024306) with: {'batch_size': 16, 'lr': 0.001, 'max_epochs': 64, 'module__n_features': 8, 'module__n_neurons': 64, 'module__nonlin': ReLU()}
2024-05-31 17:04:14,826 0.835386 (0.022017) with: {'batch_size': 16, 'lr': 0.001, 'max_epochs': 64, 'module__n_features': 8, 'module__n_neurons': 128, 'module__nonlin': Tanh()}
2024-05-31 17:04:14,826 0.846384 (0.016585) with: {'batch_size': 16, 'lr': 0.001, 'max_epochs': 64, 'module__n_features': 8, 'module__n_neurons': 128, 'module__nonlin': ReLU()}
2024-05-31 17:04:14,826 0.836737 (0.022808) with: {'batch_size': 16, 'lr': 0.001, 'max_epochs': 64, 'module__n_features': 8, 'module__n_neurons': 256, 'module__nonlin': Tanh()}
2024-05-31 17:04:14,826 0.846338 (0.018254) with: {'batch_size': 16, 'lr': 0.001, 'max_epochs': 64, 'module__n_features': 8, 'module__n_neurons': 256, 'module__nonlin': ReLU()}
2024-05-31 17:04:14,826 0.834177 (0.020817) with: {'batch_size': 16, 'lr': 0.001, 'max_epochs': 128, 'module__n_features': 8, 'module__n_neurons': 16, 'module__nonlin': Tanh()}
2024-05-31 17:04:14,826 0.809723 (0.041853) with: {'batch_size': 16, 'lr': 0.001, 'max_epochs': 128, 'module__n_features': 8, 'module__n_neurons': 16, 'module__nonlin': ReLU()}
2024-05-31 17:04:14,826 0.835390 (0.021619) with: {'batch_size': 16, 'lr': 0.001, 'max_epochs': 128, 'module__n_features': 8, 'module__n_neurons': 32, 'module__nonlin': Tanh()}
2024-05-31 17:04:14,826 0.841966 (0.021054) with: {'batch_size': 16, 'lr': 0.001, 'max_epochs': 128, 'module__n_features': 8, 'module__n_neurons': 32, 'module__nonlin': ReLU()}
2024-05-31 17:04:14,826 0.835796 (0.021994) with: {'batch_size': 16, 'lr': 0.001, 'max_epochs': 128, 'module__n_features': 8, 'module__n_neurons': 64, 'module__nonlin': Tanh()}
2024-05-31 17:04:14,827 0.846246 (0.020591) with: {'batch_size': 16, 'lr': 0.001, 'max_epochs': 128, 'module__n_features': 8, 'module__n_neurons': 64, 'module__nonlin': ReLU()}
2024-05-31 17:04:14,827 0.837087 (0.022363) with: {'batch_size': 16, 'lr': 0.001, 'max_epochs': 128, 'module__n_features': 8, 'module__n_neurons': 128, 'module__nonlin': Tanh()}
2024-05-31 17:04:14,827 0.845208 (0.017108) with: {'batch_size': 16, 'lr': 0.001, 'max_epochs': 128, 'module__n_features': 8, 'module__n_neurons': 128, 'module__nonlin': ReLU()}
2024-05-31 17:04:14,827 0.845957 (0.024552) with: {'batch_size': 16, 'lr': 0.001, 'max_epochs': 128, 'module__n_features': 8, 'module__n_neurons': 256, 'module__nonlin': Tanh()}
2024-05-31 17:04:14,827 0.838217 (0.014704) with: {'batch_size': 16, 'lr': 0.001, 'max_epochs': 128, 'module__n_features': 8, 'module__n_neurons': 256, 'module__nonlin': ReLU()}
2024-05-31 17:04:14,827 0.835030 (0.021168) with: {'batch_size': 16, 'lr': 0.01, 'max_epochs': 16, 'module__n_features': 8, 'module__n_neurons': 16, 'module__nonlin': Tanh()}
2024-05-31 17:04:14,827 0.824365 (0.034740) with: {'batch_size': 16, 'lr': 0.01, 'max_epochs': 16, 'module__n_features': 8, 'module__n_neurons': 16, 'module__nonlin': ReLU()}
2024-05-31 17:04:14,827 0.833966 (0.020339) with: {'batch_size': 16, 'lr': 0.01, 'max_epochs': 16, 'module__n_features': 8, 'module__n_neurons': 32, 'module__nonlin': Tanh()}
2024-05-31 17:04:14,827 0.839798 (0.023587) with: {'batch_size': 16, 'lr': 0.01, 'max_epochs': 16, 'module__n_features': 8, 'module__n_neurons': 32, 'module__nonlin': ReLU()}
2024-05-31 17:04:14,827 0.833764 (0.023455) with: {'batch_size': 16, 'lr': 0.01, 'max_epochs': 16, 'module__n_features': 8, 'module__n_neurons': 64, 'module__nonlin': Tanh()}
2024-05-31 17:04:14,827 0.843296 (0.019655) with: {'batch_size': 16, 'lr': 0.01, 'max_epochs': 16, 'module__n_features': 8, 'module__n_neurons': 64, 'module__nonlin': ReLU()}
2024-05-31 17:04:14,827 0.835745 (0.023354) with: {'batch_size': 16, 'lr': 0.01, 'max_epochs': 16, 'module__n_features': 8, 'module__n_neurons': 128, 'module__nonlin': Tanh()}
2024-05-31 17:04:14,827 0.842467 (0.019688) with: {'batch_size': 16, 'lr': 0.01, 'max_epochs': 16, 'module__n_features': 8, 'module__n_neurons': 128, 'module__nonlin': ReLU()}
2024-05-31 17:04:14,827 0.840992 (0.020542) with: {'batch_size': 16, 'lr': 0.01, 'max_epochs': 16, 'module__n_features': 8, 'module__n_neurons': 256, 'module__nonlin': Tanh()}
2024-05-31 17:04:14,827 0.844899 (0.017359) with: {'batch_size': 16, 'lr': 0.01, 'max_epochs': 16, 'module__n_features': 8, 'module__n_neurons': 256, 'module__nonlin': ReLU()}
2024-05-31 17:04:14,827 0.835104 (0.021063) with: {'batch_size': 16, 'lr': 0.01, 'max_epochs': 32, 'module__n_features': 8, 'module__n_neurons': 16, 'module__nonlin': Tanh()}
2024-05-31 17:04:14,827 0.843118 (0.019004) with: {'batch_size': 16, 'lr': 0.01, 'max_epochs': 32, 'module__n_features': 8, 'module__n_neurons': 16, 'module__nonlin': ReLU()}
2024-05-31 17:04:14,827 0.836758 (0.024553) with: {'batch_size': 16, 'lr': 0.01, 'max_epochs': 32, 'module__n_features': 8, 'module__n_neurons': 32, 'module__nonlin': Tanh()}
2024-05-31 17:04:14,827 0.844612 (0.020450) with: {'batch_size': 16, 'lr': 0.01, 'max_epochs': 32, 'module__n_features': 8, 'module__n_neurons': 32, 'module__nonlin': ReLU()}
2024-05-31 17:04:14,827 0.839027 (0.022718) with: {'batch_size': 16, 'lr': 0.01, 'max_epochs': 32, 'module__n_features': 8, 'module__n_neurons': 64, 'module__nonlin': Tanh()}
2024-05-31 17:04:14,827 0.846525 (0.020004) with: {'batch_size': 16, 'lr': 0.01, 'max_epochs': 32, 'module__n_features': 8, 'module__n_neurons': 64, 'module__nonlin': ReLU()}
2024-05-31 17:04:14,827 0.839179 (0.022760) with: {'batch_size': 16, 'lr': 0.01, 'max_epochs': 32, 'module__n_features': 8, 'module__n_neurons': 128, 'module__nonlin': Tanh()}
2024-05-31 17:04:14,827 0.836666 (0.014049) with: {'batch_size': 16, 'lr': 0.01, 'max_epochs': 32, 'module__n_features': 8, 'module__n_neurons': 128, 'module__nonlin': ReLU()}
2024-05-31 17:04:14,827 0.832762 (0.017188) with: {'batch_size': 16, 'lr': 0.01, 'max_epochs': 32, 'module__n_features': 8, 'module__n_neurons': 256, 'module__nonlin': Tanh()}
2024-05-31 17:04:14,827 0.835388 (0.010864) with: {'batch_size': 16, 'lr': 0.01, 'max_epochs': 32, 'module__n_features': 8, 'module__n_neurons': 256, 'module__nonlin': ReLU()}
2024-05-31 17:04:14,827 0.840333 (0.026384) with: {'batch_size': 16, 'lr': 0.01, 'max_epochs': 64, 'module__n_features': 8, 'module__n_neurons': 16, 'module__nonlin': Tanh()}
2024-05-31 17:04:14,827 0.842867 (0.018046) with: {'batch_size': 16, 'lr': 0.01, 'max_epochs': 64, 'module__n_features': 8, 'module__n_neurons': 16, 'module__nonlin': ReLU()}
2024-05-31 17:04:14,827 0.838801 (0.024703) with: {'batch_size': 16, 'lr': 0.01, 'max_epochs': 64, 'module__n_features': 8, 'module__n_neurons': 32, 'module__nonlin': Tanh()}
2024-05-31 17:04:14,827 0.843288 (0.019166) with: {'batch_size': 16, 'lr': 0.01, 'max_epochs': 64, 'module__n_features': 8, 'module__n_neurons': 32, 'module__nonlin': ReLU()}
2024-05-31 17:04:14,827 0.836775 (0.018695) with: {'batch_size': 16, 'lr': 0.01, 'max_epochs': 64, 'module__n_features': 8, 'module__n_neurons': 64, 'module__nonlin': Tanh()}
2024-05-31 17:04:14,827 0.825118 (0.014690) with: {'batch_size': 16, 'lr': 0.01, 'max_epochs': 64, 'module__n_features': 8, 'module__n_neurons': 64, 'module__nonlin': ReLU()}
2024-05-31 17:04:14,827 0.823678 (0.009273) with: {'batch_size': 16, 'lr': 0.01, 'max_epochs': 64, 'module__n_features': 8, 'module__n_neurons': 128, 'module__nonlin': Tanh()}
2024-05-31 17:04:14,827 0.822240 (0.008711) with: {'batch_size': 16, 'lr': 0.01, 'max_epochs': 64, 'module__n_features': 8, 'module__n_neurons': 128, 'module__nonlin': ReLU()}
2024-05-31 17:04:14,827 0.815241 (0.014803) with: {'batch_size': 16, 'lr': 0.01, 'max_epochs': 64, 'module__n_features': 8, 'module__n_neurons': 256, 'module__nonlin': Tanh()}
2024-05-31 17:04:14,827 0.793934 (0.016531) with: {'batch_size': 16, 'lr': 0.01, 'max_epochs': 64, 'module__n_features': 8, 'module__n_neurons': 256, 'module__nonlin': ReLU()}
2024-05-31 17:04:14,827 0.842788 (0.020941) with: {'batch_size': 16, 'lr': 0.01, 'max_epochs': 128, 'module__n_features': 8, 'module__n_neurons': 16, 'module__nonlin': Tanh()}
2024-05-31 17:04:14,827 0.834886 (0.015163) with: {'batch_size': 16, 'lr': 0.01, 'max_epochs': 128, 'module__n_features': 8, 'module__n_neurons': 16, 'module__nonlin': ReLU()}
2024-05-31 17:04:14,827 0.830865 (0.015600) with: {'batch_size': 16, 'lr': 0.01, 'max_epochs': 128, 'module__n_features': 8, 'module__n_neurons': 32, 'module__nonlin': Tanh()}
2024-05-31 17:04:14,827 0.830628 (0.017045) with: {'batch_size': 16, 'lr': 0.01, 'max_epochs': 128, 'module__n_features': 8, 'module__n_neurons': 32, 'module__nonlin': ReLU()}
2024-05-31 17:04:14,827 0.815762 (0.024129) with: {'batch_size': 16, 'lr': 0.01, 'max_epochs': 128, 'module__n_features': 8, 'module__n_neurons': 64, 'module__nonlin': Tanh()}
2024-05-31 17:04:14,827 0.787268 (0.016585) with: {'batch_size': 16, 'lr': 0.01, 'max_epochs': 128, 'module__n_features': 8, 'module__n_neurons': 64, 'module__nonlin': ReLU()}
2024-05-31 17:04:14,827 0.804923 (0.021525) with: {'batch_size': 16, 'lr': 0.01, 'max_epochs': 128, 'module__n_features': 8, 'module__n_neurons': 128, 'module__nonlin': Tanh()}
2024-05-31 17:04:14,827 0.781131 (0.024328) with: {'batch_size': 16, 'lr': 0.01, 'max_epochs': 128, 'module__n_features': 8, 'module__n_neurons': 128, 'module__nonlin': ReLU()}
2024-05-31 17:04:14,827 0.770965 (0.020257) with: {'batch_size': 16, 'lr': 0.01, 'max_epochs': 128, 'module__n_features': 8, 'module__n_neurons': 256, 'module__nonlin': Tanh()}
2024-05-31 17:04:14,827 0.777487 (0.024387) with: {'batch_size': 16, 'lr': 0.01, 'max_epochs': 128, 'module__n_features': 8, 'module__n_neurons': 256, 'module__nonlin': ReLU()}
2024-05-31 17:04:14,827 0.834333 (0.021672) with: {'batch_size': 16, 'lr': 0.02, 'max_epochs': 16, 'module__n_features': 8, 'module__n_neurons': 16, 'module__nonlin': Tanh()}
2024-05-31 17:04:14,827 0.835534 (0.026713) with: {'batch_size': 16, 'lr': 0.02, 'max_epochs': 16, 'module__n_features': 8, 'module__n_neurons': 16, 'module__nonlin': ReLU()}
2024-05-31 17:04:14,828 0.835768 (0.022889) with: {'batch_size': 16, 'lr': 0.02, 'max_epochs': 16, 'module__n_features': 8, 'module__n_neurons': 32, 'module__nonlin': Tanh()}
2024-05-31 17:04:14,828 0.842264 (0.019491) with: {'batch_size': 16, 'lr': 0.02, 'max_epochs': 16, 'module__n_features': 8, 'module__n_neurons': 32, 'module__nonlin': ReLU()}
2024-05-31 17:04:14,828 0.838586 (0.022198) with: {'batch_size': 16, 'lr': 0.02, 'max_epochs': 16, 'module__n_features': 8, 'module__n_neurons': 64, 'module__nonlin': Tanh()}
2024-05-31 17:04:14,828 0.847733 (0.020667) with: {'batch_size': 16, 'lr': 0.02, 'max_epochs': 16, 'module__n_features': 8, 'module__n_neurons': 64, 'module__nonlin': ReLU()}
2024-05-31 17:04:14,828 0.839255 (0.020474) with: {'batch_size': 16, 'lr': 0.02, 'max_epochs': 16, 'module__n_features': 8, 'module__n_neurons': 128, 'module__nonlin': Tanh()}
2024-05-31 17:04:14,828 0.845003 (0.019927) with: {'batch_size': 16, 'lr': 0.02, 'max_epochs': 16, 'module__n_features': 8, 'module__n_neurons': 128, 'module__nonlin': ReLU()}
2024-05-31 17:04:14,828 0.838357 (0.019630) with: {'batch_size': 16, 'lr': 0.02, 'max_epochs': 16, 'module__n_features': 8, 'module__n_neurons': 256, 'module__nonlin': Tanh()}
2024-05-31 17:04:14,828 0.840945 (0.018235) with: {'batch_size': 16, 'lr': 0.02, 'max_epochs': 16, 'module__n_features': 8, 'module__n_neurons': 256, 'module__nonlin': ReLU()}
2024-05-31 17:04:14,828 0.837400 (0.021809) with: {'batch_size': 16, 'lr': 0.02, 'max_epochs': 32, 'module__n_features': 8, 'module__n_neurons': 16, 'module__nonlin': Tanh()}
2024-05-31 17:04:14,828 0.840144 (0.027613) with: {'batch_size': 16, 'lr': 0.02, 'max_epochs': 32, 'module__n_features': 8, 'module__n_neurons': 16, 'module__nonlin': ReLU()}
2024-05-31 17:04:14,828 0.837603 (0.024504) with: {'batch_size': 16, 'lr': 0.02, 'max_epochs': 32, 'module__n_features': 8, 'module__n_neurons': 32, 'module__nonlin': Tanh()}
2024-05-31 17:04:14,828 0.834650 (0.020769) with: {'batch_size': 16, 'lr': 0.02, 'max_epochs': 32, 'module__n_features': 8, 'module__n_neurons': 32, 'module__nonlin': ReLU()}
2024-05-31 17:04:14,828 0.834651 (0.018357) with: {'batch_size': 16, 'lr': 0.02, 'max_epochs': 32, 'module__n_features': 8, 'module__n_neurons': 64, 'module__nonlin': Tanh()}
2024-05-31 17:04:14,828 0.837711 (0.022985) with: {'batch_size': 16, 'lr': 0.02, 'max_epochs': 32, 'module__n_features': 8, 'module__n_neurons': 64, 'module__nonlin': ReLU()}
2024-05-31 17:04:14,828 0.821433 (0.034350) with: {'batch_size': 16, 'lr': 0.02, 'max_epochs': 32, 'module__n_features': 8, 'module__n_neurons': 128, 'module__nonlin': Tanh()}
2024-05-31 17:04:14,828 0.834134 (0.012029) with: {'batch_size': 16, 'lr': 0.02, 'max_epochs': 32, 'module__n_features': 8, 'module__n_neurons': 128, 'module__nonlin': ReLU()}
2024-05-31 17:04:14,828 0.818503 (0.024790) with: {'batch_size': 16, 'lr': 0.02, 'max_epochs': 32, 'module__n_features': 8, 'module__n_neurons': 256, 'module__nonlin': Tanh()}
2024-05-31 17:04:14,828 0.824646 (0.020509) with: {'batch_size': 16, 'lr': 0.02, 'max_epochs': 32, 'module__n_features': 8, 'module__n_neurons': 256, 'module__nonlin': ReLU()}
2024-05-31 17:04:14,828 0.836201 (0.020047) with: {'batch_size': 16, 'lr': 0.02, 'max_epochs': 64, 'module__n_features': 8, 'module__n_neurons': 16, 'module__nonlin': Tanh()}
2024-05-31 17:04:14,828 0.838485 (0.020706) with: {'batch_size': 16, 'lr': 0.02, 'max_epochs': 64, 'module__n_features': 8, 'module__n_neurons': 16, 'module__nonlin': ReLU()}
2024-05-31 17:04:14,828 0.822510 (0.011700) with: {'batch_size': 16, 'lr': 0.02, 'max_epochs': 64, 'module__n_features': 8, 'module__n_neurons': 32, 'module__nonlin': Tanh()}
2024-05-31 17:04:14,828 0.836649 (0.015247) with: {'batch_size': 16, 'lr': 0.02, 'max_epochs': 64, 'module__n_features': 8, 'module__n_neurons': 32, 'module__nonlin': ReLU()}
2024-05-31 17:04:14,828 0.822728 (0.021607) with: {'batch_size': 16, 'lr': 0.02, 'max_epochs': 64, 'module__n_features': 8, 'module__n_neurons': 64, 'module__nonlin': Tanh()}
2024-05-31 17:04:14,828 0.808021 (0.015451) with: {'batch_size': 16, 'lr': 0.02, 'max_epochs': 64, 'module__n_features': 8, 'module__n_neurons': 64, 'module__nonlin': ReLU()}
2024-05-31 17:04:14,828 0.810693 (0.030206) with: {'batch_size': 16, 'lr': 0.02, 'max_epochs': 64, 'module__n_features': 8, 'module__n_neurons': 128, 'module__nonlin': Tanh()}
2024-05-31 17:04:14,828 0.815512 (0.019411) with: {'batch_size': 16, 'lr': 0.02, 'max_epochs': 64, 'module__n_features': 8, 'module__n_neurons': 128, 'module__nonlin': ReLU()}
2024-05-31 17:04:14,828 0.786094 (0.034077) with: {'batch_size': 16, 'lr': 0.02, 'max_epochs': 64, 'module__n_features': 8, 'module__n_neurons': 256, 'module__nonlin': Tanh()}
2024-05-31 17:04:14,828 0.768992 (0.025205) with: {'batch_size': 16, 'lr': 0.02, 'max_epochs': 64, 'module__n_features': 8, 'module__n_neurons': 256, 'module__nonlin': ReLU()}
2024-05-31 17:04:14,828 0.823513 (0.010652) with: {'batch_size': 16, 'lr': 0.02, 'max_epochs': 128, 'module__n_features': 8, 'module__n_neurons': 16, 'module__nonlin': Tanh()}
2024-05-31 17:04:14,828 0.816097 (0.017079) with: {'batch_size': 16, 'lr': 0.02, 'max_epochs': 128, 'module__n_features': 8, 'module__n_neurons': 16, 'module__nonlin': ReLU()}
2024-05-31 17:04:14,828 0.795395 (0.018568) with: {'batch_size': 16, 'lr': 0.02, 'max_epochs': 128, 'module__n_features': 8, 'module__n_neurons': 32, 'module__nonlin': Tanh()}
2024-05-31 17:04:14,828 0.812210 (0.025149) with: {'batch_size': 16, 'lr': 0.02, 'max_epochs': 128, 'module__n_features': 8, 'module__n_neurons': 32, 'module__nonlin': ReLU()}
2024-05-31 17:04:14,828 0.779261 (0.019075) with: {'batch_size': 16, 'lr': 0.02, 'max_epochs': 128, 'module__n_features': 8, 'module__n_neurons': 64, 'module__nonlin': Tanh()}
2024-05-31 17:04:14,828 0.776693 (0.019852) with: {'batch_size': 16, 'lr': 0.02, 'max_epochs': 128, 'module__n_features': 8, 'module__n_neurons': 64, 'module__nonlin': ReLU()}
2024-05-31 17:04:14,828 0.776127 (0.022766) with: {'batch_size': 16, 'lr': 0.02, 'max_epochs': 128, 'module__n_features': 8, 'module__n_neurons': 128, 'module__nonlin': Tanh()}
2024-05-31 17:04:14,828 0.785506 (0.022501) with: {'batch_size': 16, 'lr': 0.02, 'max_epochs': 128, 'module__n_features': 8, 'module__n_neurons': 128, 'module__nonlin': ReLU()}
2024-05-31 17:04:14,828 0.776706 (0.038798) with: {'batch_size': 16, 'lr': 0.02, 'max_epochs': 128, 'module__n_features': 8, 'module__n_neurons': 256, 'module__nonlin': Tanh()}
2024-05-31 17:04:14,828 0.764746 (0.014079) with: {'batch_size': 16, 'lr': 0.02, 'max_epochs': 128, 'module__n_features': 8, 'module__n_neurons': 256, 'module__nonlin': ReLU()}
2024-05-31 17:04:14,828 0.605258 (0.127317) with: {'batch_size': 32, 'lr': 0.001, 'max_epochs': 16, 'module__n_features': 8, 'module__n_neurons': 16, 'module__nonlin': Tanh()}
2024-05-31 17:04:14,828 0.539508 (0.133896) with: {'batch_size': 32, 'lr': 0.001, 'max_epochs': 16, 'module__n_features': 8, 'module__n_neurons': 16, 'module__nonlin': ReLU()}
2024-05-31 17:04:14,828 0.772160 (0.029299) with: {'batch_size': 32, 'lr': 0.001, 'max_epochs': 16, 'module__n_features': 8, 'module__n_neurons': 32, 'module__nonlin': Tanh()}
2024-05-31 17:04:14,828 0.681748 (0.077190) with: {'batch_size': 32, 'lr': 0.001, 'max_epochs': 16, 'module__n_features': 8, 'module__n_neurons': 32, 'module__nonlin': ReLU()}
2024-05-31 17:04:14,828 0.793430 (0.022611) with: {'batch_size': 32, 'lr': 0.001, 'max_epochs': 16, 'module__n_features': 8, 'module__n_neurons': 64, 'module__nonlin': Tanh()}
2024-05-31 17:04:14,828 0.790611 (0.027602) with: {'batch_size': 32, 'lr': 0.001, 'max_epochs': 16, 'module__n_features': 8, 'module__n_neurons': 64, 'module__nonlin': ReLU()}
2024-05-31 17:04:14,828 0.827693 (0.021641) with: {'batch_size': 32, 'lr': 0.001, 'max_epochs': 16, 'module__n_features': 8, 'module__n_neurons': 128, 'module__nonlin': Tanh()}
2024-05-31 17:04:14,828 0.810571 (0.026096) with: {'batch_size': 32, 'lr': 0.001, 'max_epochs': 16, 'module__n_features': 8, 'module__n_neurons': 128, 'module__nonlin': ReLU()}
2024-05-31 17:04:14,828 0.835262 (0.022448) with: {'batch_size': 32, 'lr': 0.001, 'max_epochs': 16, 'module__n_features': 8, 'module__n_neurons': 256, 'module__nonlin': Tanh()}
2024-05-31 17:04:14,828 0.832345 (0.020334) with: {'batch_size': 32, 'lr': 0.001, 'max_epochs': 16, 'module__n_features': 8, 'module__n_neurons': 256, 'module__nonlin': ReLU()}
2024-05-31 17:04:14,828 0.767334 (0.018639) with: {'batch_size': 32, 'lr': 0.001, 'max_epochs': 32, 'module__n_features': 8, 'module__n_neurons': 16, 'module__nonlin': Tanh()}
2024-05-31 17:04:14,829 0.668326 (0.144961) with: {'batch_size': 32, 'lr': 0.001, 'max_epochs': 32, 'module__n_features': 8, 'module__n_neurons': 16, 'module__nonlin': ReLU()}
2024-05-31 17:04:14,829 0.783984 (0.033475) with: {'batch_size': 32, 'lr': 0.001, 'max_epochs': 32, 'module__n_features': 8, 'module__n_neurons': 32, 'module__nonlin': Tanh()}
2024-05-31 17:04:14,829 0.789605 (0.022885) with: {'batch_size': 32, 'lr': 0.001, 'max_epochs': 32, 'module__n_features': 8, 'module__n_neurons': 32, 'module__nonlin': ReLU()}
2024-05-31 17:04:14,829 0.824369 (0.020687) with: {'batch_size': 32, 'lr': 0.001, 'max_epochs': 32, 'module__n_features': 8, 'module__n_neurons': 64, 'module__nonlin': Tanh()}
2024-05-31 17:04:14,829 0.796642 (0.013957) with: {'batch_size': 32, 'lr': 0.001, 'max_epochs': 32, 'module__n_features': 8, 'module__n_neurons': 64, 'module__nonlin': ReLU()}
2024-05-31 17:04:14,829 0.835603 (0.023033) with: {'batch_size': 32, 'lr': 0.001, 'max_epochs': 32, 'module__n_features': 8, 'module__n_neurons': 128, 'module__nonlin': Tanh()}
2024-05-31 17:04:14,829 0.832956 (0.023221) with: {'batch_size': 32, 'lr': 0.001, 'max_epochs': 32, 'module__n_features': 8, 'module__n_neurons': 128, 'module__nonlin': ReLU()}
2024-05-31 17:04:14,829 0.836080 (0.021245) with: {'batch_size': 32, 'lr': 0.001, 'max_epochs': 32, 'module__n_features': 8, 'module__n_neurons': 256, 'module__nonlin': Tanh()}
2024-05-31 17:04:14,829 0.841454 (0.022548) with: {'batch_size': 32, 'lr': 0.001, 'max_epochs': 32, 'module__n_features': 8, 'module__n_neurons': 256, 'module__nonlin': ReLU()}
2024-05-31 17:04:14,829 0.796614 (0.024764) with: {'batch_size': 32, 'lr': 0.001, 'max_epochs': 64, 'module__n_features': 8, 'module__n_neurons': 16, 'module__nonlin': Tanh()}
2024-05-31 17:04:14,829 0.748434 (0.024699) with: {'batch_size': 32, 'lr': 0.001, 'max_epochs': 64, 'module__n_features': 8, 'module__n_neurons': 16, 'module__nonlin': ReLU()}
2024-05-31 17:04:14,829 0.824177 (0.020253) with: {'batch_size': 32, 'lr': 0.001, 'max_epochs': 64, 'module__n_features': 8, 'module__n_neurons': 32, 'module__nonlin': Tanh()}
2024-05-31 17:04:14,829 0.798815 (0.035047) with: {'batch_size': 32, 'lr': 0.001, 'max_epochs': 64, 'module__n_features': 8, 'module__n_neurons': 32, 'module__nonlin': ReLU()}
2024-05-31 17:04:14,829 0.833827 (0.021065) with: {'batch_size': 32, 'lr': 0.001, 'max_epochs': 64, 'module__n_features': 8, 'module__n_neurons': 64, 'module__nonlin': Tanh()}
2024-05-31 17:04:14,829 0.834995 (0.023667) with: {'batch_size': 32, 'lr': 0.001, 'max_epochs': 64, 'module__n_features': 8, 'module__n_neurons': 64, 'module__nonlin': ReLU()}
2024-05-31 17:04:14,829 0.835496 (0.021690) with: {'batch_size': 32, 'lr': 0.001, 'max_epochs': 64, 'module__n_features': 8, 'module__n_neurons': 128, 'module__nonlin': Tanh()}
2024-05-31 17:04:14,829 0.838670 (0.020086) with: {'batch_size': 32, 'lr': 0.001, 'max_epochs': 64, 'module__n_features': 8, 'module__n_neurons': 128, 'module__nonlin': ReLU()}
2024-05-31 17:04:14,829 0.836491 (0.021207) with: {'batch_size': 32, 'lr': 0.001, 'max_epochs': 64, 'module__n_features': 8, 'module__n_neurons': 256, 'module__nonlin': Tanh()}
2024-05-31 17:04:14,829 0.847150 (0.020338) with: {'batch_size': 32, 'lr': 0.001, 'max_epochs': 64, 'module__n_features': 8, 'module__n_neurons': 256, 'module__nonlin': ReLU()}
2024-05-31 17:04:14,829 0.827564 (0.017484) with: {'batch_size': 32, 'lr': 0.001, 'max_epochs': 128, 'module__n_features': 8, 'module__n_neurons': 16, 'module__nonlin': Tanh()}
2024-05-31 17:04:14,829 0.811997 (0.024848) with: {'batch_size': 32, 'lr': 0.001, 'max_epochs': 128, 'module__n_features': 8, 'module__n_neurons': 16, 'module__nonlin': ReLU()}
2024-05-31 17:04:14,829 0.834901 (0.022485) with: {'batch_size': 32, 'lr': 0.001, 'max_epochs': 128, 'module__n_features': 8, 'module__n_neurons': 32, 'module__nonlin': Tanh()}
2024-05-31 17:04:14,829 0.836505 (0.018645) with: {'batch_size': 32, 'lr': 0.001, 'max_epochs': 128, 'module__n_features': 8, 'module__n_neurons': 32, 'module__nonlin': ReLU()}
2024-05-31 17:04:14,829 0.835261 (0.022008) with: {'batch_size': 32, 'lr': 0.001, 'max_epochs': 128, 'module__n_features': 8, 'module__n_neurons': 64, 'module__nonlin': Tanh()}
2024-05-31 17:04:14,829 0.844602 (0.019727) with: {'batch_size': 32, 'lr': 0.001, 'max_epochs': 128, 'module__n_features': 8, 'module__n_neurons': 64, 'module__nonlin': ReLU()}
2024-05-31 17:04:14,829 0.836790 (0.021041) with: {'batch_size': 32, 'lr': 0.001, 'max_epochs': 128, 'module__n_features': 8, 'module__n_neurons': 128, 'module__nonlin': Tanh()}
2024-05-31 17:04:14,829 0.849508 (0.019254) with: {'batch_size': 32, 'lr': 0.001, 'max_epochs': 128, 'module__n_features': 8, 'module__n_neurons': 128, 'module__nonlin': ReLU()}
2024-05-31 17:04:14,829 0.840760 (0.022903) with: {'batch_size': 32, 'lr': 0.001, 'max_epochs': 128, 'module__n_features': 8, 'module__n_neurons': 256, 'module__nonlin': Tanh()}
2024-05-31 17:04:14,829 0.845509 (0.018235) with: {'batch_size': 32, 'lr': 0.001, 'max_epochs': 128, 'module__n_features': 8, 'module__n_neurons': 256, 'module__nonlin': ReLU()}
2024-05-31 17:04:14,829 0.825750 (0.023081) with: {'batch_size': 32, 'lr': 0.01, 'max_epochs': 16, 'module__n_features': 8, 'module__n_neurons': 16, 'module__nonlin': Tanh()}
2024-05-31 17:04:14,829 0.801162 (0.020974) with: {'batch_size': 32, 'lr': 0.01, 'max_epochs': 16, 'module__n_features': 8, 'module__n_neurons': 16, 'module__nonlin': ReLU()}
2024-05-31 17:04:14,829 0.836614 (0.022501) with: {'batch_size': 32, 'lr': 0.01, 'max_epochs': 16, 'module__n_features': 8, 'module__n_neurons': 32, 'module__nonlin': Tanh()}
2024-05-31 17:04:14,829 0.835285 (0.022029) with: {'batch_size': 32, 'lr': 0.01, 'max_epochs': 16, 'module__n_features': 8, 'module__n_neurons': 32, 'module__nonlin': ReLU()}
2024-05-31 17:04:14,829 0.836377 (0.021846) with: {'batch_size': 32, 'lr': 0.01, 'max_epochs': 16, 'module__n_features': 8, 'module__n_neurons': 64, 'module__nonlin': Tanh()}
2024-05-31 17:04:14,829 0.843009 (0.019308) with: {'batch_size': 32, 'lr': 0.01, 'max_epochs': 16, 'module__n_features': 8, 'module__n_neurons': 64, 'module__nonlin': ReLU()}
2024-05-31 17:04:14,829 0.836380 (0.021775) with: {'batch_size': 32, 'lr': 0.01, 'max_epochs': 16, 'module__n_features': 8, 'module__n_neurons': 128, 'module__nonlin': Tanh()}
2024-05-31 17:04:14,829 0.844935 (0.017793) with: {'batch_size': 32, 'lr': 0.01, 'max_epochs': 16, 'module__n_features': 8, 'module__n_neurons': 128, 'module__nonlin': ReLU()}
2024-05-31 17:04:14,829 0.836320 (0.021669) with: {'batch_size': 32, 'lr': 0.01, 'max_epochs': 16, 'module__n_features': 8, 'module__n_neurons': 256, 'module__nonlin': Tanh()}
2024-05-31 17:04:14,829 0.845720 (0.018431) with: {'batch_size': 32, 'lr': 0.01, 'max_epochs': 16, 'module__n_features': 8, 'module__n_neurons': 256, 'module__nonlin': ReLU()}
2024-05-31 17:04:14,829 0.834659 (0.020385) with: {'batch_size': 32, 'lr': 0.01, 'max_epochs': 32, 'module__n_features': 8, 'module__n_neurons': 16, 'module__nonlin': Tanh()}
2024-05-31 17:04:14,829 0.839928 (0.017668) with: {'batch_size': 32, 'lr': 0.01, 'max_epochs': 32, 'module__n_features': 8, 'module__n_neurons': 16, 'module__nonlin': ReLU()}
2024-05-31 17:04:14,829 0.836088 (0.021935) with: {'batch_size': 32, 'lr': 0.01, 'max_epochs': 32, 'module__n_features': 8, 'module__n_neurons': 32, 'module__nonlin': Tanh()}
2024-05-31 17:04:14,829 0.840959 (0.017645) with: {'batch_size': 32, 'lr': 0.01, 'max_epochs': 32, 'module__n_features': 8, 'module__n_neurons': 32, 'module__nonlin': ReLU()}
2024-05-31 17:04:14,829 0.837196 (0.022969) with: {'batch_size': 32, 'lr': 0.01, 'max_epochs': 32, 'module__n_features': 8, 'module__n_neurons': 64, 'module__nonlin': Tanh()}
2024-05-31 17:04:14,829 0.846877 (0.018120) with: {'batch_size': 32, 'lr': 0.01, 'max_epochs': 32, 'module__n_features': 8, 'module__n_neurons': 64, 'module__nonlin': ReLU()}
2024-05-31 17:04:14,829 0.841107 (0.020694) with: {'batch_size': 32, 'lr': 0.01, 'max_epochs': 32, 'module__n_features': 8, 'module__n_neurons': 128, 'module__nonlin': Tanh()}
2024-05-31 17:04:14,829 0.840441 (0.013631) with: {'batch_size': 32, 'lr': 0.01, 'max_epochs': 32, 'module__n_features': 8, 'module__n_neurons': 128, 'module__nonlin': ReLU()}
2024-05-31 17:04:14,829 0.840920 (0.017856) with: {'batch_size': 32, 'lr': 0.01, 'max_epochs': 32, 'module__n_features': 8, 'module__n_neurons': 256, 'module__nonlin': Tanh()}
2024-05-31 17:04:14,830 0.843074 (0.012183) with: {'batch_size': 32, 'lr': 0.01, 'max_epochs': 32, 'module__n_features': 8, 'module__n_neurons': 256, 'module__nonlin': ReLU()}
2024-05-31 17:04:14,830 0.838000 (0.021854) with: {'batch_size': 32, 'lr': 0.01, 'max_epochs': 64, 'module__n_features': 8, 'module__n_neurons': 16, 'module__nonlin': Tanh()}
2024-05-31 17:04:14,830 0.846665 (0.019622) with: {'batch_size': 32, 'lr': 0.01, 'max_epochs': 64, 'module__n_features': 8, 'module__n_neurons': 16, 'module__nonlin': ReLU()}
2024-05-31 17:04:14,830 0.840075 (0.022003) with: {'batch_size': 32, 'lr': 0.01, 'max_epochs': 64, 'module__n_features': 8, 'module__n_neurons': 32, 'module__nonlin': Tanh()}
2024-05-31 17:04:14,830 0.840749 (0.020413) with: {'batch_size': 32, 'lr': 0.01, 'max_epochs': 64, 'module__n_features': 8, 'module__n_neurons': 32, 'module__nonlin': ReLU()}
2024-05-31 17:04:14,830 0.840827 (0.024161) with: {'batch_size': 32, 'lr': 0.01, 'max_epochs': 64, 'module__n_features': 8, 'module__n_neurons': 64, 'module__nonlin': Tanh()}
2024-05-31 17:04:14,830 0.834093 (0.016014) with: {'batch_size': 32, 'lr': 0.01, 'max_epochs': 64, 'module__n_features': 8, 'module__n_neurons': 64, 'module__nonlin': ReLU()}
2024-05-31 17:04:14,830 0.839311 (0.017908) with: {'batch_size': 32, 'lr': 0.01, 'max_epochs': 64, 'module__n_features': 8, 'module__n_neurons': 128, 'module__nonlin': Tanh()}
2024-05-31 17:04:14,830 0.824539 (0.015775) with: {'batch_size': 32, 'lr': 0.01, 'max_epochs': 64, 'module__n_features': 8, 'module__n_neurons': 128, 'module__nonlin': ReLU()}
2024-05-31 17:04:14,830 0.832690 (0.014756) with: {'batch_size': 32, 'lr': 0.01, 'max_epochs': 64, 'module__n_features': 8, 'module__n_neurons': 256, 'module__nonlin': Tanh()}
2024-05-31 17:04:14,830 0.801890 (0.013746) with: {'batch_size': 32, 'lr': 0.01, 'max_epochs': 64, 'module__n_features': 8, 'module__n_neurons': 256, 'module__nonlin': ReLU()}
2024-05-31 17:04:14,830 0.839674 (0.022029) with: {'batch_size': 32, 'lr': 0.01, 'max_epochs': 128, 'module__n_features': 8, 'module__n_neurons': 16, 'module__nonlin': Tanh()}
2024-05-31 17:04:14,830 0.837233 (0.017027) with: {'batch_size': 32, 'lr': 0.01, 'max_epochs': 128, 'module__n_features': 8, 'module__n_neurons': 16, 'module__nonlin': ReLU()}
2024-05-31 17:04:14,830 0.841170 (0.017360) with: {'batch_size': 32, 'lr': 0.01, 'max_epochs': 128, 'module__n_features': 8, 'module__n_neurons': 32, 'module__nonlin': Tanh()}
2024-05-31 17:04:14,830 0.828328 (0.026357) with: {'batch_size': 32, 'lr': 0.01, 'max_epochs': 128, 'module__n_features': 8, 'module__n_neurons': 32, 'module__nonlin': ReLU()}
2024-05-31 17:04:14,830 0.836461 (0.013804) with: {'batch_size': 32, 'lr': 0.01, 'max_epochs': 128, 'module__n_features': 8, 'module__n_neurons': 64, 'module__nonlin': Tanh()}
2024-05-31 17:04:14,830 0.813300 (0.020538) with: {'batch_size': 32, 'lr': 0.01, 'max_epochs': 128, 'module__n_features': 8, 'module__n_neurons': 64, 'module__nonlin': ReLU()}
2024-05-31 17:04:14,830 0.814834 (0.010187) with: {'batch_size': 32, 'lr': 0.01, 'max_epochs': 128, 'module__n_features': 8, 'module__n_neurons': 128, 'module__nonlin': Tanh()}
2024-05-31 17:04:14,830 0.804956 (0.013050) with: {'batch_size': 32, 'lr': 0.01, 'max_epochs': 128, 'module__n_features': 8, 'module__n_neurons': 128, 'module__nonlin': ReLU()}
2024-05-31 17:04:14,830 0.789983 (0.024657) with: {'batch_size': 32, 'lr': 0.01, 'max_epochs': 128, 'module__n_features': 8, 'module__n_neurons': 256, 'module__nonlin': Tanh()}
2024-05-31 17:04:14,830 0.757387 (0.034678) with: {'batch_size': 32, 'lr': 0.01, 'max_epochs': 128, 'module__n_features': 8, 'module__n_neurons': 256, 'module__nonlin': ReLU()}
2024-05-31 17:04:14,830 0.835185 (0.020763) with: {'batch_size': 32, 'lr': 0.02, 'max_epochs': 16, 'module__n_features': 8, 'module__n_neurons': 16, 'module__nonlin': Tanh()}
2024-05-31 17:04:14,830 0.835072 (0.024250) with: {'batch_size': 32, 'lr': 0.02, 'max_epochs': 16, 'module__n_features': 8, 'module__n_neurons': 16, 'module__nonlin': ReLU()}
2024-05-31 17:04:14,830 0.834905 (0.021732) with: {'batch_size': 32, 'lr': 0.02, 'max_epochs': 16, 'module__n_features': 8, 'module__n_neurons': 32, 'module__nonlin': Tanh()}
2024-05-31 17:04:14,830 0.840771 (0.021338) with: {'batch_size': 32, 'lr': 0.02, 'max_epochs': 16, 'module__n_features': 8, 'module__n_neurons': 32, 'module__nonlin': ReLU()}
2024-05-31 17:04:14,830 0.835383 (0.022466) with: {'batch_size': 32, 'lr': 0.02, 'max_epochs': 16, 'module__n_features': 8, 'module__n_neurons': 64, 'module__nonlin': Tanh()}
2024-05-31 17:04:14,830 0.841341 (0.017579) with: {'batch_size': 32, 'lr': 0.02, 'max_epochs': 16, 'module__n_features': 8, 'module__n_neurons': 64, 'module__nonlin': ReLU()}
2024-05-31 17:04:14,830 0.834976 (0.023022) with: {'batch_size': 32, 'lr': 0.02, 'max_epochs': 16, 'module__n_features': 8, 'module__n_neurons': 128, 'module__nonlin': Tanh()}
2024-05-31 17:04:14,830 0.846238 (0.015282) with: {'batch_size': 32, 'lr': 0.02, 'max_epochs': 16, 'module__n_features': 8, 'module__n_neurons': 128, 'module__nonlin': ReLU()}
2024-05-31 17:04:14,830 0.843171 (0.018774) with: {'batch_size': 32, 'lr': 0.02, 'max_epochs': 16, 'module__n_features': 8, 'module__n_neurons': 256, 'module__nonlin': Tanh()}
2024-05-31 17:04:14,830 0.843579 (0.016237) with: {'batch_size': 32, 'lr': 0.02, 'max_epochs': 16, 'module__n_features': 8, 'module__n_neurons': 256, 'module__nonlin': ReLU()}
2024-05-31 17:04:14,830 0.838056 (0.021409) with: {'batch_size': 32, 'lr': 0.02, 'max_epochs': 32, 'module__n_features': 8, 'module__n_neurons': 16, 'module__nonlin': Tanh()}
2024-05-31 17:04:14,830 0.842917 (0.013934) with: {'batch_size': 32, 'lr': 0.02, 'max_epochs': 32, 'module__n_features': 8, 'module__n_neurons': 16, 'module__nonlin': ReLU()}
2024-05-31 17:04:14,830 0.838130 (0.022520) with: {'batch_size': 32, 'lr': 0.02, 'max_epochs': 32, 'module__n_features': 8, 'module__n_neurons': 32, 'module__nonlin': Tanh()}
2024-05-31 17:04:14,830 0.843806 (0.020926) with: {'batch_size': 32, 'lr': 0.02, 'max_epochs': 32, 'module__n_features': 8, 'module__n_neurons': 32, 'module__nonlin': ReLU()}
2024-05-31 17:04:14,830 0.842819 (0.022484) with: {'batch_size': 32, 'lr': 0.02, 'max_epochs': 32, 'module__n_features': 8, 'module__n_neurons': 64, 'module__nonlin': Tanh()}
2024-05-31 17:04:14,830 0.836398 (0.018378) with: {'batch_size': 32, 'lr': 0.02, 'max_epochs': 32, 'module__n_features': 8, 'module__n_neurons': 64, 'module__nonlin': ReLU()}
2024-05-31 17:04:14,830 0.838684 (0.021434) with: {'batch_size': 32, 'lr': 0.02, 'max_epochs': 32, 'module__n_features': 8, 'module__n_neurons': 128, 'module__nonlin': Tanh()}
2024-05-31 17:04:14,830 0.840624 (0.014840) with: {'batch_size': 32, 'lr': 0.02, 'max_epochs': 32, 'module__n_features': 8, 'module__n_neurons': 128, 'module__nonlin': ReLU()}
2024-05-31 17:04:14,830 0.835909 (0.014414) with: {'batch_size': 32, 'lr': 0.02, 'max_epochs': 32, 'module__n_features': 8, 'module__n_neurons': 256, 'module__nonlin': Tanh()}
2024-05-31 17:04:14,830 0.834257 (0.013226) with: {'batch_size': 32, 'lr': 0.02, 'max_epochs': 32, 'module__n_features': 8, 'module__n_neurons': 256, 'module__nonlin': ReLU()}
2024-05-31 17:04:14,830 0.844455 (0.022049) with: {'batch_size': 32, 'lr': 0.02, 'max_epochs': 64, 'module__n_features': 8, 'module__n_neurons': 16, 'module__nonlin': Tanh()}
2024-05-31 17:04:14,830 0.843104 (0.019550) with: {'batch_size': 32, 'lr': 0.02, 'max_epochs': 64, 'module__n_features': 8, 'module__n_neurons': 16, 'module__nonlin': ReLU()}
2024-05-31 17:04:14,830 0.839565 (0.019891) with: {'batch_size': 32, 'lr': 0.02, 'max_epochs': 64, 'module__n_features': 8, 'module__n_neurons': 32, 'module__nonlin': Tanh()}
2024-05-31 17:04:14,830 0.838874 (0.015434) with: {'batch_size': 32, 'lr': 0.02, 'max_epochs': 64, 'module__n_features': 8, 'module__n_neurons': 32, 'module__nonlin': ReLU()}
2024-05-31 17:04:14,830 0.834755 (0.017470) with: {'batch_size': 32, 'lr': 0.02, 'max_epochs': 64, 'module__n_features': 8, 'module__n_neurons': 64, 'module__nonlin': Tanh()}
2024-05-31 17:04:14,830 0.817537 (0.024736) with: {'batch_size': 32, 'lr': 0.02, 'max_epochs': 64, 'module__n_features': 8, 'module__n_neurons': 64, 'module__nonlin': ReLU()}
2024-05-31 17:04:14,830 0.824693 (0.019307) with: {'batch_size': 32, 'lr': 0.02, 'max_epochs': 64, 'module__n_features': 8, 'module__n_neurons': 128, 'module__nonlin': Tanh()}
2024-05-31 17:04:14,830 0.806769 (0.010203) with: {'batch_size': 32, 'lr': 0.02, 'max_epochs': 64, 'module__n_features': 8, 'module__n_neurons': 128, 'module__nonlin': ReLU()}
2024-05-31 17:04:14,831 0.806267 (0.030128) with: {'batch_size': 32, 'lr': 0.02, 'max_epochs': 64, 'module__n_features': 8, 'module__n_neurons': 256, 'module__nonlin': Tanh()}
2024-05-31 17:04:14,831 0.799334 (0.021476) with: {'batch_size': 32, 'lr': 0.02, 'max_epochs': 64, 'module__n_features': 8, 'module__n_neurons': 256, 'module__nonlin': ReLU()}
2024-05-31 17:04:14,831 0.838917 (0.010882) with: {'batch_size': 32, 'lr': 0.02, 'max_epochs': 128, 'module__n_features': 8, 'module__n_neurons': 16, 'module__nonlin': Tanh()}
2024-05-31 17:04:14,831 0.832888 (0.011637) with: {'batch_size': 32, 'lr': 0.02, 'max_epochs': 128, 'module__n_features': 8, 'module__n_neurons': 16, 'module__nonlin': ReLU()}
2024-05-31 17:04:14,831 0.828022 (0.033910) with: {'batch_size': 32, 'lr': 0.02, 'max_epochs': 128, 'module__n_features': 8, 'module__n_neurons': 32, 'module__nonlin': Tanh()}
2024-05-31 17:04:14,831 0.818345 (0.013735) with: {'batch_size': 32, 'lr': 0.02, 'max_epochs': 128, 'module__n_features': 8, 'module__n_neurons': 32, 'module__nonlin': ReLU()}
2024-05-31 17:04:14,831 0.792418 (0.028597) with: {'batch_size': 32, 'lr': 0.02, 'max_epochs': 128, 'module__n_features': 8, 'module__n_neurons': 64, 'module__nonlin': Tanh()}
2024-05-31 17:04:14,831 0.778647 (0.020211) with: {'batch_size': 32, 'lr': 0.02, 'max_epochs': 128, 'module__n_features': 8, 'module__n_neurons': 64, 'module__nonlin': ReLU()}
2024-05-31 17:04:14,831 0.772782 (0.017231) with: {'batch_size': 32, 'lr': 0.02, 'max_epochs': 128, 'module__n_features': 8, 'module__n_neurons': 128, 'module__nonlin': Tanh()}
2024-05-31 17:04:14,831 0.778644 (0.017726) with: {'batch_size': 32, 'lr': 0.02, 'max_epochs': 128, 'module__n_features': 8, 'module__n_neurons': 128, 'module__nonlin': ReLU()}
2024-05-31 17:04:14,831 0.764665 (0.043215) with: {'batch_size': 32, 'lr': 0.02, 'max_epochs': 128, 'module__n_features': 8, 'module__n_neurons': 256, 'module__nonlin': Tanh()}
2024-05-31 17:04:14,831 0.762004 (0.023995) with: {'batch_size': 32, 'lr': 0.02, 'max_epochs': 128, 'module__n_features': 8, 'module__n_neurons': 256, 'module__nonlin': ReLU()}
2024-05-31 17:04:14,831 0.646585 (0.121900) with: {'batch_size': 64, 'lr': 0.001, 'max_epochs': 16, 'module__n_features': 8, 'module__n_neurons': 16, 'module__nonlin': Tanh()}
2024-05-31 17:04:14,831 0.409748 (0.108434) with: {'batch_size': 64, 'lr': 0.001, 'max_epochs': 16, 'module__n_features': 8, 'module__n_neurons': 16, 'module__nonlin': ReLU()}
2024-05-31 17:04:14,831 0.719312 (0.017492) with: {'batch_size': 64, 'lr': 0.001, 'max_epochs': 16, 'module__n_features': 8, 'module__n_neurons': 32, 'module__nonlin': Tanh()}
2024-05-31 17:04:14,831 0.587845 (0.101541) with: {'batch_size': 64, 'lr': 0.001, 'max_epochs': 16, 'module__n_features': 8, 'module__n_neurons': 32, 'module__nonlin': ReLU()}
2024-05-31 17:04:14,831 0.788151 (0.024633) with: {'batch_size': 64, 'lr': 0.001, 'max_epochs': 16, 'module__n_features': 8, 'module__n_neurons': 64, 'module__nonlin': Tanh()}
2024-05-31 17:04:14,831 0.744973 (0.072522) with: {'batch_size': 64, 'lr': 0.001, 'max_epochs': 16, 'module__n_features': 8, 'module__n_neurons': 64, 'module__nonlin': ReLU()}
2024-05-31 17:04:14,831 0.804880 (0.027310) with: {'batch_size': 64, 'lr': 0.001, 'max_epochs': 16, 'module__n_features': 8, 'module__n_neurons': 128, 'module__nonlin': Tanh()}
2024-05-31 17:04:14,831 0.789854 (0.029084) with: {'batch_size': 64, 'lr': 0.001, 'max_epochs': 16, 'module__n_features': 8, 'module__n_neurons': 128, 'module__nonlin': ReLU()}
2024-05-31 17:04:14,831 0.830184 (0.022280) with: {'batch_size': 64, 'lr': 0.001, 'max_epochs': 16, 'module__n_features': 8, 'module__n_neurons': 256, 'module__nonlin': Tanh()}
2024-05-31 17:04:14,831 0.818071 (0.025965) with: {'batch_size': 64, 'lr': 0.001, 'max_epochs': 16, 'module__n_features': 8, 'module__n_neurons': 256, 'module__nonlin': ReLU()}
2024-05-31 17:04:14,831 0.664012 (0.197696) with: {'batch_size': 64, 'lr': 0.001, 'max_epochs': 32, 'module__n_features': 8, 'module__n_neurons': 16, 'module__nonlin': Tanh()}
2024-05-31 17:04:14,831 0.583325 (0.187558) with: {'batch_size': 64, 'lr': 0.001, 'max_epochs': 32, 'module__n_features': 8, 'module__n_neurons': 16, 'module__nonlin': ReLU()}
2024-05-31 17:04:14,831 0.778297 (0.011040) with: {'batch_size': 64, 'lr': 0.001, 'max_epochs': 32, 'module__n_features': 8, 'module__n_neurons': 32, 'module__nonlin': Tanh()}
2024-05-31 17:04:14,831 0.763169 (0.042319) with: {'batch_size': 64, 'lr': 0.001, 'max_epochs': 32, 'module__n_features': 8, 'module__n_neurons': 32, 'module__nonlin': ReLU()}
2024-05-31 17:04:14,831 0.806296 (0.028167) with: {'batch_size': 64, 'lr': 0.001, 'max_epochs': 32, 'module__n_features': 8, 'module__n_neurons': 64, 'module__nonlin': Tanh()}
2024-05-31 17:04:14,831 0.786429 (0.038770) with: {'batch_size': 64, 'lr': 0.001, 'max_epochs': 32, 'module__n_features': 8, 'module__n_neurons': 64, 'module__nonlin': ReLU()}
2024-05-31 17:04:14,831 0.829140 (0.022668) with: {'batch_size': 64, 'lr': 0.001, 'max_epochs': 32, 'module__n_features': 8, 'module__n_neurons': 128, 'module__nonlin': Tanh()}
2024-05-31 17:04:14,831 0.819242 (0.026564) with: {'batch_size': 64, 'lr': 0.001, 'max_epochs': 32, 'module__n_features': 8, 'module__n_neurons': 128, 'module__nonlin': ReLU()}
2024-05-31 17:04:14,831 0.832134 (0.021790) with: {'batch_size': 64, 'lr': 0.001, 'max_epochs': 32, 'module__n_features': 8, 'module__n_neurons': 256, 'module__nonlin': Tanh()}
2024-05-31 17:04:14,831 0.839890 (0.020547) with: {'batch_size': 64, 'lr': 0.001, 'max_epochs': 32, 'module__n_features': 8, 'module__n_neurons': 256, 'module__nonlin': ReLU()}
2024-05-31 17:04:14,831 0.767268 (0.040005) with: {'batch_size': 64, 'lr': 0.001, 'max_epochs': 64, 'module__n_features': 8, 'module__n_neurons': 16, 'module__nonlin': Tanh()}
2024-05-31 17:04:14,831 0.749601 (0.025494) with: {'batch_size': 64, 'lr': 0.001, 'max_epochs': 64, 'module__n_features': 8, 'module__n_neurons': 16, 'module__nonlin': ReLU()}
2024-05-31 17:04:14,831 0.801897 (0.024323) with: {'batch_size': 64, 'lr': 0.001, 'max_epochs': 64, 'module__n_features': 8, 'module__n_neurons': 32, 'module__nonlin': Tanh()}
2024-05-31 17:04:14,831 0.788729 (0.041378) with: {'batch_size': 64, 'lr': 0.001, 'max_epochs': 64, 'module__n_features': 8, 'module__n_neurons': 32, 'module__nonlin': ReLU()}
2024-05-31 17:04:14,831 0.820099 (0.025085) with: {'batch_size': 64, 'lr': 0.001, 'max_epochs': 64, 'module__n_features': 8, 'module__n_neurons': 64, 'module__nonlin': Tanh()}
2024-05-31 17:04:14,831 0.813152 (0.028967) with: {'batch_size': 64, 'lr': 0.001, 'max_epochs': 64, 'module__n_features': 8, 'module__n_neurons': 64, 'module__nonlin': ReLU()}
2024-05-31 17:04:14,831 0.832200 (0.022556) with: {'batch_size': 64, 'lr': 0.001, 'max_epochs': 64, 'module__n_features': 8, 'module__n_neurons': 128, 'module__nonlin': Tanh()}
2024-05-31 17:04:14,831 0.837782 (0.022520) with: {'batch_size': 64, 'lr': 0.001, 'max_epochs': 64, 'module__n_features': 8, 'module__n_neurons': 128, 'module__nonlin': ReLU()}
2024-05-31 17:04:14,831 0.832328 (0.022159) with: {'batch_size': 64, 'lr': 0.001, 'max_epochs': 64, 'module__n_features': 8, 'module__n_neurons': 256, 'module__nonlin': Tanh()}
2024-05-31 17:04:14,831 0.842526 (0.017267) with: {'batch_size': 64, 'lr': 0.001, 'max_epochs': 64, 'module__n_features': 8, 'module__n_neurons': 256, 'module__nonlin': ReLU()}
2024-05-31 17:04:14,831 0.810738 (0.033123) with: {'batch_size': 64, 'lr': 0.001, 'max_epochs': 128, 'module__n_features': 8, 'module__n_neurons': 16, 'module__nonlin': Tanh()}
2024-05-31 17:04:14,831 0.771277 (0.041481) with: {'batch_size': 64, 'lr': 0.001, 'max_epochs': 128, 'module__n_features': 8, 'module__n_neurons': 16, 'module__nonlin': ReLU()}
2024-05-31 17:04:14,831 0.816970 (0.031047) with: {'batch_size': 64, 'lr': 0.001, 'max_epochs': 128, 'module__n_features': 8, 'module__n_neurons': 32, 'module__nonlin': Tanh()}
2024-05-31 17:04:14,831 0.821134 (0.020377) with: {'batch_size': 64, 'lr': 0.001, 'max_epochs': 128, 'module__n_features': 8, 'module__n_neurons': 32, 'module__nonlin': ReLU()}
2024-05-31 17:04:14,832 0.831912 (0.021559) with: {'batch_size': 64, 'lr': 0.001, 'max_epochs': 128, 'module__n_features': 8, 'module__n_neurons': 64, 'module__nonlin': Tanh()}
2024-05-31 17:04:14,832 0.840550 (0.017713) with: {'batch_size': 64, 'lr': 0.001, 'max_epochs': 128, 'module__n_features': 8, 'module__n_neurons': 64, 'module__nonlin': ReLU()}
2024-05-31 17:04:14,832 0.832560 (0.021628) with: {'batch_size': 64, 'lr': 0.001, 'max_epochs': 128, 'module__n_features': 8, 'module__n_neurons': 128, 'module__nonlin': Tanh()}
2024-05-31 17:04:14,832 0.845162 (0.021183) with: {'batch_size': 64, 'lr': 0.001, 'max_epochs': 128, 'module__n_features': 8, 'module__n_neurons': 128, 'module__nonlin': ReLU()}
2024-05-31 17:04:14,832 0.835013 (0.022562) with: {'batch_size': 64, 'lr': 0.001, 'max_epochs': 128, 'module__n_features': 8, 'module__n_neurons': 256, 'module__nonlin': Tanh()}
2024-05-31 17:04:14,832 0.839152 (0.019699) with: {'batch_size': 64, 'lr': 0.001, 'max_epochs': 128, 'module__n_features': 8, 'module__n_neurons': 256, 'module__nonlin': ReLU()}
2024-05-31 17:04:14,832 0.803750 (0.030774) with: {'batch_size': 64, 'lr': 0.01, 'max_epochs': 16, 'module__n_features': 8, 'module__n_neurons': 16, 'module__nonlin': Tanh()}
2024-05-31 17:04:14,832 0.774955 (0.040097) with: {'batch_size': 64, 'lr': 0.01, 'max_epochs': 16, 'module__n_features': 8, 'module__n_neurons': 16, 'module__nonlin': ReLU()}
2024-05-31 17:04:14,832 0.828506 (0.024685) with: {'batch_size': 64, 'lr': 0.01, 'max_epochs': 16, 'module__n_features': 8, 'module__n_neurons': 32, 'module__nonlin': Tanh()}
2024-05-31 17:04:14,832 0.809967 (0.040853) with: {'batch_size': 64, 'lr': 0.01, 'max_epochs': 16, 'module__n_features': 8, 'module__n_neurons': 32, 'module__nonlin': ReLU()}
2024-05-31 17:04:14,832 0.832380 (0.022198) with: {'batch_size': 64, 'lr': 0.01, 'max_epochs': 16, 'module__n_features': 8, 'module__n_neurons': 64, 'module__nonlin': Tanh()}
2024-05-31 17:04:14,832 0.841361 (0.020294) with: {'batch_size': 64, 'lr': 0.01, 'max_epochs': 16, 'module__n_features': 8, 'module__n_neurons': 64, 'module__nonlin': ReLU()}
2024-05-31 17:04:14,832 0.831794 (0.022271) with: {'batch_size': 64, 'lr': 0.01, 'max_epochs': 16, 'module__n_features': 8, 'module__n_neurons': 128, 'module__nonlin': Tanh()}
2024-05-31 17:04:14,832 0.837921 (0.021521) with: {'batch_size': 64, 'lr': 0.01, 'max_epochs': 16, 'module__n_features': 8, 'module__n_neurons': 128, 'module__nonlin': ReLU()}
2024-05-31 17:04:14,832 0.832200 (0.021485) with: {'batch_size': 64, 'lr': 0.01, 'max_epochs': 16, 'module__n_features': 8, 'module__n_neurons': 256, 'module__nonlin': Tanh()}
2024-05-31 17:04:14,832 0.845441 (0.018511) with: {'batch_size': 64, 'lr': 0.01, 'max_epochs': 16, 'module__n_features': 8, 'module__n_neurons': 256, 'module__nonlin': ReLU()}
2024-05-31 17:04:14,832 0.832587 (0.020915) with: {'batch_size': 64, 'lr': 0.01, 'max_epochs': 32, 'module__n_features': 8, 'module__n_neurons': 16, 'module__nonlin': Tanh()}
2024-05-31 17:04:14,832 0.824809 (0.024612) with: {'batch_size': 64, 'lr': 0.01, 'max_epochs': 32, 'module__n_features': 8, 'module__n_neurons': 16, 'module__nonlin': ReLU()}
2024-05-31 17:04:14,832 0.833085 (0.021296) with: {'batch_size': 64, 'lr': 0.01, 'max_epochs': 32, 'module__n_features': 8, 'module__n_neurons': 32, 'module__nonlin': Tanh()}
2024-05-31 17:04:14,832 0.840007 (0.019139) with: {'batch_size': 64, 'lr': 0.01, 'max_epochs': 32, 'module__n_features': 8, 'module__n_neurons': 32, 'module__nonlin': ReLU()}
2024-05-31 17:04:14,832 0.833255 (0.022267) with: {'batch_size': 64, 'lr': 0.01, 'max_epochs': 32, 'module__n_features': 8, 'module__n_neurons': 64, 'module__nonlin': Tanh()}
2024-05-31 17:04:14,832 0.842582 (0.017792) with: {'batch_size': 64, 'lr': 0.01, 'max_epochs': 32, 'module__n_features': 8, 'module__n_neurons': 64, 'module__nonlin': ReLU()}
2024-05-31 17:04:14,832 0.834721 (0.022438) with: {'batch_size': 64, 'lr': 0.01, 'max_epochs': 32, 'module__n_features': 8, 'module__n_neurons': 128, 'module__nonlin': Tanh()}
2024-05-31 17:04:14,832 0.838687 (0.014657) with: {'batch_size': 64, 'lr': 0.01, 'max_epochs': 32, 'module__n_features': 8, 'module__n_neurons': 128, 'module__nonlin': ReLU()}
2024-05-31 17:04:14,832 0.834720 (0.022024) with: {'batch_size': 64, 'lr': 0.01, 'max_epochs': 32, 'module__n_features': 8, 'module__n_neurons': 256, 'module__nonlin': Tanh()}
2024-05-31 17:04:14,832 0.841583 (0.012900) with: {'batch_size': 64, 'lr': 0.01, 'max_epochs': 32, 'module__n_features': 8, 'module__n_neurons': 256, 'module__nonlin': ReLU()}
2024-05-31 17:04:14,832 0.834315 (0.022155) with: {'batch_size': 64, 'lr': 0.01, 'max_epochs': 64, 'module__n_features': 8, 'module__n_neurons': 16, 'module__nonlin': Tanh()}
2024-05-31 17:04:14,832 0.844391 (0.021417) with: {'batch_size': 64, 'lr': 0.01, 'max_epochs': 64, 'module__n_features': 8, 'module__n_neurons': 16, 'module__nonlin': ReLU()}
2024-05-31 17:04:14,832 0.837409 (0.023034) with: {'batch_size': 64, 'lr': 0.01, 'max_epochs': 64, 'module__n_features': 8, 'module__n_neurons': 32, 'module__nonlin': Tanh()}
2024-05-31 17:04:14,832 0.838481 (0.021005) with: {'batch_size': 64, 'lr': 0.01, 'max_epochs': 64, 'module__n_features': 8, 'module__n_neurons': 32, 'module__nonlin': ReLU()}
2024-05-31 17:04:14,832 0.841672 (0.019531) with: {'batch_size': 64, 'lr': 0.01, 'max_epochs': 64, 'module__n_features': 8, 'module__n_neurons': 64, 'module__nonlin': Tanh()}
2024-05-31 17:04:14,832 0.839088 (0.012933) with: {'batch_size': 64, 'lr': 0.01, 'max_epochs': 64, 'module__n_features': 8, 'module__n_neurons': 64, 'module__nonlin': ReLU()}
2024-05-31 17:04:14,832 0.839628 (0.014677) with: {'batch_size': 64, 'lr': 0.01, 'max_epochs': 64, 'module__n_features': 8, 'module__n_neurons': 128, 'module__nonlin': Tanh()}
2024-05-31 17:04:14,832 0.828769 (0.020293) with: {'batch_size': 64, 'lr': 0.01, 'max_epochs': 64, 'module__n_features': 8, 'module__n_neurons': 128, 'module__nonlin': ReLU()}
2024-05-31 17:04:14,832 0.836065 (0.018095) with: {'batch_size': 64, 'lr': 0.01, 'max_epochs': 64, 'module__n_features': 8, 'module__n_neurons': 256, 'module__nonlin': Tanh()}
2024-05-31 17:04:14,832 0.823772 (0.012963) with: {'batch_size': 64, 'lr': 0.01, 'max_epochs': 64, 'module__n_features': 8, 'module__n_neurons': 256, 'module__nonlin': ReLU()}
2024-05-31 17:04:14,832 0.836666 (0.018140) with: {'batch_size': 64, 'lr': 0.01, 'max_epochs': 128, 'module__n_features': 8, 'module__n_neurons': 16, 'module__nonlin': Tanh()}
2024-05-31 17:04:14,832 0.831602 (0.019466) with: {'batch_size': 64, 'lr': 0.01, 'max_epochs': 128, 'module__n_features': 8, 'module__n_neurons': 16, 'module__nonlin': ReLU()}
2024-05-31 17:04:14,832 0.843376 (0.015341) with: {'batch_size': 64, 'lr': 0.01, 'max_epochs': 128, 'module__n_features': 8, 'module__n_neurons': 32, 'module__nonlin': Tanh()}
2024-05-31 17:04:14,832 0.838839 (0.022389) with: {'batch_size': 64, 'lr': 0.01, 'max_epochs': 128, 'module__n_features': 8, 'module__n_neurons': 32, 'module__nonlin': ReLU()}
2024-05-31 17:04:14,832 0.839492 (0.013639) with: {'batch_size': 64, 'lr': 0.01, 'max_epochs': 128, 'module__n_features': 8, 'module__n_neurons': 64, 'module__nonlin': Tanh()}
2024-05-31 17:04:14,832 0.822921 (0.026628) with: {'batch_size': 64, 'lr': 0.01, 'max_epochs': 128, 'module__n_features': 8, 'module__n_neurons': 64, 'module__nonlin': ReLU()}
2024-05-31 17:04:14,832 0.826128 (0.011293) with: {'batch_size': 64, 'lr': 0.01, 'max_epochs': 128, 'module__n_features': 8, 'module__n_neurons': 128, 'module__nonlin': Tanh()}
2024-05-31 17:04:14,832 0.803789 (0.028921) with: {'batch_size': 64, 'lr': 0.01, 'max_epochs': 128, 'module__n_features': 8, 'module__n_neurons': 128, 'module__nonlin': ReLU()}
2024-05-31 17:04:14,832 0.813826 (0.021856) with: {'batch_size': 64, 'lr': 0.01, 'max_epochs': 128, 'module__n_features': 8, 'module__n_neurons': 256, 'module__nonlin': Tanh()}
2024-05-31 17:04:14,832 0.789450 (0.018280) with: {'batch_size': 64, 'lr': 0.01, 'max_epochs': 128, 'module__n_features': 8, 'module__n_neurons': 256, 'module__nonlin': ReLU()}
2024-05-31 17:04:14,832 0.831962 (0.022956) with: {'batch_size': 64, 'lr': 0.02, 'max_epochs': 16, 'module__n_features': 8, 'module__n_neurons': 16, 'module__nonlin': Tanh()}
2024-05-31 17:04:14,832 0.815712 (0.020882) with: {'batch_size': 64, 'lr': 0.02, 'max_epochs': 16, 'module__n_features': 8, 'module__n_neurons': 16, 'module__nonlin': ReLU()}
2024-05-31 17:04:14,833 0.832482 (0.022805) with: {'batch_size': 64, 'lr': 0.02, 'max_epochs': 16, 'module__n_features': 8, 'module__n_neurons': 32, 'module__nonlin': Tanh()}
2024-05-31 17:04:14,833 0.841065 (0.018896) with: {'batch_size': 64, 'lr': 0.02, 'max_epochs': 16, 'module__n_features': 8, 'module__n_neurons': 32, 'module__nonlin': ReLU()}
2024-05-31 17:04:14,833 0.833384 (0.022888) with: {'batch_size': 64, 'lr': 0.02, 'max_epochs': 16, 'module__n_features': 8, 'module__n_neurons': 64, 'module__nonlin': Tanh()}
2024-05-31 17:04:14,833 0.841928 (0.017202) with: {'batch_size': 64, 'lr': 0.02, 'max_epochs': 16, 'module__n_features': 8, 'module__n_neurons': 64, 'module__nonlin': ReLU()}
2024-05-31 17:04:14,833 0.832672 (0.022243) with: {'batch_size': 64, 'lr': 0.02, 'max_epochs': 16, 'module__n_features': 8, 'module__n_neurons': 128, 'module__nonlin': Tanh()}
2024-05-31 17:04:14,833 0.844867 (0.018296) with: {'batch_size': 64, 'lr': 0.02, 'max_epochs': 16, 'module__n_features': 8, 'module__n_neurons': 128, 'module__nonlin': ReLU()}
2024-05-31 17:04:14,833 0.838742 (0.018006) with: {'batch_size': 64, 'lr': 0.02, 'max_epochs': 16, 'module__n_features': 8, 'module__n_neurons': 256, 'module__nonlin': Tanh()}
2024-05-31 17:04:14,833 0.846128 (0.015870) with: {'batch_size': 64, 'lr': 0.02, 'max_epochs': 16, 'module__n_features': 8, 'module__n_neurons': 256, 'module__nonlin': ReLU()}
2024-05-31 17:04:14,833 0.833252 (0.021680) with: {'batch_size': 64, 'lr': 0.02, 'max_epochs': 32, 'module__n_features': 8, 'module__n_neurons': 16, 'module__nonlin': Tanh()}
2024-05-31 17:04:14,833 0.837615 (0.020667) with: {'batch_size': 64, 'lr': 0.02, 'max_epochs': 32, 'module__n_features': 8, 'module__n_neurons': 16, 'module__nonlin': ReLU()}
2024-05-31 17:04:14,833 0.836333 (0.022813) with: {'batch_size': 64, 'lr': 0.02, 'max_epochs': 32, 'module__n_features': 8, 'module__n_neurons': 32, 'module__nonlin': Tanh()}
2024-05-31 17:04:14,833 0.842701 (0.016962) with: {'batch_size': 64, 'lr': 0.02, 'max_epochs': 32, 'module__n_features': 8, 'module__n_neurons': 32, 'module__nonlin': ReLU()}
2024-05-31 17:04:14,833 0.835769 (0.023333) with: {'batch_size': 64, 'lr': 0.02, 'max_epochs': 32, 'module__n_features': 8, 'module__n_neurons': 64, 'module__nonlin': Tanh()}
2024-05-31 17:04:14,833 0.845252 (0.019607) with: {'batch_size': 64, 'lr': 0.02, 'max_epochs': 32, 'module__n_features': 8, 'module__n_neurons': 64, 'module__nonlin': ReLU()}
2024-05-31 17:04:14,833 0.837861 (0.021881) with: {'batch_size': 64, 'lr': 0.02, 'max_epochs': 32, 'module__n_features': 8, 'module__n_neurons': 128, 'module__nonlin': Tanh()}
2024-05-31 17:04:14,833 0.841875 (0.018459) with: {'batch_size': 64, 'lr': 0.02, 'max_epochs': 32, 'module__n_features': 8, 'module__n_neurons': 128, 'module__nonlin': ReLU()}
2024-05-31 17:04:14,833 0.835545 (0.013653) with: {'batch_size': 64, 'lr': 0.02, 'max_epochs': 32, 'module__n_features': 8, 'module__n_neurons': 256, 'module__nonlin': Tanh()}
2024-05-31 17:04:14,833 0.831499 (0.013398) with: {'batch_size': 64, 'lr': 0.02, 'max_epochs': 32, 'module__n_features': 8, 'module__n_neurons': 256, 'module__nonlin': ReLU()}
2024-05-31 17:04:14,833 0.838245 (0.017957) with: {'batch_size': 64, 'lr': 0.02, 'max_epochs': 64, 'module__n_features': 8, 'module__n_neurons': 16, 'module__nonlin': Tanh()}
2024-05-31 17:04:14,833 0.844247 (0.018028) with: {'batch_size': 64, 'lr': 0.02, 'max_epochs': 64, 'module__n_features': 8, 'module__n_neurons': 16, 'module__nonlin': ReLU()}
2024-05-31 17:04:14,833 0.839362 (0.018653) with: {'batch_size': 64, 'lr': 0.02, 'max_epochs': 64, 'module__n_features': 8, 'module__n_neurons': 32, 'module__nonlin': Tanh()}
2024-05-31 17:04:14,833 0.844424 (0.016076) with: {'batch_size': 64, 'lr': 0.02, 'max_epochs': 64, 'module__n_features': 8, 'module__n_neurons': 32, 'module__nonlin': ReLU()}
2024-05-31 17:04:14,833 0.838600 (0.013965) with: {'batch_size': 64, 'lr': 0.02, 'max_epochs': 64, 'module__n_features': 8, 'module__n_neurons': 64, 'module__nonlin': Tanh()}
2024-05-31 17:04:14,833 0.829304 (0.017710) with: {'batch_size': 64, 'lr': 0.02, 'max_epochs': 64, 'module__n_features': 8, 'module__n_neurons': 64, 'module__nonlin': ReLU()}
2024-05-31 17:04:14,833 0.837052 (0.014251) with: {'batch_size': 64, 'lr': 0.02, 'max_epochs': 64, 'module__n_features': 8, 'module__n_neurons': 128, 'module__nonlin': Tanh()}
2024-05-31 17:04:14,833 0.808701 (0.016354) with: {'batch_size': 64, 'lr': 0.02, 'max_epochs': 64, 'module__n_features': 8, 'module__n_neurons': 128, 'module__nonlin': ReLU()}
2024-05-31 17:04:14,833 0.822274 (0.017796) with: {'batch_size': 64, 'lr': 0.02, 'max_epochs': 64, 'module__n_features': 8, 'module__n_neurons': 256, 'module__nonlin': Tanh()}
2024-05-31 17:04:14,833 0.808695 (0.023997) with: {'batch_size': 64, 'lr': 0.02, 'max_epochs': 64, 'module__n_features': 8, 'module__n_neurons': 256, 'module__nonlin': ReLU()}
2024-05-31 17:04:14,833 0.839584 (0.013128) with: {'batch_size': 64, 'lr': 0.02, 'max_epochs': 128, 'module__n_features': 8, 'module__n_neurons': 16, 'module__nonlin': Tanh()}
2024-05-31 17:04:14,833 0.841448 (0.018446) with: {'batch_size': 64, 'lr': 0.02, 'max_epochs': 128, 'module__n_features': 8, 'module__n_neurons': 16, 'module__nonlin': ReLU()}
2024-05-31 17:04:14,833 0.835707 (0.013903) with: {'batch_size': 64, 'lr': 0.02, 'max_epochs': 128, 'module__n_features': 8, 'module__n_neurons': 32, 'module__nonlin': Tanh()}
2024-05-31 17:04:14,833 0.833743 (0.033422) with: {'batch_size': 64, 'lr': 0.02, 'max_epochs': 128, 'module__n_features': 8, 'module__n_neurons': 32, 'module__nonlin': ReLU()}
2024-05-31 17:04:14,833 0.814541 (0.018758) with: {'batch_size': 64, 'lr': 0.02, 'max_epochs': 128, 'module__n_features': 8, 'module__n_neurons': 64, 'module__nonlin': Tanh()}
2024-05-31 17:04:14,833 0.806131 (0.026194) with: {'batch_size': 64, 'lr': 0.02, 'max_epochs': 128, 'module__n_features': 8, 'module__n_neurons': 64, 'module__nonlin': ReLU()}
2024-05-31 17:04:14,833 0.804110 (0.023943) with: {'batch_size': 64, 'lr': 0.02, 'max_epochs': 128, 'module__n_features': 8, 'module__n_neurons': 128, 'module__nonlin': Tanh()}
2024-05-31 17:04:14,833 0.793948 (0.028322) with: {'batch_size': 64, 'lr': 0.02, 'max_epochs': 128, 'module__n_features': 8, 'module__n_neurons': 128, 'module__nonlin': ReLU()}
2024-05-31 17:04:14,833 0.787743 (0.013337) with: {'batch_size': 64, 'lr': 0.02, 'max_epochs': 128, 'module__n_features': 8, 'module__n_neurons': 256, 'module__nonlin': Tanh()}
2024-05-31 17:04:14,833 0.775334 (0.013092) with: {'batch_size': 64, 'lr': 0.02, 'max_epochs': 128, 'module__n_features': 8, 'module__n_neurons': 256, 'module__nonlin': ReLU()}
2024-05-31 17:04:14,833 0.515002 (0.151467) with: {'batch_size': 128, 'lr': 0.001, 'max_epochs': 16, 'module__n_features': 8, 'module__n_neurons': 16, 'module__nonlin': Tanh()}
2024-05-31 17:04:14,833 0.603048 (0.080297) with: {'batch_size': 128, 'lr': 0.001, 'max_epochs': 16, 'module__n_features': 8, 'module__n_neurons': 16, 'module__nonlin': ReLU()}
2024-05-31 17:04:14,833 0.573040 (0.153940) with: {'batch_size': 128, 'lr': 0.001, 'max_epochs': 16, 'module__n_features': 8, 'module__n_neurons': 32, 'module__nonlin': Tanh()}
2024-05-31 17:04:14,833 0.505189 (0.184782) with: {'batch_size': 128, 'lr': 0.001, 'max_epochs': 16, 'module__n_features': 8, 'module__n_neurons': 32, 'module__nonlin': ReLU()}
2024-05-31 17:04:14,833 0.771117 (0.038933) with: {'batch_size': 128, 'lr': 0.001, 'max_epochs': 16, 'module__n_features': 8, 'module__n_neurons': 64, 'module__nonlin': Tanh()}
2024-05-31 17:04:14,833 0.651728 (0.145603) with: {'batch_size': 128, 'lr': 0.001, 'max_epochs': 16, 'module__n_features': 8, 'module__n_neurons': 64, 'module__nonlin': ReLU()}
2024-05-31 17:04:14,833 0.797542 (0.029501) with: {'batch_size': 128, 'lr': 0.001, 'max_epochs': 16, 'module__n_features': 8, 'module__n_neurons': 128, 'module__nonlin': Tanh()}
2024-05-31 17:04:14,833 0.750392 (0.085624) with: {'batch_size': 128, 'lr': 0.001, 'max_epochs': 16, 'module__n_features': 8, 'module__n_neurons': 128, 'module__nonlin': ReLU()}
2024-05-31 17:04:14,833 0.807032 (0.023648) with: {'batch_size': 128, 'lr': 0.001, 'max_epochs': 16, 'module__n_features': 8, 'module__n_neurons': 256, 'module__nonlin': Tanh()}
2024-05-31 17:04:14,833 0.789010 (0.035143) with: {'batch_size': 128, 'lr': 0.001, 'max_epochs': 16, 'module__n_features': 8, 'module__n_neurons': 256, 'module__nonlin': ReLU()}
2024-05-31 17:04:14,833 0.634559 (0.156853) with: {'batch_size': 128, 'lr': 0.001, 'max_epochs': 32, 'module__n_features': 8, 'module__n_neurons': 16, 'module__nonlin': Tanh()}
2024-05-31 17:04:14,834 0.555762 (0.165916) with: {'batch_size': 128, 'lr': 0.001, 'max_epochs': 32, 'module__n_features': 8, 'module__n_neurons': 16, 'module__nonlin': ReLU()}
2024-05-31 17:04:14,834 0.747970 (0.049437) with: {'batch_size': 128, 'lr': 0.001, 'max_epochs': 32, 'module__n_features': 8, 'module__n_neurons': 32, 'module__nonlin': Tanh()}
2024-05-31 17:04:14,834 0.633467 (0.159306) with: {'batch_size': 128, 'lr': 0.001, 'max_epochs': 32, 'module__n_features': 8, 'module__n_neurons': 32, 'module__nonlin': ReLU()}
2024-05-31 17:04:14,834 0.783188 (0.022627) with: {'batch_size': 128, 'lr': 0.001, 'max_epochs': 32, 'module__n_features': 8, 'module__n_neurons': 64, 'module__nonlin': Tanh()}
2024-05-31 17:04:14,834 0.729425 (0.101837) with: {'batch_size': 128, 'lr': 0.001, 'max_epochs': 32, 'module__n_features': 8, 'module__n_neurons': 64, 'module__nonlin': ReLU()}
2024-05-31 17:04:14,834 0.801257 (0.027461) with: {'batch_size': 128, 'lr': 0.001, 'max_epochs': 32, 'module__n_features': 8, 'module__n_neurons': 128, 'module__nonlin': Tanh()}
2024-05-31 17:04:14,834 0.790282 (0.023713) with: {'batch_size': 128, 'lr': 0.001, 'max_epochs': 32, 'module__n_features': 8, 'module__n_neurons': 128, 'module__nonlin': ReLU()}
2024-05-31 17:04:14,834 0.818675 (0.021309) with: {'batch_size': 128, 'lr': 0.001, 'max_epochs': 32, 'module__n_features': 8, 'module__n_neurons': 256, 'module__nonlin': Tanh()}
2024-05-31 17:04:14,834 0.816320 (0.022093) with: {'batch_size': 128, 'lr': 0.001, 'max_epochs': 32, 'module__n_features': 8, 'module__n_neurons': 256, 'module__nonlin': ReLU()}
2024-05-31 17:04:14,834 0.750259 (0.013528) with: {'batch_size': 128, 'lr': 0.001, 'max_epochs': 64, 'module__n_features': 8, 'module__n_neurons': 16, 'module__nonlin': Tanh()}
2024-05-31 17:04:14,834 0.692891 (0.059631) with: {'batch_size': 128, 'lr': 0.001, 'max_epochs': 64, 'module__n_features': 8, 'module__n_neurons': 16, 'module__nonlin': ReLU()}
2024-05-31 17:04:14,834 0.745673 (0.077417) with: {'batch_size': 128, 'lr': 0.001, 'max_epochs': 64, 'module__n_features': 8, 'module__n_neurons': 32, 'module__nonlin': Tanh()}
2024-05-31 17:04:14,834 0.693314 (0.128444) with: {'batch_size': 128, 'lr': 0.001, 'max_epochs': 64, 'module__n_features': 8, 'module__n_neurons': 32, 'module__nonlin': ReLU()}
2024-05-31 17:04:14,834 0.803470 (0.033980) with: {'batch_size': 128, 'lr': 0.001, 'max_epochs': 64, 'module__n_features': 8, 'module__n_neurons': 64, 'module__nonlin': Tanh()}
2024-05-31 17:04:14,834 0.791141 (0.038965) with: {'batch_size': 128, 'lr': 0.001, 'max_epochs': 64, 'module__n_features': 8, 'module__n_neurons': 64, 'module__nonlin': ReLU()}
2024-05-31 17:04:14,834 0.820721 (0.020777) with: {'batch_size': 128, 'lr': 0.001, 'max_epochs': 64, 'module__n_features': 8, 'module__n_neurons': 128, 'module__nonlin': Tanh()}
2024-05-31 17:04:14,834 0.822234 (0.026018) with: {'batch_size': 128, 'lr': 0.001, 'max_epochs': 64, 'module__n_features': 8, 'module__n_neurons': 128, 'module__nonlin': ReLU()}
2024-05-31 17:04:14,834 0.826301 (0.021003) with: {'batch_size': 128, 'lr': 0.001, 'max_epochs': 64, 'module__n_features': 8, 'module__n_neurons': 256, 'module__nonlin': Tanh()}
2024-05-31 17:04:14,834 0.834848 (0.018793) with: {'batch_size': 128, 'lr': 0.001, 'max_epochs': 64, 'module__n_features': 8, 'module__n_neurons': 256, 'module__nonlin': ReLU()}
2024-05-31 17:04:14,834 0.744373 (0.058483) with: {'batch_size': 128, 'lr': 0.001, 'max_epochs': 128, 'module__n_features': 8, 'module__n_neurons': 16, 'module__nonlin': Tanh()}
2024-05-31 17:04:14,834 0.759834 (0.026712) with: {'batch_size': 128, 'lr': 0.001, 'max_epochs': 128, 'module__n_features': 8, 'module__n_neurons': 16, 'module__nonlin': ReLU()}
2024-05-31 17:04:14,834 0.802721 (0.026280) with: {'batch_size': 128, 'lr': 0.001, 'max_epochs': 128, 'module__n_features': 8, 'module__n_neurons': 32, 'module__nonlin': Tanh()}
2024-05-31 17:04:14,834 0.795513 (0.034538) with: {'batch_size': 128, 'lr': 0.001, 'max_epochs': 128, 'module__n_features': 8, 'module__n_neurons': 32, 'module__nonlin': ReLU()}
2024-05-31 17:04:14,834 0.819915 (0.021132) with: {'batch_size': 128, 'lr': 0.001, 'max_epochs': 128, 'module__n_features': 8, 'module__n_neurons': 64, 'module__nonlin': Tanh()}
2024-05-31 17:04:14,834 0.822650 (0.022928) with: {'batch_size': 128, 'lr': 0.001, 'max_epochs': 128, 'module__n_features': 8, 'module__n_neurons': 64, 'module__nonlin': ReLU()}
2024-05-31 17:04:14,834 0.827357 (0.021068) with: {'batch_size': 128, 'lr': 0.001, 'max_epochs': 128, 'module__n_features': 8, 'module__n_neurons': 128, 'module__nonlin': Tanh()}
2024-05-31 17:04:14,834 0.837425 (0.020115) with: {'batch_size': 128, 'lr': 0.001, 'max_epochs': 128, 'module__n_features': 8, 'module__n_neurons': 128, 'module__nonlin': ReLU()}
2024-05-31 17:04:14,834 0.828474 (0.020849) with: {'batch_size': 128, 'lr': 0.001, 'max_epochs': 128, 'module__n_features': 8, 'module__n_neurons': 256, 'module__nonlin': Tanh()}
2024-05-31 17:04:14,834 0.840512 (0.017325) with: {'batch_size': 128, 'lr': 0.001, 'max_epochs': 128, 'module__n_features': 8, 'module__n_neurons': 256, 'module__nonlin': ReLU()}
2024-05-31 17:04:14,834 0.772252 (0.023907) with: {'batch_size': 128, 'lr': 0.01, 'max_epochs': 16, 'module__n_features': 8, 'module__n_neurons': 16, 'module__nonlin': Tanh()}
2024-05-31 17:04:14,834 0.645927 (0.202838) with: {'batch_size': 128, 'lr': 0.01, 'max_epochs': 16, 'module__n_features': 8, 'module__n_neurons': 16, 'module__nonlin': ReLU()}
2024-05-31 17:04:14,834 0.798472 (0.042329) with: {'batch_size': 128, 'lr': 0.01, 'max_epochs': 16, 'module__n_features': 8, 'module__n_neurons': 32, 'module__nonlin': Tanh()}
2024-05-31 17:04:14,834 0.790245 (0.031443) with: {'batch_size': 128, 'lr': 0.01, 'max_epochs': 16, 'module__n_features': 8, 'module__n_neurons': 32, 'module__nonlin': ReLU()}
2024-05-31 17:04:14,834 0.820875 (0.022940) with: {'batch_size': 128, 'lr': 0.01, 'max_epochs': 16, 'module__n_features': 8, 'module__n_neurons': 64, 'module__nonlin': Tanh()}
2024-05-31 17:04:14,834 0.820825 (0.020397) with: {'batch_size': 128, 'lr': 0.01, 'max_epochs': 16, 'module__n_features': 8, 'module__n_neurons': 64, 'module__nonlin': ReLU()}
2024-05-31 17:04:14,834 0.825776 (0.020929) with: {'batch_size': 128, 'lr': 0.01, 'max_epochs': 16, 'module__n_features': 8, 'module__n_neurons': 128, 'module__nonlin': Tanh()}
2024-05-31 17:04:14,834 0.830984 (0.019154) with: {'batch_size': 128, 'lr': 0.01, 'max_epochs': 16, 'module__n_features': 8, 'module__n_neurons': 128, 'module__nonlin': ReLU()}
2024-05-31 17:04:14,834 0.827187 (0.020582) with: {'batch_size': 128, 'lr': 0.01, 'max_epochs': 16, 'module__n_features': 8, 'module__n_neurons': 256, 'module__nonlin': Tanh()}
2024-05-31 17:04:14,834 0.840981 (0.016189) with: {'batch_size': 128, 'lr': 0.01, 'max_epochs': 16, 'module__n_features': 8, 'module__n_neurons': 256, 'module__nonlin': ReLU()}
2024-05-31 17:04:14,834 0.809207 (0.025084) with: {'batch_size': 128, 'lr': 0.01, 'max_epochs': 32, 'module__n_features': 8, 'module__n_neurons': 16, 'module__nonlin': Tanh()}
2024-05-31 17:04:14,834 0.794476 (0.038960) with: {'batch_size': 128, 'lr': 0.01, 'max_epochs': 32, 'module__n_features': 8, 'module__n_neurons': 16, 'module__nonlin': ReLU()}
2024-05-31 17:04:14,834 0.821240 (0.020017) with: {'batch_size': 128, 'lr': 0.01, 'max_epochs': 32, 'module__n_features': 8, 'module__n_neurons': 32, 'module__nonlin': Tanh()}
2024-05-31 17:04:14,834 0.824346 (0.018903) with: {'batch_size': 128, 'lr': 0.01, 'max_epochs': 32, 'module__n_features': 8, 'module__n_neurons': 32, 'module__nonlin': ReLU()}
2024-05-31 17:04:14,834 0.827472 (0.020644) with: {'batch_size': 128, 'lr': 0.01, 'max_epochs': 32, 'module__n_features': 8, 'module__n_neurons': 64, 'module__nonlin': Tanh()}
2024-05-31 17:04:14,834 0.835781 (0.019231) with: {'batch_size': 128, 'lr': 0.01, 'max_epochs': 32, 'module__n_features': 8, 'module__n_neurons': 64, 'module__nonlin': ReLU()}
2024-05-31 17:04:14,834 0.828115 (0.020431) with: {'batch_size': 128, 'lr': 0.01, 'max_epochs': 32, 'module__n_features': 8, 'module__n_neurons': 128, 'module__nonlin': Tanh()}
2024-05-31 17:04:14,834 0.838401 (0.016550) with: {'batch_size': 128, 'lr': 0.01, 'max_epochs': 32, 'module__n_features': 8, 'module__n_neurons': 128, 'module__nonlin': ReLU()}
2024-05-31 17:04:14,834 0.827711 (0.021289) with: {'batch_size': 128, 'lr': 0.01, 'max_epochs': 32, 'module__n_features': 8, 'module__n_neurons': 256, 'module__nonlin': Tanh()}
2024-05-31 17:04:14,835 0.842186 (0.015979) with: {'batch_size': 128, 'lr': 0.01, 'max_epochs': 32, 'module__n_features': 8, 'module__n_neurons': 256, 'module__nonlin': ReLU()}
2024-05-31 17:04:14,835 0.820389 (0.020398) with: {'batch_size': 128, 'lr': 0.01, 'max_epochs': 64, 'module__n_features': 8, 'module__n_neurons': 16, 'module__nonlin': Tanh()}
2024-05-31 17:04:14,835 0.823103 (0.018961) with: {'batch_size': 128, 'lr': 0.01, 'max_epochs': 64, 'module__n_features': 8, 'module__n_neurons': 16, 'module__nonlin': ReLU()}
2024-05-31 17:04:14,835 0.827355 (0.020715) with: {'batch_size': 128, 'lr': 0.01, 'max_epochs': 64, 'module__n_features': 8, 'module__n_neurons': 32, 'module__nonlin': Tanh()}
2024-05-31 17:04:14,835 0.840107 (0.019309) with: {'batch_size': 128, 'lr': 0.01, 'max_epochs': 64, 'module__n_features': 8, 'module__n_neurons': 32, 'module__nonlin': ReLU()}
2024-05-31 17:04:14,835 0.829934 (0.019830) with: {'batch_size': 128, 'lr': 0.01, 'max_epochs': 64, 'module__n_features': 8, 'module__n_neurons': 64, 'module__nonlin': Tanh()}
2024-05-31 17:04:14,835 0.837117 (0.013639) with: {'batch_size': 128, 'lr': 0.01, 'max_epochs': 64, 'module__n_features': 8, 'module__n_neurons': 64, 'module__nonlin': ReLU()}
2024-05-31 17:04:14,835 0.830528 (0.019407) with: {'batch_size': 128, 'lr': 0.01, 'max_epochs': 64, 'module__n_features': 8, 'module__n_neurons': 128, 'module__nonlin': Tanh()}
2024-05-31 17:04:14,835 0.837511 (0.014319) with: {'batch_size': 128, 'lr': 0.01, 'max_epochs': 64, 'module__n_features': 8, 'module__n_neurons': 128, 'module__nonlin': ReLU()}
2024-05-31 17:04:14,835 0.832161 (0.020758) with: {'batch_size': 128, 'lr': 0.01, 'max_epochs': 64, 'module__n_features': 8, 'module__n_neurons': 256, 'module__nonlin': Tanh()}
2024-05-31 17:04:14,835 0.831444 (0.023357) with: {'batch_size': 128, 'lr': 0.01, 'max_epochs': 64, 'module__n_features': 8, 'module__n_neurons': 256, 'module__nonlin': ReLU()}
2024-05-31 17:04:14,835 0.830427 (0.019176) with: {'batch_size': 128, 'lr': 0.01, 'max_epochs': 128, 'module__n_features': 8, 'module__n_neurons': 16, 'module__nonlin': Tanh()}
2024-05-31 17:04:14,835 0.840291 (0.013106) with: {'batch_size': 128, 'lr': 0.01, 'max_epochs': 128, 'module__n_features': 8, 'module__n_neurons': 16, 'module__nonlin': ReLU()}
2024-05-31 17:04:14,835 0.832564 (0.018774) with: {'batch_size': 128, 'lr': 0.01, 'max_epochs': 128, 'module__n_features': 8, 'module__n_neurons': 32, 'module__nonlin': Tanh()}
2024-05-31 17:04:14,835 0.834575 (0.017159) with: {'batch_size': 128, 'lr': 0.01, 'max_epochs': 128, 'module__n_features': 8, 'module__n_neurons': 32, 'module__nonlin': ReLU()}
2024-05-31 17:04:14,835 0.832015 (0.011320) with: {'batch_size': 128, 'lr': 0.01, 'max_epochs': 128, 'module__n_features': 8, 'module__n_neurons': 64, 'module__nonlin': Tanh()}
2024-05-31 17:04:14,835 0.830365 (0.012173) with: {'batch_size': 128, 'lr': 0.01, 'max_epochs': 128, 'module__n_features': 8, 'module__n_neurons': 64, 'module__nonlin': ReLU()}
2024-05-31 17:04:14,835 0.832390 (0.014038) with: {'batch_size': 128, 'lr': 0.01, 'max_epochs': 128, 'module__n_features': 8, 'module__n_neurons': 128, 'module__nonlin': Tanh()}
2024-05-31 17:04:14,835 0.815412 (0.018199) with: {'batch_size': 128, 'lr': 0.01, 'max_epochs': 128, 'module__n_features': 8, 'module__n_neurons': 128, 'module__nonlin': ReLU()}
2024-05-31 17:04:14,835 0.828482 (0.012303) with: {'batch_size': 128, 'lr': 0.01, 'max_epochs': 128, 'module__n_features': 8, 'module__n_neurons': 256, 'module__nonlin': Tanh()}
2024-05-31 17:04:14,835 0.793637 (0.021330) with: {'batch_size': 128, 'lr': 0.01, 'max_epochs': 128, 'module__n_features': 8, 'module__n_neurons': 256, 'module__nonlin': ReLU()}
2024-05-31 17:04:14,835 0.803351 (0.024925) with: {'batch_size': 128, 'lr': 0.02, 'max_epochs': 16, 'module__n_features': 8, 'module__n_neurons': 16, 'module__nonlin': Tanh()}
2024-05-31 17:04:14,835 0.776630 (0.056556) with: {'batch_size': 128, 'lr': 0.02, 'max_epochs': 16, 'module__n_features': 8, 'module__n_neurons': 16, 'module__nonlin': ReLU()}
2024-05-31 17:04:14,835 0.821583 (0.021993) with: {'batch_size': 128, 'lr': 0.02, 'max_epochs': 16, 'module__n_features': 8, 'module__n_neurons': 32, 'module__nonlin': Tanh()}
2024-05-31 17:04:14,835 0.802970 (0.037051) with: {'batch_size': 128, 'lr': 0.02, 'max_epochs': 16, 'module__n_features': 8, 'module__n_neurons': 32, 'module__nonlin': ReLU()}
2024-05-31 17:04:14,835 0.825120 (0.020620) with: {'batch_size': 128, 'lr': 0.02, 'max_epochs': 16, 'module__n_features': 8, 'module__n_neurons': 64, 'module__nonlin': Tanh()}
2024-05-31 17:04:14,835 0.826461 (0.020918) with: {'batch_size': 128, 'lr': 0.02, 'max_epochs': 16, 'module__n_features': 8, 'module__n_neurons': 64, 'module__nonlin': ReLU()}
2024-05-31 17:04:14,835 0.826014 (0.019175) with: {'batch_size': 128, 'lr': 0.02, 'max_epochs': 16, 'module__n_features': 8, 'module__n_neurons': 128, 'module__nonlin': Tanh()}
2024-05-31 17:04:14,835 0.842212 (0.019274) with: {'batch_size': 128, 'lr': 0.02, 'max_epochs': 16, 'module__n_features': 8, 'module__n_neurons': 128, 'module__nonlin': ReLU()}
2024-05-31 17:04:14,835 0.828041 (0.018862) with: {'batch_size': 128, 'lr': 0.02, 'max_epochs': 16, 'module__n_features': 8, 'module__n_neurons': 256, 'module__nonlin': Tanh()}
2024-05-31 17:04:14,835 0.841285 (0.017309) with: {'batch_size': 128, 'lr': 0.02, 'max_epochs': 16, 'module__n_features': 8, 'module__n_neurons': 256, 'module__nonlin': ReLU()}
2024-05-31 17:04:14,835 0.824741 (0.019558) with: {'batch_size': 128, 'lr': 0.02, 'max_epochs': 32, 'module__n_features': 8, 'module__n_neurons': 16, 'module__nonlin': Tanh()}
2024-05-31 17:04:14,835 0.823983 (0.016341) with: {'batch_size': 128, 'lr': 0.02, 'max_epochs': 32, 'module__n_features': 8, 'module__n_neurons': 16, 'module__nonlin': ReLU()}
2024-05-31 17:04:14,835 0.827879 (0.020604) with: {'batch_size': 128, 'lr': 0.02, 'max_epochs': 32, 'module__n_features': 8, 'module__n_neurons': 32, 'module__nonlin': Tanh()}
2024-05-31 17:04:14,835 0.833697 (0.018263) with: {'batch_size': 128, 'lr': 0.02, 'max_epochs': 32, 'module__n_features': 8, 'module__n_neurons': 32, 'module__nonlin': ReLU()}
2024-05-31 17:04:14,835 0.828288 (0.020393) with: {'batch_size': 128, 'lr': 0.02, 'max_epochs': 32, 'module__n_features': 8, 'module__n_neurons': 64, 'module__nonlin': Tanh()}
2024-05-31 17:04:14,835 0.841230 (0.016125) with: {'batch_size': 128, 'lr': 0.02, 'max_epochs': 32, 'module__n_features': 8, 'module__n_neurons': 64, 'module__nonlin': ReLU()}
2024-05-31 17:04:14,835 0.829224 (0.020984) with: {'batch_size': 128, 'lr': 0.02, 'max_epochs': 32, 'module__n_features': 8, 'module__n_neurons': 128, 'module__nonlin': Tanh()}
2024-05-31 17:04:14,835 0.840538 (0.014803) with: {'batch_size': 128, 'lr': 0.02, 'max_epochs': 32, 'module__n_features': 8, 'module__n_neurons': 128, 'module__nonlin': ReLU()}
2024-05-31 17:04:14,835 0.836291 (0.017131) with: {'batch_size': 128, 'lr': 0.02, 'max_epochs': 32, 'module__n_features': 8, 'module__n_neurons': 256, 'module__nonlin': Tanh()}
2024-05-31 17:04:14,835 0.838610 (0.016511) with: {'batch_size': 128, 'lr': 0.02, 'max_epochs': 32, 'module__n_features': 8, 'module__n_neurons': 256, 'module__nonlin': ReLU()}
2024-05-31 17:04:14,835 0.828169 (0.019974) with: {'batch_size': 128, 'lr': 0.02, 'max_epochs': 64, 'module__n_features': 8, 'module__n_neurons': 16, 'module__nonlin': Tanh()}
2024-05-31 17:04:14,835 0.841092 (0.017166) with: {'batch_size': 128, 'lr': 0.02, 'max_epochs': 64, 'module__n_features': 8, 'module__n_neurons': 16, 'module__nonlin': ReLU()}
2024-05-31 17:04:14,835 0.831064 (0.019764) with: {'batch_size': 128, 'lr': 0.02, 'max_epochs': 64, 'module__n_features': 8, 'module__n_neurons': 32, 'module__nonlin': Tanh()}
2024-05-31 17:04:14,835 0.839239 (0.017819) with: {'batch_size': 128, 'lr': 0.02, 'max_epochs': 64, 'module__n_features': 8, 'module__n_neurons': 32, 'module__nonlin': ReLU()}
2024-05-31 17:04:14,835 0.834459 (0.015645) with: {'batch_size': 128, 'lr': 0.02, 'max_epochs': 64, 'module__n_features': 8, 'module__n_neurons': 64, 'module__nonlin': Tanh()}
2024-05-31 17:04:14,835 0.829210 (0.024362) with: {'batch_size': 128, 'lr': 0.02, 'max_epochs': 64, 'module__n_features': 8, 'module__n_neurons': 64, 'module__nonlin': ReLU()}
2024-05-31 17:04:14,835 0.835913 (0.020282) with: {'batch_size': 128, 'lr': 0.02, 'max_epochs': 64, 'module__n_features': 8, 'module__n_neurons': 128, 'module__nonlin': Tanh()}
2024-05-31 17:04:14,835 0.826652 (0.016244) with: {'batch_size': 128, 'lr': 0.02, 'max_epochs': 64, 'module__n_features': 8, 'module__n_neurons': 128, 'module__nonlin': ReLU()}
2024-05-31 17:04:14,836 0.831043 (0.017895) with: {'batch_size': 128, 'lr': 0.02, 'max_epochs': 64, 'module__n_features': 8, 'module__n_neurons': 256, 'module__nonlin': Tanh()}
2024-05-31 17:04:14,836 0.813620 (0.032308) with: {'batch_size': 128, 'lr': 0.02, 'max_epochs': 64, 'module__n_features': 8, 'module__n_neurons': 256, 'module__nonlin': ReLU()}
2024-05-31 17:04:14,836 0.834915 (0.019753) with: {'batch_size': 128, 'lr': 0.02, 'max_epochs': 128, 'module__n_features': 8, 'module__n_neurons': 16, 'module__nonlin': Tanh()}
2024-05-31 17:04:14,836 0.839998 (0.022226) with: {'batch_size': 128, 'lr': 0.02, 'max_epochs': 128, 'module__n_features': 8, 'module__n_neurons': 16, 'module__nonlin': ReLU()}
2024-05-31 17:04:14,836 0.830404 (0.012912) with: {'batch_size': 128, 'lr': 0.02, 'max_epochs': 128, 'module__n_features': 8, 'module__n_neurons': 32, 'module__nonlin': Tanh()}
2024-05-31 17:04:14,836 0.829832 (0.020967) with: {'batch_size': 128, 'lr': 0.02, 'max_epochs': 128, 'module__n_features': 8, 'module__n_neurons': 32, 'module__nonlin': ReLU()}
2024-05-31 17:04:14,836 0.819617 (0.023504) with: {'batch_size': 128, 'lr': 0.02, 'max_epochs': 128, 'module__n_features': 8, 'module__n_neurons': 64, 'module__nonlin': Tanh()}
2024-05-31 17:04:14,836 0.806941 (0.019719) with: {'batch_size': 128, 'lr': 0.02, 'max_epochs': 128, 'module__n_features': 8, 'module__n_neurons': 64, 'module__nonlin': ReLU()}
2024-05-31 17:04:14,836 0.822152 (0.019923) with: {'batch_size': 128, 'lr': 0.02, 'max_epochs': 128, 'module__n_features': 8, 'module__n_neurons': 128, 'module__nonlin': Tanh()}
2024-05-31 17:04:14,836 0.797211 (0.014737) with: {'batch_size': 128, 'lr': 0.02, 'max_epochs': 128, 'module__n_features': 8, 'module__n_neurons': 128, 'module__nonlin': ReLU()}
2024-05-31 17:04:14,836 0.820074 (0.024299) with: {'batch_size': 128, 'lr': 0.02, 'max_epochs': 128, 'module__n_features': 8, 'module__n_neurons': 256, 'module__nonlin': Tanh()}
2024-05-31 17:04:14,836 0.788353 (0.018856) with: {'batch_size': 128, 'lr': 0.02, 'max_epochs': 128, 'module__n_features': 8, 'module__n_neurons': 256, 'module__nonlin': ReLU()}
