2024-05-30 09:37:27,988 Best: 0.802750 using {'batch_size': 16, 'lr': 0.001, 'max_epochs': 128, 'module__n_features': 37, 'module__n_neurons': 256, 'module__nonlin': Tanh()}
2024-05-30 09:37:27,988 Best estimator configuration: 
 <class 'skorch.classifier.NeuralNetClassifier'>[initialized](
  module_=Module1Layer(
    (dense0): Linear(in_features=37, out_features=256, bias=True)
    (act): Tanh()
    (output): Linear(in_features=256, out_features=1, bias=True)
    (sigmoid): Sigmoid()
  ),
)
2024-05-30 09:37:27,988 0.797372 (0.010561) with: {'batch_size': 16, 'lr': 0.001, 'max_epochs': 16, 'module__n_features': 37, 'module__n_neurons': 16, 'module__nonlin': Tanh()}
2024-05-30 09:37:27,988 0.796787 (0.010189) with: {'batch_size': 16, 'lr': 0.001, 'max_epochs': 16, 'module__n_features': 37, 'module__n_neurons': 16, 'module__nonlin': ReLU()}
2024-05-30 09:37:27,988 0.798413 (0.010331) with: {'batch_size': 16, 'lr': 0.001, 'max_epochs': 16, 'module__n_features': 37, 'module__n_neurons': 32, 'module__nonlin': Tanh()}
2024-05-30 09:37:27,988 0.798298 (0.009504) with: {'batch_size': 16, 'lr': 0.001, 'max_epochs': 16, 'module__n_features': 37, 'module__n_neurons': 32, 'module__nonlin': ReLU()}
2024-05-30 09:37:27,988 0.799486 (0.009718) with: {'batch_size': 16, 'lr': 0.001, 'max_epochs': 16, 'module__n_features': 37, 'module__n_neurons': 64, 'module__nonlin': Tanh()}
2024-05-30 09:37:27,988 0.799459 (0.010014) with: {'batch_size': 16, 'lr': 0.001, 'max_epochs': 16, 'module__n_features': 37, 'module__n_neurons': 64, 'module__nonlin': ReLU()}
2024-05-30 09:37:27,988 0.800201 (0.010060) with: {'batch_size': 16, 'lr': 0.001, 'max_epochs': 16, 'module__n_features': 37, 'module__n_neurons': 128, 'module__nonlin': Tanh()}
2024-05-30 09:37:27,988 0.800581 (0.010074) with: {'batch_size': 16, 'lr': 0.001, 'max_epochs': 16, 'module__n_features': 37, 'module__n_neurons': 128, 'module__nonlin': ReLU()}
2024-05-30 09:37:27,988 0.800971 (0.009928) with: {'batch_size': 16, 'lr': 0.001, 'max_epochs': 16, 'module__n_features': 37, 'module__n_neurons': 256, 'module__nonlin': Tanh()}
2024-05-30 09:37:27,989 0.801642 (0.010231) with: {'batch_size': 16, 'lr': 0.001, 'max_epochs': 16, 'module__n_features': 37, 'module__n_neurons': 256, 'module__nonlin': ReLU()}
2024-05-30 09:37:27,989 0.799881 (0.009644) with: {'batch_size': 16, 'lr': 0.001, 'max_epochs': 32, 'module__n_features': 37, 'module__n_neurons': 16, 'module__nonlin': Tanh()}
2024-05-30 09:37:27,989 0.799522 (0.010089) with: {'batch_size': 16, 'lr': 0.001, 'max_epochs': 32, 'module__n_features': 37, 'module__n_neurons': 16, 'module__nonlin': ReLU()}
2024-05-30 09:37:27,989 0.800651 (0.009735) with: {'batch_size': 16, 'lr': 0.001, 'max_epochs': 32, 'module__n_features': 37, 'module__n_neurons': 32, 'module__nonlin': Tanh()}
2024-05-30 09:37:27,989 0.800458 (0.009805) with: {'batch_size': 16, 'lr': 0.001, 'max_epochs': 32, 'module__n_features': 37, 'module__n_neurons': 32, 'module__nonlin': ReLU()}
2024-05-30 09:37:27,989 0.801143 (0.009692) with: {'batch_size': 16, 'lr': 0.001, 'max_epochs': 32, 'module__n_features': 37, 'module__n_neurons': 64, 'module__nonlin': Tanh()}
2024-05-30 09:37:27,989 0.801768 (0.009901) with: {'batch_size': 16, 'lr': 0.001, 'max_epochs': 32, 'module__n_features': 37, 'module__n_neurons': 64, 'module__nonlin': ReLU()}
2024-05-30 09:37:27,989 0.801575 (0.009969) with: {'batch_size': 16, 'lr': 0.001, 'max_epochs': 32, 'module__n_features': 37, 'module__n_neurons': 128, 'module__nonlin': Tanh()}
2024-05-30 09:37:27,989 0.801956 (0.010037) with: {'batch_size': 16, 'lr': 0.001, 'max_epochs': 32, 'module__n_features': 37, 'module__n_neurons': 128, 'module__nonlin': ReLU()}
2024-05-30 09:37:27,989 0.801964 (0.010032) with: {'batch_size': 16, 'lr': 0.001, 'max_epochs': 32, 'module__n_features': 37, 'module__n_neurons': 256, 'module__nonlin': Tanh()}
2024-05-30 09:37:27,989 0.802584 (0.010298) with: {'batch_size': 16, 'lr': 0.001, 'max_epochs': 32, 'module__n_features': 37, 'module__n_neurons': 256, 'module__nonlin': ReLU()}
2024-05-30 09:37:27,993 0.801431 (0.009732) with: {'batch_size': 16, 'lr': 0.001, 'max_epochs': 64, 'module__n_features': 37, 'module__n_neurons': 16, 'module__nonlin': Tanh()}
2024-05-30 09:37:27,993 0.801090 (0.009559) with: {'batch_size': 16, 'lr': 0.001, 'max_epochs': 64, 'module__n_features': 37, 'module__n_neurons': 16, 'module__nonlin': ReLU()}
2024-05-30 09:37:27,993 0.801641 (0.009795) with: {'batch_size': 16, 'lr': 0.001, 'max_epochs': 64, 'module__n_features': 37, 'module__n_neurons': 32, 'module__nonlin': Tanh()}
2024-05-30 09:37:27,993 0.801882 (0.009767) with: {'batch_size': 16, 'lr': 0.001, 'max_epochs': 64, 'module__n_features': 37, 'module__n_neurons': 32, 'module__nonlin': ReLU()}
2024-05-30 09:37:27,993 0.801889 (0.009984) with: {'batch_size': 16, 'lr': 0.001, 'max_epochs': 64, 'module__n_features': 37, 'module__n_neurons': 64, 'module__nonlin': Tanh()}
2024-05-30 09:37:27,993 0.802133 (0.010243) with: {'batch_size': 16, 'lr': 0.001, 'max_epochs': 64, 'module__n_features': 37, 'module__n_neurons': 64, 'module__nonlin': ReLU()}
2024-05-30 09:37:27,993 0.802308 (0.009955) with: {'batch_size': 16, 'lr': 0.001, 'max_epochs': 64, 'module__n_features': 37, 'module__n_neurons': 128, 'module__nonlin': Tanh()}
2024-05-30 09:37:27,993 0.802326 (0.010290) with: {'batch_size': 16, 'lr': 0.001, 'max_epochs': 64, 'module__n_features': 37, 'module__n_neurons': 128, 'module__nonlin': ReLU()}
2024-05-30 09:37:27,993 0.802443 (0.009977) with: {'batch_size': 16, 'lr': 0.001, 'max_epochs': 64, 'module__n_features': 37, 'module__n_neurons': 256, 'module__nonlin': Tanh()}
2024-05-30 09:37:27,993 0.801140 (0.010702) with: {'batch_size': 16, 'lr': 0.001, 'max_epochs': 64, 'module__n_features': 37, 'module__n_neurons': 256, 'module__nonlin': ReLU()}
2024-05-30 09:37:27,993 0.802256 (0.010008) with: {'batch_size': 16, 'lr': 0.001, 'max_epochs': 128, 'module__n_features': 37, 'module__n_neurons': 16, 'module__nonlin': Tanh()}
2024-05-30 09:37:27,994 0.801494 (0.009867) with: {'batch_size': 16, 'lr': 0.001, 'max_epochs': 128, 'module__n_features': 37, 'module__n_neurons': 16, 'module__nonlin': ReLU()}
2024-05-30 09:37:27,994 0.802421 (0.010079) with: {'batch_size': 16, 'lr': 0.001, 'max_epochs': 128, 'module__n_features': 37, 'module__n_neurons': 32, 'module__nonlin': Tanh()}
2024-05-30 09:37:27,994 0.801805 (0.010163) with: {'batch_size': 16, 'lr': 0.001, 'max_epochs': 128, 'module__n_features': 37, 'module__n_neurons': 32, 'module__nonlin': ReLU()}
2024-05-30 09:37:27,994 0.802513 (0.009963) with: {'batch_size': 16, 'lr': 0.001, 'max_epochs': 128, 'module__n_features': 37, 'module__n_neurons': 64, 'module__nonlin': Tanh()}
2024-05-30 09:37:27,994 0.802530 (0.010971) with: {'batch_size': 16, 'lr': 0.001, 'max_epochs': 128, 'module__n_features': 37, 'module__n_neurons': 64, 'module__nonlin': ReLU()}
2024-05-30 09:37:27,994 0.802629 (0.010042) with: {'batch_size': 16, 'lr': 0.001, 'max_epochs': 128, 'module__n_features': 37, 'module__n_neurons': 128, 'module__nonlin': Tanh()}
2024-05-30 09:37:27,994 0.800029 (0.010813) with: {'batch_size': 16, 'lr': 0.001, 'max_epochs': 128, 'module__n_features': 37, 'module__n_neurons': 128, 'module__nonlin': ReLU()}
2024-05-30 09:37:27,994 0.802750 (0.010026) with: {'batch_size': 16, 'lr': 0.001, 'max_epochs': 128, 'module__n_features': 37, 'module__n_neurons': 256, 'module__nonlin': Tanh()}
2024-05-30 09:37:27,994 0.797951 (0.012149) with: {'batch_size': 16, 'lr': 0.001, 'max_epochs': 128, 'module__n_features': 37, 'module__n_neurons': 256, 'module__nonlin': ReLU()}
2024-05-30 09:37:27,994 0.801875 (0.010469) with: {'batch_size': 16, 'lr': 0.01, 'max_epochs': 16, 'module__n_features': 37, 'module__n_neurons': 16, 'module__nonlin': Tanh()}
2024-05-30 09:37:27,994 0.801702 (0.010411) with: {'batch_size': 16, 'lr': 0.01, 'max_epochs': 16, 'module__n_features': 37, 'module__n_neurons': 16, 'module__nonlin': ReLU()}
2024-05-30 09:37:27,994 0.801899 (0.010383) with: {'batch_size': 16, 'lr': 0.01, 'max_epochs': 16, 'module__n_features': 37, 'module__n_neurons': 32, 'module__nonlin': Tanh()}
2024-05-30 09:37:27,994 0.801113 (0.010761) with: {'batch_size': 16, 'lr': 0.01, 'max_epochs': 16, 'module__n_features': 37, 'module__n_neurons': 32, 'module__nonlin': ReLU()}
2024-05-30 09:37:27,994 0.802008 (0.010213) with: {'batch_size': 16, 'lr': 0.01, 'max_epochs': 16, 'module__n_features': 37, 'module__n_neurons': 64, 'module__nonlin': Tanh()}
2024-05-30 09:37:27,994 0.801532 (0.011078) with: {'batch_size': 16, 'lr': 0.01, 'max_epochs': 16, 'module__n_features': 37, 'module__n_neurons': 64, 'module__nonlin': ReLU()}
2024-05-30 09:37:27,994 0.801345 (0.010142) with: {'batch_size': 16, 'lr': 0.01, 'max_epochs': 16, 'module__n_features': 37, 'module__n_neurons': 128, 'module__nonlin': Tanh()}
2024-05-30 09:37:27,994 0.801264 (0.010983) with: {'batch_size': 16, 'lr': 0.01, 'max_epochs': 16, 'module__n_features': 37, 'module__n_neurons': 128, 'module__nonlin': ReLU()}
2024-05-30 09:37:27,994 0.800677 (0.010403) with: {'batch_size': 16, 'lr': 0.01, 'max_epochs': 16, 'module__n_features': 37, 'module__n_neurons': 256, 'module__nonlin': Tanh()}
2024-05-30 09:37:27,994 0.799406 (0.011895) with: {'batch_size': 16, 'lr': 0.01, 'max_epochs': 16, 'module__n_features': 37, 'module__n_neurons': 256, 'module__nonlin': ReLU()}
2024-05-30 09:37:27,994 0.802345 (0.010658) with: {'batch_size': 16, 'lr': 0.01, 'max_epochs': 32, 'module__n_features': 37, 'module__n_neurons': 16, 'module__nonlin': Tanh()}
2024-05-30 09:37:27,994 0.801091 (0.010464) with: {'batch_size': 16, 'lr': 0.01, 'max_epochs': 32, 'module__n_features': 37, 'module__n_neurons': 16, 'module__nonlin': ReLU()}
2024-05-30 09:37:27,994 0.802291 (0.010665) with: {'batch_size': 16, 'lr': 0.01, 'max_epochs': 32, 'module__n_features': 37, 'module__n_neurons': 32, 'module__nonlin': Tanh()}
2024-05-30 09:37:27,994 0.800015 (0.011021) with: {'batch_size': 16, 'lr': 0.01, 'max_epochs': 32, 'module__n_features': 37, 'module__n_neurons': 32, 'module__nonlin': ReLU()}
2024-05-30 09:37:27,994 0.802265 (0.010456) with: {'batch_size': 16, 'lr': 0.01, 'max_epochs': 32, 'module__n_features': 37, 'module__n_neurons': 64, 'module__nonlin': Tanh()}
2024-05-30 09:37:27,994 0.797816 (0.012167) with: {'batch_size': 16, 'lr': 0.01, 'max_epochs': 32, 'module__n_features': 37, 'module__n_neurons': 64, 'module__nonlin': ReLU()}
2024-05-30 09:37:27,994 0.801347 (0.011309) with: {'batch_size': 16, 'lr': 0.01, 'max_epochs': 32, 'module__n_features': 37, 'module__n_neurons': 128, 'module__nonlin': Tanh()}
2024-05-30 09:37:27,994 0.795976 (0.013211) with: {'batch_size': 16, 'lr': 0.01, 'max_epochs': 32, 'module__n_features': 37, 'module__n_neurons': 128, 'module__nonlin': ReLU()}
2024-05-30 09:37:27,994 0.800437 (0.011160) with: {'batch_size': 16, 'lr': 0.01, 'max_epochs': 32, 'module__n_features': 37, 'module__n_neurons': 256, 'module__nonlin': Tanh()}
2024-05-30 09:37:27,994 0.791740 (0.012342) with: {'batch_size': 16, 'lr': 0.01, 'max_epochs': 32, 'module__n_features': 37, 'module__n_neurons': 256, 'module__nonlin': ReLU()}
2024-05-30 09:37:27,994 0.801399 (0.011344) with: {'batch_size': 16, 'lr': 0.01, 'max_epochs': 64, 'module__n_features': 37, 'module__n_neurons': 16, 'module__nonlin': Tanh()}
2024-05-30 09:37:27,994 0.797758 (0.012113) with: {'batch_size': 16, 'lr': 0.01, 'max_epochs': 64, 'module__n_features': 37, 'module__n_neurons': 16, 'module__nonlin': ReLU()}
2024-05-30 09:37:27,994 0.801776 (0.011267) with: {'batch_size': 16, 'lr': 0.01, 'max_epochs': 64, 'module__n_features': 37, 'module__n_neurons': 32, 'module__nonlin': Tanh()}
2024-05-30 09:37:27,994 0.796103 (0.012490) with: {'batch_size': 16, 'lr': 0.01, 'max_epochs': 64, 'module__n_features': 37, 'module__n_neurons': 32, 'module__nonlin': ReLU()}
2024-05-30 09:37:27,994 0.801344 (0.010943) with: {'batch_size': 16, 'lr': 0.01, 'max_epochs': 64, 'module__n_features': 37, 'module__n_neurons': 64, 'module__nonlin': Tanh()}
2024-05-30 09:37:27,994 0.791225 (0.011995) with: {'batch_size': 16, 'lr': 0.01, 'max_epochs': 64, 'module__n_features': 37, 'module__n_neurons': 64, 'module__nonlin': ReLU()}
2024-05-30 09:37:27,994 0.800551 (0.011364) with: {'batch_size': 16, 'lr': 0.01, 'max_epochs': 64, 'module__n_features': 37, 'module__n_neurons': 128, 'module__nonlin': Tanh()}
2024-05-30 09:37:27,994 0.784035 (0.012235) with: {'batch_size': 16, 'lr': 0.01, 'max_epochs': 64, 'module__n_features': 37, 'module__n_neurons': 128, 'module__nonlin': ReLU()}
2024-05-30 09:37:27,994 0.798636 (0.012640) with: {'batch_size': 16, 'lr': 0.01, 'max_epochs': 64, 'module__n_features': 37, 'module__n_neurons': 256, 'module__nonlin': Tanh()}
2024-05-30 09:37:27,994 0.777808 (0.016560) with: {'batch_size': 16, 'lr': 0.01, 'max_epochs': 64, 'module__n_features': 37, 'module__n_neurons': 256, 'module__nonlin': ReLU()}
2024-05-30 09:37:27,994 0.798227 (0.010881) with: {'batch_size': 16, 'lr': 0.01, 'max_epochs': 128, 'module__n_features': 37, 'module__n_neurons': 16, 'module__nonlin': Tanh()}
2024-05-30 09:37:27,994 0.794425 (0.009720) with: {'batch_size': 16, 'lr': 0.01, 'max_epochs': 128, 'module__n_features': 37, 'module__n_neurons': 16, 'module__nonlin': ReLU()}
2024-05-30 09:37:27,994 0.797176 (0.009688) with: {'batch_size': 16, 'lr': 0.01, 'max_epochs': 128, 'module__n_features': 37, 'module__n_neurons': 32, 'module__nonlin': Tanh()}
2024-05-30 09:37:27,994 0.788503 (0.011606) with: {'batch_size': 16, 'lr': 0.01, 'max_epochs': 128, 'module__n_features': 37, 'module__n_neurons': 32, 'module__nonlin': ReLU()}
2024-05-30 09:37:27,994 0.798883 (0.011384) with: {'batch_size': 16, 'lr': 0.01, 'max_epochs': 128, 'module__n_features': 37, 'module__n_neurons': 64, 'module__nonlin': Tanh()}
2024-05-30 09:37:27,994 0.779517 (0.014219) with: {'batch_size': 16, 'lr': 0.01, 'max_epochs': 128, 'module__n_features': 37, 'module__n_neurons': 64, 'module__nonlin': ReLU()}
2024-05-30 09:37:27,994 0.796543 (0.011197) with: {'batch_size': 16, 'lr': 0.01, 'max_epochs': 128, 'module__n_features': 37, 'module__n_neurons': 128, 'module__nonlin': Tanh()}
2024-05-30 09:37:27,994 0.763333 (0.012141) with: {'batch_size': 16, 'lr': 0.01, 'max_epochs': 128, 'module__n_features': 37, 'module__n_neurons': 128, 'module__nonlin': ReLU()}
2024-05-30 09:37:27,994 0.795930 (0.013821) with: {'batch_size': 16, 'lr': 0.01, 'max_epochs': 128, 'module__n_features': 37, 'module__n_neurons': 256, 'module__nonlin': Tanh()}
2024-05-30 09:37:27,994 0.750168 (0.011943) with: {'batch_size': 16, 'lr': 0.01, 'max_epochs': 128, 'module__n_features': 37, 'module__n_neurons': 256, 'module__nonlin': ReLU()}
2024-05-30 09:37:27,995 0.801639 (0.010916) with: {'batch_size': 16, 'lr': 0.02, 'max_epochs': 16, 'module__n_features': 37, 'module__n_neurons': 16, 'module__nonlin': Tanh()}
2024-05-30 09:37:27,995 0.800666 (0.010944) with: {'batch_size': 16, 'lr': 0.02, 'max_epochs': 16, 'module__n_features': 37, 'module__n_neurons': 16, 'module__nonlin': ReLU()}
2024-05-30 09:37:27,995 0.801259 (0.010650) with: {'batch_size': 16, 'lr': 0.02, 'max_epochs': 16, 'module__n_features': 37, 'module__n_neurons': 32, 'module__nonlin': Tanh()}
2024-05-30 09:37:27,995 0.800443 (0.010955) with: {'batch_size': 16, 'lr': 0.02, 'max_epochs': 16, 'module__n_features': 37, 'module__n_neurons': 32, 'module__nonlin': ReLU()}
2024-05-30 09:37:27,995 0.800529 (0.010985) with: {'batch_size': 16, 'lr': 0.02, 'max_epochs': 16, 'module__n_features': 37, 'module__n_neurons': 64, 'module__nonlin': Tanh()}
2024-05-30 09:37:27,995 0.799813 (0.012245) with: {'batch_size': 16, 'lr': 0.02, 'max_epochs': 16, 'module__n_features': 37, 'module__n_neurons': 64, 'module__nonlin': ReLU()}
2024-05-30 09:37:27,995 0.799236 (0.011350) with: {'batch_size': 16, 'lr': 0.02, 'max_epochs': 16, 'module__n_features': 37, 'module__n_neurons': 128, 'module__nonlin': Tanh()}
2024-05-30 09:37:27,995 0.799812 (0.010805) with: {'batch_size': 16, 'lr': 0.02, 'max_epochs': 16, 'module__n_features': 37, 'module__n_neurons': 128, 'module__nonlin': ReLU()}
2024-05-30 09:37:27,995 0.798866 (0.011383) with: {'batch_size': 16, 'lr': 0.02, 'max_epochs': 16, 'module__n_features': 37, 'module__n_neurons': 256, 'module__nonlin': Tanh()}
2024-05-30 09:37:27,995 0.797365 (0.012564) with: {'batch_size': 16, 'lr': 0.02, 'max_epochs': 16, 'module__n_features': 37, 'module__n_neurons': 256, 'module__nonlin': ReLU()}
2024-05-30 09:37:27,995 0.801681 (0.011262) with: {'batch_size': 16, 'lr': 0.02, 'max_epochs': 32, 'module__n_features': 37, 'module__n_neurons': 16, 'module__nonlin': Tanh()}
2024-05-30 09:37:27,995 0.800619 (0.011407) with: {'batch_size': 16, 'lr': 0.02, 'max_epochs': 32, 'module__n_features': 37, 'module__n_neurons': 16, 'module__nonlin': ReLU()}
2024-05-30 09:37:27,995 0.801656 (0.010330) with: {'batch_size': 16, 'lr': 0.02, 'max_epochs': 32, 'module__n_features': 37, 'module__n_neurons': 32, 'module__nonlin': Tanh()}
2024-05-30 09:37:27,995 0.798120 (0.013498) with: {'batch_size': 16, 'lr': 0.02, 'max_epochs': 32, 'module__n_features': 37, 'module__n_neurons': 32, 'module__nonlin': ReLU()}
2024-05-30 09:37:27,995 0.800316 (0.011189) with: {'batch_size': 16, 'lr': 0.02, 'max_epochs': 32, 'module__n_features': 37, 'module__n_neurons': 64, 'module__nonlin': Tanh()}
2024-05-30 09:37:27,995 0.795550 (0.011684) with: {'batch_size': 16, 'lr': 0.02, 'max_epochs': 32, 'module__n_features': 37, 'module__n_neurons': 64, 'module__nonlin': ReLU()}
2024-05-30 09:37:27,995 0.799548 (0.011675) with: {'batch_size': 16, 'lr': 0.02, 'max_epochs': 32, 'module__n_features': 37, 'module__n_neurons': 128, 'module__nonlin': Tanh()}
2024-05-30 09:37:27,995 0.792851 (0.011362) with: {'batch_size': 16, 'lr': 0.02, 'max_epochs': 32, 'module__n_features': 37, 'module__n_neurons': 128, 'module__nonlin': ReLU()}
2024-05-30 09:37:27,995 0.797847 (0.012470) with: {'batch_size': 16, 'lr': 0.02, 'max_epochs': 32, 'module__n_features': 37, 'module__n_neurons': 256, 'module__nonlin': Tanh()}
2024-05-30 09:37:27,995 0.789852 (0.010716) with: {'batch_size': 16, 'lr': 0.02, 'max_epochs': 32, 'module__n_features': 37, 'module__n_neurons': 256, 'module__nonlin': ReLU()}
2024-05-30 09:37:27,995 0.799979 (0.010840) with: {'batch_size': 16, 'lr': 0.02, 'max_epochs': 64, 'module__n_features': 37, 'module__n_neurons': 16, 'module__nonlin': Tanh()}
2024-05-30 09:37:27,995 0.797174 (0.011025) with: {'batch_size': 16, 'lr': 0.02, 'max_epochs': 64, 'module__n_features': 37, 'module__n_neurons': 16, 'module__nonlin': ReLU()}
2024-05-30 09:37:27,995 0.798754 (0.011741) with: {'batch_size': 16, 'lr': 0.02, 'max_epochs': 64, 'module__n_features': 37, 'module__n_neurons': 32, 'module__nonlin': Tanh()}
2024-05-30 09:37:27,995 0.788803 (0.009790) with: {'batch_size': 16, 'lr': 0.02, 'max_epochs': 64, 'module__n_features': 37, 'module__n_neurons': 32, 'module__nonlin': ReLU()}
2024-05-30 09:37:27,995 0.796810 (0.012275) with: {'batch_size': 16, 'lr': 0.02, 'max_epochs': 64, 'module__n_features': 37, 'module__n_neurons': 64, 'module__nonlin': Tanh()}
2024-05-30 09:37:27,995 0.789742 (0.012434) with: {'batch_size': 16, 'lr': 0.02, 'max_epochs': 64, 'module__n_features': 37, 'module__n_neurons': 64, 'module__nonlin': ReLU()}
2024-05-30 09:37:27,995 0.796498 (0.012916) with: {'batch_size': 16, 'lr': 0.02, 'max_epochs': 64, 'module__n_features': 37, 'module__n_neurons': 128, 'module__nonlin': Tanh()}
2024-05-30 09:37:27,995 0.780632 (0.011238) with: {'batch_size': 16, 'lr': 0.02, 'max_epochs': 64, 'module__n_features': 37, 'module__n_neurons': 128, 'module__nonlin': ReLU()}
2024-05-30 09:37:27,995 0.795479 (0.011916) with: {'batch_size': 16, 'lr': 0.02, 'max_epochs': 64, 'module__n_features': 37, 'module__n_neurons': 256, 'module__nonlin': Tanh()}
2024-05-30 09:37:27,995 0.770325 (0.013978) with: {'batch_size': 16, 'lr': 0.02, 'max_epochs': 64, 'module__n_features': 37, 'module__n_neurons': 256, 'module__nonlin': ReLU()}
2024-05-30 09:37:27,995 0.788014 (0.015811) with: {'batch_size': 16, 'lr': 0.02, 'max_epochs': 128, 'module__n_features': 37, 'module__n_neurons': 16, 'module__nonlin': Tanh()}
2024-05-30 09:37:27,995 0.792623 (0.013071) with: {'batch_size': 16, 'lr': 0.02, 'max_epochs': 128, 'module__n_features': 37, 'module__n_neurons': 16, 'module__nonlin': ReLU()}
2024-05-30 09:37:27,995 0.791988 (0.011984) with: {'batch_size': 16, 'lr': 0.02, 'max_epochs': 128, 'module__n_features': 37, 'module__n_neurons': 32, 'module__nonlin': Tanh()}
2024-05-30 09:37:27,995 0.783973 (0.012305) with: {'batch_size': 16, 'lr': 0.02, 'max_epochs': 128, 'module__n_features': 37, 'module__n_neurons': 32, 'module__nonlin': ReLU()}
2024-05-30 09:37:27,995 0.791480 (0.015107) with: {'batch_size': 16, 'lr': 0.02, 'max_epochs': 128, 'module__n_features': 37, 'module__n_neurons': 64, 'module__nonlin': Tanh()}
2024-05-30 09:37:27,995 0.768678 (0.009224) with: {'batch_size': 16, 'lr': 0.02, 'max_epochs': 128, 'module__n_features': 37, 'module__n_neurons': 64, 'module__nonlin': ReLU()}
2024-05-30 09:37:27,995 0.788891 (0.013032) with: {'batch_size': 16, 'lr': 0.02, 'max_epochs': 128, 'module__n_features': 37, 'module__n_neurons': 128, 'module__nonlin': Tanh()}
2024-05-30 09:37:27,995 0.754164 (0.017560) with: {'batch_size': 16, 'lr': 0.02, 'max_epochs': 128, 'module__n_features': 37, 'module__n_neurons': 128, 'module__nonlin': ReLU()}
2024-05-30 09:37:27,995 0.785096 (0.014659) with: {'batch_size': 16, 'lr': 0.02, 'max_epochs': 128, 'module__n_features': 37, 'module__n_neurons': 256, 'module__nonlin': Tanh()}
2024-05-30 09:37:27,995 0.744418 (0.013965) with: {'batch_size': 16, 'lr': 0.02, 'max_epochs': 128, 'module__n_features': 37, 'module__n_neurons': 256, 'module__nonlin': ReLU()}
2024-05-30 09:37:27,995 0.795558 (0.010552) with: {'batch_size': 32, 'lr': 0.001, 'max_epochs': 16, 'module__n_features': 37, 'module__n_neurons': 16, 'module__nonlin': Tanh()}
2024-05-30 09:37:27,995 0.793453 (0.010941) with: {'batch_size': 32, 'lr': 0.001, 'max_epochs': 16, 'module__n_features': 37, 'module__n_neurons': 16, 'module__nonlin': ReLU()}
2024-05-30 09:37:27,995 0.796964 (0.009820) with: {'batch_size': 32, 'lr': 0.001, 'max_epochs': 16, 'module__n_features': 37, 'module__n_neurons': 32, 'module__nonlin': Tanh()}
2024-05-30 09:37:27,995 0.796365 (0.010603) with: {'batch_size': 32, 'lr': 0.001, 'max_epochs': 16, 'module__n_features': 37, 'module__n_neurons': 32, 'module__nonlin': ReLU()}
2024-05-30 09:37:27,995 0.798231 (0.009953) with: {'batch_size': 32, 'lr': 0.001, 'max_epochs': 16, 'module__n_features': 37, 'module__n_neurons': 64, 'module__nonlin': Tanh()}
2024-05-30 09:37:27,995 0.797654 (0.010260) with: {'batch_size': 32, 'lr': 0.001, 'max_epochs': 16, 'module__n_features': 37, 'module__n_neurons': 64, 'module__nonlin': ReLU()}
2024-05-30 09:37:27,995 0.799058 (0.010137) with: {'batch_size': 32, 'lr': 0.001, 'max_epochs': 16, 'module__n_features': 37, 'module__n_neurons': 128, 'module__nonlin': Tanh()}
2024-05-30 09:37:27,995 0.799516 (0.010187) with: {'batch_size': 32, 'lr': 0.001, 'max_epochs': 16, 'module__n_features': 37, 'module__n_neurons': 128, 'module__nonlin': ReLU()}
2024-05-30 09:37:27,995 0.800084 (0.009974) with: {'batch_size': 32, 'lr': 0.001, 'max_epochs': 16, 'module__n_features': 37, 'module__n_neurons': 256, 'module__nonlin': Tanh()}
2024-05-30 09:37:27,995 0.800494 (0.010137) with: {'batch_size': 32, 'lr': 0.001, 'max_epochs': 16, 'module__n_features': 37, 'module__n_neurons': 256, 'module__nonlin': ReLU()}
2024-05-30 09:37:27,996 0.798483 (0.010011) with: {'batch_size': 32, 'lr': 0.001, 'max_epochs': 32, 'module__n_features': 37, 'module__n_neurons': 16, 'module__nonlin': Tanh()}
2024-05-30 09:37:27,996 0.798094 (0.010068) with: {'batch_size': 32, 'lr': 0.001, 'max_epochs': 32, 'module__n_features': 37, 'module__n_neurons': 16, 'module__nonlin': ReLU()}
2024-05-30 09:37:27,996 0.799391 (0.009609) with: {'batch_size': 32, 'lr': 0.001, 'max_epochs': 32, 'module__n_features': 37, 'module__n_neurons': 32, 'module__nonlin': Tanh()}
2024-05-30 09:37:27,996 0.798985 (0.010154) with: {'batch_size': 32, 'lr': 0.001, 'max_epochs': 32, 'module__n_features': 37, 'module__n_neurons': 32, 'module__nonlin': ReLU()}
2024-05-30 09:37:27,996 0.800461 (0.009504) with: {'batch_size': 32, 'lr': 0.001, 'max_epochs': 32, 'module__n_features': 37, 'module__n_neurons': 64, 'module__nonlin': Tanh()}
2024-05-30 09:37:27,996 0.800692 (0.009629) with: {'batch_size': 32, 'lr': 0.001, 'max_epochs': 32, 'module__n_features': 37, 'module__n_neurons': 64, 'module__nonlin': ReLU()}
2024-05-30 09:37:27,996 0.800996 (0.009686) with: {'batch_size': 32, 'lr': 0.001, 'max_epochs': 32, 'module__n_features': 37, 'module__n_neurons': 128, 'module__nonlin': Tanh()}
2024-05-30 09:37:27,996 0.801245 (0.009903) with: {'batch_size': 32, 'lr': 0.001, 'max_epochs': 32, 'module__n_features': 37, 'module__n_neurons': 128, 'module__nonlin': ReLU()}
2024-05-30 09:37:27,996 0.801407 (0.009892) with: {'batch_size': 32, 'lr': 0.001, 'max_epochs': 32, 'module__n_features': 37, 'module__n_neurons': 256, 'module__nonlin': Tanh()}
2024-05-30 09:37:27,996 0.801831 (0.010457) with: {'batch_size': 32, 'lr': 0.001, 'max_epochs': 32, 'module__n_features': 37, 'module__n_neurons': 256, 'module__nonlin': ReLU()}
2024-05-30 09:37:27,996 0.800474 (0.009493) with: {'batch_size': 32, 'lr': 0.001, 'max_epochs': 64, 'module__n_features': 37, 'module__n_neurons': 16, 'module__nonlin': Tanh()}
2024-05-30 09:37:27,996 0.800702 (0.009492) with: {'batch_size': 32, 'lr': 0.001, 'max_epochs': 64, 'module__n_features': 37, 'module__n_neurons': 16, 'module__nonlin': ReLU()}
2024-05-30 09:37:27,996 0.801280 (0.009528) with: {'batch_size': 32, 'lr': 0.001, 'max_epochs': 64, 'module__n_features': 37, 'module__n_neurons': 32, 'module__nonlin': Tanh()}
2024-05-30 09:37:27,996 0.801089 (0.010079) with: {'batch_size': 32, 'lr': 0.001, 'max_epochs': 64, 'module__n_features': 37, 'module__n_neurons': 32, 'module__nonlin': ReLU()}
2024-05-30 09:37:27,996 0.801487 (0.009576) with: {'batch_size': 32, 'lr': 0.001, 'max_epochs': 64, 'module__n_features': 37, 'module__n_neurons': 64, 'module__nonlin': Tanh()}
2024-05-30 09:37:27,996 0.801875 (0.010227) with: {'batch_size': 32, 'lr': 0.001, 'max_epochs': 64, 'module__n_features': 37, 'module__n_neurons': 64, 'module__nonlin': ReLU()}
2024-05-30 09:37:27,996 0.801824 (0.009796) with: {'batch_size': 32, 'lr': 0.001, 'max_epochs': 64, 'module__n_features': 37, 'module__n_neurons': 128, 'module__nonlin': Tanh()}
2024-05-30 09:37:27,996 0.802252 (0.010194) with: {'batch_size': 32, 'lr': 0.001, 'max_epochs': 64, 'module__n_features': 37, 'module__n_neurons': 128, 'module__nonlin': ReLU()}
2024-05-30 09:37:27,996 0.802148 (0.009846) with: {'batch_size': 32, 'lr': 0.001, 'max_epochs': 64, 'module__n_features': 37, 'module__n_neurons': 256, 'module__nonlin': Tanh()}
2024-05-30 09:37:27,996 0.801894 (0.010131) with: {'batch_size': 32, 'lr': 0.001, 'max_epochs': 64, 'module__n_features': 37, 'module__n_neurons': 256, 'module__nonlin': ReLU()}
2024-05-30 09:37:27,996 0.801827 (0.009682) with: {'batch_size': 32, 'lr': 0.001, 'max_epochs': 128, 'module__n_features': 37, 'module__n_neurons': 16, 'module__nonlin': Tanh()}
2024-05-30 09:37:27,996 0.801440 (0.010206) with: {'batch_size': 32, 'lr': 0.001, 'max_epochs': 128, 'module__n_features': 37, 'module__n_neurons': 16, 'module__nonlin': ReLU()}
2024-05-30 09:37:27,996 0.801917 (0.009679) with: {'batch_size': 32, 'lr': 0.001, 'max_epochs': 128, 'module__n_features': 37, 'module__n_neurons': 32, 'module__nonlin': Tanh()}
2024-05-30 09:37:27,996 0.801805 (0.009973) with: {'batch_size': 32, 'lr': 0.001, 'max_epochs': 128, 'module__n_features': 37, 'module__n_neurons': 32, 'module__nonlin': ReLU()}
2024-05-30 09:37:27,996 0.802266 (0.009793) with: {'batch_size': 32, 'lr': 0.001, 'max_epochs': 128, 'module__n_features': 37, 'module__n_neurons': 64, 'module__nonlin': Tanh()}
2024-05-30 09:37:27,996 0.801596 (0.009963) with: {'batch_size': 32, 'lr': 0.001, 'max_epochs': 128, 'module__n_features': 37, 'module__n_neurons': 64, 'module__nonlin': ReLU()}
2024-05-30 09:37:27,996 0.802413 (0.009834) with: {'batch_size': 32, 'lr': 0.001, 'max_epochs': 128, 'module__n_features': 37, 'module__n_neurons': 128, 'module__nonlin': Tanh()}
2024-05-30 09:37:27,996 0.801069 (0.010398) with: {'batch_size': 32, 'lr': 0.001, 'max_epochs': 128, 'module__n_features': 37, 'module__n_neurons': 128, 'module__nonlin': ReLU()}
2024-05-30 09:37:27,996 0.802527 (0.009903) with: {'batch_size': 32, 'lr': 0.001, 'max_epochs': 128, 'module__n_features': 37, 'module__n_neurons': 256, 'module__nonlin': Tanh()}
2024-05-30 09:37:27,996 0.799679 (0.010443) with: {'batch_size': 32, 'lr': 0.001, 'max_epochs': 128, 'module__n_features': 37, 'module__n_neurons': 256, 'module__nonlin': ReLU()}
2024-05-30 09:37:27,996 0.801439 (0.010047) with: {'batch_size': 32, 'lr': 0.01, 'max_epochs': 16, 'module__n_features': 37, 'module__n_neurons': 16, 'module__nonlin': Tanh()}
2024-05-30 09:37:27,996 0.801375 (0.010303) with: {'batch_size': 32, 'lr': 0.01, 'max_epochs': 16, 'module__n_features': 37, 'module__n_neurons': 16, 'module__nonlin': ReLU()}
2024-05-30 09:37:27,996 0.801517 (0.010082) with: {'batch_size': 32, 'lr': 0.01, 'max_epochs': 16, 'module__n_features': 37, 'module__n_neurons': 32, 'module__nonlin': Tanh()}
2024-05-30 09:37:27,996 0.802227 (0.010000) with: {'batch_size': 32, 'lr': 0.01, 'max_epochs': 16, 'module__n_features': 37, 'module__n_neurons': 32, 'module__nonlin': ReLU()}
2024-05-30 09:37:27,996 0.801705 (0.010088) with: {'batch_size': 32, 'lr': 0.01, 'max_epochs': 16, 'module__n_features': 37, 'module__n_neurons': 64, 'module__nonlin': Tanh()}
2024-05-30 09:37:27,996 0.801797 (0.010481) with: {'batch_size': 32, 'lr': 0.01, 'max_epochs': 16, 'module__n_features': 37, 'module__n_neurons': 64, 'module__nonlin': ReLU()}
2024-05-30 09:37:27,996 0.801594 (0.010186) with: {'batch_size': 32, 'lr': 0.01, 'max_epochs': 16, 'module__n_features': 37, 'module__n_neurons': 128, 'module__nonlin': Tanh()}
2024-05-30 09:37:27,996 0.800961 (0.010538) with: {'batch_size': 32, 'lr': 0.01, 'max_epochs': 16, 'module__n_features': 37, 'module__n_neurons': 128, 'module__nonlin': ReLU()}
2024-05-30 09:37:27,996 0.801006 (0.010386) with: {'batch_size': 32, 'lr': 0.01, 'max_epochs': 16, 'module__n_features': 37, 'module__n_neurons': 256, 'module__nonlin': Tanh()}
2024-05-30 09:37:27,996 0.800611 (0.011450) with: {'batch_size': 32, 'lr': 0.01, 'max_epochs': 16, 'module__n_features': 37, 'module__n_neurons': 256, 'module__nonlin': ReLU()}
2024-05-30 09:37:27,996 0.801801 (0.010595) with: {'batch_size': 32, 'lr': 0.01, 'max_epochs': 32, 'module__n_features': 37, 'module__n_neurons': 16, 'module__nonlin': Tanh()}
2024-05-30 09:37:27,996 0.802177 (0.010058) with: {'batch_size': 32, 'lr': 0.01, 'max_epochs': 32, 'module__n_features': 37, 'module__n_neurons': 16, 'module__nonlin': ReLU()}
2024-05-30 09:37:27,996 0.802227 (0.010167) with: {'batch_size': 32, 'lr': 0.01, 'max_epochs': 32, 'module__n_features': 37, 'module__n_neurons': 32, 'module__nonlin': Tanh()}
2024-05-30 09:37:27,996 0.800720 (0.010651) with: {'batch_size': 32, 'lr': 0.01, 'max_epochs': 32, 'module__n_features': 37, 'module__n_neurons': 32, 'module__nonlin': ReLU()}
2024-05-30 09:37:27,996 0.802442 (0.010059) with: {'batch_size': 32, 'lr': 0.01, 'max_epochs': 32, 'module__n_features': 37, 'module__n_neurons': 64, 'module__nonlin': Tanh()}
2024-05-30 09:37:27,996 0.799615 (0.010795) with: {'batch_size': 32, 'lr': 0.01, 'max_epochs': 32, 'module__n_features': 37, 'module__n_neurons': 64, 'module__nonlin': ReLU()}
2024-05-30 09:37:27,996 0.802207 (0.009902) with: {'batch_size': 32, 'lr': 0.01, 'max_epochs': 32, 'module__n_features': 37, 'module__n_neurons': 128, 'module__nonlin': Tanh()}
2024-05-30 09:37:27,996 0.797344 (0.012667) with: {'batch_size': 32, 'lr': 0.01, 'max_epochs': 32, 'module__n_features': 37, 'module__n_neurons': 128, 'module__nonlin': ReLU()}
2024-05-30 09:37:27,996 0.801142 (0.010900) with: {'batch_size': 32, 'lr': 0.01, 'max_epochs': 32, 'module__n_features': 37, 'module__n_neurons': 256, 'module__nonlin': Tanh()}
2024-05-30 09:37:27,997 0.794133 (0.011993) with: {'batch_size': 32, 'lr': 0.01, 'max_epochs': 32, 'module__n_features': 37, 'module__n_neurons': 256, 'module__nonlin': ReLU()}
2024-05-30 09:37:27,997 0.801739 (0.011639) with: {'batch_size': 32, 'lr': 0.01, 'max_epochs': 64, 'module__n_features': 37, 'module__n_neurons': 16, 'module__nonlin': Tanh()}
2024-05-30 09:37:27,997 0.799277 (0.010885) with: {'batch_size': 32, 'lr': 0.01, 'max_epochs': 64, 'module__n_features': 37, 'module__n_neurons': 16, 'module__nonlin': ReLU()}
2024-05-30 09:37:27,997 0.801770 (0.010769) with: {'batch_size': 32, 'lr': 0.01, 'max_epochs': 64, 'module__n_features': 37, 'module__n_neurons': 32, 'module__nonlin': Tanh()}
2024-05-30 09:37:27,997 0.797012 (0.010610) with: {'batch_size': 32, 'lr': 0.01, 'max_epochs': 64, 'module__n_features': 37, 'module__n_neurons': 32, 'module__nonlin': ReLU()}
2024-05-30 09:37:27,997 0.802366 (0.010695) with: {'batch_size': 32, 'lr': 0.01, 'max_epochs': 64, 'module__n_features': 37, 'module__n_neurons': 64, 'module__nonlin': Tanh()}
2024-05-30 09:37:27,997 0.792043 (0.013177) with: {'batch_size': 32, 'lr': 0.01, 'max_epochs': 64, 'module__n_features': 37, 'module__n_neurons': 64, 'module__nonlin': ReLU()}
2024-05-30 09:37:27,997 0.802070 (0.010897) with: {'batch_size': 32, 'lr': 0.01, 'max_epochs': 64, 'module__n_features': 37, 'module__n_neurons': 128, 'module__nonlin': Tanh()}
2024-05-30 09:37:27,997 0.787069 (0.012228) with: {'batch_size': 32, 'lr': 0.01, 'max_epochs': 64, 'module__n_features': 37, 'module__n_neurons': 128, 'module__nonlin': ReLU()}
2024-05-30 09:37:27,997 0.800023 (0.011647) with: {'batch_size': 32, 'lr': 0.01, 'max_epochs': 64, 'module__n_features': 37, 'module__n_neurons': 256, 'module__nonlin': Tanh()}
2024-05-30 09:37:27,997 0.777487 (0.012563) with: {'batch_size': 32, 'lr': 0.01, 'max_epochs': 64, 'module__n_features': 37, 'module__n_neurons': 256, 'module__nonlin': ReLU()}
2024-05-30 09:37:27,997 0.799664 (0.011308) with: {'batch_size': 32, 'lr': 0.01, 'max_epochs': 128, 'module__n_features': 37, 'module__n_neurons': 16, 'module__nonlin': Tanh()}
2024-05-30 09:37:27,997 0.796322 (0.011552) with: {'batch_size': 32, 'lr': 0.01, 'max_epochs': 128, 'module__n_features': 37, 'module__n_neurons': 16, 'module__nonlin': ReLU()}
2024-05-30 09:37:27,997 0.800102 (0.011058) with: {'batch_size': 32, 'lr': 0.01, 'max_epochs': 128, 'module__n_features': 37, 'module__n_neurons': 32, 'module__nonlin': Tanh()}
2024-05-30 09:37:27,997 0.791890 (0.012204) with: {'batch_size': 32, 'lr': 0.01, 'max_epochs': 128, 'module__n_features': 37, 'module__n_neurons': 32, 'module__nonlin': ReLU()}
2024-05-30 09:37:27,997 0.799678 (0.010468) with: {'batch_size': 32, 'lr': 0.01, 'max_epochs': 128, 'module__n_features': 37, 'module__n_neurons': 64, 'module__nonlin': Tanh()}
2024-05-30 09:37:27,997 0.776794 (0.015012) with: {'batch_size': 32, 'lr': 0.01, 'max_epochs': 128, 'module__n_features': 37, 'module__n_neurons': 64, 'module__nonlin': ReLU()}
2024-05-30 09:37:27,997 0.799540 (0.010435) with: {'batch_size': 32, 'lr': 0.01, 'max_epochs': 128, 'module__n_features': 37, 'module__n_neurons': 128, 'module__nonlin': Tanh()}
2024-05-30 09:37:27,997 0.762469 (0.014517) with: {'batch_size': 32, 'lr': 0.01, 'max_epochs': 128, 'module__n_features': 37, 'module__n_neurons': 128, 'module__nonlin': ReLU()}
2024-05-30 09:37:27,997 0.797860 (0.011994) with: {'batch_size': 32, 'lr': 0.01, 'max_epochs': 128, 'module__n_features': 37, 'module__n_neurons': 256, 'module__nonlin': Tanh()}
2024-05-30 09:37:27,997 0.752228 (0.008315) with: {'batch_size': 32, 'lr': 0.01, 'max_epochs': 128, 'module__n_features': 37, 'module__n_neurons': 256, 'module__nonlin': ReLU()}
2024-05-30 09:37:27,997 0.801380 (0.010897) with: {'batch_size': 32, 'lr': 0.02, 'max_epochs': 16, 'module__n_features': 37, 'module__n_neurons': 16, 'module__nonlin': Tanh()}
2024-05-30 09:37:27,997 0.801692 (0.011953) with: {'batch_size': 32, 'lr': 0.02, 'max_epochs': 16, 'module__n_features': 37, 'module__n_neurons': 16, 'module__nonlin': ReLU()}
2024-05-30 09:37:27,997 0.801664 (0.010733) with: {'batch_size': 32, 'lr': 0.02, 'max_epochs': 16, 'module__n_features': 37, 'module__n_neurons': 32, 'module__nonlin': Tanh()}
2024-05-30 09:37:27,997 0.800653 (0.011388) with: {'batch_size': 32, 'lr': 0.02, 'max_epochs': 16, 'module__n_features': 37, 'module__n_neurons': 32, 'module__nonlin': ReLU()}
2024-05-30 09:37:27,997 0.801345 (0.010508) with: {'batch_size': 32, 'lr': 0.02, 'max_epochs': 16, 'module__n_features': 37, 'module__n_neurons': 64, 'module__nonlin': Tanh()}
2024-05-30 09:37:27,997 0.800061 (0.011491) with: {'batch_size': 32, 'lr': 0.02, 'max_epochs': 16, 'module__n_features': 37, 'module__n_neurons': 64, 'module__nonlin': ReLU()}
2024-05-30 09:37:27,997 0.800459 (0.010838) with: {'batch_size': 32, 'lr': 0.02, 'max_epochs': 16, 'module__n_features': 37, 'module__n_neurons': 128, 'module__nonlin': Tanh()}
2024-05-30 09:37:27,997 0.799408 (0.011840) with: {'batch_size': 32, 'lr': 0.02, 'max_epochs': 16, 'module__n_features': 37, 'module__n_neurons': 128, 'module__nonlin': ReLU()}
2024-05-30 09:37:27,997 0.799741 (0.010934) with: {'batch_size': 32, 'lr': 0.02, 'max_epochs': 16, 'module__n_features': 37, 'module__n_neurons': 256, 'module__nonlin': Tanh()}
2024-05-30 09:37:27,997 0.797742 (0.011206) with: {'batch_size': 32, 'lr': 0.02, 'max_epochs': 16, 'module__n_features': 37, 'module__n_neurons': 256, 'module__nonlin': ReLU()}
2024-05-30 09:37:27,997 0.801642 (0.011188) with: {'batch_size': 32, 'lr': 0.02, 'max_epochs': 32, 'module__n_features': 37, 'module__n_neurons': 16, 'module__nonlin': Tanh()}
2024-05-30 09:37:27,997 0.799562 (0.012422) with: {'batch_size': 32, 'lr': 0.02, 'max_epochs': 32, 'module__n_features': 37, 'module__n_neurons': 16, 'module__nonlin': ReLU()}
2024-05-30 09:37:27,997 0.801610 (0.010706) with: {'batch_size': 32, 'lr': 0.02, 'max_epochs': 32, 'module__n_features': 37, 'module__n_neurons': 32, 'module__nonlin': Tanh()}
2024-05-30 09:37:27,997 0.798876 (0.012924) with: {'batch_size': 32, 'lr': 0.02, 'max_epochs': 32, 'module__n_features': 37, 'module__n_neurons': 32, 'module__nonlin': ReLU()}
2024-05-30 09:37:27,997 0.800974 (0.011456) with: {'batch_size': 32, 'lr': 0.02, 'max_epochs': 32, 'module__n_features': 37, 'module__n_neurons': 64, 'module__nonlin': Tanh()}
2024-05-30 09:37:27,997 0.797209 (0.011239) with: {'batch_size': 32, 'lr': 0.02, 'max_epochs': 32, 'module__n_features': 37, 'module__n_neurons': 64, 'module__nonlin': ReLU()}
2024-05-30 09:37:27,997 0.799834 (0.011811) with: {'batch_size': 32, 'lr': 0.02, 'max_epochs': 32, 'module__n_features': 37, 'module__n_neurons': 128, 'module__nonlin': Tanh()}
2024-05-30 09:37:27,997 0.793130 (0.011402) with: {'batch_size': 32, 'lr': 0.02, 'max_epochs': 32, 'module__n_features': 37, 'module__n_neurons': 128, 'module__nonlin': ReLU()}
2024-05-30 09:37:27,997 0.799264 (0.012074) with: {'batch_size': 32, 'lr': 0.02, 'max_epochs': 32, 'module__n_features': 37, 'module__n_neurons': 256, 'module__nonlin': Tanh()}
2024-05-30 09:37:27,997 0.790294 (0.013842) with: {'batch_size': 32, 'lr': 0.02, 'max_epochs': 32, 'module__n_features': 37, 'module__n_neurons': 256, 'module__nonlin': ReLU()}
2024-05-30 09:37:27,997 0.800305 (0.011082) with: {'batch_size': 32, 'lr': 0.02, 'max_epochs': 64, 'module__n_features': 37, 'module__n_neurons': 16, 'module__nonlin': Tanh()}
2024-05-30 09:37:27,997 0.799113 (0.010938) with: {'batch_size': 32, 'lr': 0.02, 'max_epochs': 64, 'module__n_features': 37, 'module__n_neurons': 16, 'module__nonlin': ReLU()}
2024-05-30 09:37:27,997 0.800368 (0.011212) with: {'batch_size': 32, 'lr': 0.02, 'max_epochs': 64, 'module__n_features': 37, 'module__n_neurons': 32, 'module__nonlin': Tanh()}
2024-05-30 09:37:27,997 0.793497 (0.013369) with: {'batch_size': 32, 'lr': 0.02, 'max_epochs': 64, 'module__n_features': 37, 'module__n_neurons': 32, 'module__nonlin': ReLU()}
2024-05-30 09:37:27,997 0.799685 (0.011469) with: {'batch_size': 32, 'lr': 0.02, 'max_epochs': 64, 'module__n_features': 37, 'module__n_neurons': 64, 'module__nonlin': Tanh()}
2024-05-30 09:37:27,997 0.785523 (0.011087) with: {'batch_size': 32, 'lr': 0.02, 'max_epochs': 64, 'module__n_features': 37, 'module__n_neurons': 64, 'module__nonlin': ReLU()}
2024-05-30 09:37:27,997 0.798554 (0.012350) with: {'batch_size': 32, 'lr': 0.02, 'max_epochs': 64, 'module__n_features': 37, 'module__n_neurons': 128, 'module__nonlin': Tanh()}
2024-05-30 09:37:27,997 0.776698 (0.010964) with: {'batch_size': 32, 'lr': 0.02, 'max_epochs': 64, 'module__n_features': 37, 'module__n_neurons': 128, 'module__nonlin': ReLU()}
2024-05-30 09:37:27,997 0.797006 (0.012919) with: {'batch_size': 32, 'lr': 0.02, 'max_epochs': 64, 'module__n_features': 37, 'module__n_neurons': 256, 'module__nonlin': Tanh()}
2024-05-30 09:37:27,998 0.774779 (0.014861) with: {'batch_size': 32, 'lr': 0.02, 'max_epochs': 64, 'module__n_features': 37, 'module__n_neurons': 256, 'module__nonlin': ReLU()}
2024-05-30 09:37:27,998 0.795602 (0.010027) with: {'batch_size': 32, 'lr': 0.02, 'max_epochs': 128, 'module__n_features': 37, 'module__n_neurons': 16, 'module__nonlin': Tanh()}
2024-05-30 09:37:27,998 0.792041 (0.011387) with: {'batch_size': 32, 'lr': 0.02, 'max_epochs': 128, 'module__n_features': 37, 'module__n_neurons': 16, 'module__nonlin': ReLU()}
2024-05-30 09:37:27,998 0.794312 (0.008005) with: {'batch_size': 32, 'lr': 0.02, 'max_epochs': 128, 'module__n_features': 37, 'module__n_neurons': 32, 'module__nonlin': Tanh()}
2024-05-30 09:37:27,998 0.780169 (0.015869) with: {'batch_size': 32, 'lr': 0.02, 'max_epochs': 128, 'module__n_features': 37, 'module__n_neurons': 32, 'module__nonlin': ReLU()}
2024-05-30 09:37:27,998 0.793431 (0.009789) with: {'batch_size': 32, 'lr': 0.02, 'max_epochs': 128, 'module__n_features': 37, 'module__n_neurons': 64, 'module__nonlin': Tanh()}
2024-05-30 09:37:27,998 0.770147 (0.015150) with: {'batch_size': 32, 'lr': 0.02, 'max_epochs': 128, 'module__n_features': 37, 'module__n_neurons': 64, 'module__nonlin': ReLU()}
2024-05-30 09:37:27,998 0.790811 (0.013125) with: {'batch_size': 32, 'lr': 0.02, 'max_epochs': 128, 'module__n_features': 37, 'module__n_neurons': 128, 'module__nonlin': Tanh()}
2024-05-30 09:37:27,998 0.754974 (0.013197) with: {'batch_size': 32, 'lr': 0.02, 'max_epochs': 128, 'module__n_features': 37, 'module__n_neurons': 128, 'module__nonlin': ReLU()}
2024-05-30 09:37:27,998 0.789680 (0.013341) with: {'batch_size': 32, 'lr': 0.02, 'max_epochs': 128, 'module__n_features': 37, 'module__n_neurons': 256, 'module__nonlin': Tanh()}
2024-05-30 09:37:27,998 0.730974 (0.014466) with: {'batch_size': 32, 'lr': 0.02, 'max_epochs': 128, 'module__n_features': 37, 'module__n_neurons': 256, 'module__nonlin': ReLU()}
2024-05-30 09:37:27,998 0.793465 (0.010657) with: {'batch_size': 64, 'lr': 0.001, 'max_epochs': 16, 'module__n_features': 37, 'module__n_neurons': 16, 'module__nonlin': Tanh()}
2024-05-30 09:37:27,998 0.788138 (0.010794) with: {'batch_size': 64, 'lr': 0.001, 'max_epochs': 16, 'module__n_features': 37, 'module__n_neurons': 16, 'module__nonlin': ReLU()}
2024-05-30 09:37:27,998 0.796040 (0.009980) with: {'batch_size': 64, 'lr': 0.001, 'max_epochs': 16, 'module__n_features': 37, 'module__n_neurons': 32, 'module__nonlin': Tanh()}
2024-05-30 09:37:27,998 0.794377 (0.011202) with: {'batch_size': 64, 'lr': 0.001, 'max_epochs': 16, 'module__n_features': 37, 'module__n_neurons': 32, 'module__nonlin': ReLU()}
2024-05-30 09:37:27,998 0.797104 (0.010157) with: {'batch_size': 64, 'lr': 0.001, 'max_epochs': 16, 'module__n_features': 37, 'module__n_neurons': 64, 'module__nonlin': Tanh()}
2024-05-30 09:37:27,998 0.796465 (0.010669) with: {'batch_size': 64, 'lr': 0.001, 'max_epochs': 16, 'module__n_features': 37, 'module__n_neurons': 64, 'module__nonlin': ReLU()}
2024-05-30 09:37:27,998 0.798287 (0.009777) with: {'batch_size': 64, 'lr': 0.001, 'max_epochs': 16, 'module__n_features': 37, 'module__n_neurons': 128, 'module__nonlin': Tanh()}
2024-05-30 09:37:27,998 0.798033 (0.010302) with: {'batch_size': 64, 'lr': 0.001, 'max_epochs': 16, 'module__n_features': 37, 'module__n_neurons': 128, 'module__nonlin': ReLU()}
2024-05-30 09:37:27,998 0.799292 (0.009769) with: {'batch_size': 64, 'lr': 0.001, 'max_epochs': 16, 'module__n_features': 37, 'module__n_neurons': 256, 'module__nonlin': Tanh()}
2024-05-30 09:37:27,998 0.799703 (0.009989) with: {'batch_size': 64, 'lr': 0.001, 'max_epochs': 16, 'module__n_features': 37, 'module__n_neurons': 256, 'module__nonlin': ReLU()}
2024-05-30 09:37:27,998 0.797275 (0.010244) with: {'batch_size': 64, 'lr': 0.001, 'max_epochs': 32, 'module__n_features': 37, 'module__n_neurons': 16, 'module__nonlin': Tanh()}
2024-05-30 09:37:27,998 0.796929 (0.010416) with: {'batch_size': 64, 'lr': 0.001, 'max_epochs': 32, 'module__n_features': 37, 'module__n_neurons': 16, 'module__nonlin': ReLU()}
2024-05-30 09:37:27,998 0.799004 (0.009748) with: {'batch_size': 64, 'lr': 0.001, 'max_epochs': 32, 'module__n_features': 37, 'module__n_neurons': 32, 'module__nonlin': Tanh()}
2024-05-30 09:37:27,998 0.798155 (0.009489) with: {'batch_size': 64, 'lr': 0.001, 'max_epochs': 32, 'module__n_features': 37, 'module__n_neurons': 32, 'module__nonlin': ReLU()}
2024-05-30 09:37:27,998 0.799915 (0.009529) with: {'batch_size': 64, 'lr': 0.001, 'max_epochs': 32, 'module__n_features': 37, 'module__n_neurons': 64, 'module__nonlin': Tanh()}
2024-05-30 09:37:27,998 0.799881 (0.009617) with: {'batch_size': 64, 'lr': 0.001, 'max_epochs': 32, 'module__n_features': 37, 'module__n_neurons': 64, 'module__nonlin': ReLU()}
2024-05-30 09:37:27,998 0.800534 (0.009539) with: {'batch_size': 64, 'lr': 0.001, 'max_epochs': 32, 'module__n_features': 37, 'module__n_neurons': 128, 'module__nonlin': Tanh()}
2024-05-30 09:37:27,998 0.800757 (0.009898) with: {'batch_size': 64, 'lr': 0.001, 'max_epochs': 32, 'module__n_features': 37, 'module__n_neurons': 128, 'module__nonlin': ReLU()}
2024-05-30 09:37:27,998 0.801122 (0.009776) with: {'batch_size': 64, 'lr': 0.001, 'max_epochs': 32, 'module__n_features': 37, 'module__n_neurons': 256, 'module__nonlin': Tanh()}
2024-05-30 09:37:27,998 0.801845 (0.010199) with: {'batch_size': 64, 'lr': 0.001, 'max_epochs': 32, 'module__n_features': 37, 'module__n_neurons': 256, 'module__nonlin': ReLU()}
2024-05-30 09:37:27,998 0.800087 (0.009889) with: {'batch_size': 64, 'lr': 0.001, 'max_epochs': 64, 'module__n_features': 37, 'module__n_neurons': 16, 'module__nonlin': Tanh()}
2024-05-30 09:37:27,998 0.799819 (0.009788) with: {'batch_size': 64, 'lr': 0.001, 'max_epochs': 64, 'module__n_features': 37, 'module__n_neurons': 16, 'module__nonlin': ReLU()}
2024-05-30 09:37:27,998 0.800763 (0.009611) with: {'batch_size': 64, 'lr': 0.001, 'max_epochs': 64, 'module__n_features': 37, 'module__n_neurons': 32, 'module__nonlin': Tanh()}
2024-05-30 09:37:27,998 0.800810 (0.009452) with: {'batch_size': 64, 'lr': 0.001, 'max_epochs': 64, 'module__n_features': 37, 'module__n_neurons': 32, 'module__nonlin': ReLU()}
2024-05-30 09:37:27,998 0.801261 (0.009448) with: {'batch_size': 64, 'lr': 0.001, 'max_epochs': 64, 'module__n_features': 37, 'module__n_neurons': 64, 'module__nonlin': Tanh()}
2024-05-30 09:37:27,998 0.801311 (0.009500) with: {'batch_size': 64, 'lr': 0.001, 'max_epochs': 64, 'module__n_features': 37, 'module__n_neurons': 64, 'module__nonlin': ReLU()}
2024-05-30 09:37:27,998 0.801671 (0.009722) with: {'batch_size': 64, 'lr': 0.001, 'max_epochs': 64, 'module__n_features': 37, 'module__n_neurons': 128, 'module__nonlin': Tanh()}
2024-05-30 09:37:27,998 0.802332 (0.009716) with: {'batch_size': 64, 'lr': 0.001, 'max_epochs': 64, 'module__n_features': 37, 'module__n_neurons': 128, 'module__nonlin': ReLU()}
2024-05-30 09:37:27,998 0.801975 (0.009897) with: {'batch_size': 64, 'lr': 0.001, 'max_epochs': 64, 'module__n_features': 37, 'module__n_neurons': 256, 'module__nonlin': Tanh()}
2024-05-30 09:37:27,998 0.802477 (0.010419) with: {'batch_size': 64, 'lr': 0.001, 'max_epochs': 64, 'module__n_features': 37, 'module__n_neurons': 256, 'module__nonlin': ReLU()}
2024-05-30 09:37:27,998 0.801340 (0.009779) with: {'batch_size': 64, 'lr': 0.001, 'max_epochs': 128, 'module__n_features': 37, 'module__n_neurons': 16, 'module__nonlin': Tanh()}
2024-05-30 09:37:27,998 0.801648 (0.009364) with: {'batch_size': 64, 'lr': 0.001, 'max_epochs': 128, 'module__n_features': 37, 'module__n_neurons': 16, 'module__nonlin': ReLU()}
2024-05-30 09:37:27,998 0.801836 (0.009588) with: {'batch_size': 64, 'lr': 0.001, 'max_epochs': 128, 'module__n_features': 37, 'module__n_neurons': 32, 'module__nonlin': Tanh()}
2024-05-30 09:37:27,998 0.801928 (0.009782) with: {'batch_size': 64, 'lr': 0.001, 'max_epochs': 128, 'module__n_features': 37, 'module__n_neurons': 32, 'module__nonlin': ReLU()}
2024-05-30 09:37:27,998 0.802041 (0.009725) with: {'batch_size': 64, 'lr': 0.001, 'max_epochs': 128, 'module__n_features': 37, 'module__n_neurons': 64, 'module__nonlin': Tanh()}
2024-05-30 09:37:27,998 0.802186 (0.009673) with: {'batch_size': 64, 'lr': 0.001, 'max_epochs': 128, 'module__n_features': 37, 'module__n_neurons': 64, 'module__nonlin': ReLU()}
2024-05-30 09:37:27,998 0.802260 (0.009778) with: {'batch_size': 64, 'lr': 0.001, 'max_epochs': 128, 'module__n_features': 37, 'module__n_neurons': 128, 'module__nonlin': Tanh()}
2024-05-30 09:37:27,998 0.801972 (0.010608) with: {'batch_size': 64, 'lr': 0.001, 'max_epochs': 128, 'module__n_features': 37, 'module__n_neurons': 128, 'module__nonlin': ReLU()}
2024-05-30 09:37:27,998 0.802361 (0.009848) with: {'batch_size': 64, 'lr': 0.001, 'max_epochs': 128, 'module__n_features': 37, 'module__n_neurons': 256, 'module__nonlin': Tanh()}
2024-05-30 09:37:27,999 0.800722 (0.010631) with: {'batch_size': 64, 'lr': 0.001, 'max_epochs': 128, 'module__n_features': 37, 'module__n_neurons': 256, 'module__nonlin': ReLU()}
2024-05-30 09:37:27,999 0.801065 (0.009928) with: {'batch_size': 64, 'lr': 0.01, 'max_epochs': 16, 'module__n_features': 37, 'module__n_neurons': 16, 'module__nonlin': Tanh()}
2024-05-30 09:37:27,999 0.800696 (0.009885) with: {'batch_size': 64, 'lr': 0.01, 'max_epochs': 16, 'module__n_features': 37, 'module__n_neurons': 16, 'module__nonlin': ReLU()}
2024-05-30 09:37:27,999 0.801159 (0.010006) with: {'batch_size': 64, 'lr': 0.01, 'max_epochs': 16, 'module__n_features': 37, 'module__n_neurons': 32, 'module__nonlin': Tanh()}
2024-05-30 09:37:27,999 0.800455 (0.010657) with: {'batch_size': 64, 'lr': 0.01, 'max_epochs': 16, 'module__n_features': 37, 'module__n_neurons': 32, 'module__nonlin': ReLU()}
2024-05-30 09:37:27,999 0.801262 (0.009902) with: {'batch_size': 64, 'lr': 0.01, 'max_epochs': 16, 'module__n_features': 37, 'module__n_neurons': 64, 'module__nonlin': Tanh()}
2024-05-30 09:37:27,999 0.801236 (0.010495) with: {'batch_size': 64, 'lr': 0.01, 'max_epochs': 16, 'module__n_features': 37, 'module__n_neurons': 64, 'module__nonlin': ReLU()}
2024-05-30 09:37:27,999 0.801523 (0.009928) with: {'batch_size': 64, 'lr': 0.01, 'max_epochs': 16, 'module__n_features': 37, 'module__n_neurons': 128, 'module__nonlin': Tanh()}
2024-05-30 09:37:27,999 0.801528 (0.011131) with: {'batch_size': 64, 'lr': 0.01, 'max_epochs': 16, 'module__n_features': 37, 'module__n_neurons': 128, 'module__nonlin': ReLU()}
2024-05-30 09:37:27,999 0.801536 (0.009972) with: {'batch_size': 64, 'lr': 0.01, 'max_epochs': 16, 'module__n_features': 37, 'module__n_neurons': 256, 'module__nonlin': Tanh()}
2024-05-30 09:37:27,999 0.801220 (0.011132) with: {'batch_size': 64, 'lr': 0.01, 'max_epochs': 16, 'module__n_features': 37, 'module__n_neurons': 256, 'module__nonlin': ReLU()}
2024-05-30 09:37:27,999 0.801709 (0.010357) with: {'batch_size': 64, 'lr': 0.01, 'max_epochs': 32, 'module__n_features': 37, 'module__n_neurons': 16, 'module__nonlin': Tanh()}
2024-05-30 09:37:27,999 0.801507 (0.010921) with: {'batch_size': 64, 'lr': 0.01, 'max_epochs': 32, 'module__n_features': 37, 'module__n_neurons': 16, 'module__nonlin': ReLU()}
2024-05-30 09:37:27,999 0.801821 (0.010247) with: {'batch_size': 64, 'lr': 0.01, 'max_epochs': 32, 'module__n_features': 37, 'module__n_neurons': 32, 'module__nonlin': Tanh()}
2024-05-30 09:37:27,999 0.799874 (0.010630) with: {'batch_size': 64, 'lr': 0.01, 'max_epochs': 32, 'module__n_features': 37, 'module__n_neurons': 32, 'module__nonlin': ReLU()}
2024-05-30 09:37:27,999 0.801979 (0.010139) with: {'batch_size': 64, 'lr': 0.01, 'max_epochs': 32, 'module__n_features': 37, 'module__n_neurons': 64, 'module__nonlin': Tanh()}
2024-05-30 09:37:27,999 0.799838 (0.011761) with: {'batch_size': 64, 'lr': 0.01, 'max_epochs': 32, 'module__n_features': 37, 'module__n_neurons': 64, 'module__nonlin': ReLU()}
2024-05-30 09:37:27,999 0.802164 (0.009950) with: {'batch_size': 64, 'lr': 0.01, 'max_epochs': 32, 'module__n_features': 37, 'module__n_neurons': 128, 'module__nonlin': Tanh()}
2024-05-30 09:37:27,999 0.798918 (0.011896) with: {'batch_size': 64, 'lr': 0.01, 'max_epochs': 32, 'module__n_features': 37, 'module__n_neurons': 128, 'module__nonlin': ReLU()}
2024-05-30 09:37:27,999 0.802195 (0.009923) with: {'batch_size': 64, 'lr': 0.01, 'max_epochs': 32, 'module__n_features': 37, 'module__n_neurons': 256, 'module__nonlin': Tanh()}
2024-05-30 09:37:27,999 0.795977 (0.011188) with: {'batch_size': 64, 'lr': 0.01, 'max_epochs': 32, 'module__n_features': 37, 'module__n_neurons': 256, 'module__nonlin': ReLU()}
2024-05-30 09:37:27,999 0.801466 (0.011078) with: {'batch_size': 64, 'lr': 0.01, 'max_epochs': 64, 'module__n_features': 37, 'module__n_neurons': 16, 'module__nonlin': Tanh()}
2024-05-30 09:37:27,999 0.799584 (0.010472) with: {'batch_size': 64, 'lr': 0.01, 'max_epochs': 64, 'module__n_features': 37, 'module__n_neurons': 16, 'module__nonlin': ReLU()}
2024-05-30 09:37:27,999 0.802025 (0.010502) with: {'batch_size': 64, 'lr': 0.01, 'max_epochs': 64, 'module__n_features': 37, 'module__n_neurons': 32, 'module__nonlin': Tanh()}
2024-05-30 09:37:27,999 0.796215 (0.011833) with: {'batch_size': 64, 'lr': 0.01, 'max_epochs': 64, 'module__n_features': 37, 'module__n_neurons': 32, 'module__nonlin': ReLU()}
2024-05-30 09:37:27,999 0.801664 (0.010975) with: {'batch_size': 64, 'lr': 0.01, 'max_epochs': 64, 'module__n_features': 37, 'module__n_neurons': 64, 'module__nonlin': Tanh()}
2024-05-30 09:37:27,999 0.794176 (0.012813) with: {'batch_size': 64, 'lr': 0.01, 'max_epochs': 64, 'module__n_features': 37, 'module__n_neurons': 64, 'module__nonlin': ReLU()}
2024-05-30 09:37:27,999 0.802050 (0.010604) with: {'batch_size': 64, 'lr': 0.01, 'max_epochs': 64, 'module__n_features': 37, 'module__n_neurons': 128, 'module__nonlin': Tanh()}
2024-05-30 09:37:27,999 0.789204 (0.009906) with: {'batch_size': 64, 'lr': 0.01, 'max_epochs': 64, 'module__n_features': 37, 'module__n_neurons': 128, 'module__nonlin': ReLU()}
2024-05-30 09:37:27,999 0.802414 (0.010039) with: {'batch_size': 64, 'lr': 0.01, 'max_epochs': 64, 'module__n_features': 37, 'module__n_neurons': 256, 'module__nonlin': Tanh()}
2024-05-30 09:37:27,999 0.782852 (0.011520) with: {'batch_size': 64, 'lr': 0.01, 'max_epochs': 64, 'module__n_features': 37, 'module__n_neurons': 256, 'module__nonlin': ReLU()}
2024-05-30 09:37:27,999 0.799591 (0.010800) with: {'batch_size': 64, 'lr': 0.01, 'max_epochs': 128, 'module__n_features': 37, 'module__n_neurons': 16, 'module__nonlin': Tanh()}
2024-05-30 09:37:27,999 0.794012 (0.010413) with: {'batch_size': 64, 'lr': 0.01, 'max_epochs': 128, 'module__n_features': 37, 'module__n_neurons': 16, 'module__nonlin': ReLU()}
2024-05-30 09:37:27,999 0.800131 (0.011087) with: {'batch_size': 64, 'lr': 0.01, 'max_epochs': 128, 'module__n_features': 37, 'module__n_neurons': 32, 'module__nonlin': Tanh()}
2024-05-30 09:37:27,999 0.791284 (0.009356) with: {'batch_size': 64, 'lr': 0.01, 'max_epochs': 128, 'module__n_features': 37, 'module__n_neurons': 32, 'module__nonlin': ReLU()}
2024-05-30 09:37:27,999 0.800107 (0.011311) with: {'batch_size': 64, 'lr': 0.01, 'max_epochs': 128, 'module__n_features': 37, 'module__n_neurons': 64, 'module__nonlin': Tanh()}
2024-05-30 09:37:27,999 0.781468 (0.012487) with: {'batch_size': 64, 'lr': 0.01, 'max_epochs': 128, 'module__n_features': 37, 'module__n_neurons': 64, 'module__nonlin': ReLU()}
2024-05-30 09:37:27,999 0.799807 (0.011214) with: {'batch_size': 64, 'lr': 0.01, 'max_epochs': 128, 'module__n_features': 37, 'module__n_neurons': 128, 'module__nonlin': Tanh()}
2024-05-30 09:37:27,999 0.774014 (0.012492) with: {'batch_size': 64, 'lr': 0.01, 'max_epochs': 128, 'module__n_features': 37, 'module__n_neurons': 128, 'module__nonlin': ReLU()}
2024-05-30 09:37:27,999 0.801380 (0.010890) with: {'batch_size': 64, 'lr': 0.01, 'max_epochs': 128, 'module__n_features': 37, 'module__n_neurons': 256, 'module__nonlin': Tanh()}
2024-05-30 09:37:27,999 0.756212 (0.011782) with: {'batch_size': 64, 'lr': 0.01, 'max_epochs': 128, 'module__n_features': 37, 'module__n_neurons': 256, 'module__nonlin': ReLU()}
2024-05-30 09:37:27,999 0.801421 (0.010226) with: {'batch_size': 64, 'lr': 0.02, 'max_epochs': 16, 'module__n_features': 37, 'module__n_neurons': 16, 'module__nonlin': Tanh()}
2024-05-30 09:37:27,999 0.800934 (0.010145) with: {'batch_size': 64, 'lr': 0.02, 'max_epochs': 16, 'module__n_features': 37, 'module__n_neurons': 16, 'module__nonlin': ReLU()}
2024-05-30 09:37:27,999 0.801302 (0.010092) with: {'batch_size': 64, 'lr': 0.02, 'max_epochs': 16, 'module__n_features': 37, 'module__n_neurons': 32, 'module__nonlin': Tanh()}
2024-05-30 09:37:27,999 0.800737 (0.010903) with: {'batch_size': 64, 'lr': 0.02, 'max_epochs': 16, 'module__n_features': 37, 'module__n_neurons': 32, 'module__nonlin': ReLU()}
2024-05-30 09:37:27,999 0.801401 (0.010213) with: {'batch_size': 64, 'lr': 0.02, 'max_epochs': 16, 'module__n_features': 37, 'module__n_neurons': 64, 'module__nonlin': Tanh()}
2024-05-30 09:37:27,999 0.800604 (0.011695) with: {'batch_size': 64, 'lr': 0.02, 'max_epochs': 16, 'module__n_features': 37, 'module__n_neurons': 64, 'module__nonlin': ReLU()}
2024-05-30 09:37:27,999 0.801412 (0.010124) with: {'batch_size': 64, 'lr': 0.02, 'max_epochs': 16, 'module__n_features': 37, 'module__n_neurons': 128, 'module__nonlin': Tanh()}
2024-05-30 09:37:27,999 0.799970 (0.011355) with: {'batch_size': 64, 'lr': 0.02, 'max_epochs': 16, 'module__n_features': 37, 'module__n_neurons': 128, 'module__nonlin': ReLU()}
2024-05-30 09:37:27,999 0.800752 (0.009658) with: {'batch_size': 64, 'lr': 0.02, 'max_epochs': 16, 'module__n_features': 37, 'module__n_neurons': 256, 'module__nonlin': Tanh()}
2024-05-30 09:37:28,000 0.800231 (0.011429) with: {'batch_size': 64, 'lr': 0.02, 'max_epochs': 16, 'module__n_features': 37, 'module__n_neurons': 256, 'module__nonlin': ReLU()}
2024-05-30 09:37:28,000 0.801556 (0.010922) with: {'batch_size': 64, 'lr': 0.02, 'max_epochs': 32, 'module__n_features': 37, 'module__n_neurons': 16, 'module__nonlin': Tanh()}
2024-05-30 09:37:28,000 0.800780 (0.010021) with: {'batch_size': 64, 'lr': 0.02, 'max_epochs': 32, 'module__n_features': 37, 'module__n_neurons': 16, 'module__nonlin': ReLU()}
2024-05-30 09:37:28,000 0.801733 (0.010826) with: {'batch_size': 64, 'lr': 0.02, 'max_epochs': 32, 'module__n_features': 37, 'module__n_neurons': 32, 'module__nonlin': Tanh()}
2024-05-30 09:37:28,000 0.800110 (0.011590) with: {'batch_size': 64, 'lr': 0.02, 'max_epochs': 32, 'module__n_features': 37, 'module__n_neurons': 32, 'module__nonlin': ReLU()}
2024-05-30 09:37:28,000 0.801598 (0.010667) with: {'batch_size': 64, 'lr': 0.02, 'max_epochs': 32, 'module__n_features': 37, 'module__n_neurons': 64, 'module__nonlin': Tanh()}
2024-05-30 09:37:28,000 0.797457 (0.012597) with: {'batch_size': 64, 'lr': 0.02, 'max_epochs': 32, 'module__n_features': 37, 'module__n_neurons': 64, 'module__nonlin': ReLU()}
2024-05-30 09:37:28,000 0.801717 (0.009943) with: {'batch_size': 64, 'lr': 0.02, 'max_epochs': 32, 'module__n_features': 37, 'module__n_neurons': 128, 'module__nonlin': Tanh()}
2024-05-30 09:37:28,000 0.795405 (0.010955) with: {'batch_size': 64, 'lr': 0.02, 'max_epochs': 32, 'module__n_features': 37, 'module__n_neurons': 128, 'module__nonlin': ReLU()}
2024-05-30 09:37:28,000 0.799796 (0.010520) with: {'batch_size': 64, 'lr': 0.02, 'max_epochs': 32, 'module__n_features': 37, 'module__n_neurons': 256, 'module__nonlin': Tanh()}
2024-05-30 09:37:28,000 0.791974 (0.011332) with: {'batch_size': 64, 'lr': 0.02, 'max_epochs': 32, 'module__n_features': 37, 'module__n_neurons': 256, 'module__nonlin': ReLU()}
2024-05-30 09:37:28,000 0.799479 (0.011024) with: {'batch_size': 64, 'lr': 0.02, 'max_epochs': 64, 'module__n_features': 37, 'module__n_neurons': 16, 'module__nonlin': Tanh()}
2024-05-30 09:37:28,000 0.797628 (0.012912) with: {'batch_size': 64, 'lr': 0.02, 'max_epochs': 64, 'module__n_features': 37, 'module__n_neurons': 16, 'module__nonlin': ReLU()}
2024-05-30 09:37:28,000 0.800345 (0.012119) with: {'batch_size': 64, 'lr': 0.02, 'max_epochs': 64, 'module__n_features': 37, 'module__n_neurons': 32, 'module__nonlin': Tanh()}
2024-05-30 09:37:28,000 0.795108 (0.012019) with: {'batch_size': 64, 'lr': 0.02, 'max_epochs': 64, 'module__n_features': 37, 'module__n_neurons': 32, 'module__nonlin': ReLU()}
2024-05-30 09:37:28,000 0.800888 (0.010401) with: {'batch_size': 64, 'lr': 0.02, 'max_epochs': 64, 'module__n_features': 37, 'module__n_neurons': 64, 'module__nonlin': Tanh()}
2024-05-30 09:37:28,000 0.788945 (0.014353) with: {'batch_size': 64, 'lr': 0.02, 'max_epochs': 64, 'module__n_features': 37, 'module__n_neurons': 64, 'module__nonlin': ReLU()}
2024-05-30 09:37:28,000 0.800893 (0.009919) with: {'batch_size': 64, 'lr': 0.02, 'max_epochs': 64, 'module__n_features': 37, 'module__n_neurons': 128, 'module__nonlin': Tanh()}
2024-05-30 09:37:28,000 0.781988 (0.012941) with: {'batch_size': 64, 'lr': 0.02, 'max_epochs': 64, 'module__n_features': 37, 'module__n_neurons': 128, 'module__nonlin': ReLU()}
2024-05-30 09:37:28,000 0.798096 (0.011942) with: {'batch_size': 64, 'lr': 0.02, 'max_epochs': 64, 'module__n_features': 37, 'module__n_neurons': 256, 'module__nonlin': Tanh()}
2024-05-30 09:37:28,000 0.776737 (0.009987) with: {'batch_size': 64, 'lr': 0.02, 'max_epochs': 64, 'module__n_features': 37, 'module__n_neurons': 256, 'module__nonlin': ReLU()}
2024-05-30 09:37:28,000 0.796835 (0.010922) with: {'batch_size': 64, 'lr': 0.02, 'max_epochs': 128, 'module__n_features': 37, 'module__n_neurons': 16, 'module__nonlin': Tanh()}
2024-05-30 09:37:28,000 0.793687 (0.011399) with: {'batch_size': 64, 'lr': 0.02, 'max_epochs': 128, 'module__n_features': 37, 'module__n_neurons': 16, 'module__nonlin': ReLU()}
2024-05-30 09:37:28,000 0.794725 (0.010352) with: {'batch_size': 64, 'lr': 0.02, 'max_epochs': 128, 'module__n_features': 37, 'module__n_neurons': 32, 'module__nonlin': Tanh()}
2024-05-30 09:37:28,000 0.785316 (0.012764) with: {'batch_size': 64, 'lr': 0.02, 'max_epochs': 128, 'module__n_features': 37, 'module__n_neurons': 32, 'module__nonlin': ReLU()}
2024-05-30 09:37:28,000 0.795924 (0.010088) with: {'batch_size': 64, 'lr': 0.02, 'max_epochs': 128, 'module__n_features': 37, 'module__n_neurons': 64, 'module__nonlin': Tanh()}
2024-05-30 09:37:28,000 0.770442 (0.013484) with: {'batch_size': 64, 'lr': 0.02, 'max_epochs': 128, 'module__n_features': 37, 'module__n_neurons': 64, 'module__nonlin': ReLU()}
2024-05-30 09:37:28,000 0.793725 (0.008830) with: {'batch_size': 64, 'lr': 0.02, 'max_epochs': 128, 'module__n_features': 37, 'module__n_neurons': 128, 'module__nonlin': Tanh()}
2024-05-30 09:37:28,000 0.756614 (0.010201) with: {'batch_size': 64, 'lr': 0.02, 'max_epochs': 128, 'module__n_features': 37, 'module__n_neurons': 128, 'module__nonlin': ReLU()}
2024-05-30 09:37:28,000 0.792801 (0.012063) with: {'batch_size': 64, 'lr': 0.02, 'max_epochs': 128, 'module__n_features': 37, 'module__n_neurons': 256, 'module__nonlin': Tanh()}
2024-05-30 09:37:28,000 0.745699 (0.013107) with: {'batch_size': 64, 'lr': 0.02, 'max_epochs': 128, 'module__n_features': 37, 'module__n_neurons': 256, 'module__nonlin': ReLU()}
2024-05-30 09:37:28,000 0.785979 (0.011340) with: {'batch_size': 128, 'lr': 0.001, 'max_epochs': 16, 'module__n_features': 37, 'module__n_neurons': 16, 'module__nonlin': Tanh()}
2024-05-30 09:37:28,000 0.776750 (0.010190) with: {'batch_size': 128, 'lr': 0.001, 'max_epochs': 16, 'module__n_features': 37, 'module__n_neurons': 16, 'module__nonlin': ReLU()}
2024-05-30 09:37:28,000 0.792786 (0.010620) with: {'batch_size': 128, 'lr': 0.001, 'max_epochs': 16, 'module__n_features': 37, 'module__n_neurons': 32, 'module__nonlin': Tanh()}
2024-05-30 09:37:28,000 0.788341 (0.011055) with: {'batch_size': 128, 'lr': 0.001, 'max_epochs': 16, 'module__n_features': 37, 'module__n_neurons': 32, 'module__nonlin': ReLU()}
2024-05-30 09:37:28,000 0.795671 (0.009507) with: {'batch_size': 128, 'lr': 0.001, 'max_epochs': 16, 'module__n_features': 37, 'module__n_neurons': 64, 'module__nonlin': Tanh()}
2024-05-30 09:37:28,000 0.793530 (0.010134) with: {'batch_size': 128, 'lr': 0.001, 'max_epochs': 16, 'module__n_features': 37, 'module__n_neurons': 64, 'module__nonlin': ReLU()}
2024-05-30 09:37:28,000 0.796900 (0.009722) with: {'batch_size': 128, 'lr': 0.001, 'max_epochs': 16, 'module__n_features': 37, 'module__n_neurons': 128, 'module__nonlin': Tanh()}
2024-05-30 09:37:28,000 0.796937 (0.010427) with: {'batch_size': 128, 'lr': 0.001, 'max_epochs': 16, 'module__n_features': 37, 'module__n_neurons': 128, 'module__nonlin': ReLU()}
2024-05-30 09:37:28,000 0.798166 (0.009568) with: {'batch_size': 128, 'lr': 0.001, 'max_epochs': 16, 'module__n_features': 37, 'module__n_neurons': 256, 'module__nonlin': Tanh()}
2024-05-30 09:37:28,000 0.798565 (0.009682) with: {'batch_size': 128, 'lr': 0.001, 'max_epochs': 16, 'module__n_features': 37, 'module__n_neurons': 256, 'module__nonlin': ReLU()}
2024-05-30 09:37:28,000 0.796157 (0.009782) with: {'batch_size': 128, 'lr': 0.001, 'max_epochs': 32, 'module__n_features': 37, 'module__n_neurons': 16, 'module__nonlin': Tanh()}
2024-05-30 09:37:28,000 0.793678 (0.008829) with: {'batch_size': 128, 'lr': 0.001, 'max_epochs': 32, 'module__n_features': 37, 'module__n_neurons': 16, 'module__nonlin': ReLU()}
2024-05-30 09:37:28,000 0.797968 (0.009593) with: {'batch_size': 128, 'lr': 0.001, 'max_epochs': 32, 'module__n_features': 37, 'module__n_neurons': 32, 'module__nonlin': Tanh()}
2024-05-30 09:37:28,000 0.797600 (0.009805) with: {'batch_size': 128, 'lr': 0.001, 'max_epochs': 32, 'module__n_features': 37, 'module__n_neurons': 32, 'module__nonlin': ReLU()}
2024-05-30 09:37:28,000 0.799066 (0.009353) with: {'batch_size': 128, 'lr': 0.001, 'max_epochs': 32, 'module__n_features': 37, 'module__n_neurons': 64, 'module__nonlin': Tanh()}
2024-05-30 09:37:28,000 0.798987 (0.010035) with: {'batch_size': 128, 'lr': 0.001, 'max_epochs': 32, 'module__n_features': 37, 'module__n_neurons': 64, 'module__nonlin': ReLU()}
2024-05-30 09:37:28,000 0.799589 (0.009574) with: {'batch_size': 128, 'lr': 0.001, 'max_epochs': 32, 'module__n_features': 37, 'module__n_neurons': 128, 'module__nonlin': Tanh()}
2024-05-30 09:37:28,000 0.800193 (0.009683) with: {'batch_size': 128, 'lr': 0.001, 'max_epochs': 32, 'module__n_features': 37, 'module__n_neurons': 128, 'module__nonlin': ReLU()}
2024-05-30 09:37:28,000 0.800603 (0.009460) with: {'batch_size': 128, 'lr': 0.001, 'max_epochs': 32, 'module__n_features': 37, 'module__n_neurons': 256, 'module__nonlin': Tanh()}
2024-05-30 09:37:28,001 0.801380 (0.009828) with: {'batch_size': 128, 'lr': 0.001, 'max_epochs': 32, 'module__n_features': 37, 'module__n_neurons': 256, 'module__nonlin': ReLU()}
2024-05-30 09:37:28,001 0.799595 (0.009354) with: {'batch_size': 128, 'lr': 0.001, 'max_epochs': 64, 'module__n_features': 37, 'module__n_neurons': 16, 'module__nonlin': Tanh()}
2024-05-30 09:37:28,001 0.798907 (0.009792) with: {'batch_size': 128, 'lr': 0.001, 'max_epochs': 64, 'module__n_features': 37, 'module__n_neurons': 16, 'module__nonlin': ReLU()}
2024-05-30 09:37:28,001 0.800123 (0.009544) with: {'batch_size': 128, 'lr': 0.001, 'max_epochs': 64, 'module__n_features': 37, 'module__n_neurons': 32, 'module__nonlin': Tanh()}
2024-05-30 09:37:28,001 0.800091 (0.009439) with: {'batch_size': 128, 'lr': 0.001, 'max_epochs': 64, 'module__n_features': 37, 'module__n_neurons': 32, 'module__nonlin': ReLU()}
2024-05-30 09:37:28,001 0.800827 (0.009517) with: {'batch_size': 128, 'lr': 0.001, 'max_epochs': 64, 'module__n_features': 37, 'module__n_neurons': 64, 'module__nonlin': Tanh()}
2024-05-30 09:37:28,001 0.801458 (0.009503) with: {'batch_size': 128, 'lr': 0.001, 'max_epochs': 64, 'module__n_features': 37, 'module__n_neurons': 64, 'module__nonlin': ReLU()}
2024-05-30 09:37:28,001 0.801139 (0.009770) with: {'batch_size': 128, 'lr': 0.001, 'max_epochs': 64, 'module__n_features': 37, 'module__n_neurons': 128, 'module__nonlin': Tanh()}
2024-05-30 09:37:28,001 0.801825 (0.009780) with: {'batch_size': 128, 'lr': 0.001, 'max_epochs': 64, 'module__n_features': 37, 'module__n_neurons': 128, 'module__nonlin': ReLU()}
2024-05-30 09:37:28,001 0.801815 (0.009767) with: {'batch_size': 128, 'lr': 0.001, 'max_epochs': 64, 'module__n_features': 37, 'module__n_neurons': 256, 'module__nonlin': Tanh()}
2024-05-30 09:37:28,001 0.802158 (0.010238) with: {'batch_size': 128, 'lr': 0.001, 'max_epochs': 64, 'module__n_features': 37, 'module__n_neurons': 256, 'module__nonlin': ReLU()}
2024-05-30 09:37:28,001 0.801177 (0.009525) with: {'batch_size': 128, 'lr': 0.001, 'max_epochs': 128, 'module__n_features': 37, 'module__n_neurons': 16, 'module__nonlin': Tanh()}
2024-05-30 09:37:28,001 0.800788 (0.010073) with: {'batch_size': 128, 'lr': 0.001, 'max_epochs': 128, 'module__n_features': 37, 'module__n_neurons': 16, 'module__nonlin': ReLU()}
2024-05-30 09:37:28,001 0.801515 (0.009672) with: {'batch_size': 128, 'lr': 0.001, 'max_epochs': 128, 'module__n_features': 37, 'module__n_neurons': 32, 'module__nonlin': Tanh()}
2024-05-30 09:37:28,001 0.801688 (0.009835) with: {'batch_size': 128, 'lr': 0.001, 'max_epochs': 128, 'module__n_features': 37, 'module__n_neurons': 32, 'module__nonlin': ReLU()}
2024-05-30 09:37:28,001 0.801872 (0.009698) with: {'batch_size': 128, 'lr': 0.001, 'max_epochs': 128, 'module__n_features': 37, 'module__n_neurons': 64, 'module__nonlin': Tanh()}
2024-05-30 09:37:28,001 0.801979 (0.009679) with: {'batch_size': 128, 'lr': 0.001, 'max_epochs': 128, 'module__n_features': 37, 'module__n_neurons': 64, 'module__nonlin': ReLU()}
2024-05-30 09:37:28,001 0.802117 (0.009771) with: {'batch_size': 128, 'lr': 0.001, 'max_epochs': 128, 'module__n_features': 37, 'module__n_neurons': 128, 'module__nonlin': Tanh()}
2024-05-30 09:37:28,001 0.802616 (0.010315) with: {'batch_size': 128, 'lr': 0.001, 'max_epochs': 128, 'module__n_features': 37, 'module__n_neurons': 128, 'module__nonlin': ReLU()}
2024-05-30 09:37:28,001 0.802224 (0.009816) with: {'batch_size': 128, 'lr': 0.001, 'max_epochs': 128, 'module__n_features': 37, 'module__n_neurons': 256, 'module__nonlin': Tanh()}
2024-05-30 09:37:28,001 0.800955 (0.009972) with: {'batch_size': 128, 'lr': 0.001, 'max_epochs': 128, 'module__n_features': 37, 'module__n_neurons': 256, 'module__nonlin': ReLU()}
2024-05-30 09:37:28,001 0.800542 (0.010089) with: {'batch_size': 128, 'lr': 0.01, 'max_epochs': 16, 'module__n_features': 37, 'module__n_neurons': 16, 'module__nonlin': Tanh()}
2024-05-30 09:37:28,001 0.800546 (0.009742) with: {'batch_size': 128, 'lr': 0.01, 'max_epochs': 16, 'module__n_features': 37, 'module__n_neurons': 16, 'module__nonlin': ReLU()}
2024-05-30 09:37:28,001 0.800664 (0.010212) with: {'batch_size': 128, 'lr': 0.01, 'max_epochs': 16, 'module__n_features': 37, 'module__n_neurons': 32, 'module__nonlin': Tanh()}
2024-05-30 09:37:28,001 0.800811 (0.010085) with: {'batch_size': 128, 'lr': 0.01, 'max_epochs': 16, 'module__n_features': 37, 'module__n_neurons': 32, 'module__nonlin': ReLU()}
2024-05-30 09:37:28,001 0.800617 (0.010294) with: {'batch_size': 128, 'lr': 0.01, 'max_epochs': 16, 'module__n_features': 37, 'module__n_neurons': 64, 'module__nonlin': Tanh()}
2024-05-30 09:37:28,001 0.800865 (0.011061) with: {'batch_size': 128, 'lr': 0.01, 'max_epochs': 16, 'module__n_features': 37, 'module__n_neurons': 64, 'module__nonlin': ReLU()}
2024-05-30 09:37:28,001 0.800628 (0.010331) with: {'batch_size': 128, 'lr': 0.01, 'max_epochs': 16, 'module__n_features': 37, 'module__n_neurons': 128, 'module__nonlin': Tanh()}
2024-05-30 09:37:28,001 0.800349 (0.011579) with: {'batch_size': 128, 'lr': 0.01, 'max_epochs': 16, 'module__n_features': 37, 'module__n_neurons': 128, 'module__nonlin': ReLU()}
2024-05-30 09:37:28,001 0.800924 (0.010384) with: {'batch_size': 128, 'lr': 0.01, 'max_epochs': 16, 'module__n_features': 37, 'module__n_neurons': 256, 'module__nonlin': Tanh()}
2024-05-30 09:37:28,001 0.800018 (0.011357) with: {'batch_size': 128, 'lr': 0.01, 'max_epochs': 16, 'module__n_features': 37, 'module__n_neurons': 256, 'module__nonlin': ReLU()}
2024-05-30 09:37:28,001 0.801552 (0.010184) with: {'batch_size': 128, 'lr': 0.01, 'max_epochs': 32, 'module__n_features': 37, 'module__n_neurons': 16, 'module__nonlin': Tanh()}
2024-05-30 09:37:28,001 0.801515 (0.010162) with: {'batch_size': 128, 'lr': 0.01, 'max_epochs': 32, 'module__n_features': 37, 'module__n_neurons': 16, 'module__nonlin': ReLU()}
2024-05-30 09:37:28,001 0.801499 (0.010262) with: {'batch_size': 128, 'lr': 0.01, 'max_epochs': 32, 'module__n_features': 37, 'module__n_neurons': 32, 'module__nonlin': Tanh()}
2024-05-30 09:37:28,001 0.800694 (0.010666) with: {'batch_size': 128, 'lr': 0.01, 'max_epochs': 32, 'module__n_features': 37, 'module__n_neurons': 32, 'module__nonlin': ReLU()}
2024-05-30 09:37:28,001 0.801552 (0.010386) with: {'batch_size': 128, 'lr': 0.01, 'max_epochs': 32, 'module__n_features': 37, 'module__n_neurons': 64, 'module__nonlin': Tanh()}
2024-05-30 09:37:28,001 0.799635 (0.010370) with: {'batch_size': 128, 'lr': 0.01, 'max_epochs': 32, 'module__n_features': 37, 'module__n_neurons': 64, 'module__nonlin': ReLU()}
2024-05-30 09:37:28,001 0.801523 (0.010180) with: {'batch_size': 128, 'lr': 0.01, 'max_epochs': 32, 'module__n_features': 37, 'module__n_neurons': 128, 'module__nonlin': Tanh()}
2024-05-30 09:37:28,001 0.798099 (0.011142) with: {'batch_size': 128, 'lr': 0.01, 'max_epochs': 32, 'module__n_features': 37, 'module__n_neurons': 128, 'module__nonlin': ReLU()}
2024-05-30 09:37:28,001 0.801548 (0.010208) with: {'batch_size': 128, 'lr': 0.01, 'max_epochs': 32, 'module__n_features': 37, 'module__n_neurons': 256, 'module__nonlin': Tanh()}
2024-05-30 09:37:28,001 0.796491 (0.011075) with: {'batch_size': 128, 'lr': 0.01, 'max_epochs': 32, 'module__n_features': 37, 'module__n_neurons': 256, 'module__nonlin': ReLU()}
2024-05-30 09:37:28,001 0.802115 (0.010575) with: {'batch_size': 128, 'lr': 0.01, 'max_epochs': 64, 'module__n_features': 37, 'module__n_neurons': 16, 'module__nonlin': Tanh()}
2024-05-30 09:37:28,001 0.799835 (0.010119) with: {'batch_size': 128, 'lr': 0.01, 'max_epochs': 64, 'module__n_features': 37, 'module__n_neurons': 16, 'module__nonlin': ReLU()}
2024-05-30 09:37:28,001 0.802127 (0.010652) with: {'batch_size': 128, 'lr': 0.01, 'max_epochs': 64, 'module__n_features': 37, 'module__n_neurons': 32, 'module__nonlin': Tanh()}
2024-05-30 09:37:28,001 0.799223 (0.011012) with: {'batch_size': 128, 'lr': 0.01, 'max_epochs': 64, 'module__n_features': 37, 'module__n_neurons': 32, 'module__nonlin': ReLU()}
2024-05-30 09:37:28,001 0.801990 (0.010584) with: {'batch_size': 128, 'lr': 0.01, 'max_epochs': 64, 'module__n_features': 37, 'module__n_neurons': 64, 'module__nonlin': Tanh()}
2024-05-30 09:37:28,001 0.796653 (0.012097) with: {'batch_size': 128, 'lr': 0.01, 'max_epochs': 64, 'module__n_features': 37, 'module__n_neurons': 64, 'module__nonlin': ReLU()}
2024-05-30 09:37:28,001 0.802116 (0.010607) with: {'batch_size': 128, 'lr': 0.01, 'max_epochs': 64, 'module__n_features': 37, 'module__n_neurons': 128, 'module__nonlin': Tanh()}
2024-05-30 09:37:28,001 0.791546 (0.009481) with: {'batch_size': 128, 'lr': 0.01, 'max_epochs': 64, 'module__n_features': 37, 'module__n_neurons': 128, 'module__nonlin': ReLU()}
2024-05-30 09:37:28,001 0.802383 (0.010434) with: {'batch_size': 128, 'lr': 0.01, 'max_epochs': 64, 'module__n_features': 37, 'module__n_neurons': 256, 'module__nonlin': Tanh()}
2024-05-30 09:37:28,002 0.787542 (0.011051) with: {'batch_size': 128, 'lr': 0.01, 'max_epochs': 64, 'module__n_features': 37, 'module__n_neurons': 256, 'module__nonlin': ReLU()}
2024-05-30 09:37:28,002 0.801088 (0.010663) with: {'batch_size': 128, 'lr': 0.01, 'max_epochs': 128, 'module__n_features': 37, 'module__n_neurons': 16, 'module__nonlin': Tanh()}
2024-05-30 09:37:28,002 0.800364 (0.010798) with: {'batch_size': 128, 'lr': 0.01, 'max_epochs': 128, 'module__n_features': 37, 'module__n_neurons': 16, 'module__nonlin': ReLU()}
2024-05-30 09:37:28,002 0.800629 (0.011183) with: {'batch_size': 128, 'lr': 0.01, 'max_epochs': 128, 'module__n_features': 37, 'module__n_neurons': 32, 'module__nonlin': Tanh()}
2024-05-30 09:37:28,002 0.795390 (0.011082) with: {'batch_size': 128, 'lr': 0.01, 'max_epochs': 128, 'module__n_features': 37, 'module__n_neurons': 32, 'module__nonlin': ReLU()}
2024-05-30 09:37:28,002 0.800747 (0.010989) with: {'batch_size': 128, 'lr': 0.01, 'max_epochs': 128, 'module__n_features': 37, 'module__n_neurons': 64, 'module__nonlin': Tanh()}
2024-05-30 09:37:28,002 0.784149 (0.010307) with: {'batch_size': 128, 'lr': 0.01, 'max_epochs': 128, 'module__n_features': 37, 'module__n_neurons': 64, 'module__nonlin': ReLU()}
2024-05-30 09:37:28,002 0.800511 (0.011282) with: {'batch_size': 128, 'lr': 0.01, 'max_epochs': 128, 'module__n_features': 37, 'module__n_neurons': 128, 'module__nonlin': Tanh()}
2024-05-30 09:37:28,002 0.775648 (0.014589) with: {'batch_size': 128, 'lr': 0.01, 'max_epochs': 128, 'module__n_features': 37, 'module__n_neurons': 128, 'module__nonlin': ReLU()}
2024-05-30 09:37:28,002 0.800815 (0.011553) with: {'batch_size': 128, 'lr': 0.01, 'max_epochs': 128, 'module__n_features': 37, 'module__n_neurons': 256, 'module__nonlin': Tanh()}
2024-05-30 09:37:28,002 0.764891 (0.009582) with: {'batch_size': 128, 'lr': 0.01, 'max_epochs': 128, 'module__n_features': 37, 'module__n_neurons': 256, 'module__nonlin': ReLU()}
2024-05-30 09:37:28,002 0.800800 (0.010530) with: {'batch_size': 128, 'lr': 0.02, 'max_epochs': 16, 'module__n_features': 37, 'module__n_neurons': 16, 'module__nonlin': Tanh()}
2024-05-30 09:37:28,002 0.800513 (0.010372) with: {'batch_size': 128, 'lr': 0.02, 'max_epochs': 16, 'module__n_features': 37, 'module__n_neurons': 16, 'module__nonlin': ReLU()}
2024-05-30 09:37:28,002 0.800609 (0.010439) with: {'batch_size': 128, 'lr': 0.02, 'max_epochs': 16, 'module__n_features': 37, 'module__n_neurons': 32, 'module__nonlin': Tanh()}
2024-05-30 09:37:28,002 0.800288 (0.012015) with: {'batch_size': 128, 'lr': 0.02, 'max_epochs': 16, 'module__n_features': 37, 'module__n_neurons': 32, 'module__nonlin': ReLU()}
2024-05-30 09:37:28,002 0.800871 (0.010458) with: {'batch_size': 128, 'lr': 0.02, 'max_epochs': 16, 'module__n_features': 37, 'module__n_neurons': 64, 'module__nonlin': Tanh()}
2024-05-30 09:37:28,002 0.800064 (0.010642) with: {'batch_size': 128, 'lr': 0.02, 'max_epochs': 16, 'module__n_features': 37, 'module__n_neurons': 64, 'module__nonlin': ReLU()}
2024-05-30 09:37:28,002 0.800974 (0.010324) with: {'batch_size': 128, 'lr': 0.02, 'max_epochs': 16, 'module__n_features': 37, 'module__n_neurons': 128, 'module__nonlin': Tanh()}
2024-05-30 09:37:28,002 0.799623 (0.011563) with: {'batch_size': 128, 'lr': 0.02, 'max_epochs': 16, 'module__n_features': 37, 'module__n_neurons': 128, 'module__nonlin': ReLU()}
2024-05-30 09:37:28,002 0.800833 (0.010284) with: {'batch_size': 128, 'lr': 0.02, 'max_epochs': 16, 'module__n_features': 37, 'module__n_neurons': 256, 'module__nonlin': Tanh()}
2024-05-30 09:37:28,002 0.798276 (0.011478) with: {'batch_size': 128, 'lr': 0.02, 'max_epochs': 16, 'module__n_features': 37, 'module__n_neurons': 256, 'module__nonlin': ReLU()}
2024-05-30 09:37:28,002 0.801713 (0.010755) with: {'batch_size': 128, 'lr': 0.02, 'max_epochs': 32, 'module__n_features': 37, 'module__n_neurons': 16, 'module__nonlin': Tanh()}
2024-05-30 09:37:28,002 0.800400 (0.010518) with: {'batch_size': 128, 'lr': 0.02, 'max_epochs': 32, 'module__n_features': 37, 'module__n_neurons': 16, 'module__nonlin': ReLU()}
2024-05-30 09:37:28,002 0.801102 (0.011062) with: {'batch_size': 128, 'lr': 0.02, 'max_epochs': 32, 'module__n_features': 37, 'module__n_neurons': 32, 'module__nonlin': Tanh()}
2024-05-30 09:37:28,002 0.797216 (0.011835) with: {'batch_size': 128, 'lr': 0.02, 'max_epochs': 32, 'module__n_features': 37, 'module__n_neurons': 32, 'module__nonlin': ReLU()}
2024-05-30 09:37:28,002 0.801246 (0.010865) with: {'batch_size': 128, 'lr': 0.02, 'max_epochs': 32, 'module__n_features': 37, 'module__n_neurons': 64, 'module__nonlin': Tanh()}
2024-05-30 09:37:28,002 0.795801 (0.012664) with: {'batch_size': 128, 'lr': 0.02, 'max_epochs': 32, 'module__n_features': 37, 'module__n_neurons': 64, 'module__nonlin': ReLU()}
2024-05-30 09:37:28,002 0.801757 (0.010463) with: {'batch_size': 128, 'lr': 0.02, 'max_epochs': 32, 'module__n_features': 37, 'module__n_neurons': 128, 'module__nonlin': Tanh()}
2024-05-30 09:37:28,002 0.796321 (0.012552) with: {'batch_size': 128, 'lr': 0.02, 'max_epochs': 32, 'module__n_features': 37, 'module__n_neurons': 128, 'module__nonlin': ReLU()}
2024-05-30 09:37:28,002 0.801356 (0.010849) with: {'batch_size': 128, 'lr': 0.02, 'max_epochs': 32, 'module__n_features': 37, 'module__n_neurons': 256, 'module__nonlin': Tanh()}
2024-05-30 09:37:28,002 0.793275 (0.010502) with: {'batch_size': 128, 'lr': 0.02, 'max_epochs': 32, 'module__n_features': 37, 'module__n_neurons': 256, 'module__nonlin': ReLU()}
2024-05-30 09:37:28,002 0.800348 (0.011381) with: {'batch_size': 128, 'lr': 0.02, 'max_epochs': 64, 'module__n_features': 37, 'module__n_neurons': 16, 'module__nonlin': Tanh()}
2024-05-30 09:37:28,002 0.797475 (0.010321) with: {'batch_size': 128, 'lr': 0.02, 'max_epochs': 64, 'module__n_features': 37, 'module__n_neurons': 16, 'module__nonlin': ReLU()}
2024-05-30 09:37:28,002 0.800582 (0.011593) with: {'batch_size': 128, 'lr': 0.02, 'max_epochs': 64, 'module__n_features': 37, 'module__n_neurons': 32, 'module__nonlin': Tanh()}
2024-05-30 09:37:28,002 0.795268 (0.013298) with: {'batch_size': 128, 'lr': 0.02, 'max_epochs': 64, 'module__n_features': 37, 'module__n_neurons': 32, 'module__nonlin': ReLU()}
2024-05-30 09:37:28,002 0.800841 (0.011218) with: {'batch_size': 128, 'lr': 0.02, 'max_epochs': 64, 'module__n_features': 37, 'module__n_neurons': 64, 'module__nonlin': Tanh()}
2024-05-30 09:37:28,002 0.791991 (0.012179) with: {'batch_size': 128, 'lr': 0.02, 'max_epochs': 64, 'module__n_features': 37, 'module__n_neurons': 64, 'module__nonlin': ReLU()}
2024-05-30 09:37:28,002 0.800547 (0.011071) with: {'batch_size': 128, 'lr': 0.02, 'max_epochs': 64, 'module__n_features': 37, 'module__n_neurons': 128, 'module__nonlin': Tanh()}
2024-05-30 09:37:28,002 0.784494 (0.013454) with: {'batch_size': 128, 'lr': 0.02, 'max_epochs': 64, 'module__n_features': 37, 'module__n_neurons': 128, 'module__nonlin': ReLU()}
2024-05-30 09:37:28,002 0.800941 (0.010774) with: {'batch_size': 128, 'lr': 0.02, 'max_epochs': 64, 'module__n_features': 37, 'module__n_neurons': 256, 'module__nonlin': Tanh()}
2024-05-30 09:37:28,002 0.779752 (0.012077) with: {'batch_size': 128, 'lr': 0.02, 'max_epochs': 64, 'module__n_features': 37, 'module__n_neurons': 256, 'module__nonlin': ReLU()}
2024-05-30 09:37:28,002 0.797036 (0.011860) with: {'batch_size': 128, 'lr': 0.02, 'max_epochs': 128, 'module__n_features': 37, 'module__n_neurons': 16, 'module__nonlin': Tanh()}
2024-05-30 09:37:28,002 0.794276 (0.009705) with: {'batch_size': 128, 'lr': 0.02, 'max_epochs': 128, 'module__n_features': 37, 'module__n_neurons': 16, 'module__nonlin': ReLU()}
2024-05-30 09:37:28,002 0.795910 (0.011092) with: {'batch_size': 128, 'lr': 0.02, 'max_epochs': 128, 'module__n_features': 37, 'module__n_neurons': 32, 'module__nonlin': Tanh()}
2024-05-30 09:37:28,002 0.785996 (0.009859) with: {'batch_size': 128, 'lr': 0.02, 'max_epochs': 128, 'module__n_features': 37, 'module__n_neurons': 32, 'module__nonlin': ReLU()}
2024-05-30 09:37:28,002 0.796790 (0.011178) with: {'batch_size': 128, 'lr': 0.02, 'max_epochs': 128, 'module__n_features': 37, 'module__n_neurons': 64, 'module__nonlin': Tanh()}
2024-05-30 09:37:28,002 0.776733 (0.010390) with: {'batch_size': 128, 'lr': 0.02, 'max_epochs': 128, 'module__n_features': 37, 'module__n_neurons': 64, 'module__nonlin': ReLU()}
2024-05-30 09:37:28,002 0.795107 (0.009828) with: {'batch_size': 128, 'lr': 0.02, 'max_epochs': 128, 'module__n_features': 37, 'module__n_neurons': 128, 'module__nonlin': Tanh()}
2024-05-30 09:37:28,002 0.765718 (0.011184) with: {'batch_size': 128, 'lr': 0.02, 'max_epochs': 128, 'module__n_features': 37, 'module__n_neurons': 128, 'module__nonlin': ReLU()}
2024-05-30 09:37:28,002 0.796345 (0.010902) with: {'batch_size': 128, 'lr': 0.02, 'max_epochs': 128, 'module__n_features': 37, 'module__n_neurons': 256, 'module__nonlin': Tanh()}
2024-05-30 09:37:28,003 0.752820 (0.012715) with: {'batch_size': 128, 'lr': 0.02, 'max_epochs': 128, 'module__n_features': 37, 'module__n_neurons': 256, 'module__nonlin': ReLU()}
