2024-06-01 04:05:45,253 Best: 0.802888 using {'batch_size': 16, 'lr': 0.001, 'max_epochs': 128, 'module__n_features': 37, 'module__n_neurons': 16, 'module__nonlin': Tanh()}
2024-06-01 04:05:45,254 Best estimator configuration: 
 <class 'skorch.classifier.NeuralNetClassifier'>[initialized](
  module_=Module2Layers(
    (dense0): Linear(in_features=37, out_features=16, bias=True)
    (act): Tanh()
    (dense1): Linear(in_features=16, out_features=16, bias=True)
    (output): Linear(in_features=16, out_features=1, bias=True)
    (sigmoid): Sigmoid()
  ),
)
2024-06-01 04:05:45,254 0.799603 (0.010005) with: {'batch_size': 16, 'lr': 0.001, 'max_epochs': 16, 'module__n_features': 37, 'module__n_neurons': 16, 'module__nonlin': Tanh()}
2024-06-01 04:05:45,254 0.799378 (0.009500) with: {'batch_size': 16, 'lr': 0.001, 'max_epochs': 16, 'module__n_features': 37, 'module__n_neurons': 16, 'module__nonlin': ReLU()}
2024-06-01 04:05:45,254 0.800689 (0.009908) with: {'batch_size': 16, 'lr': 0.001, 'max_epochs': 16, 'module__n_features': 37, 'module__n_neurons': 32, 'module__nonlin': Tanh()}
2024-06-01 04:05:45,254 0.799877 (0.009974) with: {'batch_size': 16, 'lr': 0.001, 'max_epochs': 16, 'module__n_features': 37, 'module__n_neurons': 32, 'module__nonlin': ReLU()}
2024-06-01 04:05:45,254 0.801369 (0.010010) with: {'batch_size': 16, 'lr': 0.001, 'max_epochs': 16, 'module__n_features': 37, 'module__n_neurons': 64, 'module__nonlin': Tanh()}
2024-06-01 04:05:45,254 0.802062 (0.010122) with: {'batch_size': 16, 'lr': 0.001, 'max_epochs': 16, 'module__n_features': 37, 'module__n_neurons': 64, 'module__nonlin': ReLU()}
2024-06-01 04:05:45,254 0.801917 (0.010279) with: {'batch_size': 16, 'lr': 0.001, 'max_epochs': 16, 'module__n_features': 37, 'module__n_neurons': 128, 'module__nonlin': Tanh()}
2024-06-01 04:05:45,254 0.802232 (0.010752) with: {'batch_size': 16, 'lr': 0.001, 'max_epochs': 16, 'module__n_features': 37, 'module__n_neurons': 128, 'module__nonlin': ReLU()}
2024-06-01 04:05:45,254 0.801752 (0.010454) with: {'batch_size': 16, 'lr': 0.001, 'max_epochs': 16, 'module__n_features': 37, 'module__n_neurons': 256, 'module__nonlin': Tanh()}
2024-06-01 04:05:45,254 0.802467 (0.010637) with: {'batch_size': 16, 'lr': 0.001, 'max_epochs': 16, 'module__n_features': 37, 'module__n_neurons': 256, 'module__nonlin': ReLU()}
2024-06-01 04:05:45,254 0.801082 (0.009921) with: {'batch_size': 16, 'lr': 0.001, 'max_epochs': 32, 'module__n_features': 37, 'module__n_neurons': 16, 'module__nonlin': Tanh()}
2024-06-01 04:05:45,254 0.800883 (0.010028) with: {'batch_size': 16, 'lr': 0.001, 'max_epochs': 32, 'module__n_features': 37, 'module__n_neurons': 16, 'module__nonlin': ReLU()}
2024-06-01 04:05:45,254 0.801725 (0.010257) with: {'batch_size': 16, 'lr': 0.001, 'max_epochs': 32, 'module__n_features': 37, 'module__n_neurons': 32, 'module__nonlin': Tanh()}
2024-06-01 04:05:45,254 0.801975 (0.009923) with: {'batch_size': 16, 'lr': 0.001, 'max_epochs': 32, 'module__n_features': 37, 'module__n_neurons': 32, 'module__nonlin': ReLU()}
2024-06-01 04:05:45,254 0.802470 (0.010214) with: {'batch_size': 16, 'lr': 0.001, 'max_epochs': 32, 'module__n_features': 37, 'module__n_neurons': 64, 'module__nonlin': Tanh()}
2024-06-01 04:05:45,254 0.802739 (0.010638) with: {'batch_size': 16, 'lr': 0.001, 'max_epochs': 32, 'module__n_features': 37, 'module__n_neurons': 64, 'module__nonlin': ReLU()}
2024-06-01 04:05:45,254 0.802313 (0.010207) with: {'batch_size': 16, 'lr': 0.001, 'max_epochs': 32, 'module__n_features': 37, 'module__n_neurons': 128, 'module__nonlin': Tanh()}
2024-06-01 04:05:45,254 0.800947 (0.011446) with: {'batch_size': 16, 'lr': 0.001, 'max_epochs': 32, 'module__n_features': 37, 'module__n_neurons': 128, 'module__nonlin': ReLU()}
2024-06-01 04:05:45,254 0.802319 (0.010308) with: {'batch_size': 16, 'lr': 0.001, 'max_epochs': 32, 'module__n_features': 37, 'module__n_neurons': 256, 'module__nonlin': Tanh()}
2024-06-01 04:05:45,258 0.798005 (0.011414) with: {'batch_size': 16, 'lr': 0.001, 'max_epochs': 32, 'module__n_features': 37, 'module__n_neurons': 256, 'module__nonlin': ReLU()}
2024-06-01 04:05:45,258 0.801957 (0.010032) with: {'batch_size': 16, 'lr': 0.001, 'max_epochs': 64, 'module__n_features': 37, 'module__n_neurons': 16, 'module__nonlin': Tanh()}
2024-06-01 04:05:45,258 0.802023 (0.009019) with: {'batch_size': 16, 'lr': 0.001, 'max_epochs': 64, 'module__n_features': 37, 'module__n_neurons': 16, 'module__nonlin': ReLU()}
2024-06-01 04:05:45,258 0.802558 (0.010102) with: {'batch_size': 16, 'lr': 0.001, 'max_epochs': 64, 'module__n_features': 37, 'module__n_neurons': 32, 'module__nonlin': Tanh()}
2024-06-01 04:05:45,258 0.801548 (0.010564) with: {'batch_size': 16, 'lr': 0.001, 'max_epochs': 64, 'module__n_features': 37, 'module__n_neurons': 32, 'module__nonlin': ReLU()}
2024-06-01 04:05:45,258 0.802418 (0.010138) with: {'batch_size': 16, 'lr': 0.001, 'max_epochs': 64, 'module__n_features': 37, 'module__n_neurons': 64, 'module__nonlin': Tanh()}
2024-06-01 04:05:45,258 0.799474 (0.011652) with: {'batch_size': 16, 'lr': 0.001, 'max_epochs': 64, 'module__n_features': 37, 'module__n_neurons': 64, 'module__nonlin': ReLU()}
2024-06-01 04:05:45,258 0.802510 (0.010523) with: {'batch_size': 16, 'lr': 0.001, 'max_epochs': 64, 'module__n_features': 37, 'module__n_neurons': 128, 'module__nonlin': Tanh()}
2024-06-01 04:05:45,258 0.796292 (0.011915) with: {'batch_size': 16, 'lr': 0.001, 'max_epochs': 64, 'module__n_features': 37, 'module__n_neurons': 128, 'module__nonlin': ReLU()}
2024-06-01 04:05:45,258 0.802069 (0.010692) with: {'batch_size': 16, 'lr': 0.001, 'max_epochs': 64, 'module__n_features': 37, 'module__n_neurons': 256, 'module__nonlin': Tanh()}
2024-06-01 04:05:45,258 0.784171 (0.013080) with: {'batch_size': 16, 'lr': 0.001, 'max_epochs': 64, 'module__n_features': 37, 'module__n_neurons': 256, 'module__nonlin': ReLU()}
2024-06-01 04:05:45,258 0.802888 (0.010415) with: {'batch_size': 16, 'lr': 0.001, 'max_epochs': 128, 'module__n_features': 37, 'module__n_neurons': 16, 'module__nonlin': Tanh()}
2024-06-01 04:05:45,258 0.801316 (0.010430) with: {'batch_size': 16, 'lr': 0.001, 'max_epochs': 128, 'module__n_features': 37, 'module__n_neurons': 16, 'module__nonlin': ReLU()}
2024-06-01 04:05:45,258 0.802697 (0.010365) with: {'batch_size': 16, 'lr': 0.001, 'max_epochs': 128, 'module__n_features': 37, 'module__n_neurons': 32, 'module__nonlin': Tanh()}
2024-06-01 04:05:45,258 0.799722 (0.009688) with: {'batch_size': 16, 'lr': 0.001, 'max_epochs': 128, 'module__n_features': 37, 'module__n_neurons': 32, 'module__nonlin': ReLU()}
2024-06-01 04:05:45,258 0.802352 (0.010479) with: {'batch_size': 16, 'lr': 0.001, 'max_epochs': 128, 'module__n_features': 37, 'module__n_neurons': 64, 'module__nonlin': Tanh()}
2024-06-01 04:05:45,258 0.790069 (0.012961) with: {'batch_size': 16, 'lr': 0.001, 'max_epochs': 128, 'module__n_features': 37, 'module__n_neurons': 64, 'module__nonlin': ReLU()}
2024-06-01 04:05:45,258 0.801347 (0.010534) with: {'batch_size': 16, 'lr': 0.001, 'max_epochs': 128, 'module__n_features': 37, 'module__n_neurons': 128, 'module__nonlin': Tanh()}
2024-06-01 04:05:45,258 0.778569 (0.014572) with: {'batch_size': 16, 'lr': 0.001, 'max_epochs': 128, 'module__n_features': 37, 'module__n_neurons': 128, 'module__nonlin': ReLU()}
2024-06-01 04:05:45,258 0.797612 (0.010527) with: {'batch_size': 16, 'lr': 0.001, 'max_epochs': 128, 'module__n_features': 37, 'module__n_neurons': 256, 'module__nonlin': Tanh()}
2024-06-01 04:05:45,258 0.754781 (0.016503) with: {'batch_size': 16, 'lr': 0.001, 'max_epochs': 128, 'module__n_features': 37, 'module__n_neurons': 256, 'module__nonlin': ReLU()}
2024-06-01 04:05:45,258 0.801688 (0.011094) with: {'batch_size': 16, 'lr': 0.01, 'max_epochs': 16, 'module__n_features': 37, 'module__n_neurons': 16, 'module__nonlin': Tanh()}
2024-06-01 04:05:45,258 0.801145 (0.010939) with: {'batch_size': 16, 'lr': 0.01, 'max_epochs': 16, 'module__n_features': 37, 'module__n_neurons': 16, 'module__nonlin': ReLU()}
2024-06-01 04:05:45,258 0.801448 (0.010956) with: {'batch_size': 16, 'lr': 0.01, 'max_epochs': 16, 'module__n_features': 37, 'module__n_neurons': 32, 'module__nonlin': Tanh()}
2024-06-01 04:05:45,258 0.800167 (0.011789) with: {'batch_size': 16, 'lr': 0.01, 'max_epochs': 16, 'module__n_features': 37, 'module__n_neurons': 32, 'module__nonlin': ReLU()}
2024-06-01 04:05:45,258 0.800679 (0.011259) with: {'batch_size': 16, 'lr': 0.01, 'max_epochs': 16, 'module__n_features': 37, 'module__n_neurons': 64, 'module__nonlin': Tanh()}
2024-06-01 04:05:45,258 0.798704 (0.011748) with: {'batch_size': 16, 'lr': 0.01, 'max_epochs': 16, 'module__n_features': 37, 'module__n_neurons': 64, 'module__nonlin': ReLU()}
2024-06-01 04:05:45,258 0.797797 (0.012560) with: {'batch_size': 16, 'lr': 0.01, 'max_epochs': 16, 'module__n_features': 37, 'module__n_neurons': 128, 'module__nonlin': Tanh()}
2024-06-01 04:05:45,258 0.795621 (0.013590) with: {'batch_size': 16, 'lr': 0.01, 'max_epochs': 16, 'module__n_features': 37, 'module__n_neurons': 128, 'module__nonlin': ReLU()}
2024-06-01 04:05:45,258 0.794759 (0.014207) with: {'batch_size': 16, 'lr': 0.01, 'max_epochs': 16, 'module__n_features': 37, 'module__n_neurons': 256, 'module__nonlin': Tanh()}
2024-06-01 04:05:45,258 0.790503 (0.010756) with: {'batch_size': 16, 'lr': 0.01, 'max_epochs': 16, 'module__n_features': 37, 'module__n_neurons': 256, 'module__nonlin': ReLU()}
2024-06-01 04:05:45,258 0.800971 (0.011615) with: {'batch_size': 16, 'lr': 0.01, 'max_epochs': 32, 'module__n_features': 37, 'module__n_neurons': 16, 'module__nonlin': Tanh()}
2024-06-01 04:05:45,258 0.799081 (0.013042) with: {'batch_size': 16, 'lr': 0.01, 'max_epochs': 32, 'module__n_features': 37, 'module__n_neurons': 16, 'module__nonlin': ReLU()}
2024-06-01 04:05:45,258 0.800434 (0.012193) with: {'batch_size': 16, 'lr': 0.01, 'max_epochs': 32, 'module__n_features': 37, 'module__n_neurons': 32, 'module__nonlin': Tanh()}
2024-06-01 04:05:45,259 0.798053 (0.012902) with: {'batch_size': 16, 'lr': 0.01, 'max_epochs': 32, 'module__n_features': 37, 'module__n_neurons': 32, 'module__nonlin': ReLU()}
2024-06-01 04:05:45,259 0.797379 (0.013328) with: {'batch_size': 16, 'lr': 0.01, 'max_epochs': 32, 'module__n_features': 37, 'module__n_neurons': 64, 'module__nonlin': Tanh()}
2024-06-01 04:05:45,259 0.786280 (0.011333) with: {'batch_size': 16, 'lr': 0.01, 'max_epochs': 32, 'module__n_features': 37, 'module__n_neurons': 64, 'module__nonlin': ReLU()}
2024-06-01 04:05:45,259 0.792306 (0.014744) with: {'batch_size': 16, 'lr': 0.01, 'max_epochs': 32, 'module__n_features': 37, 'module__n_neurons': 128, 'module__nonlin': Tanh()}
2024-06-01 04:05:45,259 0.775899 (0.009287) with: {'batch_size': 16, 'lr': 0.01, 'max_epochs': 32, 'module__n_features': 37, 'module__n_neurons': 128, 'module__nonlin': ReLU()}
2024-06-01 04:05:45,259 0.788364 (0.012836) with: {'batch_size': 16, 'lr': 0.01, 'max_epochs': 32, 'module__n_features': 37, 'module__n_neurons': 256, 'module__nonlin': Tanh()}
2024-06-01 04:05:45,259 0.769910 (0.014916) with: {'batch_size': 16, 'lr': 0.01, 'max_epochs': 32, 'module__n_features': 37, 'module__n_neurons': 256, 'module__nonlin': ReLU()}
2024-06-01 04:05:45,259 0.795559 (0.014567) with: {'batch_size': 16, 'lr': 0.01, 'max_epochs': 64, 'module__n_features': 37, 'module__n_neurons': 16, 'module__nonlin': Tanh()}
2024-06-01 04:05:45,259 0.793340 (0.013103) with: {'batch_size': 16, 'lr': 0.01, 'max_epochs': 64, 'module__n_features': 37, 'module__n_neurons': 16, 'module__nonlin': ReLU()}
2024-06-01 04:05:45,259 0.794486 (0.012877) with: {'batch_size': 16, 'lr': 0.01, 'max_epochs': 64, 'module__n_features': 37, 'module__n_neurons': 32, 'module__nonlin': Tanh()}
2024-06-01 04:05:45,259 0.783722 (0.010502) with: {'batch_size': 16, 'lr': 0.01, 'max_epochs': 64, 'module__n_features': 37, 'module__n_neurons': 32, 'module__nonlin': ReLU()}
2024-06-01 04:05:45,259 0.787256 (0.014072) with: {'batch_size': 16, 'lr': 0.01, 'max_epochs': 64, 'module__n_features': 37, 'module__n_neurons': 64, 'module__nonlin': Tanh()}
2024-06-01 04:05:45,259 0.765934 (0.015588) with: {'batch_size': 16, 'lr': 0.01, 'max_epochs': 64, 'module__n_features': 37, 'module__n_neurons': 64, 'module__nonlin': ReLU()}
2024-06-01 04:05:45,259 0.776075 (0.020797) with: {'batch_size': 16, 'lr': 0.01, 'max_epochs': 64, 'module__n_features': 37, 'module__n_neurons': 128, 'module__nonlin': Tanh()}
2024-06-01 04:05:45,259 0.740199 (0.015563) with: {'batch_size': 16, 'lr': 0.01, 'max_epochs': 64, 'module__n_features': 37, 'module__n_neurons': 128, 'module__nonlin': ReLU()}
2024-06-01 04:05:45,259 0.756473 (0.018375) with: {'batch_size': 16, 'lr': 0.01, 'max_epochs': 64, 'module__n_features': 37, 'module__n_neurons': 256, 'module__nonlin': Tanh()}
2024-06-01 04:05:45,259 0.733900 (0.010531) with: {'batch_size': 16, 'lr': 0.01, 'max_epochs': 64, 'module__n_features': 37, 'module__n_neurons': 256, 'module__nonlin': ReLU()}
2024-06-01 04:05:45,259 0.784267 (0.017370) with: {'batch_size': 16, 'lr': 0.01, 'max_epochs': 128, 'module__n_features': 37, 'module__n_neurons': 16, 'module__nonlin': Tanh()}
2024-06-01 04:05:45,259 0.775255 (0.014988) with: {'batch_size': 16, 'lr': 0.01, 'max_epochs': 128, 'module__n_features': 37, 'module__n_neurons': 16, 'module__nonlin': ReLU()}
2024-06-01 04:05:45,259 0.764809 (0.017619) with: {'batch_size': 16, 'lr': 0.01, 'max_epochs': 128, 'module__n_features': 37, 'module__n_neurons': 32, 'module__nonlin': Tanh()}
2024-06-01 04:05:45,259 0.751281 (0.018077) with: {'batch_size': 16, 'lr': 0.01, 'max_epochs': 128, 'module__n_features': 37, 'module__n_neurons': 32, 'module__nonlin': ReLU()}
2024-06-01 04:05:45,259 0.745911 (0.030242) with: {'batch_size': 16, 'lr': 0.01, 'max_epochs': 128, 'module__n_features': 37, 'module__n_neurons': 64, 'module__nonlin': Tanh()}
2024-06-01 04:05:45,259 0.728835 (0.018928) with: {'batch_size': 16, 'lr': 0.01, 'max_epochs': 128, 'module__n_features': 37, 'module__n_neurons': 64, 'module__nonlin': ReLU()}
2024-06-01 04:05:45,259 0.711163 (0.017818) with: {'batch_size': 16, 'lr': 0.01, 'max_epochs': 128, 'module__n_features': 37, 'module__n_neurons': 128, 'module__nonlin': Tanh()}
2024-06-01 04:05:45,259 0.718990 (0.018230) with: {'batch_size': 16, 'lr': 0.01, 'max_epochs': 128, 'module__n_features': 37, 'module__n_neurons': 128, 'module__nonlin': ReLU()}
2024-06-01 04:05:45,259 0.711428 (0.024534) with: {'batch_size': 16, 'lr': 0.01, 'max_epochs': 128, 'module__n_features': 37, 'module__n_neurons': 256, 'module__nonlin': Tanh()}
2024-06-01 04:05:45,259 0.698106 (0.018792) with: {'batch_size': 16, 'lr': 0.01, 'max_epochs': 128, 'module__n_features': 37, 'module__n_neurons': 256, 'module__nonlin': ReLU()}
2024-06-01 04:05:45,259 0.801219 (0.011461) with: {'batch_size': 16, 'lr': 0.02, 'max_epochs': 16, 'module__n_features': 37, 'module__n_neurons': 16, 'module__nonlin': Tanh()}
2024-06-01 04:05:45,259 0.799735 (0.012376) with: {'batch_size': 16, 'lr': 0.02, 'max_epochs': 16, 'module__n_features': 37, 'module__n_neurons': 16, 'module__nonlin': ReLU()}
2024-06-01 04:05:45,259 0.800120 (0.012921) with: {'batch_size': 16, 'lr': 0.02, 'max_epochs': 16, 'module__n_features': 37, 'module__n_neurons': 32, 'module__nonlin': Tanh()}
2024-06-01 04:05:45,259 0.799843 (0.011565) with: {'batch_size': 16, 'lr': 0.02, 'max_epochs': 16, 'module__n_features': 37, 'module__n_neurons': 32, 'module__nonlin': ReLU()}
2024-06-01 04:05:45,259 0.797283 (0.014997) with: {'batch_size': 16, 'lr': 0.02, 'max_epochs': 16, 'module__n_features': 37, 'module__n_neurons': 64, 'module__nonlin': Tanh()}
2024-06-01 04:05:45,259 0.797113 (0.013747) with: {'batch_size': 16, 'lr': 0.02, 'max_epochs': 16, 'module__n_features': 37, 'module__n_neurons': 64, 'module__nonlin': ReLU()}
2024-06-01 04:05:45,259 0.794452 (0.014297) with: {'batch_size': 16, 'lr': 0.02, 'max_epochs': 16, 'module__n_features': 37, 'module__n_neurons': 128, 'module__nonlin': Tanh()}
2024-06-01 04:05:45,259 0.796166 (0.012601) with: {'batch_size': 16, 'lr': 0.02, 'max_epochs': 16, 'module__n_features': 37, 'module__n_neurons': 128, 'module__nonlin': ReLU()}
2024-06-01 04:05:45,259 0.787725 (0.017261) with: {'batch_size': 16, 'lr': 0.02, 'max_epochs': 16, 'module__n_features': 37, 'module__n_neurons': 256, 'module__nonlin': Tanh()}
2024-06-01 04:05:45,259 0.795246 (0.010892) with: {'batch_size': 16, 'lr': 0.02, 'max_epochs': 16, 'module__n_features': 37, 'module__n_neurons': 256, 'module__nonlin': ReLU()}
2024-06-01 04:05:45,259 0.797443 (0.013061) with: {'batch_size': 16, 'lr': 0.02, 'max_epochs': 32, 'module__n_features': 37, 'module__n_neurons': 16, 'module__nonlin': Tanh()}
2024-06-01 04:05:45,259 0.799557 (0.008455) with: {'batch_size': 16, 'lr': 0.02, 'max_epochs': 32, 'module__n_features': 37, 'module__n_neurons': 16, 'module__nonlin': ReLU()}
2024-06-01 04:05:45,259 0.793985 (0.013069) with: {'batch_size': 16, 'lr': 0.02, 'max_epochs': 32, 'module__n_features': 37, 'module__n_neurons': 32, 'module__nonlin': Tanh()}
2024-06-01 04:05:45,259 0.791615 (0.010339) with: {'batch_size': 16, 'lr': 0.02, 'max_epochs': 32, 'module__n_features': 37, 'module__n_neurons': 32, 'module__nonlin': ReLU()}
2024-06-01 04:05:45,259 0.790822 (0.015005) with: {'batch_size': 16, 'lr': 0.02, 'max_epochs': 32, 'module__n_features': 37, 'module__n_neurons': 64, 'module__nonlin': Tanh()}
2024-06-01 04:05:45,259 0.788829 (0.011225) with: {'batch_size': 16, 'lr': 0.02, 'max_epochs': 32, 'module__n_features': 37, 'module__n_neurons': 64, 'module__nonlin': ReLU()}
2024-06-01 04:05:45,259 0.786087 (0.014702) with: {'batch_size': 16, 'lr': 0.02, 'max_epochs': 32, 'module__n_features': 37, 'module__n_neurons': 128, 'module__nonlin': Tanh()}
2024-06-01 04:05:45,259 0.778179 (0.013247) with: {'batch_size': 16, 'lr': 0.02, 'max_epochs': 32, 'module__n_features': 37, 'module__n_neurons': 128, 'module__nonlin': ReLU()}
2024-06-01 04:05:45,259 0.782629 (0.012861) with: {'batch_size': 16, 'lr': 0.02, 'max_epochs': 32, 'module__n_features': 37, 'module__n_neurons': 256, 'module__nonlin': Tanh()}
2024-06-01 04:05:45,259 0.773322 (0.013654) with: {'batch_size': 16, 'lr': 0.02, 'max_epochs': 32, 'module__n_features': 37, 'module__n_neurons': 256, 'module__nonlin': ReLU()}
2024-06-01 04:05:45,259 0.790663 (0.013301) with: {'batch_size': 16, 'lr': 0.02, 'max_epochs': 64, 'module__n_features': 37, 'module__n_neurons': 16, 'module__nonlin': Tanh()}
2024-06-01 04:05:45,259 0.789782 (0.008424) with: {'batch_size': 16, 'lr': 0.02, 'max_epochs': 64, 'module__n_features': 37, 'module__n_neurons': 16, 'module__nonlin': ReLU()}
2024-06-01 04:05:45,260 0.780508 (0.016659) with: {'batch_size': 16, 'lr': 0.02, 'max_epochs': 64, 'module__n_features': 37, 'module__n_neurons': 32, 'module__nonlin': Tanh()}
2024-06-01 04:05:45,260 0.772091 (0.014862) with: {'batch_size': 16, 'lr': 0.02, 'max_epochs': 64, 'module__n_features': 37, 'module__n_neurons': 32, 'module__nonlin': ReLU()}
2024-06-01 04:05:45,260 0.769025 (0.020985) with: {'batch_size': 16, 'lr': 0.02, 'max_epochs': 64, 'module__n_features': 37, 'module__n_neurons': 64, 'module__nonlin': Tanh()}
2024-06-01 04:05:45,260 0.762325 (0.013855) with: {'batch_size': 16, 'lr': 0.02, 'max_epochs': 64, 'module__n_features': 37, 'module__n_neurons': 64, 'module__nonlin': ReLU()}
2024-06-01 04:05:45,260 0.765105 (0.012041) with: {'batch_size': 16, 'lr': 0.02, 'max_epochs': 64, 'module__n_features': 37, 'module__n_neurons': 128, 'module__nonlin': Tanh()}
2024-06-01 04:05:45,260 0.744359 (0.014286) with: {'batch_size': 16, 'lr': 0.02, 'max_epochs': 64, 'module__n_features': 37, 'module__n_neurons': 128, 'module__nonlin': ReLU()}
2024-06-01 04:05:45,260 0.774552 (0.014890) with: {'batch_size': 16, 'lr': 0.02, 'max_epochs': 64, 'module__n_features': 37, 'module__n_neurons': 256, 'module__nonlin': Tanh()}
2024-06-01 04:05:45,260 0.732430 (0.016612) with: {'batch_size': 16, 'lr': 0.02, 'max_epochs': 64, 'module__n_features': 37, 'module__n_neurons': 256, 'module__nonlin': ReLU()}
2024-06-01 04:05:45,260 0.760370 (0.017031) with: {'batch_size': 16, 'lr': 0.02, 'max_epochs': 128, 'module__n_features': 37, 'module__n_neurons': 16, 'module__nonlin': Tanh()}
2024-06-01 04:05:45,260 0.776886 (0.014641) with: {'batch_size': 16, 'lr': 0.02, 'max_epochs': 128, 'module__n_features': 37, 'module__n_neurons': 16, 'module__nonlin': ReLU()}
2024-06-01 04:05:45,260 0.731126 (0.018668) with: {'batch_size': 16, 'lr': 0.02, 'max_epochs': 128, 'module__n_features': 37, 'module__n_neurons': 32, 'module__nonlin': Tanh()}
2024-06-01 04:05:45,260 0.754205 (0.013277) with: {'batch_size': 16, 'lr': 0.02, 'max_epochs': 128, 'module__n_features': 37, 'module__n_neurons': 32, 'module__nonlin': ReLU()}
2024-06-01 04:05:45,260 0.719092 (0.029820) with: {'batch_size': 16, 'lr': 0.02, 'max_epochs': 128, 'module__n_features': 37, 'module__n_neurons': 64, 'module__nonlin': Tanh()}
2024-06-01 04:05:45,260 0.737154 (0.016006) with: {'batch_size': 16, 'lr': 0.02, 'max_epochs': 128, 'module__n_features': 37, 'module__n_neurons': 64, 'module__nonlin': ReLU()}
2024-06-01 04:05:45,260 0.725219 (0.015807) with: {'batch_size': 16, 'lr': 0.02, 'max_epochs': 128, 'module__n_features': 37, 'module__n_neurons': 128, 'module__nonlin': Tanh()}
2024-06-01 04:05:45,260 0.716314 (0.011400) with: {'batch_size': 16, 'lr': 0.02, 'max_epochs': 128, 'module__n_features': 37, 'module__n_neurons': 128, 'module__nonlin': ReLU()}
2024-06-01 04:05:45,260 0.725310 (0.018069) with: {'batch_size': 16, 'lr': 0.02, 'max_epochs': 128, 'module__n_features': 37, 'module__n_neurons': 256, 'module__nonlin': Tanh()}
2024-06-01 04:05:45,260 0.698240 (0.014948) with: {'batch_size': 16, 'lr': 0.02, 'max_epochs': 128, 'module__n_features': 37, 'module__n_neurons': 256, 'module__nonlin': ReLU()}
2024-06-01 04:05:45,260 0.797565 (0.010085) with: {'batch_size': 32, 'lr': 0.001, 'max_epochs': 16, 'module__n_features': 37, 'module__n_neurons': 16, 'module__nonlin': Tanh()}
2024-06-01 04:05:45,260 0.796568 (0.011314) with: {'batch_size': 32, 'lr': 0.001, 'max_epochs': 16, 'module__n_features': 37, 'module__n_neurons': 16, 'module__nonlin': ReLU()}
2024-06-01 04:05:45,260 0.799750 (0.009485) with: {'batch_size': 32, 'lr': 0.001, 'max_epochs': 16, 'module__n_features': 37, 'module__n_neurons': 32, 'module__nonlin': Tanh()}
2024-06-01 04:05:45,260 0.799017 (0.010470) with: {'batch_size': 32, 'lr': 0.001, 'max_epochs': 16, 'module__n_features': 37, 'module__n_neurons': 32, 'module__nonlin': ReLU()}
2024-06-01 04:05:45,260 0.800780 (0.009906) with: {'batch_size': 32, 'lr': 0.001, 'max_epochs': 16, 'module__n_features': 37, 'module__n_neurons': 64, 'module__nonlin': Tanh()}
2024-06-01 04:05:45,260 0.800582 (0.009983) with: {'batch_size': 32, 'lr': 0.001, 'max_epochs': 16, 'module__n_features': 37, 'module__n_neurons': 64, 'module__nonlin': ReLU()}
2024-06-01 04:05:45,260 0.801623 (0.009919) with: {'batch_size': 32, 'lr': 0.001, 'max_epochs': 16, 'module__n_features': 37, 'module__n_neurons': 128, 'module__nonlin': Tanh()}
2024-06-01 04:05:45,260 0.801799 (0.010849) with: {'batch_size': 32, 'lr': 0.001, 'max_epochs': 16, 'module__n_features': 37, 'module__n_neurons': 128, 'module__nonlin': ReLU()}
2024-06-01 04:05:45,260 0.801997 (0.010107) with: {'batch_size': 32, 'lr': 0.001, 'max_epochs': 16, 'module__n_features': 37, 'module__n_neurons': 256, 'module__nonlin': Tanh()}
2024-06-01 04:05:45,260 0.801679 (0.011237) with: {'batch_size': 32, 'lr': 0.001, 'max_epochs': 16, 'module__n_features': 37, 'module__n_neurons': 256, 'module__nonlin': ReLU()}
2024-06-01 04:05:45,260 0.800276 (0.009280) with: {'batch_size': 32, 'lr': 0.001, 'max_epochs': 32, 'module__n_features': 37, 'module__n_neurons': 16, 'module__nonlin': Tanh()}
2024-06-01 04:05:45,260 0.799664 (0.009177) with: {'batch_size': 32, 'lr': 0.001, 'max_epochs': 32, 'module__n_features': 37, 'module__n_neurons': 16, 'module__nonlin': ReLU()}
2024-06-01 04:05:45,260 0.801186 (0.009428) with: {'batch_size': 32, 'lr': 0.001, 'max_epochs': 32, 'module__n_features': 37, 'module__n_neurons': 32, 'module__nonlin': Tanh()}
2024-06-01 04:05:45,260 0.800591 (0.009778) with: {'batch_size': 32, 'lr': 0.001, 'max_epochs': 32, 'module__n_features': 37, 'module__n_neurons': 32, 'module__nonlin': ReLU()}
2024-06-01 04:05:45,260 0.802021 (0.010064) with: {'batch_size': 32, 'lr': 0.001, 'max_epochs': 32, 'module__n_features': 37, 'module__n_neurons': 64, 'module__nonlin': Tanh()}
2024-06-01 04:05:45,260 0.801778 (0.010705) with: {'batch_size': 32, 'lr': 0.001, 'max_epochs': 32, 'module__n_features': 37, 'module__n_neurons': 64, 'module__nonlin': ReLU()}
2024-06-01 04:05:45,260 0.802358 (0.010000) with: {'batch_size': 32, 'lr': 0.001, 'max_epochs': 32, 'module__n_features': 37, 'module__n_neurons': 128, 'module__nonlin': Tanh()}
2024-06-01 04:05:45,260 0.802200 (0.011176) with: {'batch_size': 32, 'lr': 0.001, 'max_epochs': 32, 'module__n_features': 37, 'module__n_neurons': 128, 'module__nonlin': ReLU()}
2024-06-01 04:05:45,260 0.802328 (0.010074) with: {'batch_size': 32, 'lr': 0.001, 'max_epochs': 32, 'module__n_features': 37, 'module__n_neurons': 256, 'module__nonlin': Tanh()}
2024-06-01 04:05:45,260 0.799179 (0.011498) with: {'batch_size': 32, 'lr': 0.001, 'max_epochs': 32, 'module__n_features': 37, 'module__n_neurons': 256, 'module__nonlin': ReLU()}
2024-06-01 04:05:45,260 0.801332 (0.009923) with: {'batch_size': 32, 'lr': 0.001, 'max_epochs': 64, 'module__n_features': 37, 'module__n_neurons': 16, 'module__nonlin': Tanh()}
2024-06-01 04:05:45,260 0.800724 (0.010139) with: {'batch_size': 32, 'lr': 0.001, 'max_epochs': 64, 'module__n_features': 37, 'module__n_neurons': 16, 'module__nonlin': ReLU()}
2024-06-01 04:05:45,260 0.802059 (0.009717) with: {'batch_size': 32, 'lr': 0.001, 'max_epochs': 64, 'module__n_features': 37, 'module__n_neurons': 32, 'module__nonlin': Tanh()}
2024-06-01 04:05:45,260 0.801690 (0.010015) with: {'batch_size': 32, 'lr': 0.001, 'max_epochs': 64, 'module__n_features': 37, 'module__n_neurons': 32, 'module__nonlin': ReLU()}
2024-06-01 04:05:45,260 0.802417 (0.010039) with: {'batch_size': 32, 'lr': 0.001, 'max_epochs': 64, 'module__n_features': 37, 'module__n_neurons': 64, 'module__nonlin': Tanh()}
2024-06-01 04:05:45,260 0.801066 (0.010591) with: {'batch_size': 32, 'lr': 0.001, 'max_epochs': 64, 'module__n_features': 37, 'module__n_neurons': 64, 'module__nonlin': ReLU()}
2024-06-01 04:05:45,260 0.802435 (0.009986) with: {'batch_size': 32, 'lr': 0.001, 'max_epochs': 64, 'module__n_features': 37, 'module__n_neurons': 128, 'module__nonlin': Tanh()}
2024-06-01 04:05:45,260 0.796501 (0.011109) with: {'batch_size': 32, 'lr': 0.001, 'max_epochs': 64, 'module__n_features': 37, 'module__n_neurons': 128, 'module__nonlin': ReLU()}
2024-06-01 04:05:45,260 0.802336 (0.010320) with: {'batch_size': 32, 'lr': 0.001, 'max_epochs': 64, 'module__n_features': 37, 'module__n_neurons': 256, 'module__nonlin': Tanh()}
2024-06-01 04:05:45,260 0.788685 (0.014267) with: {'batch_size': 32, 'lr': 0.001, 'max_epochs': 64, 'module__n_features': 37, 'module__n_neurons': 256, 'module__nonlin': ReLU()}
2024-06-01 04:05:45,260 0.802405 (0.010121) with: {'batch_size': 32, 'lr': 0.001, 'max_epochs': 128, 'module__n_features': 37, 'module__n_neurons': 16, 'module__nonlin': Tanh()}
2024-06-01 04:05:45,260 0.802836 (0.011187) with: {'batch_size': 32, 'lr': 0.001, 'max_epochs': 128, 'module__n_features': 37, 'module__n_neurons': 16, 'module__nonlin': ReLU()}
2024-06-01 04:05:45,261 0.802504 (0.010219) with: {'batch_size': 32, 'lr': 0.001, 'max_epochs': 128, 'module__n_features': 37, 'module__n_neurons': 32, 'module__nonlin': Tanh()}
2024-06-01 04:05:45,261 0.800813 (0.010045) with: {'batch_size': 32, 'lr': 0.001, 'max_epochs': 128, 'module__n_features': 37, 'module__n_neurons': 32, 'module__nonlin': ReLU()}
2024-06-01 04:05:45,261 0.802459 (0.010253) with: {'batch_size': 32, 'lr': 0.001, 'max_epochs': 128, 'module__n_features': 37, 'module__n_neurons': 64, 'module__nonlin': Tanh()}
2024-06-01 04:05:45,261 0.795885 (0.011039) with: {'batch_size': 32, 'lr': 0.001, 'max_epochs': 128, 'module__n_features': 37, 'module__n_neurons': 64, 'module__nonlin': ReLU()}
2024-06-01 04:05:45,261 0.801457 (0.009801) with: {'batch_size': 32, 'lr': 0.001, 'max_epochs': 128, 'module__n_features': 37, 'module__n_neurons': 128, 'module__nonlin': Tanh()}
2024-06-01 04:05:45,261 0.786378 (0.015725) with: {'batch_size': 32, 'lr': 0.001, 'max_epochs': 128, 'module__n_features': 37, 'module__n_neurons': 128, 'module__nonlin': ReLU()}
2024-06-01 04:05:45,261 0.800323 (0.010253) with: {'batch_size': 32, 'lr': 0.001, 'max_epochs': 128, 'module__n_features': 37, 'module__n_neurons': 256, 'module__nonlin': Tanh()}
2024-06-01 04:05:45,261 0.763449 (0.016238) with: {'batch_size': 32, 'lr': 0.001, 'max_epochs': 128, 'module__n_features': 37, 'module__n_neurons': 256, 'module__nonlin': ReLU()}
2024-06-01 04:05:45,261 0.801337 (0.010905) with: {'batch_size': 32, 'lr': 0.01, 'max_epochs': 16, 'module__n_features': 37, 'module__n_neurons': 16, 'module__nonlin': Tanh()}
2024-06-01 04:05:45,261 0.801940 (0.010593) with: {'batch_size': 32, 'lr': 0.01, 'max_epochs': 16, 'module__n_features': 37, 'module__n_neurons': 16, 'module__nonlin': ReLU()}
2024-06-01 04:05:45,261 0.801438 (0.010883) with: {'batch_size': 32, 'lr': 0.01, 'max_epochs': 16, 'module__n_features': 37, 'module__n_neurons': 32, 'module__nonlin': Tanh()}
2024-06-01 04:05:45,261 0.801804 (0.010286) with: {'batch_size': 32, 'lr': 0.01, 'max_epochs': 16, 'module__n_features': 37, 'module__n_neurons': 32, 'module__nonlin': ReLU()}
2024-06-01 04:05:45,261 0.801066 (0.011217) with: {'batch_size': 32, 'lr': 0.01, 'max_epochs': 16, 'module__n_features': 37, 'module__n_neurons': 64, 'module__nonlin': Tanh()}
2024-06-01 04:05:45,261 0.797990 (0.012647) with: {'batch_size': 32, 'lr': 0.01, 'max_epochs': 16, 'module__n_features': 37, 'module__n_neurons': 64, 'module__nonlin': ReLU()}
2024-06-01 04:05:45,261 0.800041 (0.011442) with: {'batch_size': 32, 'lr': 0.01, 'max_epochs': 16, 'module__n_features': 37, 'module__n_neurons': 128, 'module__nonlin': Tanh()}
2024-06-01 04:05:45,261 0.797267 (0.011914) with: {'batch_size': 32, 'lr': 0.01, 'max_epochs': 16, 'module__n_features': 37, 'module__n_neurons': 128, 'module__nonlin': ReLU()}
2024-06-01 04:05:45,261 0.799467 (0.012696) with: {'batch_size': 32, 'lr': 0.01, 'max_epochs': 16, 'module__n_features': 37, 'module__n_neurons': 256, 'module__nonlin': Tanh()}
2024-06-01 04:05:45,261 0.793412 (0.013531) with: {'batch_size': 32, 'lr': 0.01, 'max_epochs': 16, 'module__n_features': 37, 'module__n_neurons': 256, 'module__nonlin': ReLU()}
2024-06-01 04:05:45,261 0.801325 (0.011164) with: {'batch_size': 32, 'lr': 0.01, 'max_epochs': 32, 'module__n_features': 37, 'module__n_neurons': 16, 'module__nonlin': Tanh()}
2024-06-01 04:05:45,261 0.799807 (0.011076) with: {'batch_size': 32, 'lr': 0.01, 'max_epochs': 32, 'module__n_features': 37, 'module__n_neurons': 16, 'module__nonlin': ReLU()}
2024-06-01 04:05:45,261 0.801159 (0.011752) with: {'batch_size': 32, 'lr': 0.01, 'max_epochs': 32, 'module__n_features': 37, 'module__n_neurons': 32, 'module__nonlin': Tanh()}
2024-06-01 04:05:45,261 0.799900 (0.012570) with: {'batch_size': 32, 'lr': 0.01, 'max_epochs': 32, 'module__n_features': 37, 'module__n_neurons': 32, 'module__nonlin': ReLU()}
2024-06-01 04:05:45,261 0.800850 (0.012632) with: {'batch_size': 32, 'lr': 0.01, 'max_epochs': 32, 'module__n_features': 37, 'module__n_neurons': 64, 'module__nonlin': Tanh()}
2024-06-01 04:05:45,261 0.789611 (0.013546) with: {'batch_size': 32, 'lr': 0.01, 'max_epochs': 32, 'module__n_features': 37, 'module__n_neurons': 64, 'module__nonlin': ReLU()}
2024-06-01 04:05:45,261 0.797971 (0.013238) with: {'batch_size': 32, 'lr': 0.01, 'max_epochs': 32, 'module__n_features': 37, 'module__n_neurons': 128, 'module__nonlin': Tanh()}
2024-06-01 04:05:45,261 0.781271 (0.013805) with: {'batch_size': 32, 'lr': 0.01, 'max_epochs': 32, 'module__n_features': 37, 'module__n_neurons': 128, 'module__nonlin': ReLU()}
2024-06-01 04:05:45,261 0.794616 (0.014568) with: {'batch_size': 32, 'lr': 0.01, 'max_epochs': 32, 'module__n_features': 37, 'module__n_neurons': 256, 'module__nonlin': Tanh()}
2024-06-01 04:05:45,261 0.766781 (0.006959) with: {'batch_size': 32, 'lr': 0.01, 'max_epochs': 32, 'module__n_features': 37, 'module__n_neurons': 256, 'module__nonlin': ReLU()}
2024-06-01 04:05:45,261 0.797971 (0.013378) with: {'batch_size': 32, 'lr': 0.01, 'max_epochs': 64, 'module__n_features': 37, 'module__n_neurons': 16, 'module__nonlin': Tanh()}
2024-06-01 04:05:45,261 0.798132 (0.010571) with: {'batch_size': 32, 'lr': 0.01, 'max_epochs': 64, 'module__n_features': 37, 'module__n_neurons': 16, 'module__nonlin': ReLU()}
2024-06-01 04:05:45,261 0.796630 (0.013354) with: {'batch_size': 32, 'lr': 0.01, 'max_epochs': 64, 'module__n_features': 37, 'module__n_neurons': 32, 'module__nonlin': Tanh()}
2024-06-01 04:05:45,261 0.785487 (0.011585) with: {'batch_size': 32, 'lr': 0.01, 'max_epochs': 64, 'module__n_features': 37, 'module__n_neurons': 32, 'module__nonlin': ReLU()}
2024-06-01 04:05:45,261 0.792867 (0.012316) with: {'batch_size': 32, 'lr': 0.01, 'max_epochs': 64, 'module__n_features': 37, 'module__n_neurons': 64, 'module__nonlin': Tanh()}
2024-06-01 04:05:45,261 0.760439 (0.012621) with: {'batch_size': 32, 'lr': 0.01, 'max_epochs': 64, 'module__n_features': 37, 'module__n_neurons': 64, 'module__nonlin': ReLU()}
2024-06-01 04:05:45,261 0.783751 (0.018232) with: {'batch_size': 32, 'lr': 0.01, 'max_epochs': 64, 'module__n_features': 37, 'module__n_neurons': 128, 'module__nonlin': Tanh()}
2024-06-01 04:05:45,261 0.736271 (0.014708) with: {'batch_size': 32, 'lr': 0.01, 'max_epochs': 64, 'module__n_features': 37, 'module__n_neurons': 128, 'module__nonlin': ReLU()}
2024-06-01 04:05:45,261 0.768599 (0.024883) with: {'batch_size': 32, 'lr': 0.01, 'max_epochs': 64, 'module__n_features': 37, 'module__n_neurons': 256, 'module__nonlin': Tanh()}
2024-06-01 04:05:45,261 0.734914 (0.012853) with: {'batch_size': 32, 'lr': 0.01, 'max_epochs': 64, 'module__n_features': 37, 'module__n_neurons': 256, 'module__nonlin': ReLU()}
2024-06-01 04:05:45,261 0.787706 (0.014872) with: {'batch_size': 32, 'lr': 0.01, 'max_epochs': 128, 'module__n_features': 37, 'module__n_neurons': 16, 'module__nonlin': Tanh()}
2024-06-01 04:05:45,261 0.786831 (0.010143) with: {'batch_size': 32, 'lr': 0.01, 'max_epochs': 128, 'module__n_features': 37, 'module__n_neurons': 16, 'module__nonlin': ReLU()}
2024-06-01 04:05:45,261 0.780076 (0.011311) with: {'batch_size': 32, 'lr': 0.01, 'max_epochs': 128, 'module__n_features': 37, 'module__n_neurons': 32, 'module__nonlin': Tanh()}
2024-06-01 04:05:45,261 0.759772 (0.012636) with: {'batch_size': 32, 'lr': 0.01, 'max_epochs': 128, 'module__n_features': 37, 'module__n_neurons': 32, 'module__nonlin': ReLU()}
2024-06-01 04:05:45,261 0.767620 (0.019564) with: {'batch_size': 32, 'lr': 0.01, 'max_epochs': 128, 'module__n_features': 37, 'module__n_neurons': 64, 'module__nonlin': Tanh()}
2024-06-01 04:05:45,261 0.734727 (0.010532) with: {'batch_size': 32, 'lr': 0.01, 'max_epochs': 128, 'module__n_features': 37, 'module__n_neurons': 64, 'module__nonlin': ReLU()}
2024-06-01 04:05:45,261 0.742474 (0.026154) with: {'batch_size': 32, 'lr': 0.01, 'max_epochs': 128, 'module__n_features': 37, 'module__n_neurons': 128, 'module__nonlin': Tanh()}
2024-06-01 04:05:45,261 0.708526 (0.016298) with: {'batch_size': 32, 'lr': 0.01, 'max_epochs': 128, 'module__n_features': 37, 'module__n_neurons': 128, 'module__nonlin': ReLU()}
2024-06-01 04:05:45,261 0.724368 (0.008945) with: {'batch_size': 32, 'lr': 0.01, 'max_epochs': 128, 'module__n_features': 37, 'module__n_neurons': 256, 'module__nonlin': Tanh()}
2024-06-01 04:05:45,261 0.697609 (0.011039) with: {'batch_size': 32, 'lr': 0.01, 'max_epochs': 128, 'module__n_features': 37, 'module__n_neurons': 256, 'module__nonlin': ReLU()}
2024-06-01 04:05:45,261 0.801352 (0.011187) with: {'batch_size': 32, 'lr': 0.02, 'max_epochs': 16, 'module__n_features': 37, 'module__n_neurons': 16, 'module__nonlin': Tanh()}
2024-06-01 04:05:45,261 0.801045 (0.010764) with: {'batch_size': 32, 'lr': 0.02, 'max_epochs': 16, 'module__n_features': 37, 'module__n_neurons': 16, 'module__nonlin': ReLU()}
2024-06-01 04:05:45,262 0.800944 (0.012018) with: {'batch_size': 32, 'lr': 0.02, 'max_epochs': 16, 'module__n_features': 37, 'module__n_neurons': 32, 'module__nonlin': Tanh()}
2024-06-01 04:05:45,262 0.799611 (0.013312) with: {'batch_size': 32, 'lr': 0.02, 'max_epochs': 16, 'module__n_features': 37, 'module__n_neurons': 32, 'module__nonlin': ReLU()}
2024-06-01 04:05:45,262 0.800927 (0.011352) with: {'batch_size': 32, 'lr': 0.02, 'max_epochs': 16, 'module__n_features': 37, 'module__n_neurons': 64, 'module__nonlin': Tanh()}
2024-06-01 04:05:45,262 0.797224 (0.012861) with: {'batch_size': 32, 'lr': 0.02, 'max_epochs': 16, 'module__n_features': 37, 'module__n_neurons': 64, 'module__nonlin': ReLU()}
2024-06-01 04:05:45,262 0.797895 (0.012748) with: {'batch_size': 32, 'lr': 0.02, 'max_epochs': 16, 'module__n_features': 37, 'module__n_neurons': 128, 'module__nonlin': Tanh()}
2024-06-01 04:05:45,262 0.797219 (0.012384) with: {'batch_size': 32, 'lr': 0.02, 'max_epochs': 16, 'module__n_features': 37, 'module__n_neurons': 128, 'module__nonlin': ReLU()}
2024-06-01 04:05:45,262 0.793700 (0.013119) with: {'batch_size': 32, 'lr': 0.02, 'max_epochs': 16, 'module__n_features': 37, 'module__n_neurons': 256, 'module__nonlin': Tanh()}
2024-06-01 04:05:45,262 0.794008 (0.010941) with: {'batch_size': 32, 'lr': 0.02, 'max_epochs': 16, 'module__n_features': 37, 'module__n_neurons': 256, 'module__nonlin': ReLU()}
2024-06-01 04:05:45,262 0.799871 (0.013163) with: {'batch_size': 32, 'lr': 0.02, 'max_epochs': 32, 'module__n_features': 37, 'module__n_neurons': 16, 'module__nonlin': Tanh()}
2024-06-01 04:05:45,262 0.796290 (0.011563) with: {'batch_size': 32, 'lr': 0.02, 'max_epochs': 32, 'module__n_features': 37, 'module__n_neurons': 16, 'module__nonlin': ReLU()}
2024-06-01 04:05:45,262 0.798222 (0.012350) with: {'batch_size': 32, 'lr': 0.02, 'max_epochs': 32, 'module__n_features': 37, 'module__n_neurons': 32, 'module__nonlin': Tanh()}
2024-06-01 04:05:45,262 0.793007 (0.011243) with: {'batch_size': 32, 'lr': 0.02, 'max_epochs': 32, 'module__n_features': 37, 'module__n_neurons': 32, 'module__nonlin': ReLU()}
2024-06-01 04:05:45,262 0.794596 (0.014799) with: {'batch_size': 32, 'lr': 0.02, 'max_epochs': 32, 'module__n_features': 37, 'module__n_neurons': 64, 'module__nonlin': Tanh()}
2024-06-01 04:05:45,262 0.786511 (0.017057) with: {'batch_size': 32, 'lr': 0.02, 'max_epochs': 32, 'module__n_features': 37, 'module__n_neurons': 64, 'module__nonlin': ReLU()}
2024-06-01 04:05:45,262 0.791435 (0.012169) with: {'batch_size': 32, 'lr': 0.02, 'max_epochs': 32, 'module__n_features': 37, 'module__n_neurons': 128, 'module__nonlin': Tanh()}
2024-06-01 04:05:45,262 0.778132 (0.012117) with: {'batch_size': 32, 'lr': 0.02, 'max_epochs': 32, 'module__n_features': 37, 'module__n_neurons': 128, 'module__nonlin': ReLU()}
2024-06-01 04:05:45,262 0.780196 (0.017893) with: {'batch_size': 32, 'lr': 0.02, 'max_epochs': 32, 'module__n_features': 37, 'module__n_neurons': 256, 'module__nonlin': Tanh()}
2024-06-01 04:05:45,262 0.773088 (0.009037) with: {'batch_size': 32, 'lr': 0.02, 'max_epochs': 32, 'module__n_features': 37, 'module__n_neurons': 256, 'module__nonlin': ReLU()}
2024-06-01 04:05:45,262 0.793652 (0.013504) with: {'batch_size': 32, 'lr': 0.02, 'max_epochs': 64, 'module__n_features': 37, 'module__n_neurons': 16, 'module__nonlin': Tanh()}
2024-06-01 04:05:45,262 0.790826 (0.011194) with: {'batch_size': 32, 'lr': 0.02, 'max_epochs': 64, 'module__n_features': 37, 'module__n_neurons': 16, 'module__nonlin': ReLU()}
2024-06-01 04:05:45,262 0.788112 (0.014469) with: {'batch_size': 32, 'lr': 0.02, 'max_epochs': 64, 'module__n_features': 37, 'module__n_neurons': 32, 'module__nonlin': Tanh()}
2024-06-01 04:05:45,262 0.776558 (0.010690) with: {'batch_size': 32, 'lr': 0.02, 'max_epochs': 64, 'module__n_features': 37, 'module__n_neurons': 32, 'module__nonlin': ReLU()}
2024-06-01 04:05:45,262 0.785793 (0.016696) with: {'batch_size': 32, 'lr': 0.02, 'max_epochs': 64, 'module__n_features': 37, 'module__n_neurons': 64, 'module__nonlin': Tanh()}
2024-06-01 04:05:45,262 0.754586 (0.019707) with: {'batch_size': 32, 'lr': 0.02, 'max_epochs': 64, 'module__n_features': 37, 'module__n_neurons': 64, 'module__nonlin': ReLU()}
2024-06-01 04:05:45,262 0.770355 (0.020383) with: {'batch_size': 32, 'lr': 0.02, 'max_epochs': 64, 'module__n_features': 37, 'module__n_neurons': 128, 'module__nonlin': Tanh()}
2024-06-01 04:05:45,262 0.745748 (0.016085) with: {'batch_size': 32, 'lr': 0.02, 'max_epochs': 64, 'module__n_features': 37, 'module__n_neurons': 128, 'module__nonlin': ReLU()}
2024-06-01 04:05:45,262 0.767446 (0.018170) with: {'batch_size': 32, 'lr': 0.02, 'max_epochs': 64, 'module__n_features': 37, 'module__n_neurons': 256, 'module__nonlin': Tanh()}
2024-06-01 04:05:45,262 0.730630 (0.021573) with: {'batch_size': 32, 'lr': 0.02, 'max_epochs': 64, 'module__n_features': 37, 'module__n_neurons': 256, 'module__nonlin': ReLU()}
2024-06-01 04:05:45,262 0.771577 (0.010251) with: {'batch_size': 32, 'lr': 0.02, 'max_epochs': 128, 'module__n_features': 37, 'module__n_neurons': 16, 'module__nonlin': Tanh()}
2024-06-01 04:05:45,262 0.774134 (0.015689) with: {'batch_size': 32, 'lr': 0.02, 'max_epochs': 128, 'module__n_features': 37, 'module__n_neurons': 16, 'module__nonlin': ReLU()}
2024-06-01 04:05:45,262 0.750610 (0.023379) with: {'batch_size': 32, 'lr': 0.02, 'max_epochs': 128, 'module__n_features': 37, 'module__n_neurons': 32, 'module__nonlin': Tanh()}
2024-06-01 04:05:45,262 0.744032 (0.018991) with: {'batch_size': 32, 'lr': 0.02, 'max_epochs': 128, 'module__n_features': 37, 'module__n_neurons': 32, 'module__nonlin': ReLU()}
2024-06-01 04:05:45,262 0.730074 (0.006252) with: {'batch_size': 32, 'lr': 0.02, 'max_epochs': 128, 'module__n_features': 37, 'module__n_neurons': 64, 'module__nonlin': Tanh()}
2024-06-01 04:05:45,262 0.728466 (0.016655) with: {'batch_size': 32, 'lr': 0.02, 'max_epochs': 128, 'module__n_features': 37, 'module__n_neurons': 64, 'module__nonlin': ReLU()}
2024-06-01 04:05:45,262 0.710653 (0.022275) with: {'batch_size': 32, 'lr': 0.02, 'max_epochs': 128, 'module__n_features': 37, 'module__n_neurons': 128, 'module__nonlin': Tanh()}
2024-06-01 04:05:45,262 0.710870 (0.009321) with: {'batch_size': 32, 'lr': 0.02, 'max_epochs': 128, 'module__n_features': 37, 'module__n_neurons': 128, 'module__nonlin': ReLU()}
2024-06-01 04:05:45,262 0.719679 (0.023216) with: {'batch_size': 32, 'lr': 0.02, 'max_epochs': 128, 'module__n_features': 37, 'module__n_neurons': 256, 'module__nonlin': Tanh()}
2024-06-01 04:05:45,262 0.704733 (0.013172) with: {'batch_size': 32, 'lr': 0.02, 'max_epochs': 128, 'module__n_features': 37, 'module__n_neurons': 256, 'module__nonlin': ReLU()}
2024-06-01 04:05:45,262 0.796581 (0.010582) with: {'batch_size': 64, 'lr': 0.001, 'max_epochs': 16, 'module__n_features': 37, 'module__n_neurons': 16, 'module__nonlin': Tanh()}
2024-06-01 04:05:45,262 0.794747 (0.010316) with: {'batch_size': 64, 'lr': 0.001, 'max_epochs': 16, 'module__n_features': 37, 'module__n_neurons': 16, 'module__nonlin': ReLU()}
2024-06-01 04:05:45,262 0.799036 (0.010232) with: {'batch_size': 64, 'lr': 0.001, 'max_epochs': 16, 'module__n_features': 37, 'module__n_neurons': 32, 'module__nonlin': Tanh()}
2024-06-01 04:05:45,262 0.797766 (0.010321) with: {'batch_size': 64, 'lr': 0.001, 'max_epochs': 16, 'module__n_features': 37, 'module__n_neurons': 32, 'module__nonlin': ReLU()}
2024-06-01 04:05:45,262 0.800013 (0.010367) with: {'batch_size': 64, 'lr': 0.001, 'max_epochs': 16, 'module__n_features': 37, 'module__n_neurons': 64, 'module__nonlin': Tanh()}
2024-06-01 04:05:45,262 0.800194 (0.010110) with: {'batch_size': 64, 'lr': 0.001, 'max_epochs': 16, 'module__n_features': 37, 'module__n_neurons': 64, 'module__nonlin': ReLU()}
2024-06-01 04:05:45,262 0.800963 (0.010463) with: {'batch_size': 64, 'lr': 0.001, 'max_epochs': 16, 'module__n_features': 37, 'module__n_neurons': 128, 'module__nonlin': Tanh()}
2024-06-01 04:05:45,262 0.801898 (0.010049) with: {'batch_size': 64, 'lr': 0.001, 'max_epochs': 16, 'module__n_features': 37, 'module__n_neurons': 128, 'module__nonlin': ReLU()}
2024-06-01 04:05:45,262 0.802228 (0.009963) with: {'batch_size': 64, 'lr': 0.001, 'max_epochs': 16, 'module__n_features': 37, 'module__n_neurons': 256, 'module__nonlin': Tanh()}
2024-06-01 04:05:45,262 0.802490 (0.010242) with: {'batch_size': 64, 'lr': 0.001, 'max_epochs': 16, 'module__n_features': 37, 'module__n_neurons': 256, 'module__nonlin': ReLU()}
2024-06-01 04:05:45,262 0.799773 (0.009555) with: {'batch_size': 64, 'lr': 0.001, 'max_epochs': 32, 'module__n_features': 37, 'module__n_neurons': 16, 'module__nonlin': Tanh()}
2024-06-01 04:05:45,262 0.799261 (0.009960) with: {'batch_size': 64, 'lr': 0.001, 'max_epochs': 32, 'module__n_features': 37, 'module__n_neurons': 16, 'module__nonlin': ReLU()}
2024-06-01 04:05:45,263 0.800544 (0.009794) with: {'batch_size': 64, 'lr': 0.001, 'max_epochs': 32, 'module__n_features': 37, 'module__n_neurons': 32, 'module__nonlin': Tanh()}
2024-06-01 04:05:45,263 0.801116 (0.009583) with: {'batch_size': 64, 'lr': 0.001, 'max_epochs': 32, 'module__n_features': 37, 'module__n_neurons': 32, 'module__nonlin': ReLU()}
2024-06-01 04:05:45,263 0.801520 (0.010044) with: {'batch_size': 64, 'lr': 0.001, 'max_epochs': 32, 'module__n_features': 37, 'module__n_neurons': 64, 'module__nonlin': Tanh()}
2024-06-01 04:05:45,263 0.801816 (0.010191) with: {'batch_size': 64, 'lr': 0.001, 'max_epochs': 32, 'module__n_features': 37, 'module__n_neurons': 64, 'module__nonlin': ReLU()}
2024-06-01 04:05:45,263 0.801928 (0.010124) with: {'batch_size': 64, 'lr': 0.001, 'max_epochs': 32, 'module__n_features': 37, 'module__n_neurons': 128, 'module__nonlin': Tanh()}
2024-06-01 04:05:45,263 0.801189 (0.010959) with: {'batch_size': 64, 'lr': 0.001, 'max_epochs': 32, 'module__n_features': 37, 'module__n_neurons': 128, 'module__nonlin': ReLU()}
2024-06-01 04:05:45,263 0.802299 (0.010066) with: {'batch_size': 64, 'lr': 0.001, 'max_epochs': 32, 'module__n_features': 37, 'module__n_neurons': 256, 'module__nonlin': Tanh()}
2024-06-01 04:05:45,263 0.800161 (0.010227) with: {'batch_size': 64, 'lr': 0.001, 'max_epochs': 32, 'module__n_features': 37, 'module__n_neurons': 256, 'module__nonlin': ReLU()}
2024-06-01 04:05:45,263 0.801234 (0.009955) with: {'batch_size': 64, 'lr': 0.001, 'max_epochs': 64, 'module__n_features': 37, 'module__n_neurons': 16, 'module__nonlin': Tanh()}
2024-06-01 04:05:45,263 0.800270 (0.009220) with: {'batch_size': 64, 'lr': 0.001, 'max_epochs': 64, 'module__n_features': 37, 'module__n_neurons': 16, 'module__nonlin': ReLU()}
2024-06-01 04:05:45,263 0.801862 (0.009783) with: {'batch_size': 64, 'lr': 0.001, 'max_epochs': 64, 'module__n_features': 37, 'module__n_neurons': 32, 'module__nonlin': Tanh()}
2024-06-01 04:05:45,263 0.801878 (0.009702) with: {'batch_size': 64, 'lr': 0.001, 'max_epochs': 64, 'module__n_features': 37, 'module__n_neurons': 32, 'module__nonlin': ReLU()}
2024-06-01 04:05:45,263 0.802176 (0.010089) with: {'batch_size': 64, 'lr': 0.001, 'max_epochs': 64, 'module__n_features': 37, 'module__n_neurons': 64, 'module__nonlin': Tanh()}
2024-06-01 04:05:45,263 0.801289 (0.010909) with: {'batch_size': 64, 'lr': 0.001, 'max_epochs': 64, 'module__n_features': 37, 'module__n_neurons': 64, 'module__nonlin': ReLU()}
2024-06-01 04:05:45,263 0.802353 (0.010159) with: {'batch_size': 64, 'lr': 0.001, 'max_epochs': 64, 'module__n_features': 37, 'module__n_neurons': 128, 'module__nonlin': Tanh()}
2024-06-01 04:05:45,263 0.799474 (0.011459) with: {'batch_size': 64, 'lr': 0.001, 'max_epochs': 64, 'module__n_features': 37, 'module__n_neurons': 128, 'module__nonlin': ReLU()}
2024-06-01 04:05:45,263 0.802335 (0.010266) with: {'batch_size': 64, 'lr': 0.001, 'max_epochs': 64, 'module__n_features': 37, 'module__n_neurons': 256, 'module__nonlin': Tanh()}
2024-06-01 04:05:45,263 0.793689 (0.012047) with: {'batch_size': 64, 'lr': 0.001, 'max_epochs': 64, 'module__n_features': 37, 'module__n_neurons': 256, 'module__nonlin': ReLU()}
2024-06-01 04:05:45,263 0.802141 (0.010011) with: {'batch_size': 64, 'lr': 0.001, 'max_epochs': 128, 'module__n_features': 37, 'module__n_neurons': 16, 'module__nonlin': Tanh()}
2024-06-01 04:05:45,263 0.801606 (0.009674) with: {'batch_size': 64, 'lr': 0.001, 'max_epochs': 128, 'module__n_features': 37, 'module__n_neurons': 16, 'module__nonlin': ReLU()}
2024-06-01 04:05:45,263 0.802240 (0.010111) with: {'batch_size': 64, 'lr': 0.001, 'max_epochs': 128, 'module__n_features': 37, 'module__n_neurons': 32, 'module__nonlin': Tanh()}
2024-06-01 04:05:45,263 0.802049 (0.010954) with: {'batch_size': 64, 'lr': 0.001, 'max_epochs': 128, 'module__n_features': 37, 'module__n_neurons': 32, 'module__nonlin': ReLU()}
2024-06-01 04:05:45,263 0.802534 (0.010212) with: {'batch_size': 64, 'lr': 0.001, 'max_epochs': 128, 'module__n_features': 37, 'module__n_neurons': 64, 'module__nonlin': Tanh()}
2024-06-01 04:05:45,263 0.797533 (0.011229) with: {'batch_size': 64, 'lr': 0.001, 'max_epochs': 128, 'module__n_features': 37, 'module__n_neurons': 64, 'module__nonlin': ReLU()}
2024-06-01 04:05:45,263 0.802536 (0.010356) with: {'batch_size': 64, 'lr': 0.001, 'max_epochs': 128, 'module__n_features': 37, 'module__n_neurons': 128, 'module__nonlin': Tanh()}
2024-06-01 04:05:45,263 0.790280 (0.012241) with: {'batch_size': 64, 'lr': 0.001, 'max_epochs': 128, 'module__n_features': 37, 'module__n_neurons': 128, 'module__nonlin': ReLU()}
2024-06-01 04:05:45,263 0.801850 (0.010001) with: {'batch_size': 64, 'lr': 0.001, 'max_epochs': 128, 'module__n_features': 37, 'module__n_neurons': 256, 'module__nonlin': Tanh()}
2024-06-01 04:05:45,263 0.768453 (0.009298) with: {'batch_size': 64, 'lr': 0.001, 'max_epochs': 128, 'module__n_features': 37, 'module__n_neurons': 256, 'module__nonlin': ReLU()}
2024-06-01 04:05:45,263 0.801082 (0.010316) with: {'batch_size': 64, 'lr': 0.01, 'max_epochs': 16, 'module__n_features': 37, 'module__n_neurons': 16, 'module__nonlin': Tanh()}
2024-06-01 04:05:45,263 0.800722 (0.010614) with: {'batch_size': 64, 'lr': 0.01, 'max_epochs': 16, 'module__n_features': 37, 'module__n_neurons': 16, 'module__nonlin': ReLU()}
2024-06-01 04:05:45,263 0.801136 (0.010506) with: {'batch_size': 64, 'lr': 0.01, 'max_epochs': 16, 'module__n_features': 37, 'module__n_neurons': 32, 'module__nonlin': Tanh()}
2024-06-01 04:05:45,263 0.801250 (0.011353) with: {'batch_size': 64, 'lr': 0.01, 'max_epochs': 16, 'module__n_features': 37, 'module__n_neurons': 32, 'module__nonlin': ReLU()}
2024-06-01 04:05:45,263 0.801523 (0.010685) with: {'batch_size': 64, 'lr': 0.01, 'max_epochs': 16, 'module__n_features': 37, 'module__n_neurons': 64, 'module__nonlin': Tanh()}
2024-06-01 04:05:45,263 0.800270 (0.011838) with: {'batch_size': 64, 'lr': 0.01, 'max_epochs': 16, 'module__n_features': 37, 'module__n_neurons': 64, 'module__nonlin': ReLU()}
2024-06-01 04:05:45,263 0.801127 (0.010881) with: {'batch_size': 64, 'lr': 0.01, 'max_epochs': 16, 'module__n_features': 37, 'module__n_neurons': 128, 'module__nonlin': Tanh()}
2024-06-01 04:05:45,263 0.796816 (0.011170) with: {'batch_size': 64, 'lr': 0.01, 'max_epochs': 16, 'module__n_features': 37, 'module__n_neurons': 128, 'module__nonlin': ReLU()}
2024-06-01 04:05:45,263 0.799388 (0.011273) with: {'batch_size': 64, 'lr': 0.01, 'max_epochs': 16, 'module__n_features': 37, 'module__n_neurons': 256, 'module__nonlin': Tanh()}
2024-06-01 04:05:45,263 0.794930 (0.011408) with: {'batch_size': 64, 'lr': 0.01, 'max_epochs': 16, 'module__n_features': 37, 'module__n_neurons': 256, 'module__nonlin': ReLU()}
2024-06-01 04:05:45,263 0.801476 (0.011124) with: {'batch_size': 64, 'lr': 0.01, 'max_epochs': 32, 'module__n_features': 37, 'module__n_neurons': 16, 'module__nonlin': Tanh()}
2024-06-01 04:05:45,263 0.800178 (0.010767) with: {'batch_size': 64, 'lr': 0.01, 'max_epochs': 32, 'module__n_features': 37, 'module__n_neurons': 16, 'module__nonlin': ReLU()}
2024-06-01 04:05:45,263 0.800880 (0.011162) with: {'batch_size': 64, 'lr': 0.01, 'max_epochs': 32, 'module__n_features': 37, 'module__n_neurons': 32, 'module__nonlin': Tanh()}
2024-06-01 04:05:45,263 0.796351 (0.009465) with: {'batch_size': 64, 'lr': 0.01, 'max_epochs': 32, 'module__n_features': 37, 'module__n_neurons': 32, 'module__nonlin': ReLU()}
2024-06-01 04:05:45,263 0.800968 (0.011891) with: {'batch_size': 64, 'lr': 0.01, 'max_epochs': 32, 'module__n_features': 37, 'module__n_neurons': 64, 'module__nonlin': Tanh()}
2024-06-01 04:05:45,263 0.793053 (0.011959) with: {'batch_size': 64, 'lr': 0.01, 'max_epochs': 32, 'module__n_features': 37, 'module__n_neurons': 64, 'module__nonlin': ReLU()}
2024-06-01 04:05:45,263 0.799437 (0.012691) with: {'batch_size': 64, 'lr': 0.01, 'max_epochs': 32, 'module__n_features': 37, 'module__n_neurons': 128, 'module__nonlin': Tanh()}
2024-06-01 04:05:45,263 0.783747 (0.012185) with: {'batch_size': 64, 'lr': 0.01, 'max_epochs': 32, 'module__n_features': 37, 'module__n_neurons': 128, 'module__nonlin': ReLU()}
2024-06-01 04:05:45,263 0.797137 (0.012660) with: {'batch_size': 64, 'lr': 0.01, 'max_epochs': 32, 'module__n_features': 37, 'module__n_neurons': 256, 'module__nonlin': Tanh()}
2024-06-01 04:05:45,263 0.776946 (0.009864) with: {'batch_size': 64, 'lr': 0.01, 'max_epochs': 32, 'module__n_features': 37, 'module__n_neurons': 256, 'module__nonlin': ReLU()}
2024-06-01 04:05:45,263 0.798860 (0.012093) with: {'batch_size': 64, 'lr': 0.01, 'max_epochs': 64, 'module__n_features': 37, 'module__n_neurons': 16, 'module__nonlin': Tanh()}
2024-06-01 04:05:45,263 0.795309 (0.012413) with: {'batch_size': 64, 'lr': 0.01, 'max_epochs': 64, 'module__n_features': 37, 'module__n_neurons': 16, 'module__nonlin': ReLU()}
2024-06-01 04:05:45,263 0.797209 (0.012714) with: {'batch_size': 64, 'lr': 0.01, 'max_epochs': 64, 'module__n_features': 37, 'module__n_neurons': 32, 'module__nonlin': Tanh()}
2024-06-01 04:05:45,264 0.786451 (0.011689) with: {'batch_size': 64, 'lr': 0.01, 'max_epochs': 64, 'module__n_features': 37, 'module__n_neurons': 32, 'module__nonlin': ReLU()}
2024-06-01 04:05:45,264 0.796299 (0.013266) with: {'batch_size': 64, 'lr': 0.01, 'max_epochs': 64, 'module__n_features': 37, 'module__n_neurons': 64, 'module__nonlin': Tanh()}
2024-06-01 04:05:45,264 0.779291 (0.015527) with: {'batch_size': 64, 'lr': 0.01, 'max_epochs': 64, 'module__n_features': 37, 'module__n_neurons': 64, 'module__nonlin': ReLU()}
2024-06-01 04:05:45,264 0.791043 (0.011660) with: {'batch_size': 64, 'lr': 0.01, 'max_epochs': 64, 'module__n_features': 37, 'module__n_neurons': 128, 'module__nonlin': Tanh()}
2024-06-01 04:05:45,264 0.756416 (0.016254) with: {'batch_size': 64, 'lr': 0.01, 'max_epochs': 64, 'module__n_features': 37, 'module__n_neurons': 128, 'module__nonlin': ReLU()}
2024-06-01 04:05:45,264 0.782829 (0.017101) with: {'batch_size': 64, 'lr': 0.01, 'max_epochs': 64, 'module__n_features': 37, 'module__n_neurons': 256, 'module__nonlin': Tanh()}
2024-06-01 04:05:45,264 0.745592 (0.012334) with: {'batch_size': 64, 'lr': 0.01, 'max_epochs': 64, 'module__n_features': 37, 'module__n_neurons': 256, 'module__nonlin': ReLU()}
2024-06-01 04:05:45,264 0.791837 (0.013796) with: {'batch_size': 64, 'lr': 0.01, 'max_epochs': 128, 'module__n_features': 37, 'module__n_neurons': 16, 'module__nonlin': Tanh()}
2024-06-01 04:05:45,264 0.788197 (0.009515) with: {'batch_size': 64, 'lr': 0.01, 'max_epochs': 128, 'module__n_features': 37, 'module__n_neurons': 16, 'module__nonlin': ReLU()}
2024-06-01 04:05:45,264 0.784131 (0.014397) with: {'batch_size': 64, 'lr': 0.01, 'max_epochs': 128, 'module__n_features': 37, 'module__n_neurons': 32, 'module__nonlin': Tanh()}
2024-06-01 04:05:45,264 0.768407 (0.007299) with: {'batch_size': 64, 'lr': 0.01, 'max_epochs': 128, 'module__n_features': 37, 'module__n_neurons': 32, 'module__nonlin': ReLU()}
2024-06-01 04:05:45,264 0.772845 (0.011029) with: {'batch_size': 64, 'lr': 0.01, 'max_epochs': 128, 'module__n_features': 37, 'module__n_neurons': 64, 'module__nonlin': Tanh()}
2024-06-01 04:05:45,264 0.737872 (0.010141) with: {'batch_size': 64, 'lr': 0.01, 'max_epochs': 128, 'module__n_features': 37, 'module__n_neurons': 64, 'module__nonlin': ReLU()}
2024-06-01 04:05:45,264 0.761351 (0.017299) with: {'batch_size': 64, 'lr': 0.01, 'max_epochs': 128, 'module__n_features': 37, 'module__n_neurons': 128, 'module__nonlin': Tanh()}
2024-06-01 04:05:45,264 0.718717 (0.012138) with: {'batch_size': 64, 'lr': 0.01, 'max_epochs': 128, 'module__n_features': 37, 'module__n_neurons': 128, 'module__nonlin': ReLU()}
2024-06-01 04:05:45,264 0.749190 (0.007580) with: {'batch_size': 64, 'lr': 0.01, 'max_epochs': 128, 'module__n_features': 37, 'module__n_neurons': 256, 'module__nonlin': Tanh()}
2024-06-01 04:05:45,264 0.701327 (0.025103) with: {'batch_size': 64, 'lr': 0.01, 'max_epochs': 128, 'module__n_features': 37, 'module__n_neurons': 256, 'module__nonlin': ReLU()}
2024-06-01 04:05:45,264 0.800697 (0.011020) with: {'batch_size': 64, 'lr': 0.02, 'max_epochs': 16, 'module__n_features': 37, 'module__n_neurons': 16, 'module__nonlin': Tanh()}
2024-06-01 04:05:45,264 0.800191 (0.011025) with: {'batch_size': 64, 'lr': 0.02, 'max_epochs': 16, 'module__n_features': 37, 'module__n_neurons': 16, 'module__nonlin': ReLU()}
2024-06-01 04:05:45,264 0.801107 (0.010958) with: {'batch_size': 64, 'lr': 0.02, 'max_epochs': 16, 'module__n_features': 37, 'module__n_neurons': 32, 'module__nonlin': Tanh()}
2024-06-01 04:05:45,264 0.799915 (0.011136) with: {'batch_size': 64, 'lr': 0.02, 'max_epochs': 16, 'module__n_features': 37, 'module__n_neurons': 32, 'module__nonlin': ReLU()}
2024-06-01 04:05:45,264 0.800069 (0.011520) with: {'batch_size': 64, 'lr': 0.02, 'max_epochs': 16, 'module__n_features': 37, 'module__n_neurons': 64, 'module__nonlin': Tanh()}
2024-06-01 04:05:45,264 0.797656 (0.011936) with: {'batch_size': 64, 'lr': 0.02, 'max_epochs': 16, 'module__n_features': 37, 'module__n_neurons': 64, 'module__nonlin': ReLU()}
2024-06-01 04:05:45,264 0.797653 (0.012914) with: {'batch_size': 64, 'lr': 0.02, 'max_epochs': 16, 'module__n_features': 37, 'module__n_neurons': 128, 'module__nonlin': Tanh()}
2024-06-01 04:05:45,264 0.794677 (0.012423) with: {'batch_size': 64, 'lr': 0.02, 'max_epochs': 16, 'module__n_features': 37, 'module__n_neurons': 128, 'module__nonlin': ReLU()}
2024-06-01 04:05:45,264 0.798094 (0.012121) with: {'batch_size': 64, 'lr': 0.02, 'max_epochs': 16, 'module__n_features': 37, 'module__n_neurons': 256, 'module__nonlin': Tanh()}
2024-06-01 04:05:45,264 0.794010 (0.012792) with: {'batch_size': 64, 'lr': 0.02, 'max_epochs': 16, 'module__n_features': 37, 'module__n_neurons': 256, 'module__nonlin': ReLU()}
2024-06-01 04:05:45,264 0.799384 (0.011967) with: {'batch_size': 64, 'lr': 0.02, 'max_epochs': 32, 'module__n_features': 37, 'module__n_neurons': 16, 'module__nonlin': Tanh()}
2024-06-01 04:05:45,264 0.799302 (0.011911) with: {'batch_size': 64, 'lr': 0.02, 'max_epochs': 32, 'module__n_features': 37, 'module__n_neurons': 16, 'module__nonlin': ReLU()}
2024-06-01 04:05:45,264 0.797940 (0.012451) with: {'batch_size': 64, 'lr': 0.02, 'max_epochs': 32, 'module__n_features': 37, 'module__n_neurons': 32, 'module__nonlin': Tanh()}
2024-06-01 04:05:45,264 0.795983 (0.012421) with: {'batch_size': 64, 'lr': 0.02, 'max_epochs': 32, 'module__n_features': 37, 'module__n_neurons': 32, 'module__nonlin': ReLU()}
2024-06-01 04:05:45,264 0.794629 (0.011728) with: {'batch_size': 64, 'lr': 0.02, 'max_epochs': 32, 'module__n_features': 37, 'module__n_neurons': 64, 'module__nonlin': Tanh()}
2024-06-01 04:05:45,264 0.790113 (0.011635) with: {'batch_size': 64, 'lr': 0.02, 'max_epochs': 32, 'module__n_features': 37, 'module__n_neurons': 64, 'module__nonlin': ReLU()}
2024-06-01 04:05:45,264 0.793493 (0.011971) with: {'batch_size': 64, 'lr': 0.02, 'max_epochs': 32, 'module__n_features': 37, 'module__n_neurons': 128, 'module__nonlin': Tanh()}
2024-06-01 04:05:45,264 0.785246 (0.009233) with: {'batch_size': 64, 'lr': 0.02, 'max_epochs': 32, 'module__n_features': 37, 'module__n_neurons': 128, 'module__nonlin': ReLU()}
2024-06-01 04:05:45,264 0.793476 (0.015338) with: {'batch_size': 64, 'lr': 0.02, 'max_epochs': 32, 'module__n_features': 37, 'module__n_neurons': 256, 'module__nonlin': Tanh()}
2024-06-01 04:05:45,264 0.776023 (0.013201) with: {'batch_size': 64, 'lr': 0.02, 'max_epochs': 32, 'module__n_features': 37, 'module__n_neurons': 256, 'module__nonlin': ReLU()}
2024-06-01 04:05:45,264 0.791804 (0.012848) with: {'batch_size': 64, 'lr': 0.02, 'max_epochs': 64, 'module__n_features': 37, 'module__n_neurons': 16, 'module__nonlin': Tanh()}
2024-06-01 04:05:45,264 0.794245 (0.013939) with: {'batch_size': 64, 'lr': 0.02, 'max_epochs': 64, 'module__n_features': 37, 'module__n_neurons': 16, 'module__nonlin': ReLU()}
2024-06-01 04:05:45,264 0.790459 (0.012120) with: {'batch_size': 64, 'lr': 0.02, 'max_epochs': 64, 'module__n_features': 37, 'module__n_neurons': 32, 'module__nonlin': Tanh()}
2024-06-01 04:05:45,264 0.782902 (0.008853) with: {'batch_size': 64, 'lr': 0.02, 'max_epochs': 64, 'module__n_features': 37, 'module__n_neurons': 32, 'module__nonlin': ReLU()}
2024-06-01 04:05:45,264 0.785658 (0.016752) with: {'batch_size': 64, 'lr': 0.02, 'max_epochs': 64, 'module__n_features': 37, 'module__n_neurons': 64, 'module__nonlin': Tanh()}
2024-06-01 04:05:45,264 0.763976 (0.016726) with: {'batch_size': 64, 'lr': 0.02, 'max_epochs': 64, 'module__n_features': 37, 'module__n_neurons': 64, 'module__nonlin': ReLU()}
2024-06-01 04:05:45,264 0.781115 (0.018357) with: {'batch_size': 64, 'lr': 0.02, 'max_epochs': 64, 'module__n_features': 37, 'module__n_neurons': 128, 'module__nonlin': Tanh()}
2024-06-01 04:05:45,264 0.754063 (0.014155) with: {'batch_size': 64, 'lr': 0.02, 'max_epochs': 64, 'module__n_features': 37, 'module__n_neurons': 128, 'module__nonlin': ReLU()}
2024-06-01 04:05:45,264 0.772669 (0.013049) with: {'batch_size': 64, 'lr': 0.02, 'max_epochs': 64, 'module__n_features': 37, 'module__n_neurons': 256, 'module__nonlin': Tanh()}
2024-06-01 04:05:45,264 0.738899 (0.012205) with: {'batch_size': 64, 'lr': 0.02, 'max_epochs': 64, 'module__n_features': 37, 'module__n_neurons': 256, 'module__nonlin': ReLU()}
2024-06-01 04:05:45,264 0.775474 (0.011660) with: {'batch_size': 64, 'lr': 0.02, 'max_epochs': 128, 'module__n_features': 37, 'module__n_neurons': 16, 'module__nonlin': Tanh()}
2024-06-01 04:05:45,264 0.778521 (0.011326) with: {'batch_size': 64, 'lr': 0.02, 'max_epochs': 128, 'module__n_features': 37, 'module__n_neurons': 16, 'module__nonlin': ReLU()}
2024-06-01 04:05:45,264 0.762029 (0.015768) with: {'batch_size': 64, 'lr': 0.02, 'max_epochs': 128, 'module__n_features': 37, 'module__n_neurons': 32, 'module__nonlin': Tanh()}
2024-06-01 04:05:45,265 0.751010 (0.009317) with: {'batch_size': 64, 'lr': 0.02, 'max_epochs': 128, 'module__n_features': 37, 'module__n_neurons': 32, 'module__nonlin': ReLU()}
2024-06-01 04:05:45,265 0.748330 (0.019461) with: {'batch_size': 64, 'lr': 0.02, 'max_epochs': 128, 'module__n_features': 37, 'module__n_neurons': 64, 'module__nonlin': Tanh()}
2024-06-01 04:05:45,265 0.721807 (0.018457) with: {'batch_size': 64, 'lr': 0.02, 'max_epochs': 128, 'module__n_features': 37, 'module__n_neurons': 64, 'module__nonlin': ReLU()}
2024-06-01 04:05:45,265 0.738011 (0.015602) with: {'batch_size': 64, 'lr': 0.02, 'max_epochs': 128, 'module__n_features': 37, 'module__n_neurons': 128, 'module__nonlin': Tanh()}
2024-06-01 04:05:45,265 0.699900 (0.025707) with: {'batch_size': 64, 'lr': 0.02, 'max_epochs': 128, 'module__n_features': 37, 'module__n_neurons': 128, 'module__nonlin': ReLU()}
2024-06-01 04:05:45,265 0.742372 (0.016528) with: {'batch_size': 64, 'lr': 0.02, 'max_epochs': 128, 'module__n_features': 37, 'module__n_neurons': 256, 'module__nonlin': Tanh()}
2024-06-01 04:05:45,265 0.694368 (0.019266) with: {'batch_size': 64, 'lr': 0.02, 'max_epochs': 128, 'module__n_features': 37, 'module__n_neurons': 256, 'module__nonlin': ReLU()}
2024-06-01 04:05:45,265 0.795116 (0.009902) with: {'batch_size': 128, 'lr': 0.001, 'max_epochs': 16, 'module__n_features': 37, 'module__n_neurons': 16, 'module__nonlin': Tanh()}
2024-06-01 04:05:45,265 0.789417 (0.009135) with: {'batch_size': 128, 'lr': 0.001, 'max_epochs': 16, 'module__n_features': 37, 'module__n_neurons': 16, 'module__nonlin': ReLU()}
2024-06-01 04:05:45,265 0.796312 (0.009619) with: {'batch_size': 128, 'lr': 0.001, 'max_epochs': 16, 'module__n_features': 37, 'module__n_neurons': 32, 'module__nonlin': Tanh()}
2024-06-01 04:05:45,265 0.796582 (0.010236) with: {'batch_size': 128, 'lr': 0.001, 'max_epochs': 16, 'module__n_features': 37, 'module__n_neurons': 32, 'module__nonlin': ReLU()}
2024-06-01 04:05:45,265 0.798767 (0.009863) with: {'batch_size': 128, 'lr': 0.001, 'max_epochs': 16, 'module__n_features': 37, 'module__n_neurons': 64, 'module__nonlin': Tanh()}
2024-06-01 04:05:45,265 0.797961 (0.009368) with: {'batch_size': 128, 'lr': 0.001, 'max_epochs': 16, 'module__n_features': 37, 'module__n_neurons': 64, 'module__nonlin': ReLU()}
2024-06-01 04:05:45,265 0.800987 (0.009822) with: {'batch_size': 128, 'lr': 0.001, 'max_epochs': 16, 'module__n_features': 37, 'module__n_neurons': 128, 'module__nonlin': Tanh()}
2024-06-01 04:05:45,265 0.801081 (0.010228) with: {'batch_size': 128, 'lr': 0.001, 'max_epochs': 16, 'module__n_features': 37, 'module__n_neurons': 128, 'module__nonlin': ReLU()}
2024-06-01 04:05:45,265 0.800774 (0.010681) with: {'batch_size': 128, 'lr': 0.001, 'max_epochs': 16, 'module__n_features': 37, 'module__n_neurons': 256, 'module__nonlin': Tanh()}
2024-06-01 04:05:45,265 0.800937 (0.010937) with: {'batch_size': 128, 'lr': 0.001, 'max_epochs': 16, 'module__n_features': 37, 'module__n_neurons': 256, 'module__nonlin': ReLU()}
2024-06-01 04:05:45,265 0.799054 (0.009713) with: {'batch_size': 128, 'lr': 0.001, 'max_epochs': 32, 'module__n_features': 37, 'module__n_neurons': 16, 'module__nonlin': Tanh()}
2024-06-01 04:05:45,265 0.797595 (0.009999) with: {'batch_size': 128, 'lr': 0.001, 'max_epochs': 32, 'module__n_features': 37, 'module__n_neurons': 16, 'module__nonlin': ReLU()}
2024-06-01 04:05:45,265 0.800269 (0.009674) with: {'batch_size': 128, 'lr': 0.001, 'max_epochs': 32, 'module__n_features': 37, 'module__n_neurons': 32, 'module__nonlin': Tanh()}
2024-06-01 04:05:45,265 0.800543 (0.009891) with: {'batch_size': 128, 'lr': 0.001, 'max_epochs': 32, 'module__n_features': 37, 'module__n_neurons': 32, 'module__nonlin': ReLU()}
2024-06-01 04:05:45,265 0.801189 (0.010000) with: {'batch_size': 128, 'lr': 0.001, 'max_epochs': 32, 'module__n_features': 37, 'module__n_neurons': 64, 'module__nonlin': Tanh()}
2024-06-01 04:05:45,265 0.801019 (0.010564) with: {'batch_size': 128, 'lr': 0.001, 'max_epochs': 32, 'module__n_features': 37, 'module__n_neurons': 64, 'module__nonlin': ReLU()}
2024-06-01 04:05:45,265 0.801738 (0.010162) with: {'batch_size': 128, 'lr': 0.001, 'max_epochs': 32, 'module__n_features': 37, 'module__n_neurons': 128, 'module__nonlin': Tanh()}
2024-06-01 04:05:45,265 0.801796 (0.010406) with: {'batch_size': 128, 'lr': 0.001, 'max_epochs': 32, 'module__n_features': 37, 'module__n_neurons': 128, 'module__nonlin': ReLU()}
2024-06-01 04:05:45,265 0.801579 (0.010468) with: {'batch_size': 128, 'lr': 0.001, 'max_epochs': 32, 'module__n_features': 37, 'module__n_neurons': 256, 'module__nonlin': Tanh()}
2024-06-01 04:05:45,265 0.800595 (0.011573) with: {'batch_size': 128, 'lr': 0.001, 'max_epochs': 32, 'module__n_features': 37, 'module__n_neurons': 256, 'module__nonlin': ReLU()}
2024-06-01 04:05:45,265 0.800912 (0.009702) with: {'batch_size': 128, 'lr': 0.001, 'max_epochs': 64, 'module__n_features': 37, 'module__n_neurons': 16, 'module__nonlin': Tanh()}
2024-06-01 04:05:45,265 0.800769 (0.009760) with: {'batch_size': 128, 'lr': 0.001, 'max_epochs': 64, 'module__n_features': 37, 'module__n_neurons': 16, 'module__nonlin': ReLU()}
2024-06-01 04:05:45,265 0.801234 (0.009703) with: {'batch_size': 128, 'lr': 0.001, 'max_epochs': 64, 'module__n_features': 37, 'module__n_neurons': 32, 'module__nonlin': Tanh()}
2024-06-01 04:05:45,265 0.802398 (0.010244) with: {'batch_size': 128, 'lr': 0.001, 'max_epochs': 64, 'module__n_features': 37, 'module__n_neurons': 32, 'module__nonlin': ReLU()}
2024-06-01 04:05:45,265 0.802189 (0.009980) with: {'batch_size': 128, 'lr': 0.001, 'max_epochs': 64, 'module__n_features': 37, 'module__n_neurons': 64, 'module__nonlin': Tanh()}
2024-06-01 04:05:45,265 0.801709 (0.011057) with: {'batch_size': 128, 'lr': 0.001, 'max_epochs': 64, 'module__n_features': 37, 'module__n_neurons': 64, 'module__nonlin': ReLU()}
2024-06-01 04:05:45,265 0.802083 (0.010137) with: {'batch_size': 128, 'lr': 0.001, 'max_epochs': 64, 'module__n_features': 37, 'module__n_neurons': 128, 'module__nonlin': Tanh()}
2024-06-01 04:05:45,265 0.800910 (0.010254) with: {'batch_size': 128, 'lr': 0.001, 'max_epochs': 64, 'module__n_features': 37, 'module__n_neurons': 128, 'module__nonlin': ReLU()}
2024-06-01 04:05:45,265 0.802137 (0.010212) with: {'batch_size': 128, 'lr': 0.001, 'max_epochs': 64, 'module__n_features': 37, 'module__n_neurons': 256, 'module__nonlin': Tanh()}
2024-06-01 04:05:45,265 0.794791 (0.011340) with: {'batch_size': 128, 'lr': 0.001, 'max_epochs': 64, 'module__n_features': 37, 'module__n_neurons': 256, 'module__nonlin': ReLU()}
2024-06-01 04:05:45,265 0.801511 (0.010072) with: {'batch_size': 128, 'lr': 0.001, 'max_epochs': 128, 'module__n_features': 37, 'module__n_neurons': 16, 'module__nonlin': Tanh()}
2024-06-01 04:05:45,265 0.801711 (0.009913) with: {'batch_size': 128, 'lr': 0.001, 'max_epochs': 128, 'module__n_features': 37, 'module__n_neurons': 16, 'module__nonlin': ReLU()}
2024-06-01 04:05:45,265 0.802215 (0.009861) with: {'batch_size': 128, 'lr': 0.001, 'max_epochs': 128, 'module__n_features': 37, 'module__n_neurons': 32, 'module__nonlin': Tanh()}
2024-06-01 04:05:45,265 0.801859 (0.010368) with: {'batch_size': 128, 'lr': 0.001, 'max_epochs': 128, 'module__n_features': 37, 'module__n_neurons': 32, 'module__nonlin': ReLU()}
2024-06-01 04:05:45,265 0.802382 (0.009974) with: {'batch_size': 128, 'lr': 0.001, 'max_epochs': 128, 'module__n_features': 37, 'module__n_neurons': 64, 'module__nonlin': Tanh()}
2024-06-01 04:05:45,265 0.797247 (0.011640) with: {'batch_size': 128, 'lr': 0.001, 'max_epochs': 128, 'module__n_features': 37, 'module__n_neurons': 64, 'module__nonlin': ReLU()}
2024-06-01 04:05:45,265 0.802462 (0.010208) with: {'batch_size': 128, 'lr': 0.001, 'max_epochs': 128, 'module__n_features': 37, 'module__n_neurons': 128, 'module__nonlin': Tanh()}
2024-06-01 04:05:45,265 0.790640 (0.009622) with: {'batch_size': 128, 'lr': 0.001, 'max_epochs': 128, 'module__n_features': 37, 'module__n_neurons': 128, 'module__nonlin': ReLU()}
2024-06-01 04:05:45,265 0.802452 (0.010229) with: {'batch_size': 128, 'lr': 0.001, 'max_epochs': 128, 'module__n_features': 37, 'module__n_neurons': 256, 'module__nonlin': Tanh()}
2024-06-01 04:05:45,265 0.776329 (0.010346) with: {'batch_size': 128, 'lr': 0.001, 'max_epochs': 128, 'module__n_features': 37, 'module__n_neurons': 256, 'module__nonlin': ReLU()}
2024-06-01 04:05:45,265 0.800592 (0.010568) with: {'batch_size': 128, 'lr': 0.01, 'max_epochs': 16, 'module__n_features': 37, 'module__n_neurons': 16, 'module__nonlin': Tanh()}
2024-06-01 04:05:45,265 0.799808 (0.010046) with: {'batch_size': 128, 'lr': 0.01, 'max_epochs': 16, 'module__n_features': 37, 'module__n_neurons': 16, 'module__nonlin': ReLU()}
2024-06-01 04:05:45,265 0.800422 (0.010637) with: {'batch_size': 128, 'lr': 0.01, 'max_epochs': 16, 'module__n_features': 37, 'module__n_neurons': 32, 'module__nonlin': Tanh()}
2024-06-01 04:05:45,266 0.800198 (0.011315) with: {'batch_size': 128, 'lr': 0.01, 'max_epochs': 16, 'module__n_features': 37, 'module__n_neurons': 32, 'module__nonlin': ReLU()}
2024-06-01 04:05:45,266 0.800516 (0.010651) with: {'batch_size': 128, 'lr': 0.01, 'max_epochs': 16, 'module__n_features': 37, 'module__n_neurons': 64, 'module__nonlin': Tanh()}
2024-06-01 04:05:45,266 0.799807 (0.010743) with: {'batch_size': 128, 'lr': 0.01, 'max_epochs': 16, 'module__n_features': 37, 'module__n_neurons': 64, 'module__nonlin': ReLU()}
2024-06-01 04:05:45,266 0.800453 (0.010897) with: {'batch_size': 128, 'lr': 0.01, 'max_epochs': 16, 'module__n_features': 37, 'module__n_neurons': 128, 'module__nonlin': Tanh()}
2024-06-01 04:05:45,266 0.796749 (0.011059) with: {'batch_size': 128, 'lr': 0.01, 'max_epochs': 16, 'module__n_features': 37, 'module__n_neurons': 128, 'module__nonlin': ReLU()}
2024-06-01 04:05:45,266 0.800715 (0.011077) with: {'batch_size': 128, 'lr': 0.01, 'max_epochs': 16, 'module__n_features': 37, 'module__n_neurons': 256, 'module__nonlin': Tanh()}
2024-06-01 04:05:45,266 0.796758 (0.011574) with: {'batch_size': 128, 'lr': 0.01, 'max_epochs': 16, 'module__n_features': 37, 'module__n_neurons': 256, 'module__nonlin': ReLU()}
2024-06-01 04:05:45,266 0.801402 (0.011018) with: {'batch_size': 128, 'lr': 0.01, 'max_epochs': 32, 'module__n_features': 37, 'module__n_neurons': 16, 'module__nonlin': Tanh()}
2024-06-01 04:05:45,266 0.798627 (0.011392) with: {'batch_size': 128, 'lr': 0.01, 'max_epochs': 32, 'module__n_features': 37, 'module__n_neurons': 16, 'module__nonlin': ReLU()}
2024-06-01 04:05:45,266 0.800935 (0.011142) with: {'batch_size': 128, 'lr': 0.01, 'max_epochs': 32, 'module__n_features': 37, 'module__n_neurons': 32, 'module__nonlin': Tanh()}
2024-06-01 04:05:45,266 0.799630 (0.011834) with: {'batch_size': 128, 'lr': 0.01, 'max_epochs': 32, 'module__n_features': 37, 'module__n_neurons': 32, 'module__nonlin': ReLU()}
2024-06-01 04:05:45,266 0.800426 (0.011374) with: {'batch_size': 128, 'lr': 0.01, 'max_epochs': 32, 'module__n_features': 37, 'module__n_neurons': 64, 'module__nonlin': Tanh()}
2024-06-01 04:05:45,266 0.792725 (0.011526) with: {'batch_size': 128, 'lr': 0.01, 'max_epochs': 32, 'module__n_features': 37, 'module__n_neurons': 64, 'module__nonlin': ReLU()}
2024-06-01 04:05:45,266 0.799891 (0.011100) with: {'batch_size': 128, 'lr': 0.01, 'max_epochs': 32, 'module__n_features': 37, 'module__n_neurons': 128, 'module__nonlin': Tanh()}
2024-06-01 04:05:45,266 0.787298 (0.012269) with: {'batch_size': 128, 'lr': 0.01, 'max_epochs': 32, 'module__n_features': 37, 'module__n_neurons': 128, 'module__nonlin': ReLU()}
2024-06-01 04:05:45,266 0.798811 (0.011132) with: {'batch_size': 128, 'lr': 0.01, 'max_epochs': 32, 'module__n_features': 37, 'module__n_neurons': 256, 'module__nonlin': Tanh()}
2024-06-01 04:05:45,266 0.777696 (0.009949) with: {'batch_size': 128, 'lr': 0.01, 'max_epochs': 32, 'module__n_features': 37, 'module__n_neurons': 256, 'module__nonlin': ReLU()}
2024-06-01 04:05:45,266 0.799501 (0.010994) with: {'batch_size': 128, 'lr': 0.01, 'max_epochs': 64, 'module__n_features': 37, 'module__n_neurons': 16, 'module__nonlin': Tanh()}
2024-06-01 04:05:45,266 0.798331 (0.010076) with: {'batch_size': 128, 'lr': 0.01, 'max_epochs': 64, 'module__n_features': 37, 'module__n_neurons': 16, 'module__nonlin': ReLU()}
2024-06-01 04:05:45,266 0.798390 (0.012656) with: {'batch_size': 128, 'lr': 0.01, 'max_epochs': 64, 'module__n_features': 37, 'module__n_neurons': 32, 'module__nonlin': Tanh()}
2024-06-01 04:05:45,266 0.788184 (0.015705) with: {'batch_size': 128, 'lr': 0.01, 'max_epochs': 64, 'module__n_features': 37, 'module__n_neurons': 32, 'module__nonlin': ReLU()}
2024-06-01 04:05:45,266 0.796237 (0.014028) with: {'batch_size': 128, 'lr': 0.01, 'max_epochs': 64, 'module__n_features': 37, 'module__n_neurons': 64, 'module__nonlin': Tanh()}
2024-06-01 04:05:45,266 0.779587 (0.010061) with: {'batch_size': 128, 'lr': 0.01, 'max_epochs': 64, 'module__n_features': 37, 'module__n_neurons': 64, 'module__nonlin': ReLU()}
2024-06-01 04:05:45,266 0.791310 (0.013220) with: {'batch_size': 128, 'lr': 0.01, 'max_epochs': 64, 'module__n_features': 37, 'module__n_neurons': 128, 'module__nonlin': Tanh()}
2024-06-01 04:05:45,266 0.757473 (0.020641) with: {'batch_size': 128, 'lr': 0.01, 'max_epochs': 64, 'module__n_features': 37, 'module__n_neurons': 128, 'module__nonlin': ReLU()}
2024-06-01 04:05:45,266 0.786844 (0.011590) with: {'batch_size': 128, 'lr': 0.01, 'max_epochs': 64, 'module__n_features': 37, 'module__n_neurons': 256, 'module__nonlin': Tanh()}
2024-06-01 04:05:45,266 0.739391 (0.011421) with: {'batch_size': 128, 'lr': 0.01, 'max_epochs': 64, 'module__n_features': 37, 'module__n_neurons': 256, 'module__nonlin': ReLU()}
2024-06-01 04:05:45,266 0.795126 (0.013770) with: {'batch_size': 128, 'lr': 0.01, 'max_epochs': 128, 'module__n_features': 37, 'module__n_neurons': 16, 'module__nonlin': Tanh()}
2024-06-01 04:05:45,266 0.790478 (0.011635) with: {'batch_size': 128, 'lr': 0.01, 'max_epochs': 128, 'module__n_features': 37, 'module__n_neurons': 16, 'module__nonlin': ReLU()}
2024-06-01 04:05:45,266 0.787286 (0.014942) with: {'batch_size': 128, 'lr': 0.01, 'max_epochs': 128, 'module__n_features': 37, 'module__n_neurons': 32, 'module__nonlin': Tanh()}
2024-06-01 04:05:45,266 0.774407 (0.010323) with: {'batch_size': 128, 'lr': 0.01, 'max_epochs': 128, 'module__n_features': 37, 'module__n_neurons': 32, 'module__nonlin': ReLU()}
2024-06-01 04:05:45,266 0.776279 (0.012742) with: {'batch_size': 128, 'lr': 0.01, 'max_epochs': 128, 'module__n_features': 37, 'module__n_neurons': 64, 'module__nonlin': Tanh()}
2024-06-01 04:05:45,266 0.748445 (0.012714) with: {'batch_size': 128, 'lr': 0.01, 'max_epochs': 128, 'module__n_features': 37, 'module__n_neurons': 64, 'module__nonlin': ReLU()}
2024-06-01 04:05:45,266 0.760134 (0.018157) with: {'batch_size': 128, 'lr': 0.01, 'max_epochs': 128, 'module__n_features': 37, 'module__n_neurons': 128, 'module__nonlin': Tanh()}
2024-06-01 04:05:45,266 0.716580 (0.013990) with: {'batch_size': 128, 'lr': 0.01, 'max_epochs': 128, 'module__n_features': 37, 'module__n_neurons': 128, 'module__nonlin': ReLU()}
2024-06-01 04:05:45,266 0.754452 (0.022177) with: {'batch_size': 128, 'lr': 0.01, 'max_epochs': 128, 'module__n_features': 37, 'module__n_neurons': 256, 'module__nonlin': Tanh()}
2024-06-01 04:05:45,266 0.701219 (0.014569) with: {'batch_size': 128, 'lr': 0.01, 'max_epochs': 128, 'module__n_features': 37, 'module__n_neurons': 256, 'module__nonlin': ReLU()}
2024-06-01 04:05:45,266 0.800284 (0.010829) with: {'batch_size': 128, 'lr': 0.02, 'max_epochs': 16, 'module__n_features': 37, 'module__n_neurons': 16, 'module__nonlin': Tanh()}
2024-06-01 04:05:45,266 0.799652 (0.010809) with: {'batch_size': 128, 'lr': 0.02, 'max_epochs': 16, 'module__n_features': 37, 'module__n_neurons': 16, 'module__nonlin': ReLU()}
2024-06-01 04:05:45,266 0.799973 (0.011416) with: {'batch_size': 128, 'lr': 0.02, 'max_epochs': 16, 'module__n_features': 37, 'module__n_neurons': 32, 'module__nonlin': Tanh()}
2024-06-01 04:05:45,266 0.799212 (0.011317) with: {'batch_size': 128, 'lr': 0.02, 'max_epochs': 16, 'module__n_features': 37, 'module__n_neurons': 32, 'module__nonlin': ReLU()}
2024-06-01 04:05:45,266 0.799902 (0.011150) with: {'batch_size': 128, 'lr': 0.02, 'max_epochs': 16, 'module__n_features': 37, 'module__n_neurons': 64, 'module__nonlin': Tanh()}
2024-06-01 04:05:45,266 0.797205 (0.010651) with: {'batch_size': 128, 'lr': 0.02, 'max_epochs': 16, 'module__n_features': 37, 'module__n_neurons': 64, 'module__nonlin': ReLU()}
2024-06-01 04:05:45,266 0.799786 (0.011105) with: {'batch_size': 128, 'lr': 0.02, 'max_epochs': 16, 'module__n_features': 37, 'module__n_neurons': 128, 'module__nonlin': Tanh()}
2024-06-01 04:05:45,266 0.797457 (0.011034) with: {'batch_size': 128, 'lr': 0.02, 'max_epochs': 16, 'module__n_features': 37, 'module__n_neurons': 128, 'module__nonlin': ReLU()}
2024-06-01 04:05:45,266 0.800526 (0.010817) with: {'batch_size': 128, 'lr': 0.02, 'max_epochs': 16, 'module__n_features': 37, 'module__n_neurons': 256, 'module__nonlin': Tanh()}
2024-06-01 04:05:45,266 0.795888 (0.011655) with: {'batch_size': 128, 'lr': 0.02, 'max_epochs': 16, 'module__n_features': 37, 'module__n_neurons': 256, 'module__nonlin': ReLU()}
2024-06-01 04:05:45,266 0.799927 (0.011648) with: {'batch_size': 128, 'lr': 0.02, 'max_epochs': 32, 'module__n_features': 37, 'module__n_neurons': 16, 'module__nonlin': Tanh()}
2024-06-01 04:05:45,266 0.797719 (0.010568) with: {'batch_size': 128, 'lr': 0.02, 'max_epochs': 32, 'module__n_features': 37, 'module__n_neurons': 16, 'module__nonlin': ReLU()}
2024-06-01 04:05:45,266 0.799908 (0.011654) with: {'batch_size': 128, 'lr': 0.02, 'max_epochs': 32, 'module__n_features': 37, 'module__n_neurons': 32, 'module__nonlin': Tanh()}
2024-06-01 04:05:45,266 0.795234 (0.012165) with: {'batch_size': 128, 'lr': 0.02, 'max_epochs': 32, 'module__n_features': 37, 'module__n_neurons': 32, 'module__nonlin': ReLU()}
2024-06-01 04:05:45,267 0.798774 (0.012444) with: {'batch_size': 128, 'lr': 0.02, 'max_epochs': 32, 'module__n_features': 37, 'module__n_neurons': 64, 'module__nonlin': Tanh()}
2024-06-01 04:05:45,267 0.789628 (0.013356) with: {'batch_size': 128, 'lr': 0.02, 'max_epochs': 32, 'module__n_features': 37, 'module__n_neurons': 64, 'module__nonlin': ReLU()}
2024-06-01 04:05:45,267 0.797919 (0.010983) with: {'batch_size': 128, 'lr': 0.02, 'max_epochs': 32, 'module__n_features': 37, 'module__n_neurons': 128, 'module__nonlin': Tanh()}
2024-06-01 04:05:45,267 0.786124 (0.009708) with: {'batch_size': 128, 'lr': 0.02, 'max_epochs': 32, 'module__n_features': 37, 'module__n_neurons': 128, 'module__nonlin': ReLU()}
2024-06-01 04:05:45,267 0.799119 (0.009673) with: {'batch_size': 128, 'lr': 0.02, 'max_epochs': 32, 'module__n_features': 37, 'module__n_neurons': 256, 'module__nonlin': Tanh()}
2024-06-01 04:05:45,267 0.773319 (0.015894) with: {'batch_size': 128, 'lr': 0.02, 'max_epochs': 32, 'module__n_features': 37, 'module__n_neurons': 256, 'module__nonlin': ReLU()}
2024-06-01 04:05:45,267 0.797626 (0.012483) with: {'batch_size': 128, 'lr': 0.02, 'max_epochs': 64, 'module__n_features': 37, 'module__n_neurons': 16, 'module__nonlin': Tanh()}
2024-06-01 04:05:45,267 0.793398 (0.010917) with: {'batch_size': 128, 'lr': 0.02, 'max_epochs': 64, 'module__n_features': 37, 'module__n_neurons': 16, 'module__nonlin': ReLU()}
2024-06-01 04:05:45,267 0.791260 (0.014312) with: {'batch_size': 128, 'lr': 0.02, 'max_epochs': 64, 'module__n_features': 37, 'module__n_neurons': 32, 'module__nonlin': Tanh()}
2024-06-01 04:05:45,267 0.786477 (0.008863) with: {'batch_size': 128, 'lr': 0.02, 'max_epochs': 64, 'module__n_features': 37, 'module__n_neurons': 32, 'module__nonlin': ReLU()}
2024-06-01 04:05:45,267 0.788698 (0.012147) with: {'batch_size': 128, 'lr': 0.02, 'max_epochs': 64, 'module__n_features': 37, 'module__n_neurons': 64, 'module__nonlin': Tanh()}
2024-06-01 04:05:45,267 0.759240 (0.010232) with: {'batch_size': 128, 'lr': 0.02, 'max_epochs': 64, 'module__n_features': 37, 'module__n_neurons': 64, 'module__nonlin': ReLU()}
2024-06-01 04:05:45,267 0.783956 (0.013136) with: {'batch_size': 128, 'lr': 0.02, 'max_epochs': 64, 'module__n_features': 37, 'module__n_neurons': 128, 'module__nonlin': Tanh()}
2024-06-01 04:05:45,267 0.748340 (0.010251) with: {'batch_size': 128, 'lr': 0.02, 'max_epochs': 64, 'module__n_features': 37, 'module__n_neurons': 128, 'module__nonlin': ReLU()}
2024-06-01 04:05:45,267 0.783730 (0.011594) with: {'batch_size': 128, 'lr': 0.02, 'max_epochs': 64, 'module__n_features': 37, 'module__n_neurons': 256, 'module__nonlin': Tanh()}
2024-06-01 04:05:45,267 0.740847 (0.008165) with: {'batch_size': 128, 'lr': 0.02, 'max_epochs': 64, 'module__n_features': 37, 'module__n_neurons': 256, 'module__nonlin': ReLU()}
2024-06-01 04:05:45,267 0.780432 (0.013902) with: {'batch_size': 128, 'lr': 0.02, 'max_epochs': 128, 'module__n_features': 37, 'module__n_neurons': 16, 'module__nonlin': Tanh()}
2024-06-01 04:05:45,267 0.782122 (0.012446) with: {'batch_size': 128, 'lr': 0.02, 'max_epochs': 128, 'module__n_features': 37, 'module__n_neurons': 16, 'module__nonlin': ReLU()}
2024-06-01 04:05:45,267 0.762415 (0.016831) with: {'batch_size': 128, 'lr': 0.02, 'max_epochs': 128, 'module__n_features': 37, 'module__n_neurons': 32, 'module__nonlin': Tanh()}
2024-06-01 04:05:45,267 0.759173 (0.006622) with: {'batch_size': 128, 'lr': 0.02, 'max_epochs': 128, 'module__n_features': 37, 'module__n_neurons': 32, 'module__nonlin': ReLU()}
2024-06-01 04:05:45,267 0.750015 (0.017225) with: {'batch_size': 128, 'lr': 0.02, 'max_epochs': 128, 'module__n_features': 37, 'module__n_neurons': 64, 'module__nonlin': Tanh()}
2024-06-01 04:05:45,267 0.728363 (0.012900) with: {'batch_size': 128, 'lr': 0.02, 'max_epochs': 128, 'module__n_features': 37, 'module__n_neurons': 64, 'module__nonlin': ReLU()}
2024-06-01 04:05:45,267 0.748093 (0.013255) with: {'batch_size': 128, 'lr': 0.02, 'max_epochs': 128, 'module__n_features': 37, 'module__n_neurons': 128, 'module__nonlin': Tanh()}
2024-06-01 04:05:45,267 0.697555 (0.020649) with: {'batch_size': 128, 'lr': 0.02, 'max_epochs': 128, 'module__n_features': 37, 'module__n_neurons': 128, 'module__nonlin': ReLU()}
2024-06-01 04:05:45,267 0.728940 (0.017298) with: {'batch_size': 128, 'lr': 0.02, 'max_epochs': 128, 'module__n_features': 37, 'module__n_neurons': 256, 'module__nonlin': Tanh()}
2024-06-01 04:05:45,267 0.697907 (0.019946) with: {'batch_size': 128, 'lr': 0.02, 'max_epochs': 128, 'module__n_features': 37, 'module__n_neurons': 256, 'module__nonlin': ReLU()}
