2024-06-03 03:02:45,575 Best: 0.802740 using {'batch_size': 16, 'lr': 0.001, 'max_epochs': 128, 'module__n_features': 37, 'module__n_neurons': 16, 'module__nonlin': Tanh()}
2024-06-03 03:02:45,576 Best estimator configuration: 
 <class 'skorch.classifier.NeuralNetClassifier'>[initialized](
  module_=Module2Layers(
    (dense0): Linear(in_features=37, out_features=16, bias=True)
    (act): Tanh()
    (dense1): Linear(in_features=16, out_features=16, bias=True)
    (output): Linear(in_features=16, out_features=1, bias=True)
    (sigmoid): Sigmoid()
  ),
)
2024-06-03 03:02:45,576 0.799259 (0.010015) with: {'batch_size': 16, 'lr': 0.001, 'max_epochs': 16, 'module__n_features': 37, 'module__n_neurons': 16, 'module__nonlin': Tanh()}
2024-06-03 03:02:45,576 0.798655 (0.010054) with: {'batch_size': 16, 'lr': 0.001, 'max_epochs': 16, 'module__n_features': 37, 'module__n_neurons': 16, 'module__nonlin': ReLU()}
2024-06-03 03:02:45,576 0.800910 (0.010300) with: {'batch_size': 16, 'lr': 0.001, 'max_epochs': 16, 'module__n_features': 37, 'module__n_neurons': 32, 'module__nonlin': Tanh()}
2024-06-03 03:02:45,576 0.800832 (0.009566) with: {'batch_size': 16, 'lr': 0.001, 'max_epochs': 16, 'module__n_features': 37, 'module__n_neurons': 32, 'module__nonlin': ReLU()}
2024-06-03 03:02:45,576 0.801693 (0.009995) with: {'batch_size': 16, 'lr': 0.001, 'max_epochs': 16, 'module__n_features': 37, 'module__n_neurons': 64, 'module__nonlin': Tanh()}
2024-06-03 03:02:45,576 0.801595 (0.010497) with: {'batch_size': 16, 'lr': 0.001, 'max_epochs': 16, 'module__n_features': 37, 'module__n_neurons': 64, 'module__nonlin': ReLU()}
2024-06-03 03:02:45,576 0.801822 (0.010411) with: {'batch_size': 16, 'lr': 0.001, 'max_epochs': 16, 'module__n_features': 37, 'module__n_neurons': 128, 'module__nonlin': Tanh()}
2024-06-03 03:02:45,576 0.801845 (0.010023) with: {'batch_size': 16, 'lr': 0.001, 'max_epochs': 16, 'module__n_features': 37, 'module__n_neurons': 128, 'module__nonlin': ReLU()}
2024-06-03 03:02:45,576 0.801847 (0.010443) with: {'batch_size': 16, 'lr': 0.001, 'max_epochs': 16, 'module__n_features': 37, 'module__n_neurons': 256, 'module__nonlin': Tanh()}
2024-06-03 03:02:45,576 0.802266 (0.010996) with: {'batch_size': 16, 'lr': 0.001, 'max_epochs': 16, 'module__n_features': 37, 'module__n_neurons': 256, 'module__nonlin': ReLU()}
2024-06-03 03:02:45,576 0.800822 (0.010232) with: {'batch_size': 16, 'lr': 0.001, 'max_epochs': 32, 'module__n_features': 37, 'module__n_neurons': 16, 'module__nonlin': Tanh()}
2024-06-03 03:02:45,576 0.800945 (0.009440) with: {'batch_size': 16, 'lr': 0.001, 'max_epochs': 32, 'module__n_features': 37, 'module__n_neurons': 16, 'module__nonlin': ReLU()}
2024-06-03 03:02:45,576 0.801646 (0.010074) with: {'batch_size': 16, 'lr': 0.001, 'max_epochs': 32, 'module__n_features': 37, 'module__n_neurons': 32, 'module__nonlin': Tanh()}
2024-06-03 03:02:45,576 0.802272 (0.010238) with: {'batch_size': 16, 'lr': 0.001, 'max_epochs': 32, 'module__n_features': 37, 'module__n_neurons': 32, 'module__nonlin': ReLU()}
2024-06-03 03:02:45,576 0.802328 (0.010137) with: {'batch_size': 16, 'lr': 0.001, 'max_epochs': 32, 'module__n_features': 37, 'module__n_neurons': 64, 'module__nonlin': Tanh()}
2024-06-03 03:02:45,576 0.802387 (0.010702) with: {'batch_size': 16, 'lr': 0.001, 'max_epochs': 32, 'module__n_features': 37, 'module__n_neurons': 64, 'module__nonlin': ReLU()}
2024-06-03 03:02:45,576 0.802185 (0.010234) with: {'batch_size': 16, 'lr': 0.001, 'max_epochs': 32, 'module__n_features': 37, 'module__n_neurons': 128, 'module__nonlin': Tanh()}
2024-06-03 03:02:45,576 0.801477 (0.010920) with: {'batch_size': 16, 'lr': 0.001, 'max_epochs': 32, 'module__n_features': 37, 'module__n_neurons': 128, 'module__nonlin': ReLU()}
2024-06-03 03:02:45,576 0.802186 (0.010290) with: {'batch_size': 16, 'lr': 0.001, 'max_epochs': 32, 'module__n_features': 37, 'module__n_neurons': 256, 'module__nonlin': Tanh()}
2024-06-03 03:02:45,580 0.798666 (0.011856) with: {'batch_size': 16, 'lr': 0.001, 'max_epochs': 32, 'module__n_features': 37, 'module__n_neurons': 256, 'module__nonlin': ReLU()}
2024-06-03 03:02:45,580 0.802133 (0.010196) with: {'batch_size': 16, 'lr': 0.001, 'max_epochs': 64, 'module__n_features': 37, 'module__n_neurons': 16, 'module__nonlin': Tanh()}
2024-06-03 03:02:45,580 0.802053 (0.009437) with: {'batch_size': 16, 'lr': 0.001, 'max_epochs': 64, 'module__n_features': 37, 'module__n_neurons': 16, 'module__nonlin': ReLU()}
2024-06-03 03:02:45,580 0.802459 (0.010124) with: {'batch_size': 16, 'lr': 0.001, 'max_epochs': 64, 'module__n_features': 37, 'module__n_neurons': 32, 'module__nonlin': Tanh()}
2024-06-03 03:02:45,580 0.802340 (0.010217) with: {'batch_size': 16, 'lr': 0.001, 'max_epochs': 64, 'module__n_features': 37, 'module__n_neurons': 32, 'module__nonlin': ReLU()}
2024-06-03 03:02:45,580 0.802608 (0.010261) with: {'batch_size': 16, 'lr': 0.001, 'max_epochs': 64, 'module__n_features': 37, 'module__n_neurons': 64, 'module__nonlin': Tanh()}
2024-06-03 03:02:45,580 0.800163 (0.010797) with: {'batch_size': 16, 'lr': 0.001, 'max_epochs': 64, 'module__n_features': 37, 'module__n_neurons': 64, 'module__nonlin': ReLU()}
2024-06-03 03:02:45,580 0.802539 (0.010386) with: {'batch_size': 16, 'lr': 0.001, 'max_epochs': 64, 'module__n_features': 37, 'module__n_neurons': 128, 'module__nonlin': Tanh()}
2024-06-03 03:02:45,580 0.796224 (0.012393) with: {'batch_size': 16, 'lr': 0.001, 'max_epochs': 64, 'module__n_features': 37, 'module__n_neurons': 128, 'module__nonlin': ReLU()}
2024-06-03 03:02:45,580 0.802406 (0.010623) with: {'batch_size': 16, 'lr': 0.001, 'max_epochs': 64, 'module__n_features': 37, 'module__n_neurons': 256, 'module__nonlin': Tanh()}
2024-06-03 03:02:45,580 0.783818 (0.012315) with: {'batch_size': 16, 'lr': 0.001, 'max_epochs': 64, 'module__n_features': 37, 'module__n_neurons': 256, 'module__nonlin': ReLU()}
2024-06-03 03:02:45,580 0.802740 (0.010460) with: {'batch_size': 16, 'lr': 0.001, 'max_epochs': 128, 'module__n_features': 37, 'module__n_neurons': 16, 'module__nonlin': Tanh()}
2024-06-03 03:02:45,580 0.800505 (0.010674) with: {'batch_size': 16, 'lr': 0.001, 'max_epochs': 128, 'module__n_features': 37, 'module__n_neurons': 16, 'module__nonlin': ReLU()}
2024-06-03 03:02:45,580 0.802695 (0.010301) with: {'batch_size': 16, 'lr': 0.001, 'max_epochs': 128, 'module__n_features': 37, 'module__n_neurons': 32, 'module__nonlin': Tanh()}
2024-06-03 03:02:45,580 0.799041 (0.010766) with: {'batch_size': 16, 'lr': 0.001, 'max_epochs': 128, 'module__n_features': 37, 'module__n_neurons': 32, 'module__nonlin': ReLU()}
2024-06-03 03:02:45,580 0.802262 (0.010310) with: {'batch_size': 16, 'lr': 0.001, 'max_epochs': 128, 'module__n_features': 37, 'module__n_neurons': 64, 'module__nonlin': Tanh()}
2024-06-03 03:02:45,580 0.792281 (0.013024) with: {'batch_size': 16, 'lr': 0.001, 'max_epochs': 128, 'module__n_features': 37, 'module__n_neurons': 64, 'module__nonlin': ReLU()}
2024-06-03 03:02:45,580 0.801598 (0.010848) with: {'batch_size': 16, 'lr': 0.001, 'max_epochs': 128, 'module__n_features': 37, 'module__n_neurons': 128, 'module__nonlin': Tanh()}
2024-06-03 03:02:45,580 0.779566 (0.017139) with: {'batch_size': 16, 'lr': 0.001, 'max_epochs': 128, 'module__n_features': 37, 'module__n_neurons': 128, 'module__nonlin': ReLU()}
2024-06-03 03:02:45,580 0.798374 (0.011685) with: {'batch_size': 16, 'lr': 0.001, 'max_epochs': 128, 'module__n_features': 37, 'module__n_neurons': 256, 'module__nonlin': Tanh()}
2024-06-03 03:02:45,580 0.748451 (0.011411) with: {'batch_size': 16, 'lr': 0.001, 'max_epochs': 128, 'module__n_features': 37, 'module__n_neurons': 256, 'module__nonlin': ReLU()}
2024-06-03 03:02:45,581 0.801397 (0.010930) with: {'batch_size': 16, 'lr': 0.01, 'max_epochs': 16, 'module__n_features': 37, 'module__n_neurons': 16, 'module__nonlin': Tanh()}
2024-06-03 03:02:45,581 0.802419 (0.010356) with: {'batch_size': 16, 'lr': 0.01, 'max_epochs': 16, 'module__n_features': 37, 'module__n_neurons': 16, 'module__nonlin': ReLU()}
2024-06-03 03:02:45,581 0.801486 (0.010931) with: {'batch_size': 16, 'lr': 0.01, 'max_epochs': 16, 'module__n_features': 37, 'module__n_neurons': 32, 'module__nonlin': Tanh()}
2024-06-03 03:02:45,581 0.800447 (0.011291) with: {'batch_size': 16, 'lr': 0.01, 'max_epochs': 16, 'module__n_features': 37, 'module__n_neurons': 32, 'module__nonlin': ReLU()}
2024-06-03 03:02:45,581 0.800708 (0.011908) with: {'batch_size': 16, 'lr': 0.01, 'max_epochs': 16, 'module__n_features': 37, 'module__n_neurons': 64, 'module__nonlin': Tanh()}
2024-06-03 03:02:45,581 0.797901 (0.012710) with: {'batch_size': 16, 'lr': 0.01, 'max_epochs': 16, 'module__n_features': 37, 'module__n_neurons': 64, 'module__nonlin': ReLU()}
2024-06-03 03:02:45,581 0.798238 (0.012026) with: {'batch_size': 16, 'lr': 0.01, 'max_epochs': 16, 'module__n_features': 37, 'module__n_neurons': 128, 'module__nonlin': Tanh()}
2024-06-03 03:02:45,581 0.796342 (0.013339) with: {'batch_size': 16, 'lr': 0.01, 'max_epochs': 16, 'module__n_features': 37, 'module__n_neurons': 128, 'module__nonlin': ReLU()}
2024-06-03 03:02:45,581 0.794279 (0.013068) with: {'batch_size': 16, 'lr': 0.01, 'max_epochs': 16, 'module__n_features': 37, 'module__n_neurons': 256, 'module__nonlin': Tanh()}
2024-06-03 03:02:45,581 0.789322 (0.014596) with: {'batch_size': 16, 'lr': 0.01, 'max_epochs': 16, 'module__n_features': 37, 'module__n_neurons': 256, 'module__nonlin': ReLU()}
2024-06-03 03:02:45,581 0.801385 (0.011646) with: {'batch_size': 16, 'lr': 0.01, 'max_epochs': 32, 'module__n_features': 37, 'module__n_neurons': 16, 'module__nonlin': Tanh()}
2024-06-03 03:02:45,581 0.799776 (0.012622) with: {'batch_size': 16, 'lr': 0.01, 'max_epochs': 32, 'module__n_features': 37, 'module__n_neurons': 16, 'module__nonlin': ReLU()}
2024-06-03 03:02:45,581 0.800335 (0.012296) with: {'batch_size': 16, 'lr': 0.01, 'max_epochs': 32, 'module__n_features': 37, 'module__n_neurons': 32, 'module__nonlin': Tanh()}
2024-06-03 03:02:45,581 0.795163 (0.013083) with: {'batch_size': 16, 'lr': 0.01, 'max_epochs': 32, 'module__n_features': 37, 'module__n_neurons': 32, 'module__nonlin': ReLU()}
2024-06-03 03:02:45,581 0.797376 (0.011459) with: {'batch_size': 16, 'lr': 0.01, 'max_epochs': 32, 'module__n_features': 37, 'module__n_neurons': 64, 'module__nonlin': Tanh()}
2024-06-03 03:02:45,581 0.786916 (0.014001) with: {'batch_size': 16, 'lr': 0.01, 'max_epochs': 32, 'module__n_features': 37, 'module__n_neurons': 64, 'module__nonlin': ReLU()}
2024-06-03 03:02:45,581 0.791414 (0.014705) with: {'batch_size': 16, 'lr': 0.01, 'max_epochs': 32, 'module__n_features': 37, 'module__n_neurons': 128, 'module__nonlin': Tanh()}
2024-06-03 03:02:45,581 0.775031 (0.010282) with: {'batch_size': 16, 'lr': 0.01, 'max_epochs': 32, 'module__n_features': 37, 'module__n_neurons': 128, 'module__nonlin': ReLU()}
2024-06-03 03:02:45,581 0.785797 (0.015643) with: {'batch_size': 16, 'lr': 0.01, 'max_epochs': 32, 'module__n_features': 37, 'module__n_neurons': 256, 'module__nonlin': Tanh()}
2024-06-03 03:02:45,581 0.765837 (0.010678) with: {'batch_size': 16, 'lr': 0.01, 'max_epochs': 32, 'module__n_features': 37, 'module__n_neurons': 256, 'module__nonlin': ReLU()}
2024-06-03 03:02:45,581 0.795468 (0.013091) with: {'batch_size': 16, 'lr': 0.01, 'max_epochs': 64, 'module__n_features': 37, 'module__n_neurons': 16, 'module__nonlin': Tanh()}
2024-06-03 03:02:45,581 0.789567 (0.013151) with: {'batch_size': 16, 'lr': 0.01, 'max_epochs': 64, 'module__n_features': 37, 'module__n_neurons': 16, 'module__nonlin': ReLU()}
2024-06-03 03:02:45,581 0.796225 (0.014028) with: {'batch_size': 16, 'lr': 0.01, 'max_epochs': 64, 'module__n_features': 37, 'module__n_neurons': 32, 'module__nonlin': Tanh()}
2024-06-03 03:02:45,581 0.778596 (0.012060) with: {'batch_size': 16, 'lr': 0.01, 'max_epochs': 64, 'module__n_features': 37, 'module__n_neurons': 32, 'module__nonlin': ReLU()}
2024-06-03 03:02:45,581 0.786764 (0.017378) with: {'batch_size': 16, 'lr': 0.01, 'max_epochs': 64, 'module__n_features': 37, 'module__n_neurons': 64, 'module__nonlin': Tanh()}
2024-06-03 03:02:45,581 0.757696 (0.015565) with: {'batch_size': 16, 'lr': 0.01, 'max_epochs': 64, 'module__n_features': 37, 'module__n_neurons': 64, 'module__nonlin': ReLU()}
2024-06-03 03:02:45,581 0.774827 (0.023155) with: {'batch_size': 16, 'lr': 0.01, 'max_epochs': 64, 'module__n_features': 37, 'module__n_neurons': 128, 'module__nonlin': Tanh()}
2024-06-03 03:02:45,581 0.741268 (0.008920) with: {'batch_size': 16, 'lr': 0.01, 'max_epochs': 64, 'module__n_features': 37, 'module__n_neurons': 128, 'module__nonlin': ReLU()}
2024-06-03 03:02:45,581 0.762460 (0.011336) with: {'batch_size': 16, 'lr': 0.01, 'max_epochs': 64, 'module__n_features': 37, 'module__n_neurons': 256, 'module__nonlin': Tanh()}
2024-06-03 03:02:45,581 0.723057 (0.020060) with: {'batch_size': 16, 'lr': 0.01, 'max_epochs': 64, 'module__n_features': 37, 'module__n_neurons': 256, 'module__nonlin': ReLU()}
2024-06-03 03:02:45,581 0.782497 (0.016695) with: {'batch_size': 16, 'lr': 0.01, 'max_epochs': 128, 'module__n_features': 37, 'module__n_neurons': 16, 'module__nonlin': Tanh()}
2024-06-03 03:02:45,581 0.781950 (0.006891) with: {'batch_size': 16, 'lr': 0.01, 'max_epochs': 128, 'module__n_features': 37, 'module__n_neurons': 16, 'module__nonlin': ReLU()}
2024-06-03 03:02:45,581 0.770359 (0.010879) with: {'batch_size': 16, 'lr': 0.01, 'max_epochs': 128, 'module__n_features': 37, 'module__n_neurons': 32, 'module__nonlin': Tanh()}
2024-06-03 03:02:45,581 0.761428 (0.013914) with: {'batch_size': 16, 'lr': 0.01, 'max_epochs': 128, 'module__n_features': 37, 'module__n_neurons': 32, 'module__nonlin': ReLU()}
2024-06-03 03:02:45,581 0.748322 (0.013868) with: {'batch_size': 16, 'lr': 0.01, 'max_epochs': 128, 'module__n_features': 37, 'module__n_neurons': 64, 'module__nonlin': Tanh()}
2024-06-03 03:02:45,581 0.724982 (0.018536) with: {'batch_size': 16, 'lr': 0.01, 'max_epochs': 128, 'module__n_features': 37, 'module__n_neurons': 64, 'module__nonlin': ReLU()}
2024-06-03 03:02:45,581 0.712353 (0.028180) with: {'batch_size': 16, 'lr': 0.01, 'max_epochs': 128, 'module__n_features': 37, 'module__n_neurons': 128, 'module__nonlin': Tanh()}
2024-06-03 03:02:45,581 0.707526 (0.014481) with: {'batch_size': 16, 'lr': 0.01, 'max_epochs': 128, 'module__n_features': 37, 'module__n_neurons': 128, 'module__nonlin': ReLU()}
2024-06-03 03:02:45,581 0.706670 (0.010503) with: {'batch_size': 16, 'lr': 0.01, 'max_epochs': 128, 'module__n_features': 37, 'module__n_neurons': 256, 'module__nonlin': Tanh()}
2024-06-03 03:02:45,581 0.703461 (0.020005) with: {'batch_size': 16, 'lr': 0.01, 'max_epochs': 128, 'module__n_features': 37, 'module__n_neurons': 256, 'module__nonlin': ReLU()}
2024-06-03 03:02:45,581 0.801282 (0.011911) with: {'batch_size': 16, 'lr': 0.02, 'max_epochs': 16, 'module__n_features': 37, 'module__n_neurons': 16, 'module__nonlin': Tanh()}
2024-06-03 03:02:45,581 0.800933 (0.010881) with: {'batch_size': 16, 'lr': 0.02, 'max_epochs': 16, 'module__n_features': 37, 'module__n_neurons': 16, 'module__nonlin': ReLU()}
2024-06-03 03:02:45,581 0.800256 (0.012212) with: {'batch_size': 16, 'lr': 0.02, 'max_epochs': 16, 'module__n_features': 37, 'module__n_neurons': 32, 'module__nonlin': Tanh()}
2024-06-03 03:02:45,581 0.799072 (0.012032) with: {'batch_size': 16, 'lr': 0.02, 'max_epochs': 16, 'module__n_features': 37, 'module__n_neurons': 32, 'module__nonlin': ReLU()}
2024-06-03 03:02:45,581 0.796225 (0.013242) with: {'batch_size': 16, 'lr': 0.02, 'max_epochs': 16, 'module__n_features': 37, 'module__n_neurons': 64, 'module__nonlin': Tanh()}
2024-06-03 03:02:45,581 0.798266 (0.011330) with: {'batch_size': 16, 'lr': 0.02, 'max_epochs': 16, 'module__n_features': 37, 'module__n_neurons': 64, 'module__nonlin': ReLU()}
2024-06-03 03:02:45,581 0.791097 (0.015214) with: {'batch_size': 16, 'lr': 0.02, 'max_epochs': 16, 'module__n_features': 37, 'module__n_neurons': 128, 'module__nonlin': Tanh()}
2024-06-03 03:02:45,581 0.796093 (0.010882) with: {'batch_size': 16, 'lr': 0.02, 'max_epochs': 16, 'module__n_features': 37, 'module__n_neurons': 128, 'module__nonlin': ReLU()}
2024-06-03 03:02:45,582 0.790116 (0.015528) with: {'batch_size': 16, 'lr': 0.02, 'max_epochs': 16, 'module__n_features': 37, 'module__n_neurons': 256, 'module__nonlin': Tanh()}
2024-06-03 03:02:45,582 0.793022 (0.012971) with: {'batch_size': 16, 'lr': 0.02, 'max_epochs': 16, 'module__n_features': 37, 'module__n_neurons': 256, 'module__nonlin': ReLU()}
2024-06-03 03:02:45,582 0.798813 (0.013351) with: {'batch_size': 16, 'lr': 0.02, 'max_epochs': 32, 'module__n_features': 37, 'module__n_neurons': 16, 'module__nonlin': Tanh()}
2024-06-03 03:02:45,582 0.797794 (0.011799) with: {'batch_size': 16, 'lr': 0.02, 'max_epochs': 32, 'module__n_features': 37, 'module__n_neurons': 16, 'module__nonlin': ReLU()}
2024-06-03 03:02:45,582 0.794244 (0.013077) with: {'batch_size': 16, 'lr': 0.02, 'max_epochs': 32, 'module__n_features': 37, 'module__n_neurons': 32, 'module__nonlin': Tanh()}
2024-06-03 03:02:45,582 0.789480 (0.014886) with: {'batch_size': 16, 'lr': 0.02, 'max_epochs': 32, 'module__n_features': 37, 'module__n_neurons': 32, 'module__nonlin': ReLU()}
2024-06-03 03:02:45,582 0.788505 (0.017934) with: {'batch_size': 16, 'lr': 0.02, 'max_epochs': 32, 'module__n_features': 37, 'module__n_neurons': 64, 'module__nonlin': Tanh()}
2024-06-03 03:02:45,582 0.787003 (0.012649) with: {'batch_size': 16, 'lr': 0.02, 'max_epochs': 32, 'module__n_features': 37, 'module__n_neurons': 64, 'module__nonlin': ReLU()}
2024-06-03 03:02:45,582 0.786147 (0.014887) with: {'batch_size': 16, 'lr': 0.02, 'max_epochs': 32, 'module__n_features': 37, 'module__n_neurons': 128, 'module__nonlin': Tanh()}
2024-06-03 03:02:45,582 0.782006 (0.012661) with: {'batch_size': 16, 'lr': 0.02, 'max_epochs': 32, 'module__n_features': 37, 'module__n_neurons': 128, 'module__nonlin': ReLU()}
2024-06-03 03:02:45,582 0.783715 (0.018013) with: {'batch_size': 16, 'lr': 0.02, 'max_epochs': 32, 'module__n_features': 37, 'module__n_neurons': 256, 'module__nonlin': Tanh()}
2024-06-03 03:02:45,582 0.776811 (0.009631) with: {'batch_size': 16, 'lr': 0.02, 'max_epochs': 32, 'module__n_features': 37, 'module__n_neurons': 256, 'module__nonlin': ReLU()}
2024-06-03 03:02:45,582 0.790060 (0.014912) with: {'batch_size': 16, 'lr': 0.02, 'max_epochs': 64, 'module__n_features': 37, 'module__n_neurons': 16, 'module__nonlin': Tanh()}
2024-06-03 03:02:45,582 0.787887 (0.013343) with: {'batch_size': 16, 'lr': 0.02, 'max_epochs': 64, 'module__n_features': 37, 'module__n_neurons': 16, 'module__nonlin': ReLU()}
2024-06-03 03:02:45,582 0.781993 (0.014446) with: {'batch_size': 16, 'lr': 0.02, 'max_epochs': 64, 'module__n_features': 37, 'module__n_neurons': 32, 'module__nonlin': Tanh()}
2024-06-03 03:02:45,582 0.777907 (0.010766) with: {'batch_size': 16, 'lr': 0.02, 'max_epochs': 64, 'module__n_features': 37, 'module__n_neurons': 32, 'module__nonlin': ReLU()}
2024-06-03 03:02:45,582 0.762724 (0.022391) with: {'batch_size': 16, 'lr': 0.02, 'max_epochs': 64, 'module__n_features': 37, 'module__n_neurons': 64, 'module__nonlin': Tanh()}
2024-06-03 03:02:45,582 0.759901 (0.015207) with: {'batch_size': 16, 'lr': 0.02, 'max_epochs': 64, 'module__n_features': 37, 'module__n_neurons': 64, 'module__nonlin': ReLU()}
2024-06-03 03:02:45,582 0.759194 (0.017590) with: {'batch_size': 16, 'lr': 0.02, 'max_epochs': 64, 'module__n_features': 37, 'module__n_neurons': 128, 'module__nonlin': Tanh()}
2024-06-03 03:02:45,582 0.734836 (0.012403) with: {'batch_size': 16, 'lr': 0.02, 'max_epochs': 64, 'module__n_features': 37, 'module__n_neurons': 128, 'module__nonlin': ReLU()}
2024-06-03 03:02:45,582 0.773982 (0.014575) with: {'batch_size': 16, 'lr': 0.02, 'max_epochs': 64, 'module__n_features': 37, 'module__n_neurons': 256, 'module__nonlin': Tanh()}
2024-06-03 03:02:45,582 0.739397 (0.019476) with: {'batch_size': 16, 'lr': 0.02, 'max_epochs': 64, 'module__n_features': 37, 'module__n_neurons': 256, 'module__nonlin': ReLU()}
2024-06-03 03:02:45,582 0.764128 (0.019540) with: {'batch_size': 16, 'lr': 0.02, 'max_epochs': 128, 'module__n_features': 37, 'module__n_neurons': 16, 'module__nonlin': Tanh()}
2024-06-03 03:02:45,582 0.775932 (0.008359) with: {'batch_size': 16, 'lr': 0.02, 'max_epochs': 128, 'module__n_features': 37, 'module__n_neurons': 16, 'module__nonlin': ReLU()}
2024-06-03 03:02:45,582 0.729953 (0.023873) with: {'batch_size': 16, 'lr': 0.02, 'max_epochs': 128, 'module__n_features': 37, 'module__n_neurons': 32, 'module__nonlin': Tanh()}
2024-06-03 03:02:45,582 0.747448 (0.009549) with: {'batch_size': 16, 'lr': 0.02, 'max_epochs': 128, 'module__n_features': 37, 'module__n_neurons': 32, 'module__nonlin': ReLU()}
2024-06-03 03:02:45,582 0.703018 (0.019702) with: {'batch_size': 16, 'lr': 0.02, 'max_epochs': 128, 'module__n_features': 37, 'module__n_neurons': 64, 'module__nonlin': Tanh()}
2024-06-03 03:02:45,582 0.719798 (0.019396) with: {'batch_size': 16, 'lr': 0.02, 'max_epochs': 128, 'module__n_features': 37, 'module__n_neurons': 64, 'module__nonlin': ReLU()}
2024-06-03 03:02:45,582 0.714364 (0.013968) with: {'batch_size': 16, 'lr': 0.02, 'max_epochs': 128, 'module__n_features': 37, 'module__n_neurons': 128, 'module__nonlin': Tanh()}
2024-06-03 03:02:45,582 0.704104 (0.013879) with: {'batch_size': 16, 'lr': 0.02, 'max_epochs': 128, 'module__n_features': 37, 'module__n_neurons': 128, 'module__nonlin': ReLU()}
2024-06-03 03:02:45,582 0.733096 (0.015604) with: {'batch_size': 16, 'lr': 0.02, 'max_epochs': 128, 'module__n_features': 37, 'module__n_neurons': 256, 'module__nonlin': Tanh()}
2024-06-03 03:02:45,582 0.706535 (0.010766) with: {'batch_size': 16, 'lr': 0.02, 'max_epochs': 128, 'module__n_features': 37, 'module__n_neurons': 256, 'module__nonlin': ReLU()}
2024-06-03 03:02:45,582 0.797914 (0.009982) with: {'batch_size': 32, 'lr': 0.001, 'max_epochs': 16, 'module__n_features': 37, 'module__n_neurons': 16, 'module__nonlin': Tanh()}
2024-06-03 03:02:45,582 0.796826 (0.008471) with: {'batch_size': 32, 'lr': 0.001, 'max_epochs': 16, 'module__n_features': 37, 'module__n_neurons': 16, 'module__nonlin': ReLU()}
2024-06-03 03:02:45,582 0.799369 (0.010003) with: {'batch_size': 32, 'lr': 0.001, 'max_epochs': 16, 'module__n_features': 37, 'module__n_neurons': 32, 'module__nonlin': Tanh()}
2024-06-03 03:02:45,582 0.798961 (0.009855) with: {'batch_size': 32, 'lr': 0.001, 'max_epochs': 16, 'module__n_features': 37, 'module__n_neurons': 32, 'module__nonlin': ReLU()}
2024-06-03 03:02:45,582 0.800871 (0.009871) with: {'batch_size': 32, 'lr': 0.001, 'max_epochs': 16, 'module__n_features': 37, 'module__n_neurons': 64, 'module__nonlin': Tanh()}
2024-06-03 03:02:45,582 0.800744 (0.009888) with: {'batch_size': 32, 'lr': 0.001, 'max_epochs': 16, 'module__n_features': 37, 'module__n_neurons': 64, 'module__nonlin': ReLU()}
2024-06-03 03:02:45,582 0.802021 (0.009872) with: {'batch_size': 32, 'lr': 0.001, 'max_epochs': 16, 'module__n_features': 37, 'module__n_neurons': 128, 'module__nonlin': Tanh()}
2024-06-03 03:02:45,582 0.802104 (0.010773) with: {'batch_size': 32, 'lr': 0.001, 'max_epochs': 16, 'module__n_features': 37, 'module__n_neurons': 128, 'module__nonlin': ReLU()}
2024-06-03 03:02:45,582 0.801980 (0.010176) with: {'batch_size': 32, 'lr': 0.001, 'max_epochs': 16, 'module__n_features': 37, 'module__n_neurons': 256, 'module__nonlin': Tanh()}
2024-06-03 03:02:45,582 0.801752 (0.010830) with: {'batch_size': 32, 'lr': 0.001, 'max_epochs': 16, 'module__n_features': 37, 'module__n_neurons': 256, 'module__nonlin': ReLU()}
2024-06-03 03:02:45,582 0.800096 (0.009723) with: {'batch_size': 32, 'lr': 0.001, 'max_epochs': 32, 'module__n_features': 37, 'module__n_neurons': 16, 'module__nonlin': Tanh()}
2024-06-03 03:02:45,582 0.799768 (0.010149) with: {'batch_size': 32, 'lr': 0.001, 'max_epochs': 32, 'module__n_features': 37, 'module__n_neurons': 16, 'module__nonlin': ReLU()}
2024-06-03 03:02:45,582 0.801162 (0.009495) with: {'batch_size': 32, 'lr': 0.001, 'max_epochs': 32, 'module__n_features': 37, 'module__n_neurons': 32, 'module__nonlin': Tanh()}
2024-06-03 03:02:45,582 0.800974 (0.010193) with: {'batch_size': 32, 'lr': 0.001, 'max_epochs': 32, 'module__n_features': 37, 'module__n_neurons': 32, 'module__nonlin': ReLU()}
2024-06-03 03:02:45,582 0.801854 (0.010100) with: {'batch_size': 32, 'lr': 0.001, 'max_epochs': 32, 'module__n_features': 37, 'module__n_neurons': 64, 'module__nonlin': Tanh()}
2024-06-03 03:02:45,582 0.802689 (0.010655) with: {'batch_size': 32, 'lr': 0.001, 'max_epochs': 32, 'module__n_features': 37, 'module__n_neurons': 64, 'module__nonlin': ReLU()}
2024-06-03 03:02:45,582 0.802338 (0.009898) with: {'batch_size': 32, 'lr': 0.001, 'max_epochs': 32, 'module__n_features': 37, 'module__n_neurons': 128, 'module__nonlin': Tanh()}
2024-06-03 03:02:45,582 0.802080 (0.011422) with: {'batch_size': 32, 'lr': 0.001, 'max_epochs': 32, 'module__n_features': 37, 'module__n_neurons': 128, 'module__nonlin': ReLU()}
2024-06-03 03:02:45,583 0.802384 (0.010009) with: {'batch_size': 32, 'lr': 0.001, 'max_epochs': 32, 'module__n_features': 37, 'module__n_neurons': 256, 'module__nonlin': Tanh()}
2024-06-03 03:02:45,583 0.800233 (0.010868) with: {'batch_size': 32, 'lr': 0.001, 'max_epochs': 32, 'module__n_features': 37, 'module__n_neurons': 256, 'module__nonlin': ReLU()}
2024-06-03 03:02:45,583 0.801626 (0.009888) with: {'batch_size': 32, 'lr': 0.001, 'max_epochs': 64, 'module__n_features': 37, 'module__n_neurons': 16, 'module__nonlin': Tanh()}
2024-06-03 03:02:45,583 0.801429 (0.010403) with: {'batch_size': 32, 'lr': 0.001, 'max_epochs': 64, 'module__n_features': 37, 'module__n_neurons': 16, 'module__nonlin': ReLU()}
2024-06-03 03:02:45,583 0.801785 (0.010131) with: {'batch_size': 32, 'lr': 0.001, 'max_epochs': 64, 'module__n_features': 37, 'module__n_neurons': 32, 'module__nonlin': Tanh()}
2024-06-03 03:02:45,583 0.801655 (0.010103) with: {'batch_size': 32, 'lr': 0.001, 'max_epochs': 64, 'module__n_features': 37, 'module__n_neurons': 32, 'module__nonlin': ReLU()}
2024-06-03 03:02:45,583 0.802251 (0.009998) with: {'batch_size': 32, 'lr': 0.001, 'max_epochs': 64, 'module__n_features': 37, 'module__n_neurons': 64, 'module__nonlin': Tanh()}
2024-06-03 03:02:45,583 0.800562 (0.010538) with: {'batch_size': 32, 'lr': 0.001, 'max_epochs': 64, 'module__n_features': 37, 'module__n_neurons': 64, 'module__nonlin': ReLU()}
2024-06-03 03:02:45,583 0.802438 (0.010131) with: {'batch_size': 32, 'lr': 0.001, 'max_epochs': 64, 'module__n_features': 37, 'module__n_neurons': 128, 'module__nonlin': Tanh()}
2024-06-03 03:02:45,583 0.797976 (0.011920) with: {'batch_size': 32, 'lr': 0.001, 'max_epochs': 64, 'module__n_features': 37, 'module__n_neurons': 128, 'module__nonlin': ReLU()}
2024-06-03 03:02:45,583 0.802300 (0.010405) with: {'batch_size': 32, 'lr': 0.001, 'max_epochs': 64, 'module__n_features': 37, 'module__n_neurons': 256, 'module__nonlin': Tanh()}
2024-06-03 03:02:45,583 0.786611 (0.012622) with: {'batch_size': 32, 'lr': 0.001, 'max_epochs': 64, 'module__n_features': 37, 'module__n_neurons': 256, 'module__nonlin': ReLU()}
2024-06-03 03:02:45,583 0.802317 (0.010255) with: {'batch_size': 32, 'lr': 0.001, 'max_epochs': 128, 'module__n_features': 37, 'module__n_neurons': 16, 'module__nonlin': Tanh()}
2024-06-03 03:02:45,583 0.802285 (0.010073) with: {'batch_size': 32, 'lr': 0.001, 'max_epochs': 128, 'module__n_features': 37, 'module__n_neurons': 16, 'module__nonlin': ReLU()}
2024-06-03 03:02:45,583 0.802393 (0.010072) with: {'batch_size': 32, 'lr': 0.001, 'max_epochs': 128, 'module__n_features': 37, 'module__n_neurons': 32, 'module__nonlin': Tanh()}
2024-06-03 03:02:45,583 0.799751 (0.010787) with: {'batch_size': 32, 'lr': 0.001, 'max_epochs': 128, 'module__n_features': 37, 'module__n_neurons': 32, 'module__nonlin': ReLU()}
2024-06-03 03:02:45,583 0.802372 (0.010143) with: {'batch_size': 32, 'lr': 0.001, 'max_epochs': 128, 'module__n_features': 37, 'module__n_neurons': 64, 'module__nonlin': Tanh()}
2024-06-03 03:02:45,583 0.793802 (0.010341) with: {'batch_size': 32, 'lr': 0.001, 'max_epochs': 128, 'module__n_features': 37, 'module__n_neurons': 64, 'module__nonlin': ReLU()}
2024-06-03 03:02:45,583 0.801421 (0.010186) with: {'batch_size': 32, 'lr': 0.001, 'max_epochs': 128, 'module__n_features': 37, 'module__n_neurons': 128, 'module__nonlin': Tanh()}
2024-06-03 03:02:45,583 0.783647 (0.012885) with: {'batch_size': 32, 'lr': 0.001, 'max_epochs': 128, 'module__n_features': 37, 'module__n_neurons': 128, 'module__nonlin': ReLU()}
2024-06-03 03:02:45,583 0.801014 (0.010278) with: {'batch_size': 32, 'lr': 0.001, 'max_epochs': 128, 'module__n_features': 37, 'module__n_neurons': 256, 'module__nonlin': Tanh()}
2024-06-03 03:02:45,583 0.763153 (0.011803) with: {'batch_size': 32, 'lr': 0.001, 'max_epochs': 128, 'module__n_features': 37, 'module__n_neurons': 256, 'module__nonlin': ReLU()}
2024-06-03 03:02:45,583 0.801138 (0.010795) with: {'batch_size': 32, 'lr': 0.01, 'max_epochs': 16, 'module__n_features': 37, 'module__n_neurons': 16, 'module__nonlin': Tanh()}
2024-06-03 03:02:45,583 0.800897 (0.010268) with: {'batch_size': 32, 'lr': 0.01, 'max_epochs': 16, 'module__n_features': 37, 'module__n_neurons': 16, 'module__nonlin': ReLU()}
2024-06-03 03:02:45,583 0.801568 (0.010979) with: {'batch_size': 32, 'lr': 0.01, 'max_epochs': 16, 'module__n_features': 37, 'module__n_neurons': 32, 'module__nonlin': Tanh()}
2024-06-03 03:02:45,583 0.801832 (0.010984) with: {'batch_size': 32, 'lr': 0.01, 'max_epochs': 16, 'module__n_features': 37, 'module__n_neurons': 32, 'module__nonlin': ReLU()}
2024-06-03 03:02:45,583 0.801195 (0.011264) with: {'batch_size': 32, 'lr': 0.01, 'max_epochs': 16, 'module__n_features': 37, 'module__n_neurons': 64, 'module__nonlin': Tanh()}
2024-06-03 03:02:45,583 0.799278 (0.012254) with: {'batch_size': 32, 'lr': 0.01, 'max_epochs': 16, 'module__n_features': 37, 'module__n_neurons': 64, 'module__nonlin': ReLU()}
2024-06-03 03:02:45,583 0.799902 (0.011183) with: {'batch_size': 32, 'lr': 0.01, 'max_epochs': 16, 'module__n_features': 37, 'module__n_neurons': 128, 'module__nonlin': Tanh()}
2024-06-03 03:02:45,583 0.796623 (0.012326) with: {'batch_size': 32, 'lr': 0.01, 'max_epochs': 16, 'module__n_features': 37, 'module__n_neurons': 128, 'module__nonlin': ReLU()}
2024-06-03 03:02:45,583 0.800281 (0.012022) with: {'batch_size': 32, 'lr': 0.01, 'max_epochs': 16, 'module__n_features': 37, 'module__n_neurons': 256, 'module__nonlin': Tanh()}
2024-06-03 03:02:45,583 0.793098 (0.011801) with: {'batch_size': 32, 'lr': 0.01, 'max_epochs': 16, 'module__n_features': 37, 'module__n_neurons': 256, 'module__nonlin': ReLU()}
2024-06-03 03:02:45,583 0.801419 (0.011551) with: {'batch_size': 32, 'lr': 0.01, 'max_epochs': 32, 'module__n_features': 37, 'module__n_neurons': 16, 'module__nonlin': Tanh()}
2024-06-03 03:02:45,583 0.799787 (0.010445) with: {'batch_size': 32, 'lr': 0.01, 'max_epochs': 32, 'module__n_features': 37, 'module__n_neurons': 16, 'module__nonlin': ReLU()}
2024-06-03 03:02:45,583 0.800843 (0.011524) with: {'batch_size': 32, 'lr': 0.01, 'max_epochs': 32, 'module__n_features': 37, 'module__n_neurons': 32, 'module__nonlin': Tanh()}
2024-06-03 03:02:45,583 0.796543 (0.012472) with: {'batch_size': 32, 'lr': 0.01, 'max_epochs': 32, 'module__n_features': 37, 'module__n_neurons': 32, 'module__nonlin': ReLU()}
2024-06-03 03:02:45,583 0.800032 (0.012607) with: {'batch_size': 32, 'lr': 0.01, 'max_epochs': 32, 'module__n_features': 37, 'module__n_neurons': 64, 'module__nonlin': Tanh()}
2024-06-03 03:02:45,583 0.790344 (0.011371) with: {'batch_size': 32, 'lr': 0.01, 'max_epochs': 32, 'module__n_features': 37, 'module__n_neurons': 64, 'module__nonlin': ReLU()}
2024-06-03 03:02:45,583 0.797811 (0.015224) with: {'batch_size': 32, 'lr': 0.01, 'max_epochs': 32, 'module__n_features': 37, 'module__n_neurons': 128, 'module__nonlin': Tanh()}
2024-06-03 03:02:45,583 0.781028 (0.013726) with: {'batch_size': 32, 'lr': 0.01, 'max_epochs': 32, 'module__n_features': 37, 'module__n_neurons': 128, 'module__nonlin': ReLU()}
2024-06-03 03:02:45,583 0.795493 (0.010982) with: {'batch_size': 32, 'lr': 0.01, 'max_epochs': 32, 'module__n_features': 37, 'module__n_neurons': 256, 'module__nonlin': Tanh()}
2024-06-03 03:02:45,583 0.769529 (0.014123) with: {'batch_size': 32, 'lr': 0.01, 'max_epochs': 32, 'module__n_features': 37, 'module__n_neurons': 256, 'module__nonlin': ReLU()}
2024-06-03 03:02:45,583 0.797253 (0.012649) with: {'batch_size': 32, 'lr': 0.01, 'max_epochs': 64, 'module__n_features': 37, 'module__n_neurons': 16, 'module__nonlin': Tanh()}
2024-06-03 03:02:45,583 0.795005 (0.013561) with: {'batch_size': 32, 'lr': 0.01, 'max_epochs': 64, 'module__n_features': 37, 'module__n_neurons': 16, 'module__nonlin': ReLU()}
2024-06-03 03:02:45,583 0.796741 (0.014510) with: {'batch_size': 32, 'lr': 0.01, 'max_epochs': 64, 'module__n_features': 37, 'module__n_neurons': 32, 'module__nonlin': Tanh()}
2024-06-03 03:02:45,583 0.783351 (0.013798) with: {'batch_size': 32, 'lr': 0.01, 'max_epochs': 64, 'module__n_features': 37, 'module__n_neurons': 32, 'module__nonlin': ReLU()}
2024-06-03 03:02:45,583 0.794325 (0.014635) with: {'batch_size': 32, 'lr': 0.01, 'max_epochs': 64, 'module__n_features': 37, 'module__n_neurons': 64, 'module__nonlin': Tanh()}
2024-06-03 03:02:45,583 0.761274 (0.016154) with: {'batch_size': 32, 'lr': 0.01, 'max_epochs': 64, 'module__n_features': 37, 'module__n_neurons': 64, 'module__nonlin': ReLU()}
2024-06-03 03:02:45,583 0.783340 (0.016477) with: {'batch_size': 32, 'lr': 0.01, 'max_epochs': 64, 'module__n_features': 37, 'module__n_neurons': 128, 'module__nonlin': Tanh()}
2024-06-03 03:02:45,584 0.737188 (0.023212) with: {'batch_size': 32, 'lr': 0.01, 'max_epochs': 64, 'module__n_features': 37, 'module__n_neurons': 128, 'module__nonlin': ReLU()}
2024-06-03 03:02:45,584 0.772009 (0.016710) with: {'batch_size': 32, 'lr': 0.01, 'max_epochs': 64, 'module__n_features': 37, 'module__n_neurons': 256, 'module__nonlin': Tanh()}
2024-06-03 03:02:45,584 0.729327 (0.020640) with: {'batch_size': 32, 'lr': 0.01, 'max_epochs': 64, 'module__n_features': 37, 'module__n_neurons': 256, 'module__nonlin': ReLU()}
2024-06-03 03:02:45,584 0.790486 (0.013982) with: {'batch_size': 32, 'lr': 0.01, 'max_epochs': 128, 'module__n_features': 37, 'module__n_neurons': 16, 'module__nonlin': Tanh()}
2024-06-03 03:02:45,584 0.784855 (0.011179) with: {'batch_size': 32, 'lr': 0.01, 'max_epochs': 128, 'module__n_features': 37, 'module__n_neurons': 16, 'module__nonlin': ReLU()}
2024-06-03 03:02:45,584 0.777196 (0.013821) with: {'batch_size': 32, 'lr': 0.01, 'max_epochs': 128, 'module__n_features': 37, 'module__n_neurons': 32, 'module__nonlin': Tanh()}
2024-06-03 03:02:45,584 0.759672 (0.018334) with: {'batch_size': 32, 'lr': 0.01, 'max_epochs': 128, 'module__n_features': 37, 'module__n_neurons': 32, 'module__nonlin': ReLU()}
2024-06-03 03:02:45,584 0.776732 (0.013676) with: {'batch_size': 32, 'lr': 0.01, 'max_epochs': 128, 'module__n_features': 37, 'module__n_neurons': 64, 'module__nonlin': Tanh()}
2024-06-03 03:02:45,584 0.729576 (0.012319) with: {'batch_size': 32, 'lr': 0.01, 'max_epochs': 128, 'module__n_features': 37, 'module__n_neurons': 64, 'module__nonlin': ReLU()}
2024-06-03 03:02:45,584 0.741653 (0.017919) with: {'batch_size': 32, 'lr': 0.01, 'max_epochs': 128, 'module__n_features': 37, 'module__n_neurons': 128, 'module__nonlin': Tanh()}
2024-06-03 03:02:45,584 0.719586 (0.008503) with: {'batch_size': 32, 'lr': 0.01, 'max_epochs': 128, 'module__n_features': 37, 'module__n_neurons': 128, 'module__nonlin': ReLU()}
2024-06-03 03:02:45,584 0.723342 (0.007757) with: {'batch_size': 32, 'lr': 0.01, 'max_epochs': 128, 'module__n_features': 37, 'module__n_neurons': 256, 'module__nonlin': Tanh()}
2024-06-03 03:02:45,584 0.707786 (0.018289) with: {'batch_size': 32, 'lr': 0.01, 'max_epochs': 128, 'module__n_features': 37, 'module__n_neurons': 256, 'module__nonlin': ReLU()}
2024-06-03 03:02:45,584 0.801153 (0.011505) with: {'batch_size': 32, 'lr': 0.02, 'max_epochs': 16, 'module__n_features': 37, 'module__n_neurons': 16, 'module__nonlin': Tanh()}
2024-06-03 03:02:45,584 0.800056 (0.011835) with: {'batch_size': 32, 'lr': 0.02, 'max_epochs': 16, 'module__n_features': 37, 'module__n_neurons': 16, 'module__nonlin': ReLU()}
2024-06-03 03:02:45,584 0.800702 (0.011356) with: {'batch_size': 32, 'lr': 0.02, 'max_epochs': 16, 'module__n_features': 37, 'module__n_neurons': 32, 'module__nonlin': Tanh()}
2024-06-03 03:02:45,584 0.800166 (0.011268) with: {'batch_size': 32, 'lr': 0.02, 'max_epochs': 16, 'module__n_features': 37, 'module__n_neurons': 32, 'module__nonlin': ReLU()}
2024-06-03 03:02:45,584 0.801013 (0.011944) with: {'batch_size': 32, 'lr': 0.02, 'max_epochs': 16, 'module__n_features': 37, 'module__n_neurons': 64, 'module__nonlin': Tanh()}
2024-06-03 03:02:45,584 0.797499 (0.011742) with: {'batch_size': 32, 'lr': 0.02, 'max_epochs': 16, 'module__n_features': 37, 'module__n_neurons': 64, 'module__nonlin': ReLU()}
2024-06-03 03:02:45,584 0.797625 (0.013134) with: {'batch_size': 32, 'lr': 0.02, 'max_epochs': 16, 'module__n_features': 37, 'module__n_neurons': 128, 'module__nonlin': Tanh()}
2024-06-03 03:02:45,584 0.795955 (0.012427) with: {'batch_size': 32, 'lr': 0.02, 'max_epochs': 16, 'module__n_features': 37, 'module__n_neurons': 128, 'module__nonlin': ReLU()}
2024-06-03 03:02:45,584 0.792800 (0.010932) with: {'batch_size': 32, 'lr': 0.02, 'max_epochs': 16, 'module__n_features': 37, 'module__n_neurons': 256, 'module__nonlin': Tanh()}
2024-06-03 03:02:45,584 0.793648 (0.012888) with: {'batch_size': 32, 'lr': 0.02, 'max_epochs': 16, 'module__n_features': 37, 'module__n_neurons': 256, 'module__nonlin': ReLU()}
2024-06-03 03:02:45,584 0.800431 (0.011905) with: {'batch_size': 32, 'lr': 0.02, 'max_epochs': 32, 'module__n_features': 37, 'module__n_neurons': 16, 'module__nonlin': Tanh()}
2024-06-03 03:02:45,584 0.800488 (0.012167) with: {'batch_size': 32, 'lr': 0.02, 'max_epochs': 32, 'module__n_features': 37, 'module__n_neurons': 16, 'module__nonlin': ReLU()}
2024-06-03 03:02:45,584 0.797666 (0.013355) with: {'batch_size': 32, 'lr': 0.02, 'max_epochs': 32, 'module__n_features': 37, 'module__n_neurons': 32, 'module__nonlin': Tanh()}
2024-06-03 03:02:45,584 0.793761 (0.013163) with: {'batch_size': 32, 'lr': 0.02, 'max_epochs': 32, 'module__n_features': 37, 'module__n_neurons': 32, 'module__nonlin': ReLU()}
2024-06-03 03:02:45,584 0.796672 (0.011981) with: {'batch_size': 32, 'lr': 0.02, 'max_epochs': 32, 'module__n_features': 37, 'module__n_neurons': 64, 'module__nonlin': Tanh()}
2024-06-03 03:02:45,584 0.786882 (0.014080) with: {'batch_size': 32, 'lr': 0.02, 'max_epochs': 32, 'module__n_features': 37, 'module__n_neurons': 64, 'module__nonlin': ReLU()}
2024-06-03 03:02:45,584 0.793785 (0.012906) with: {'batch_size': 32, 'lr': 0.02, 'max_epochs': 32, 'module__n_features': 37, 'module__n_neurons': 128, 'module__nonlin': Tanh()}
2024-06-03 03:02:45,584 0.776637 (0.011762) with: {'batch_size': 32, 'lr': 0.02, 'max_epochs': 32, 'module__n_features': 37, 'module__n_neurons': 128, 'module__nonlin': ReLU()}
2024-06-03 03:02:45,584 0.788048 (0.013360) with: {'batch_size': 32, 'lr': 0.02, 'max_epochs': 32, 'module__n_features': 37, 'module__n_neurons': 256, 'module__nonlin': Tanh()}
2024-06-03 03:02:45,584 0.768513 (0.014822) with: {'batch_size': 32, 'lr': 0.02, 'max_epochs': 32, 'module__n_features': 37, 'module__n_neurons': 256, 'module__nonlin': ReLU()}
2024-06-03 03:02:45,584 0.794063 (0.013741) with: {'batch_size': 32, 'lr': 0.02, 'max_epochs': 64, 'module__n_features': 37, 'module__n_neurons': 16, 'module__nonlin': Tanh()}
2024-06-03 03:02:45,584 0.789892 (0.009915) with: {'batch_size': 32, 'lr': 0.02, 'max_epochs': 64, 'module__n_features': 37, 'module__n_neurons': 16, 'module__nonlin': ReLU()}
2024-06-03 03:02:45,584 0.786966 (0.014834) with: {'batch_size': 32, 'lr': 0.02, 'max_epochs': 64, 'module__n_features': 37, 'module__n_neurons': 32, 'module__nonlin': Tanh()}
2024-06-03 03:02:45,584 0.773847 (0.012230) with: {'batch_size': 32, 'lr': 0.02, 'max_epochs': 64, 'module__n_features': 37, 'module__n_neurons': 32, 'module__nonlin': ReLU()}
2024-06-03 03:02:45,584 0.775626 (0.017374) with: {'batch_size': 32, 'lr': 0.02, 'max_epochs': 64, 'module__n_features': 37, 'module__n_neurons': 64, 'module__nonlin': Tanh()}
2024-06-03 03:02:45,584 0.757024 (0.016269) with: {'batch_size': 32, 'lr': 0.02, 'max_epochs': 64, 'module__n_features': 37, 'module__n_neurons': 64, 'module__nonlin': ReLU()}
2024-06-03 03:02:45,584 0.768528 (0.023937) with: {'batch_size': 32, 'lr': 0.02, 'max_epochs': 64, 'module__n_features': 37, 'module__n_neurons': 128, 'module__nonlin': Tanh()}
2024-06-03 03:02:45,584 0.736804 (0.014550) with: {'batch_size': 32, 'lr': 0.02, 'max_epochs': 64, 'module__n_features': 37, 'module__n_neurons': 128, 'module__nonlin': ReLU()}
2024-06-03 03:02:45,584 0.767779 (0.017138) with: {'batch_size': 32, 'lr': 0.02, 'max_epochs': 64, 'module__n_features': 37, 'module__n_neurons': 256, 'module__nonlin': Tanh()}
2024-06-03 03:02:45,584 0.741427 (0.013568) with: {'batch_size': 32, 'lr': 0.02, 'max_epochs': 64, 'module__n_features': 37, 'module__n_neurons': 256, 'module__nonlin': ReLU()}
2024-06-03 03:02:45,584 0.768964 (0.019008) with: {'batch_size': 32, 'lr': 0.02, 'max_epochs': 128, 'module__n_features': 37, 'module__n_neurons': 16, 'module__nonlin': Tanh()}
2024-06-03 03:02:45,584 0.770003 (0.008808) with: {'batch_size': 32, 'lr': 0.02, 'max_epochs': 128, 'module__n_features': 37, 'module__n_neurons': 16, 'module__nonlin': ReLU()}
2024-06-03 03:02:45,584 0.753703 (0.014629) with: {'batch_size': 32, 'lr': 0.02, 'max_epochs': 128, 'module__n_features': 37, 'module__n_neurons': 32, 'module__nonlin': Tanh()}
2024-06-03 03:02:45,584 0.742237 (0.015445) with: {'batch_size': 32, 'lr': 0.02, 'max_epochs': 128, 'module__n_features': 37, 'module__n_neurons': 32, 'module__nonlin': ReLU()}
2024-06-03 03:02:45,584 0.728013 (0.018384) with: {'batch_size': 32, 'lr': 0.02, 'max_epochs': 128, 'module__n_features': 37, 'module__n_neurons': 64, 'module__nonlin': Tanh()}
2024-06-03 03:02:45,584 0.730283 (0.008815) with: {'batch_size': 32, 'lr': 0.02, 'max_epochs': 128, 'module__n_features': 37, 'module__n_neurons': 64, 'module__nonlin': ReLU()}
2024-06-03 03:02:45,584 0.723796 (0.018200) with: {'batch_size': 32, 'lr': 0.02, 'max_epochs': 128, 'module__n_features': 37, 'module__n_neurons': 128, 'module__nonlin': Tanh()}
2024-06-03 03:02:45,585 0.712494 (0.013466) with: {'batch_size': 32, 'lr': 0.02, 'max_epochs': 128, 'module__n_features': 37, 'module__n_neurons': 128, 'module__nonlin': ReLU()}
2024-06-03 03:02:45,585 0.725323 (0.019783) with: {'batch_size': 32, 'lr': 0.02, 'max_epochs': 128, 'module__n_features': 37, 'module__n_neurons': 256, 'module__nonlin': Tanh()}
2024-06-03 03:02:45,585 0.700153 (0.015513) with: {'batch_size': 32, 'lr': 0.02, 'max_epochs': 128, 'module__n_features': 37, 'module__n_neurons': 256, 'module__nonlin': ReLU()}
2024-06-03 03:02:45,585 0.797215 (0.009774) with: {'batch_size': 64, 'lr': 0.001, 'max_epochs': 16, 'module__n_features': 37, 'module__n_neurons': 16, 'module__nonlin': Tanh()}
2024-06-03 03:02:45,585 0.794419 (0.010536) with: {'batch_size': 64, 'lr': 0.001, 'max_epochs': 16, 'module__n_features': 37, 'module__n_neurons': 16, 'module__nonlin': ReLU()}
2024-06-03 03:02:45,585 0.797493 (0.010486) with: {'batch_size': 64, 'lr': 0.001, 'max_epochs': 16, 'module__n_features': 37, 'module__n_neurons': 32, 'module__nonlin': Tanh()}
2024-06-03 03:02:45,585 0.798544 (0.010330) with: {'batch_size': 64, 'lr': 0.001, 'max_epochs': 16, 'module__n_features': 37, 'module__n_neurons': 32, 'module__nonlin': ReLU()}
2024-06-03 03:02:45,585 0.799737 (0.010307) with: {'batch_size': 64, 'lr': 0.001, 'max_epochs': 16, 'module__n_features': 37, 'module__n_neurons': 64, 'module__nonlin': Tanh()}
2024-06-03 03:02:45,585 0.800328 (0.010081) with: {'batch_size': 64, 'lr': 0.001, 'max_epochs': 16, 'module__n_features': 37, 'module__n_neurons': 64, 'module__nonlin': ReLU()}
2024-06-03 03:02:45,585 0.801007 (0.010136) with: {'batch_size': 64, 'lr': 0.001, 'max_epochs': 16, 'module__n_features': 37, 'module__n_neurons': 128, 'module__nonlin': Tanh()}
2024-06-03 03:02:45,585 0.802030 (0.010196) with: {'batch_size': 64, 'lr': 0.001, 'max_epochs': 16, 'module__n_features': 37, 'module__n_neurons': 128, 'module__nonlin': ReLU()}
2024-06-03 03:02:45,585 0.802080 (0.010175) with: {'batch_size': 64, 'lr': 0.001, 'max_epochs': 16, 'module__n_features': 37, 'module__n_neurons': 256, 'module__nonlin': Tanh()}
2024-06-03 03:02:45,585 0.801639 (0.011361) with: {'batch_size': 64, 'lr': 0.001, 'max_epochs': 16, 'module__n_features': 37, 'module__n_neurons': 256, 'module__nonlin': ReLU()}
2024-06-03 03:02:45,585 0.799287 (0.009625) with: {'batch_size': 64, 'lr': 0.001, 'max_epochs': 32, 'module__n_features': 37, 'module__n_neurons': 16, 'module__nonlin': Tanh()}
2024-06-03 03:02:45,585 0.799467 (0.009753) with: {'batch_size': 64, 'lr': 0.001, 'max_epochs': 32, 'module__n_features': 37, 'module__n_neurons': 16, 'module__nonlin': ReLU()}
2024-06-03 03:02:45,585 0.800746 (0.009539) with: {'batch_size': 64, 'lr': 0.001, 'max_epochs': 32, 'module__n_features': 37, 'module__n_neurons': 32, 'module__nonlin': Tanh()}
2024-06-03 03:02:45,585 0.800264 (0.009488) with: {'batch_size': 64, 'lr': 0.001, 'max_epochs': 32, 'module__n_features': 37, 'module__n_neurons': 32, 'module__nonlin': ReLU()}
2024-06-03 03:02:45,585 0.801528 (0.010008) with: {'batch_size': 64, 'lr': 0.001, 'max_epochs': 32, 'module__n_features': 37, 'module__n_neurons': 64, 'module__nonlin': Tanh()}
2024-06-03 03:02:45,585 0.801038 (0.010258) with: {'batch_size': 64, 'lr': 0.001, 'max_epochs': 32, 'module__n_features': 37, 'module__n_neurons': 64, 'module__nonlin': ReLU()}
2024-06-03 03:02:45,585 0.801856 (0.010048) with: {'batch_size': 64, 'lr': 0.001, 'max_epochs': 32, 'module__n_features': 37, 'module__n_neurons': 128, 'module__nonlin': Tanh()}
2024-06-03 03:02:45,585 0.801410 (0.011897) with: {'batch_size': 64, 'lr': 0.001, 'max_epochs': 32, 'module__n_features': 37, 'module__n_neurons': 128, 'module__nonlin': ReLU()}
2024-06-03 03:02:45,585 0.802205 (0.010155) with: {'batch_size': 64, 'lr': 0.001, 'max_epochs': 32, 'module__n_features': 37, 'module__n_neurons': 256, 'module__nonlin': Tanh()}
2024-06-03 03:02:45,585 0.800280 (0.011810) with: {'batch_size': 64, 'lr': 0.001, 'max_epochs': 32, 'module__n_features': 37, 'module__n_neurons': 256, 'module__nonlin': ReLU()}
2024-06-03 03:02:45,585 0.801217 (0.009740) with: {'batch_size': 64, 'lr': 0.001, 'max_epochs': 64, 'module__n_features': 37, 'module__n_neurons': 16, 'module__nonlin': Tanh()}
2024-06-03 03:02:45,585 0.801184 (0.009769) with: {'batch_size': 64, 'lr': 0.001, 'max_epochs': 64, 'module__n_features': 37, 'module__n_neurons': 16, 'module__nonlin': ReLU()}
2024-06-03 03:02:45,585 0.801919 (0.009845) with: {'batch_size': 64, 'lr': 0.001, 'max_epochs': 64, 'module__n_features': 37, 'module__n_neurons': 32, 'module__nonlin': Tanh()}
2024-06-03 03:02:45,585 0.802034 (0.009983) with: {'batch_size': 64, 'lr': 0.001, 'max_epochs': 64, 'module__n_features': 37, 'module__n_neurons': 32, 'module__nonlin': ReLU()}
2024-06-03 03:02:45,585 0.802135 (0.009949) with: {'batch_size': 64, 'lr': 0.001, 'max_epochs': 64, 'module__n_features': 37, 'module__n_neurons': 64, 'module__nonlin': Tanh()}
2024-06-03 03:02:45,585 0.802070 (0.010695) with: {'batch_size': 64, 'lr': 0.001, 'max_epochs': 64, 'module__n_features': 37, 'module__n_neurons': 64, 'module__nonlin': ReLU()}
2024-06-03 03:02:45,585 0.802176 (0.010193) with: {'batch_size': 64, 'lr': 0.001, 'max_epochs': 64, 'module__n_features': 37, 'module__n_neurons': 128, 'module__nonlin': Tanh()}
2024-06-03 03:02:45,585 0.800112 (0.010718) with: {'batch_size': 64, 'lr': 0.001, 'max_epochs': 64, 'module__n_features': 37, 'module__n_neurons': 128, 'module__nonlin': ReLU()}
2024-06-03 03:02:45,585 0.802341 (0.010331) with: {'batch_size': 64, 'lr': 0.001, 'max_epochs': 64, 'module__n_features': 37, 'module__n_neurons': 256, 'module__nonlin': Tanh()}
2024-06-03 03:02:45,585 0.793046 (0.011644) with: {'batch_size': 64, 'lr': 0.001, 'max_epochs': 64, 'module__n_features': 37, 'module__n_neurons': 256, 'module__nonlin': ReLU()}
2024-06-03 03:02:45,585 0.801934 (0.009780) with: {'batch_size': 64, 'lr': 0.001, 'max_epochs': 128, 'module__n_features': 37, 'module__n_neurons': 16, 'module__nonlin': Tanh()}
2024-06-03 03:02:45,585 0.801864 (0.009444) with: {'batch_size': 64, 'lr': 0.001, 'max_epochs': 128, 'module__n_features': 37, 'module__n_neurons': 16, 'module__nonlin': ReLU()}
2024-06-03 03:02:45,585 0.802440 (0.010020) with: {'batch_size': 64, 'lr': 0.001, 'max_epochs': 128, 'module__n_features': 37, 'module__n_neurons': 32, 'module__nonlin': Tanh()}
2024-06-03 03:02:45,585 0.800736 (0.010820) with: {'batch_size': 64, 'lr': 0.001, 'max_epochs': 128, 'module__n_features': 37, 'module__n_neurons': 32, 'module__nonlin': ReLU()}
2024-06-03 03:02:45,585 0.802419 (0.010173) with: {'batch_size': 64, 'lr': 0.001, 'max_epochs': 128, 'module__n_features': 37, 'module__n_neurons': 64, 'module__nonlin': Tanh()}
2024-06-03 03:02:45,585 0.797523 (0.011097) with: {'batch_size': 64, 'lr': 0.001, 'max_epochs': 128, 'module__n_features': 37, 'module__n_neurons': 64, 'module__nonlin': ReLU()}
2024-06-03 03:02:45,585 0.802150 (0.010359) with: {'batch_size': 64, 'lr': 0.001, 'max_epochs': 128, 'module__n_features': 37, 'module__n_neurons': 128, 'module__nonlin': Tanh()}
2024-06-03 03:02:45,585 0.788287 (0.012676) with: {'batch_size': 64, 'lr': 0.001, 'max_epochs': 128, 'module__n_features': 37, 'module__n_neurons': 128, 'module__nonlin': ReLU()}
2024-06-03 03:02:45,585 0.801349 (0.009961) with: {'batch_size': 64, 'lr': 0.001, 'max_epochs': 128, 'module__n_features': 37, 'module__n_neurons': 256, 'module__nonlin': Tanh()}
2024-06-03 03:02:45,585 0.768997 (0.012336) with: {'batch_size': 64, 'lr': 0.001, 'max_epochs': 128, 'module__n_features': 37, 'module__n_neurons': 256, 'module__nonlin': ReLU()}
2024-06-03 03:02:45,585 0.800843 (0.010476) with: {'batch_size': 64, 'lr': 0.01, 'max_epochs': 16, 'module__n_features': 37, 'module__n_neurons': 16, 'module__nonlin': Tanh()}
2024-06-03 03:02:45,585 0.800933 (0.011363) with: {'batch_size': 64, 'lr': 0.01, 'max_epochs': 16, 'module__n_features': 37, 'module__n_neurons': 16, 'module__nonlin': ReLU()}
2024-06-03 03:02:45,585 0.801010 (0.010470) with: {'batch_size': 64, 'lr': 0.01, 'max_epochs': 16, 'module__n_features': 37, 'module__n_neurons': 32, 'module__nonlin': Tanh()}
2024-06-03 03:02:45,585 0.802071 (0.010677) with: {'batch_size': 64, 'lr': 0.01, 'max_epochs': 16, 'module__n_features': 37, 'module__n_neurons': 32, 'module__nonlin': ReLU()}
2024-06-03 03:02:45,585 0.801101 (0.010597) with: {'batch_size': 64, 'lr': 0.01, 'max_epochs': 16, 'module__n_features': 37, 'module__n_neurons': 64, 'module__nonlin': Tanh()}
2024-06-03 03:02:45,585 0.799511 (0.011116) with: {'batch_size': 64, 'lr': 0.01, 'max_epochs': 16, 'module__n_features': 37, 'module__n_neurons': 64, 'module__nonlin': ReLU()}
2024-06-03 03:02:45,586 0.801044 (0.010892) with: {'batch_size': 64, 'lr': 0.01, 'max_epochs': 16, 'module__n_features': 37, 'module__n_neurons': 128, 'module__nonlin': Tanh()}
2024-06-03 03:02:45,586 0.797896 (0.011706) with: {'batch_size': 64, 'lr': 0.01, 'max_epochs': 16, 'module__n_features': 37, 'module__n_neurons': 128, 'module__nonlin': ReLU()}
2024-06-03 03:02:45,586 0.799363 (0.011990) with: {'batch_size': 64, 'lr': 0.01, 'max_epochs': 16, 'module__n_features': 37, 'module__n_neurons': 256, 'module__nonlin': Tanh()}
2024-06-03 03:02:45,586 0.794875 (0.012500) with: {'batch_size': 64, 'lr': 0.01, 'max_epochs': 16, 'module__n_features': 37, 'module__n_neurons': 256, 'module__nonlin': ReLU()}
2024-06-03 03:02:45,586 0.801264 (0.011298) with: {'batch_size': 64, 'lr': 0.01, 'max_epochs': 32, 'module__n_features': 37, 'module__n_neurons': 16, 'module__nonlin': Tanh()}
2024-06-03 03:02:45,586 0.801179 (0.010895) with: {'batch_size': 64, 'lr': 0.01, 'max_epochs': 32, 'module__n_features': 37, 'module__n_neurons': 16, 'module__nonlin': ReLU()}
2024-06-03 03:02:45,586 0.800567 (0.011617) with: {'batch_size': 64, 'lr': 0.01, 'max_epochs': 32, 'module__n_features': 37, 'module__n_neurons': 32, 'module__nonlin': Tanh()}
2024-06-03 03:02:45,586 0.798098 (0.011353) with: {'batch_size': 64, 'lr': 0.01, 'max_epochs': 32, 'module__n_features': 37, 'module__n_neurons': 32, 'module__nonlin': ReLU()}
2024-06-03 03:02:45,586 0.800962 (0.011585) with: {'batch_size': 64, 'lr': 0.01, 'max_epochs': 32, 'module__n_features': 37, 'module__n_neurons': 64, 'module__nonlin': Tanh()}
2024-06-03 03:02:45,586 0.791001 (0.012163) with: {'batch_size': 64, 'lr': 0.01, 'max_epochs': 32, 'module__n_features': 37, 'module__n_neurons': 64, 'module__nonlin': ReLU()}
2024-06-03 03:02:45,586 0.799895 (0.012817) with: {'batch_size': 64, 'lr': 0.01, 'max_epochs': 32, 'module__n_features': 37, 'module__n_neurons': 128, 'module__nonlin': Tanh()}
2024-06-03 03:02:45,586 0.785170 (0.012014) with: {'batch_size': 64, 'lr': 0.01, 'max_epochs': 32, 'module__n_features': 37, 'module__n_neurons': 128, 'module__nonlin': ReLU()}
2024-06-03 03:02:45,586 0.796985 (0.013174) with: {'batch_size': 64, 'lr': 0.01, 'max_epochs': 32, 'module__n_features': 37, 'module__n_neurons': 256, 'module__nonlin': Tanh()}
2024-06-03 03:02:45,586 0.776356 (0.014987) with: {'batch_size': 64, 'lr': 0.01, 'max_epochs': 32, 'module__n_features': 37, 'module__n_neurons': 256, 'module__nonlin': ReLU()}
2024-06-03 03:02:45,586 0.799214 (0.012305) with: {'batch_size': 64, 'lr': 0.01, 'max_epochs': 64, 'module__n_features': 37, 'module__n_neurons': 16, 'module__nonlin': Tanh()}
2024-06-03 03:02:45,586 0.794266 (0.009886) with: {'batch_size': 64, 'lr': 0.01, 'max_epochs': 64, 'module__n_features': 37, 'module__n_neurons': 16, 'module__nonlin': ReLU()}
2024-06-03 03:02:45,586 0.796385 (0.013447) with: {'batch_size': 64, 'lr': 0.01, 'max_epochs': 64, 'module__n_features': 37, 'module__n_neurons': 32, 'module__nonlin': Tanh()}
2024-06-03 03:02:45,586 0.786245 (0.014572) with: {'batch_size': 64, 'lr': 0.01, 'max_epochs': 64, 'module__n_features': 37, 'module__n_neurons': 32, 'module__nonlin': ReLU()}
2024-06-03 03:02:45,586 0.794142 (0.014423) with: {'batch_size': 64, 'lr': 0.01, 'max_epochs': 64, 'module__n_features': 37, 'module__n_neurons': 64, 'module__nonlin': Tanh()}
2024-06-03 03:02:45,586 0.768370 (0.015849) with: {'batch_size': 64, 'lr': 0.01, 'max_epochs': 64, 'module__n_features': 37, 'module__n_neurons': 64, 'module__nonlin': ReLU()}
2024-06-03 03:02:45,586 0.791095 (0.010422) with: {'batch_size': 64, 'lr': 0.01, 'max_epochs': 64, 'module__n_features': 37, 'module__n_neurons': 128, 'module__nonlin': Tanh()}
2024-06-03 03:02:45,586 0.752775 (0.015926) with: {'batch_size': 64, 'lr': 0.01, 'max_epochs': 64, 'module__n_features': 37, 'module__n_neurons': 128, 'module__nonlin': ReLU()}
2024-06-03 03:02:45,586 0.783368 (0.010187) with: {'batch_size': 64, 'lr': 0.01, 'max_epochs': 64, 'module__n_features': 37, 'module__n_neurons': 256, 'module__nonlin': Tanh()}
2024-06-03 03:02:45,586 0.733830 (0.017845) with: {'batch_size': 64, 'lr': 0.01, 'max_epochs': 64, 'module__n_features': 37, 'module__n_neurons': 256, 'module__nonlin': ReLU()}
2024-06-03 03:02:45,586 0.789659 (0.016958) with: {'batch_size': 64, 'lr': 0.01, 'max_epochs': 128, 'module__n_features': 37, 'module__n_neurons': 16, 'module__nonlin': Tanh()}
2024-06-03 03:02:45,586 0.787108 (0.015562) with: {'batch_size': 64, 'lr': 0.01, 'max_epochs': 128, 'module__n_features': 37, 'module__n_neurons': 16, 'module__nonlin': ReLU()}
2024-06-03 03:02:45,586 0.786151 (0.012136) with: {'batch_size': 64, 'lr': 0.01, 'max_epochs': 128, 'module__n_features': 37, 'module__n_neurons': 32, 'module__nonlin': Tanh()}
2024-06-03 03:02:45,586 0.773938 (0.007900) with: {'batch_size': 64, 'lr': 0.01, 'max_epochs': 128, 'module__n_features': 37, 'module__n_neurons': 32, 'module__nonlin': ReLU()}
2024-06-03 03:02:45,586 0.764095 (0.011019) with: {'batch_size': 64, 'lr': 0.01, 'max_epochs': 128, 'module__n_features': 37, 'module__n_neurons': 64, 'module__nonlin': Tanh()}
2024-06-03 03:02:45,586 0.736215 (0.013029) with: {'batch_size': 64, 'lr': 0.01, 'max_epochs': 128, 'module__n_features': 37, 'module__n_neurons': 64, 'module__nonlin': ReLU()}
2024-06-03 03:02:45,586 0.760304 (0.007842) with: {'batch_size': 64, 'lr': 0.01, 'max_epochs': 128, 'module__n_features': 37, 'module__n_neurons': 128, 'module__nonlin': Tanh()}
2024-06-03 03:02:45,586 0.720489 (0.020186) with: {'batch_size': 64, 'lr': 0.01, 'max_epochs': 128, 'module__n_features': 37, 'module__n_neurons': 128, 'module__nonlin': ReLU()}
2024-06-03 03:02:45,586 0.747046 (0.018627) with: {'batch_size': 64, 'lr': 0.01, 'max_epochs': 128, 'module__n_features': 37, 'module__n_neurons': 256, 'module__nonlin': Tanh()}
2024-06-03 03:02:45,586 0.703179 (0.019146) with: {'batch_size': 64, 'lr': 0.01, 'max_epochs': 128, 'module__n_features': 37, 'module__n_neurons': 256, 'module__nonlin': ReLU()}
2024-06-03 03:02:45,586 0.800756 (0.011106) with: {'batch_size': 64, 'lr': 0.02, 'max_epochs': 16, 'module__n_features': 37, 'module__n_neurons': 16, 'module__nonlin': Tanh()}
2024-06-03 03:02:45,586 0.800060 (0.011265) with: {'batch_size': 64, 'lr': 0.02, 'max_epochs': 16, 'module__n_features': 37, 'module__n_neurons': 16, 'module__nonlin': ReLU()}
2024-06-03 03:02:45,586 0.801343 (0.011289) with: {'batch_size': 64, 'lr': 0.02, 'max_epochs': 16, 'module__n_features': 37, 'module__n_neurons': 32, 'module__nonlin': Tanh()}
2024-06-03 03:02:45,586 0.800496 (0.011377) with: {'batch_size': 64, 'lr': 0.02, 'max_epochs': 16, 'module__n_features': 37, 'module__n_neurons': 32, 'module__nonlin': ReLU()}
2024-06-03 03:02:45,586 0.800239 (0.011517) with: {'batch_size': 64, 'lr': 0.02, 'max_epochs': 16, 'module__n_features': 37, 'module__n_neurons': 64, 'module__nonlin': Tanh()}
2024-06-03 03:02:45,586 0.798016 (0.011622) with: {'batch_size': 64, 'lr': 0.02, 'max_epochs': 16, 'module__n_features': 37, 'module__n_neurons': 64, 'module__nonlin': ReLU()}
2024-06-03 03:02:45,586 0.797751 (0.012353) with: {'batch_size': 64, 'lr': 0.02, 'max_epochs': 16, 'module__n_features': 37, 'module__n_neurons': 128, 'module__nonlin': Tanh()}
2024-06-03 03:02:45,586 0.797197 (0.011285) with: {'batch_size': 64, 'lr': 0.02, 'max_epochs': 16, 'module__n_features': 37, 'module__n_neurons': 128, 'module__nonlin': ReLU()}
2024-06-03 03:02:45,586 0.799171 (0.010882) with: {'batch_size': 64, 'lr': 0.02, 'max_epochs': 16, 'module__n_features': 37, 'module__n_neurons': 256, 'module__nonlin': Tanh()}
2024-06-03 03:02:45,586 0.793635 (0.011627) with: {'batch_size': 64, 'lr': 0.02, 'max_epochs': 16, 'module__n_features': 37, 'module__n_neurons': 256, 'module__nonlin': ReLU()}
2024-06-03 03:02:45,586 0.799147 (0.012774) with: {'batch_size': 64, 'lr': 0.02, 'max_epochs': 32, 'module__n_features': 37, 'module__n_neurons': 16, 'module__nonlin': Tanh()}
2024-06-03 03:02:45,586 0.797992 (0.010422) with: {'batch_size': 64, 'lr': 0.02, 'max_epochs': 32, 'module__n_features': 37, 'module__n_neurons': 16, 'module__nonlin': ReLU()}
2024-06-03 03:02:45,586 0.799429 (0.013698) with: {'batch_size': 64, 'lr': 0.02, 'max_epochs': 32, 'module__n_features': 37, 'module__n_neurons': 32, 'module__nonlin': Tanh()}
2024-06-03 03:02:45,586 0.795553 (0.013255) with: {'batch_size': 64, 'lr': 0.02, 'max_epochs': 32, 'module__n_features': 37, 'module__n_neurons': 32, 'module__nonlin': ReLU()}
2024-06-03 03:02:45,586 0.796083 (0.013031) with: {'batch_size': 64, 'lr': 0.02, 'max_epochs': 32, 'module__n_features': 37, 'module__n_neurons': 64, 'module__nonlin': Tanh()}
2024-06-03 03:02:45,586 0.786955 (0.014084) with: {'batch_size': 64, 'lr': 0.02, 'max_epochs': 32, 'module__n_features': 37, 'module__n_neurons': 64, 'module__nonlin': ReLU()}
2024-06-03 03:02:45,586 0.790919 (0.016480) with: {'batch_size': 64, 'lr': 0.02, 'max_epochs': 32, 'module__n_features': 37, 'module__n_neurons': 128, 'module__nonlin': Tanh()}
2024-06-03 03:02:45,587 0.778427 (0.010341) with: {'batch_size': 64, 'lr': 0.02, 'max_epochs': 32, 'module__n_features': 37, 'module__n_neurons': 128, 'module__nonlin': ReLU()}
2024-06-03 03:02:45,587 0.795122 (0.014510) with: {'batch_size': 64, 'lr': 0.02, 'max_epochs': 32, 'module__n_features': 37, 'module__n_neurons': 256, 'module__nonlin': Tanh()}
2024-06-03 03:02:45,587 0.777190 (0.008106) with: {'batch_size': 64, 'lr': 0.02, 'max_epochs': 32, 'module__n_features': 37, 'module__n_neurons': 256, 'module__nonlin': ReLU()}
2024-06-03 03:02:45,587 0.794689 (0.011818) with: {'batch_size': 64, 'lr': 0.02, 'max_epochs': 64, 'module__n_features': 37, 'module__n_neurons': 16, 'module__nonlin': Tanh()}
2024-06-03 03:02:45,587 0.790934 (0.008116) with: {'batch_size': 64, 'lr': 0.02, 'max_epochs': 64, 'module__n_features': 37, 'module__n_neurons': 16, 'module__nonlin': ReLU()}
2024-06-03 03:02:45,587 0.791638 (0.013675) with: {'batch_size': 64, 'lr': 0.02, 'max_epochs': 64, 'module__n_features': 37, 'module__n_neurons': 32, 'module__nonlin': Tanh()}
2024-06-03 03:02:45,587 0.778819 (0.011779) with: {'batch_size': 64, 'lr': 0.02, 'max_epochs': 64, 'module__n_features': 37, 'module__n_neurons': 32, 'module__nonlin': ReLU()}
2024-06-03 03:02:45,587 0.790022 (0.009595) with: {'batch_size': 64, 'lr': 0.02, 'max_epochs': 64, 'module__n_features': 37, 'module__n_neurons': 64, 'module__nonlin': Tanh()}
2024-06-03 03:02:45,587 0.764815 (0.012541) with: {'batch_size': 64, 'lr': 0.02, 'max_epochs': 64, 'module__n_features': 37, 'module__n_neurons': 64, 'module__nonlin': ReLU()}
2024-06-03 03:02:45,587 0.785110 (0.012899) with: {'batch_size': 64, 'lr': 0.02, 'max_epochs': 64, 'module__n_features': 37, 'module__n_neurons': 128, 'module__nonlin': Tanh()}
2024-06-03 03:02:45,587 0.746288 (0.009539) with: {'batch_size': 64, 'lr': 0.02, 'max_epochs': 64, 'module__n_features': 37, 'module__n_neurons': 128, 'module__nonlin': ReLU()}
2024-06-03 03:02:45,587 0.774861 (0.015049) with: {'batch_size': 64, 'lr': 0.02, 'max_epochs': 64, 'module__n_features': 37, 'module__n_neurons': 256, 'module__nonlin': Tanh()}
2024-06-03 03:02:45,587 0.737811 (0.010060) with: {'batch_size': 64, 'lr': 0.02, 'max_epochs': 64, 'module__n_features': 37, 'module__n_neurons': 256, 'module__nonlin': ReLU()}
2024-06-03 03:02:45,587 0.775864 (0.014460) with: {'batch_size': 64, 'lr': 0.02, 'max_epochs': 128, 'module__n_features': 37, 'module__n_neurons': 16, 'module__nonlin': Tanh()}
2024-06-03 03:02:45,587 0.778459 (0.012485) with: {'batch_size': 64, 'lr': 0.02, 'max_epochs': 128, 'module__n_features': 37, 'module__n_neurons': 16, 'module__nonlin': ReLU()}
2024-06-03 03:02:45,587 0.758582 (0.021525) with: {'batch_size': 64, 'lr': 0.02, 'max_epochs': 128, 'module__n_features': 37, 'module__n_neurons': 32, 'module__nonlin': Tanh()}
2024-06-03 03:02:45,587 0.749835 (0.012828) with: {'batch_size': 64, 'lr': 0.02, 'max_epochs': 128, 'module__n_features': 37, 'module__n_neurons': 32, 'module__nonlin': ReLU()}
2024-06-03 03:02:45,587 0.741821 (0.014733) with: {'batch_size': 64, 'lr': 0.02, 'max_epochs': 128, 'module__n_features': 37, 'module__n_neurons': 64, 'module__nonlin': Tanh()}
2024-06-03 03:02:45,587 0.718444 (0.011900) with: {'batch_size': 64, 'lr': 0.02, 'max_epochs': 128, 'module__n_features': 37, 'module__n_neurons': 64, 'module__nonlin': ReLU()}
2024-06-03 03:02:45,587 0.727093 (0.017676) with: {'batch_size': 64, 'lr': 0.02, 'max_epochs': 128, 'module__n_features': 37, 'module__n_neurons': 128, 'module__nonlin': Tanh()}
2024-06-03 03:02:45,587 0.703966 (0.021456) with: {'batch_size': 64, 'lr': 0.02, 'max_epochs': 128, 'module__n_features': 37, 'module__n_neurons': 128, 'module__nonlin': ReLU()}
2024-06-03 03:02:45,587 0.737497 (0.013217) with: {'batch_size': 64, 'lr': 0.02, 'max_epochs': 128, 'module__n_features': 37, 'module__n_neurons': 256, 'module__nonlin': Tanh()}
2024-06-03 03:02:45,587 0.695123 (0.009197) with: {'batch_size': 64, 'lr': 0.02, 'max_epochs': 128, 'module__n_features': 37, 'module__n_neurons': 256, 'module__nonlin': ReLU()}
2024-06-03 03:02:45,587 0.795586 (0.009472) with: {'batch_size': 128, 'lr': 0.001, 'max_epochs': 16, 'module__n_features': 37, 'module__n_neurons': 16, 'module__nonlin': Tanh()}
2024-06-03 03:02:45,587 0.789167 (0.013340) with: {'batch_size': 128, 'lr': 0.001, 'max_epochs': 16, 'module__n_features': 37, 'module__n_neurons': 16, 'module__nonlin': ReLU()}
2024-06-03 03:02:45,587 0.796789 (0.009877) with: {'batch_size': 128, 'lr': 0.001, 'max_epochs': 16, 'module__n_features': 37, 'module__n_neurons': 32, 'module__nonlin': Tanh()}
2024-06-03 03:02:45,587 0.795524 (0.010226) with: {'batch_size': 128, 'lr': 0.001, 'max_epochs': 16, 'module__n_features': 37, 'module__n_neurons': 32, 'module__nonlin': ReLU()}
2024-06-03 03:02:45,587 0.798976 (0.010230) with: {'batch_size': 128, 'lr': 0.001, 'max_epochs': 16, 'module__n_features': 37, 'module__n_neurons': 64, 'module__nonlin': Tanh()}
2024-06-03 03:02:45,587 0.799315 (0.009780) with: {'batch_size': 128, 'lr': 0.001, 'max_epochs': 16, 'module__n_features': 37, 'module__n_neurons': 64, 'module__nonlin': ReLU()}
2024-06-03 03:02:45,587 0.800222 (0.010276) with: {'batch_size': 128, 'lr': 0.001, 'max_epochs': 16, 'module__n_features': 37, 'module__n_neurons': 128, 'module__nonlin': Tanh()}
2024-06-03 03:02:45,587 0.800721 (0.010364) with: {'batch_size': 128, 'lr': 0.001, 'max_epochs': 16, 'module__n_features': 37, 'module__n_neurons': 128, 'module__nonlin': ReLU()}
2024-06-03 03:02:45,587 0.800739 (0.010730) with: {'batch_size': 128, 'lr': 0.001, 'max_epochs': 16, 'module__n_features': 37, 'module__n_neurons': 256, 'module__nonlin': Tanh()}
2024-06-03 03:02:45,587 0.801457 (0.010303) with: {'batch_size': 128, 'lr': 0.001, 'max_epochs': 16, 'module__n_features': 37, 'module__n_neurons': 256, 'module__nonlin': ReLU()}
2024-06-03 03:02:45,587 0.798471 (0.010107) with: {'batch_size': 128, 'lr': 0.001, 'max_epochs': 32, 'module__n_features': 37, 'module__n_neurons': 16, 'module__nonlin': Tanh()}
2024-06-03 03:02:45,587 0.797439 (0.010537) with: {'batch_size': 128, 'lr': 0.001, 'max_epochs': 32, 'module__n_features': 37, 'module__n_neurons': 16, 'module__nonlin': ReLU()}
2024-06-03 03:02:45,587 0.799781 (0.009973) with: {'batch_size': 128, 'lr': 0.001, 'max_epochs': 32, 'module__n_features': 37, 'module__n_neurons': 32, 'module__nonlin': Tanh()}
2024-06-03 03:02:45,587 0.799994 (0.009457) with: {'batch_size': 128, 'lr': 0.001, 'max_epochs': 32, 'module__n_features': 37, 'module__n_neurons': 32, 'module__nonlin': ReLU()}
2024-06-03 03:02:45,587 0.801021 (0.009786) with: {'batch_size': 128, 'lr': 0.001, 'max_epochs': 32, 'module__n_features': 37, 'module__n_neurons': 64, 'module__nonlin': Tanh()}
2024-06-03 03:02:45,587 0.801257 (0.009976) with: {'batch_size': 128, 'lr': 0.001, 'max_epochs': 32, 'module__n_features': 37, 'module__n_neurons': 64, 'module__nonlin': ReLU()}
2024-06-03 03:02:45,587 0.801498 (0.010307) with: {'batch_size': 128, 'lr': 0.001, 'max_epochs': 32, 'module__n_features': 37, 'module__n_neurons': 128, 'module__nonlin': Tanh()}
2024-06-03 03:02:45,587 0.801778 (0.010467) with: {'batch_size': 128, 'lr': 0.001, 'max_epochs': 32, 'module__n_features': 37, 'module__n_neurons': 128, 'module__nonlin': ReLU()}
2024-06-03 03:02:45,587 0.801608 (0.010426) with: {'batch_size': 128, 'lr': 0.001, 'max_epochs': 32, 'module__n_features': 37, 'module__n_neurons': 256, 'module__nonlin': Tanh()}
2024-06-03 03:02:45,587 0.800474 (0.010723) with: {'batch_size': 128, 'lr': 0.001, 'max_epochs': 32, 'module__n_features': 37, 'module__n_neurons': 256, 'module__nonlin': ReLU()}
2024-06-03 03:02:45,587 0.800903 (0.009677) with: {'batch_size': 128, 'lr': 0.001, 'max_epochs': 64, 'module__n_features': 37, 'module__n_neurons': 16, 'module__nonlin': Tanh()}
2024-06-03 03:02:45,587 0.800357 (0.009573) with: {'batch_size': 128, 'lr': 0.001, 'max_epochs': 64, 'module__n_features': 37, 'module__n_neurons': 16, 'module__nonlin': ReLU()}
2024-06-03 03:02:45,587 0.801642 (0.009738) with: {'batch_size': 128, 'lr': 0.001, 'max_epochs': 64, 'module__n_features': 37, 'module__n_neurons': 32, 'module__nonlin': Tanh()}
2024-06-03 03:02:45,587 0.802124 (0.010086) with: {'batch_size': 128, 'lr': 0.001, 'max_epochs': 64, 'module__n_features': 37, 'module__n_neurons': 32, 'module__nonlin': ReLU()}
2024-06-03 03:02:45,587 0.802185 (0.009848) with: {'batch_size': 128, 'lr': 0.001, 'max_epochs': 64, 'module__n_features': 37, 'module__n_neurons': 64, 'module__nonlin': Tanh()}
2024-06-03 03:02:45,587 0.801991 (0.009503) with: {'batch_size': 128, 'lr': 0.001, 'max_epochs': 64, 'module__n_features': 37, 'module__n_neurons': 64, 'module__nonlin': ReLU()}
2024-06-03 03:02:45,587 0.802150 (0.010043) with: {'batch_size': 128, 'lr': 0.001, 'max_epochs': 64, 'module__n_features': 37, 'module__n_neurons': 128, 'module__nonlin': Tanh()}
2024-06-03 03:02:45,588 0.800639 (0.010998) with: {'batch_size': 128, 'lr': 0.001, 'max_epochs': 64, 'module__n_features': 37, 'module__n_neurons': 128, 'module__nonlin': ReLU()}
2024-06-03 03:02:45,588 0.802121 (0.010278) with: {'batch_size': 128, 'lr': 0.001, 'max_epochs': 64, 'module__n_features': 37, 'module__n_neurons': 256, 'module__nonlin': Tanh()}
2024-06-03 03:02:45,588 0.794078 (0.012463) with: {'batch_size': 128, 'lr': 0.001, 'max_epochs': 64, 'module__n_features': 37, 'module__n_neurons': 256, 'module__nonlin': ReLU()}
2024-06-03 03:02:45,588 0.801857 (0.009810) with: {'batch_size': 128, 'lr': 0.001, 'max_epochs': 128, 'module__n_features': 37, 'module__n_neurons': 16, 'module__nonlin': Tanh()}
2024-06-03 03:02:45,588 0.802187 (0.009597) with: {'batch_size': 128, 'lr': 0.001, 'max_epochs': 128, 'module__n_features': 37, 'module__n_neurons': 16, 'module__nonlin': ReLU()}
2024-06-03 03:02:45,588 0.802261 (0.009872) with: {'batch_size': 128, 'lr': 0.001, 'max_epochs': 128, 'module__n_features': 37, 'module__n_neurons': 32, 'module__nonlin': Tanh()}
2024-06-03 03:02:45,588 0.801697 (0.010722) with: {'batch_size': 128, 'lr': 0.001, 'max_epochs': 128, 'module__n_features': 37, 'module__n_neurons': 32, 'module__nonlin': ReLU()}
2024-06-03 03:02:45,588 0.802364 (0.009971) with: {'batch_size': 128, 'lr': 0.001, 'max_epochs': 128, 'module__n_features': 37, 'module__n_neurons': 64, 'module__nonlin': Tanh()}
2024-06-03 03:02:45,588 0.798520 (0.012281) with: {'batch_size': 128, 'lr': 0.001, 'max_epochs': 128, 'module__n_features': 37, 'module__n_neurons': 64, 'module__nonlin': ReLU()}
2024-06-03 03:02:45,588 0.802412 (0.010239) with: {'batch_size': 128, 'lr': 0.001, 'max_epochs': 128, 'module__n_features': 37, 'module__n_neurons': 128, 'module__nonlin': Tanh()}
2024-06-03 03:02:45,588 0.791406 (0.011968) with: {'batch_size': 128, 'lr': 0.001, 'max_epochs': 128, 'module__n_features': 37, 'module__n_neurons': 128, 'module__nonlin': ReLU()}
2024-06-03 03:02:45,588 0.801872 (0.010279) with: {'batch_size': 128, 'lr': 0.001, 'max_epochs': 128, 'module__n_features': 37, 'module__n_neurons': 256, 'module__nonlin': Tanh()}
2024-06-03 03:02:45,588 0.777119 (0.013183) with: {'batch_size': 128, 'lr': 0.001, 'max_epochs': 128, 'module__n_features': 37, 'module__n_neurons': 256, 'module__nonlin': ReLU()}
2024-06-03 03:02:45,588 0.800618 (0.010508) with: {'batch_size': 128, 'lr': 0.01, 'max_epochs': 16, 'module__n_features': 37, 'module__n_neurons': 16, 'module__nonlin': Tanh()}
2024-06-03 03:02:45,588 0.800407 (0.010206) with: {'batch_size': 128, 'lr': 0.01, 'max_epochs': 16, 'module__n_features': 37, 'module__n_neurons': 16, 'module__nonlin': ReLU()}
2024-06-03 03:02:45,588 0.800719 (0.010709) with: {'batch_size': 128, 'lr': 0.01, 'max_epochs': 16, 'module__n_features': 37, 'module__n_neurons': 32, 'module__nonlin': Tanh()}
2024-06-03 03:02:45,588 0.800007 (0.010861) with: {'batch_size': 128, 'lr': 0.01, 'max_epochs': 16, 'module__n_features': 37, 'module__n_neurons': 32, 'module__nonlin': ReLU()}
2024-06-03 03:02:45,588 0.800701 (0.010632) with: {'batch_size': 128, 'lr': 0.01, 'max_epochs': 16, 'module__n_features': 37, 'module__n_neurons': 64, 'module__nonlin': Tanh()}
2024-06-03 03:02:45,588 0.798708 (0.011499) with: {'batch_size': 128, 'lr': 0.01, 'max_epochs': 16, 'module__n_features': 37, 'module__n_neurons': 64, 'module__nonlin': ReLU()}
2024-06-03 03:02:45,588 0.800461 (0.011034) with: {'batch_size': 128, 'lr': 0.01, 'max_epochs': 16, 'module__n_features': 37, 'module__n_neurons': 128, 'module__nonlin': Tanh()}
2024-06-03 03:02:45,588 0.798987 (0.011203) with: {'batch_size': 128, 'lr': 0.01, 'max_epochs': 16, 'module__n_features': 37, 'module__n_neurons': 128, 'module__nonlin': ReLU()}
2024-06-03 03:02:45,588 0.800228 (0.011255) with: {'batch_size': 128, 'lr': 0.01, 'max_epochs': 16, 'module__n_features': 37, 'module__n_neurons': 256, 'module__nonlin': Tanh()}
2024-06-03 03:02:45,588 0.797087 (0.011334) with: {'batch_size': 128, 'lr': 0.01, 'max_epochs': 16, 'module__n_features': 37, 'module__n_neurons': 256, 'module__nonlin': ReLU()}
2024-06-03 03:02:45,588 0.801487 (0.010768) with: {'batch_size': 128, 'lr': 0.01, 'max_epochs': 32, 'module__n_features': 37, 'module__n_neurons': 16, 'module__nonlin': Tanh()}
2024-06-03 03:02:45,588 0.799250 (0.010491) with: {'batch_size': 128, 'lr': 0.01, 'max_epochs': 32, 'module__n_features': 37, 'module__n_neurons': 16, 'module__nonlin': ReLU()}
2024-06-03 03:02:45,588 0.800930 (0.010980) with: {'batch_size': 128, 'lr': 0.01, 'max_epochs': 32, 'module__n_features': 37, 'module__n_neurons': 32, 'module__nonlin': Tanh()}
2024-06-03 03:02:45,588 0.797320 (0.011671) with: {'batch_size': 128, 'lr': 0.01, 'max_epochs': 32, 'module__n_features': 37, 'module__n_neurons': 32, 'module__nonlin': ReLU()}
2024-06-03 03:02:45,588 0.800641 (0.011737) with: {'batch_size': 128, 'lr': 0.01, 'max_epochs': 32, 'module__n_features': 37, 'module__n_neurons': 64, 'module__nonlin': Tanh()}
2024-06-03 03:02:45,588 0.790644 (0.011315) with: {'batch_size': 128, 'lr': 0.01, 'max_epochs': 32, 'module__n_features': 37, 'module__n_neurons': 64, 'module__nonlin': ReLU()}
2024-06-03 03:02:45,588 0.800798 (0.011744) with: {'batch_size': 128, 'lr': 0.01, 'max_epochs': 32, 'module__n_features': 37, 'module__n_neurons': 128, 'module__nonlin': Tanh()}
2024-06-03 03:02:45,588 0.787845 (0.009033) with: {'batch_size': 128, 'lr': 0.01, 'max_epochs': 32, 'module__n_features': 37, 'module__n_neurons': 128, 'module__nonlin': ReLU()}
2024-06-03 03:02:45,588 0.799587 (0.010943) with: {'batch_size': 128, 'lr': 0.01, 'max_epochs': 32, 'module__n_features': 37, 'module__n_neurons': 256, 'module__nonlin': Tanh()}
2024-06-03 03:02:45,588 0.775034 (0.011093) with: {'batch_size': 128, 'lr': 0.01, 'max_epochs': 32, 'module__n_features': 37, 'module__n_neurons': 256, 'module__nonlin': ReLU()}
2024-06-03 03:02:45,588 0.800065 (0.011420) with: {'batch_size': 128, 'lr': 0.01, 'max_epochs': 64, 'module__n_features': 37, 'module__n_neurons': 16, 'module__nonlin': Tanh()}
2024-06-03 03:02:45,588 0.797826 (0.011272) with: {'batch_size': 128, 'lr': 0.01, 'max_epochs': 64, 'module__n_features': 37, 'module__n_neurons': 16, 'module__nonlin': ReLU()}
2024-06-03 03:02:45,588 0.798892 (0.011269) with: {'batch_size': 128, 'lr': 0.01, 'max_epochs': 64, 'module__n_features': 37, 'module__n_neurons': 32, 'module__nonlin': Tanh()}
2024-06-03 03:02:45,588 0.793137 (0.012375) with: {'batch_size': 128, 'lr': 0.01, 'max_epochs': 64, 'module__n_features': 37, 'module__n_neurons': 32, 'module__nonlin': ReLU()}
2024-06-03 03:02:45,588 0.799303 (0.012052) with: {'batch_size': 128, 'lr': 0.01, 'max_epochs': 64, 'module__n_features': 37, 'module__n_neurons': 64, 'module__nonlin': Tanh()}
2024-06-03 03:02:45,588 0.776318 (0.009610) with: {'batch_size': 128, 'lr': 0.01, 'max_epochs': 64, 'module__n_features': 37, 'module__n_neurons': 64, 'module__nonlin': ReLU()}
2024-06-03 03:02:45,588 0.794327 (0.012832) with: {'batch_size': 128, 'lr': 0.01, 'max_epochs': 64, 'module__n_features': 37, 'module__n_neurons': 128, 'module__nonlin': Tanh()}
2024-06-03 03:02:45,588 0.759028 (0.013538) with: {'batch_size': 128, 'lr': 0.01, 'max_epochs': 64, 'module__n_features': 37, 'module__n_neurons': 128, 'module__nonlin': ReLU()}
2024-06-03 03:02:45,588 0.785636 (0.017078) with: {'batch_size': 128, 'lr': 0.01, 'max_epochs': 64, 'module__n_features': 37, 'module__n_neurons': 256, 'module__nonlin': Tanh()}
2024-06-03 03:02:45,588 0.746655 (0.010581) with: {'batch_size': 128, 'lr': 0.01, 'max_epochs': 64, 'module__n_features': 37, 'module__n_neurons': 256, 'module__nonlin': ReLU()}
2024-06-03 03:02:45,588 0.795074 (0.012285) with: {'batch_size': 128, 'lr': 0.01, 'max_epochs': 128, 'module__n_features': 37, 'module__n_neurons': 16, 'module__nonlin': Tanh()}
2024-06-03 03:02:45,588 0.792757 (0.010429) with: {'batch_size': 128, 'lr': 0.01, 'max_epochs': 128, 'module__n_features': 37, 'module__n_neurons': 16, 'module__nonlin': ReLU()}
2024-06-03 03:02:45,588 0.787194 (0.013711) with: {'batch_size': 128, 'lr': 0.01, 'max_epochs': 128, 'module__n_features': 37, 'module__n_neurons': 32, 'module__nonlin': Tanh()}
2024-06-03 03:02:45,588 0.776388 (0.012023) with: {'batch_size': 128, 'lr': 0.01, 'max_epochs': 128, 'module__n_features': 37, 'module__n_neurons': 32, 'module__nonlin': ReLU()}
2024-06-03 03:02:45,588 0.779207 (0.012833) with: {'batch_size': 128, 'lr': 0.01, 'max_epochs': 128, 'module__n_features': 37, 'module__n_neurons': 64, 'module__nonlin': Tanh()}
2024-06-03 03:02:45,588 0.746864 (0.013813) with: {'batch_size': 128, 'lr': 0.01, 'max_epochs': 128, 'module__n_features': 37, 'module__n_neurons': 64, 'module__nonlin': ReLU()}
2024-06-03 03:02:45,588 0.769057 (0.012235) with: {'batch_size': 128, 'lr': 0.01, 'max_epochs': 128, 'module__n_features': 37, 'module__n_neurons': 128, 'module__nonlin': Tanh()}
2024-06-03 03:02:45,589 0.717642 (0.008542) with: {'batch_size': 128, 'lr': 0.01, 'max_epochs': 128, 'module__n_features': 37, 'module__n_neurons': 128, 'module__nonlin': ReLU()}
2024-06-03 03:02:45,589 0.750128 (0.015908) with: {'batch_size': 128, 'lr': 0.01, 'max_epochs': 128, 'module__n_features': 37, 'module__n_neurons': 256, 'module__nonlin': Tanh()}
2024-06-03 03:02:45,589 0.694262 (0.012965) with: {'batch_size': 128, 'lr': 0.01, 'max_epochs': 128, 'module__n_features': 37, 'module__n_neurons': 256, 'module__nonlin': ReLU()}
2024-06-03 03:02:45,589 0.800282 (0.011142) with: {'batch_size': 128, 'lr': 0.02, 'max_epochs': 16, 'module__n_features': 37, 'module__n_neurons': 16, 'module__nonlin': Tanh()}
2024-06-03 03:02:45,589 0.798972 (0.011842) with: {'batch_size': 128, 'lr': 0.02, 'max_epochs': 16, 'module__n_features': 37, 'module__n_neurons': 16, 'module__nonlin': ReLU()}
2024-06-03 03:02:45,589 0.799706 (0.011062) with: {'batch_size': 128, 'lr': 0.02, 'max_epochs': 16, 'module__n_features': 37, 'module__n_neurons': 32, 'module__nonlin': Tanh()}
2024-06-03 03:02:45,589 0.800200 (0.010801) with: {'batch_size': 128, 'lr': 0.02, 'max_epochs': 16, 'module__n_features': 37, 'module__n_neurons': 32, 'module__nonlin': ReLU()}
2024-06-03 03:02:45,589 0.799730 (0.011150) with: {'batch_size': 128, 'lr': 0.02, 'max_epochs': 16, 'module__n_features': 37, 'module__n_neurons': 64, 'module__nonlin': Tanh()}
2024-06-03 03:02:45,589 0.796995 (0.012615) with: {'batch_size': 128, 'lr': 0.02, 'max_epochs': 16, 'module__n_features': 37, 'module__n_neurons': 64, 'module__nonlin': ReLU()}
2024-06-03 03:02:45,589 0.800172 (0.011578) with: {'batch_size': 128, 'lr': 0.02, 'max_epochs': 16, 'module__n_features': 37, 'module__n_neurons': 128, 'module__nonlin': Tanh()}
2024-06-03 03:02:45,589 0.795547 (0.011490) with: {'batch_size': 128, 'lr': 0.02, 'max_epochs': 16, 'module__n_features': 37, 'module__n_neurons': 128, 'module__nonlin': ReLU()}
2024-06-03 03:02:45,589 0.799780 (0.011061) with: {'batch_size': 128, 'lr': 0.02, 'max_epochs': 16, 'module__n_features': 37, 'module__n_neurons': 256, 'module__nonlin': Tanh()}
2024-06-03 03:02:45,589 0.796926 (0.010541) with: {'batch_size': 128, 'lr': 0.02, 'max_epochs': 16, 'module__n_features': 37, 'module__n_neurons': 256, 'module__nonlin': ReLU()}
2024-06-03 03:02:45,589 0.799581 (0.011730) with: {'batch_size': 128, 'lr': 0.02, 'max_epochs': 32, 'module__n_features': 37, 'module__n_neurons': 16, 'module__nonlin': Tanh()}
2024-06-03 03:02:45,589 0.797885 (0.011971) with: {'batch_size': 128, 'lr': 0.02, 'max_epochs': 32, 'module__n_features': 37, 'module__n_neurons': 16, 'module__nonlin': ReLU()}
2024-06-03 03:02:45,589 0.798687 (0.012108) with: {'batch_size': 128, 'lr': 0.02, 'max_epochs': 32, 'module__n_features': 37, 'module__n_neurons': 32, 'module__nonlin': Tanh()}
2024-06-03 03:02:45,589 0.795419 (0.012891) with: {'batch_size': 128, 'lr': 0.02, 'max_epochs': 32, 'module__n_features': 37, 'module__n_neurons': 32, 'module__nonlin': ReLU()}
2024-06-03 03:02:45,589 0.798741 (0.012011) with: {'batch_size': 128, 'lr': 0.02, 'max_epochs': 32, 'module__n_features': 37, 'module__n_neurons': 64, 'module__nonlin': Tanh()}
2024-06-03 03:02:45,589 0.788601 (0.010487) with: {'batch_size': 128, 'lr': 0.02, 'max_epochs': 32, 'module__n_features': 37, 'module__n_neurons': 64, 'module__nonlin': ReLU()}
2024-06-03 03:02:45,589 0.797647 (0.011939) with: {'batch_size': 128, 'lr': 0.02, 'max_epochs': 32, 'module__n_features': 37, 'module__n_neurons': 128, 'module__nonlin': Tanh()}
2024-06-03 03:02:45,589 0.780758 (0.010980) with: {'batch_size': 128, 'lr': 0.02, 'max_epochs': 32, 'module__n_features': 37, 'module__n_neurons': 128, 'module__nonlin': ReLU()}
2024-06-03 03:02:45,589 0.796379 (0.011194) with: {'batch_size': 128, 'lr': 0.02, 'max_epochs': 32, 'module__n_features': 37, 'module__n_neurons': 256, 'module__nonlin': Tanh()}
2024-06-03 03:02:45,589 0.777127 (0.010331) with: {'batch_size': 128, 'lr': 0.02, 'max_epochs': 32, 'module__n_features': 37, 'module__n_neurons': 256, 'module__nonlin': ReLU()}
2024-06-03 03:02:45,589 0.798321 (0.013011) with: {'batch_size': 128, 'lr': 0.02, 'max_epochs': 64, 'module__n_features': 37, 'module__n_neurons': 16, 'module__nonlin': Tanh()}
2024-06-03 03:02:45,589 0.791170 (0.012148) with: {'batch_size': 128, 'lr': 0.02, 'max_epochs': 64, 'module__n_features': 37, 'module__n_neurons': 16, 'module__nonlin': ReLU()}
2024-06-03 03:02:45,589 0.790967 (0.015281) with: {'batch_size': 128, 'lr': 0.02, 'max_epochs': 64, 'module__n_features': 37, 'module__n_neurons': 32, 'module__nonlin': Tanh()}
2024-06-03 03:02:45,589 0.783251 (0.010993) with: {'batch_size': 128, 'lr': 0.02, 'max_epochs': 64, 'module__n_features': 37, 'module__n_neurons': 32, 'module__nonlin': ReLU()}
2024-06-03 03:02:45,589 0.785792 (0.014700) with: {'batch_size': 128, 'lr': 0.02, 'max_epochs': 64, 'module__n_features': 37, 'module__n_neurons': 64, 'module__nonlin': Tanh()}
2024-06-03 03:02:45,589 0.766439 (0.013622) with: {'batch_size': 128, 'lr': 0.02, 'max_epochs': 64, 'module__n_features': 37, 'module__n_neurons': 64, 'module__nonlin': ReLU()}
2024-06-03 03:02:45,589 0.780630 (0.015859) with: {'batch_size': 128, 'lr': 0.02, 'max_epochs': 64, 'module__n_features': 37, 'module__n_neurons': 128, 'module__nonlin': Tanh()}
2024-06-03 03:02:45,589 0.744829 (0.014082) with: {'batch_size': 128, 'lr': 0.02, 'max_epochs': 64, 'module__n_features': 37, 'module__n_neurons': 128, 'module__nonlin': ReLU()}
2024-06-03 03:02:45,589 0.780793 (0.010906) with: {'batch_size': 128, 'lr': 0.02, 'max_epochs': 64, 'module__n_features': 37, 'module__n_neurons': 256, 'module__nonlin': Tanh()}
2024-06-03 03:02:45,589 0.734300 (0.015704) with: {'batch_size': 128, 'lr': 0.02, 'max_epochs': 64, 'module__n_features': 37, 'module__n_neurons': 256, 'module__nonlin': ReLU()}
2024-06-03 03:02:45,589 0.774028 (0.009914) with: {'batch_size': 128, 'lr': 0.02, 'max_epochs': 128, 'module__n_features': 37, 'module__n_neurons': 16, 'module__nonlin': Tanh()}
2024-06-03 03:02:45,589 0.778309 (0.015375) with: {'batch_size': 128, 'lr': 0.02, 'max_epochs': 128, 'module__n_features': 37, 'module__n_neurons': 16, 'module__nonlin': ReLU()}
2024-06-03 03:02:45,589 0.763858 (0.015933) with: {'batch_size': 128, 'lr': 0.02, 'max_epochs': 128, 'module__n_features': 37, 'module__n_neurons': 32, 'module__nonlin': Tanh()}
2024-06-03 03:02:45,589 0.752802 (0.018672) with: {'batch_size': 128, 'lr': 0.02, 'max_epochs': 128, 'module__n_features': 37, 'module__n_neurons': 32, 'module__nonlin': ReLU()}
2024-06-03 03:02:45,589 0.755453 (0.021288) with: {'batch_size': 128, 'lr': 0.02, 'max_epochs': 128, 'module__n_features': 37, 'module__n_neurons': 64, 'module__nonlin': Tanh()}
2024-06-03 03:02:45,589 0.736013 (0.011197) with: {'batch_size': 128, 'lr': 0.02, 'max_epochs': 128, 'module__n_features': 37, 'module__n_neurons': 64, 'module__nonlin': ReLU()}
2024-06-03 03:02:45,589 0.752013 (0.027014) with: {'batch_size': 128, 'lr': 0.02, 'max_epochs': 128, 'module__n_features': 37, 'module__n_neurons': 128, 'module__nonlin': Tanh()}
2024-06-03 03:02:45,589 0.692502 (0.013140) with: {'batch_size': 128, 'lr': 0.02, 'max_epochs': 128, 'module__n_features': 37, 'module__n_neurons': 128, 'module__nonlin': ReLU()}
2024-06-03 03:02:45,589 0.736513 (0.019420) with: {'batch_size': 128, 'lr': 0.02, 'max_epochs': 128, 'module__n_features': 37, 'module__n_neurons': 256, 'module__nonlin': Tanh()}
2024-06-03 03:02:45,589 0.692523 (0.020294) with: {'batch_size': 128, 'lr': 0.02, 'max_epochs': 128, 'module__n_features': 37, 'module__n_neurons': 256, 'module__nonlin': ReLU()}
